[setup] Ng=2  Neff=3  impurity orbitals/spin=4  Fock dim=256  (sparse operators)
[setup] built impurity operators in 0.01s; ground state searched in the N_up=N_dn sector of dim 36
  it=  0  Z0=0.964844  Z1=0.964844  E_var=-2.889301  dE=-1.029e+02  docc=0.200121  n_phys=1.000000  |dDelta|=2.828e+00  |dR|=4.741e-03  [qp 0.00s | ED 0.00s]
  it=  1  Z0=0.960193  Z1=0.960193  E_var=-2.880370  dE=8.931e-03  docc=0.200005  n_phys=1.000000  |dDelta|=1.777e-09  |dR|=1.889e-04  [qp 0.00s | ED 0.00s]
  it=  2  Z0=0.960008  Z1=0.960008  E_var=-2.880015  dE=3.554e-04  docc=0.200000  n_phys=1.000000  |dDelta|=8.339e-10  |dR|=7.555e-06  [qp 0.00s | ED 0.00s]
  it=  3  Z0=0.960000  Z1=0.960000  E_var=-2.880001  dE=1.421e-05  docc=0.200000  n_phys=1.000000  |dDelta|=9.784e-10  |dR|=3.022e-07  [qp 0.00s | ED 0.00s]

[check] Delta_qp (quasiparticle 1-RDM) vs Delta_new (impurity-derived 1 - Delta_bb), final iteration:

  fragment 0: Delta_qp =
[[ 0.5055959  -0.05373811 -0.02747285]
 [-0.05373811  0.9801311   0.11451423]
 [-0.02747285  0.11451423  0.01427301]]
  fragment 0: eig(Delta_qp)  = [2.55564289e-18 5.00000000e-01 1.00000000e+00]

  fragment 0: Delta_new =
[[ 0.4944041   0.05373811  0.02747285]
 [ 0.05373811  0.0198689  -0.11451423]
 [ 0.02747285 -0.11451423  0.98572699]]
  fragment 0: eig(Delta_new) = [2.22044605e-16 5.00000000e-01 1.00000000e+00]

  fragment 0: max|Delta_qp - Delta_new| = 9.715e-01

  fragment 1: Delta_qp =
[[ 0.01986885  0.05373787 -0.11451424]
 [ 0.05373787  0.49440415  0.02747271]
 [-0.11451424  0.02747271  0.985727  ]]
  fragment 1: eig(Delta_qp)  = [-1.78063152e-17  5.00000000e-01  1.00000000e+00]

  fragment 1: Delta_new =
[[ 0.98013115 -0.05373787  0.11451424]
 [-0.05373787  0.50559585 -0.02747271]
 [ 0.11451424 -0.02747271  0.014273  ]]
  fragment 1: eig(Delta_new) = [-1.23165367e-16  5.00000000e-01  1.00000000e+00]

  fragment 1: max|Delta_qp - Delta_new| = 9.715e-01



Ng=2  U/t=1.6000  Z0=0.960000  Z1=0.960000  E_var/t=-2.880001  docc=0.200000  converged=True  iters=3
