[setup] Ng=2  Neff=3  impurity orbitals/spin=4  Fock dim=256  (sparse operators)
[setup] built impurity operators in 0.01s; ground state searched in the N_up=N_dn sector of dim 36
  it=  0  Z0=0.984375  Z1=0.984375  E_var=-2.594251  dE=-1.026e+02  docc=0.215681  n_phys=1.000000  |dDelta|=2.828e+00  |dR|=3.248e-03  [qp 0.00s | ED 0.00s]
  it=  1  Z0=0.981156  Z1=0.981156  E_var=-2.587934  dE=6.317e-03  docc=0.215626  n_phys=1.000000  |dDelta|=1.263e-10  |dR|=6.125e-05  [qp 0.00s | ED 0.00s]
  it=  2  Z0=0.981095  Z1=0.981095  E_var=-2.587815  dE=1.190e-04  docc=0.215625  n_phys=1.000000  |dDelta|=5.664e-10  |dR|=1.158e-06  [qp 0.00s | ED 0.00s]
  it=  3  Z0=0.981094  Z1=0.981094  E_var=-2.587813  dE=2.250e-06  docc=0.215625  n_phys=1.000000  |dDelta|=1.247e-10  |dR|=2.189e-08  [qp 0.00s | ED 0.00s]

[check] Delta_qp (quasiparticle 1-RDM) vs Delta_new (impurity-derived 1 - Delta_bb), final iteration:

  fragment 0: Delta_qp =
[[ 0.5055959  -0.05373811 -0.02747285]
 [-0.05373811  0.9801311   0.11451423]
 [-0.02747285  0.11451423  0.01427301]]
  fragment 0: eig(Delta_qp)  = [-3.03360626e-17  5.00000000e-01  1.00000000e+00]

  fragment 0: Delta_new =
[[ 0.4944041   0.05373811  0.02747285]
 [ 0.05373811  0.0198689  -0.11451423]
 [ 0.02747285 -0.11451423  0.98572699]]
  fragment 0: eig(Delta_new) = [-2.49800181e-16  5.00000000e-01  1.00000000e+00]

  fragment 0: max|Delta_qp - Delta_new| = 9.715e-01

  fragment 1: Delta_qp =
[[ 0.01986885  0.05373787 -0.11451424]
 [ 0.05373787  0.49440415  0.02747271]
 [-0.11451424  0.02747271  0.985727  ]]
  fragment 1: eig(Delta_qp)  = [3.46935247e-18 5.00000000e-01 1.00000000e+00]

  fragment 1: Delta_new =
[[ 0.98013115 -0.05373787  0.11451424]
 [-0.05373787  0.50559585 -0.02747271]
 [ 0.11451424 -0.02747271  0.014273  ]]
  fragment 1: eig(Delta_new) = [-2.77555756e-16  5.00000000e-01  1.00000000e+00]

  fragment 1: max|Delta_qp - Delta_new| = 9.715e-01



Ng=2  U/t=1.1000  Z0=0.981094  Z1=0.981094  E_var/t=-2.587813  docc=0.215625  converged=True  iters=3
