[setup] Ng=2  Neff=3  impurity orbitals/spin=4  Fock dim=256  (sparse operators)
[setup] built impurity operators in 0.02s; ground state searched in the N_up=N_dn sector of dim 36
  it=  0  Z0=0.819375  Z1=0.819375  E_var=-4.150281  dE=-1.042e+02  docc=0.141210  n_phys=1.000000  |dDelta|=2.828e+00  |dR|=9.681e-03  [qp 0.00s | ED 0.00s]
  it=  1  Z0=0.810635  Z1=0.810635  E_var=-4.136115  dE=1.417e-02  docc=0.140736  n_phys=1.000000  |dDelta|=1.060e-08  |dR|=1.835e-03  [qp 0.00s | ED 0.00s]
  it=  2  Z0=0.808984  Z1=0.808984  E_var=-4.133443  dE=2.672e-03  docc=0.140646  n_phys=1.000000  |dDelta|=4.212e-09  |dR|=3.507e-04  [qp 0.00s | ED 0.00s]
  it=  3  Z0=0.808668  Z1=0.808668  E_var=-4.132933  dE=5.100e-04  docc=0.140629  n_phys=1.000000  |dDelta|=3.131e-09  |dR|=6.709e-05  [qp 0.00s | ED 0.00s]
  it=  4  Z0=0.808608  Z1=0.808608  E_var=-4.132836  dE=9.757e-05  docc=0.140626  n_phys=1.000000  |dDelta|=9.131e-09  |dR|=1.284e-05  [qp 0.00s | ED 0.00s]
  it=  5  Z0=0.808596  Z1=0.808596  E_var=-4.132817  dE=1.867e-05  docc=0.140625  n_phys=1.000000  |dDelta|=3.213e-09  |dR|=2.458e-06  [qp 0.00s | ED 0.00s]
  it=  6  Z0=0.808594  Z1=0.808594  E_var=-4.132813  dE=3.574e-06  docc=0.140625  n_phys=1.000000  |dDelta|=7.443e-09  |dR|=4.705e-07  [qp 0.00s | ED 0.00s]

[check] Delta_qp (quasiparticle 1-RDM) vs Delta_new (impurity-derived 1 - Delta_bb), final iteration:

  fragment 0: Delta_qp =
[[ 0.5055959  -0.05373811 -0.02747286]
 [-0.05373811  0.9801311   0.11451423]
 [-0.02747286  0.11451423  0.01427301]]
  fragment 0: eig(Delta_qp)  = [3.53409663e-17 5.00000000e-01 1.00000000e+00]

  fragment 0: Delta_new =
[[ 0.4944041   0.05373811  0.02747286]
 [ 0.05373811  0.0198689  -0.11451423]
 [ 0.02747286 -0.11451423  0.98572699]]
  fragment 0: eig(Delta_new) = [1.38777878e-17 5.00000000e-01 1.00000000e+00]

  fragment 0: max|Delta_qp - Delta_new| = 9.715e-01

  fragment 1: Delta_qp =
[[ 0.01986885  0.05373787 -0.11451425]
 [ 0.05373787  0.49440415  0.02747267]
 [-0.11451425  0.02747267  0.985727  ]]
  fragment 1: eig(Delta_qp)  = [9.33309687e-18 5.00000000e-01 1.00000000e+00]

  fragment 1: Delta_new =
[[ 0.98013115 -0.05373787  0.11451425]
 [-0.05373787  0.50559585 -0.02747267]
 [ 0.11451425 -0.02747267  0.014273  ]]
  fragment 1: eig(Delta_new) = [-2.01227923e-16  5.00000000e-01  1.00000000e+00]

  fragment 1: max|Delta_qp - Delta_new| = 9.715e-01



Ng=2  U/t=3.5000  Z0=0.808594  Z1=0.808594  E_var/t=-4.132813  docc=0.140625  converged=True  iters=6
