[setup] Ng=2  Neff=3  impurity orbitals/spin=4  Fock dim=256  (sparse operators)
[setup] built impurity operators in 0.02s; ground state searched in the N_up=N_dn sector of dim 36
  it=  0  Z0=0.999980  Z1=0.999980  E_var=-2.702929  dE=-1.027e+02  docc=0.209194  n_phys=1.000000  |dDelta|=5.350e-09  |dR|=4.631e-09  [qp 0.00s | ED 0.00s]

[check] Delta_qp (quasiparticle 1-RDM) vs Delta_new (impurity-derived 1 - Delta_bb), final iteration:

  fragment 0: Delta_qp =
[[ 9.85893209e-01 -8.48656430e-04  8.32943318e-02]
 [-8.48656430e-04  1.39624296e-02 -8.30301153e-02]
 [ 8.32943318e-02 -8.30301153e-02  5.00144358e-01]]
  fragment 0: eig(Delta_qp)  = [4.95860296e-06 4.99999996e-01 9.99995041e-01]

  fragment 0: Delta_new =
[[ 9.85893209e-01 -8.48656378e-04  8.32943314e-02]
 [-8.48656378e-04  1.39624296e-02 -8.30301156e-02]
 [ 8.32943314e-02 -8.30301156e-02  5.00144360e-01]]
  fragment 0: eig(Delta_new) = [4.95860376e-06 4.99999999e-01 9.99995041e-01]

  fragment 0: max|Delta_qp - Delta_new| = 2.576e-09

  fragment 1: Delta_qp =
[[ 9.86127481e-01 -2.61493661e-04  8.26806476e-02]
 [-2.61493661e-04  1.41977863e-02 -8.36479021e-02]
 [ 8.26806476e-02 -8.36479021e-02  4.99674737e-01]]
  fragment 1: eig(Delta_qp)  = [4.95860624e-06 5.00000004e-01 9.99995041e-01]

  fragment 1: Delta_new =
[[ 9.86127481e-01 -2.61493713e-04  8.26806479e-02]
 [-2.61493713e-04  1.41977863e-02 -8.36479018e-02]
 [ 8.26806479e-02 -8.36479018e-02  4.99674734e-01]]
  fragment 1: eig(Delta_new) = [4.95860540e-06 5.00000001e-01 9.99995041e-01]

  fragment 1: max|Delta_qp - Delta_new| = 2.576e-09



Ng=2  U/t=1.3000  Z0=0.999980  Z1=0.999980  E_var/t=-2.70292943  docc=0.209194  converged=True  iters=1  seed from: backward
