[setup] Ng=2  Neff=3  impurity orbitals/spin=4  Fock dim=256  (sparse operators)
[setup] built impurity operators in 0.01s; ground state searched in the N_up=N_dn sector of dim 36
  it=  0  Z0=0.987344  Z1=0.987344  E_var=-2.537095  dE=-1.025e+02  docc=0.218796  n_phys=1.000000  |dDelta|=2.828e+00  |dR|=2.943e-03  [qp 0.00s | ED 0.00s]
  it=  1  Z0=0.984421  Z1=0.984421  E_var=-2.531341  dE=5.754e-03  docc=0.218751  n_phys=1.000000  |dDelta|=5.777e-10  |dR|=4.589e-05  [qp 0.00s | ED 0.00s]
  it=  2  Z0=0.984376  Z1=0.984376  E_var=-2.531251  dE=8.963e-05  docc=0.218750  n_phys=1.000000  |dDelta|=7.632e-10  |dR|=7.169e-07  [qp 0.00s | ED 0.00s]

[check] Delta_qp (quasiparticle 1-RDM) vs Delta_new (impurity-derived 1 - Delta_bb), final iteration:

  fragment 0: Delta_qp =
[[ 0.5055959  -0.05373811 -0.02747285]
 [-0.05373811  0.9801311   0.11451423]
 [-0.02747285  0.11451423  0.01427301]]
  fragment 0: eig(Delta_qp)  = [-2.72547155e-17  5.00000000e-01  1.00000000e+00]

  fragment 0: Delta_new =
[[ 0.4944041   0.05373811  0.02747285]
 [ 0.05373811  0.0198689  -0.11451423]
 [ 0.02747285 -0.11451423  0.98572699]]
  fragment 0: eig(Delta_new) = [4.57966998e-16 5.00000000e-01 1.00000000e+00]

  fragment 0: max|Delta_qp - Delta_new| = 9.715e-01

  fragment 1: Delta_qp =
[[ 0.01986885  0.05373787 -0.11451424]
 [ 0.05373787  0.49440415  0.02747271]
 [-0.11451424  0.02747271  0.985727  ]]
  fragment 1: eig(Delta_qp)  = [3.17961427e-18 5.00000000e-01 1.00000000e+00]

  fragment 1: Delta_new =
[[ 0.98013115 -0.05373787  0.11451424]
 [-0.05373787  0.50559585 -0.02747271]
 [ 0.11451424 -0.02747271  0.014273  ]]
  fragment 1: eig(Delta_new) = [1.40512602e-16 5.00000000e-01 1.00000000e+00]

  fragment 1: max|Delta_qp - Delta_new| = 9.715e-01



Ng=2  U/t=1.0000  Z0=0.984375  Z1=0.984375  E_var/t=-2.531251  docc=0.218750  converged=True  iters=2
