[setup] Ng=2  Neff=3  impurity orbitals/spin=4  Fock dim=256  (sparse operators)
[setup] built impurity operators in 0.01s; ground state searched in the N_up=N_dn sector of dim 36
  it=  0  Z0=0.001834  Z1=0.001834  E_var=-8.200094  dE=-1.082e+02  docc=0.000218  n_phys=1.000000  |dDelta|=2.828e+00  |dR|=2.162e-03  [qp 0.00s | ED 0.00s]
  it=  1  Z0=0.001743  Z1=0.001743  E_var=-8.200089  dE=4.915e-06  docc=0.000207  n_phys=1.000000  |dDelta|=1.979e-09  |dR|=2.104e-03  [qp 0.00s | ED 0.00s]
  it=  2  Z0=0.001656  Z1=0.001656  E_var=-8.200085  dE=4.641e-06  docc=0.000197  n_phys=1.000000  |dDelta|=1.297e-09  |dR|=2.048e-03  [qp 0.00s | ED 0.00s]
  it=  3  Z0=0.001574  Z1=0.001574  E_var=-8.200080  dE=4.384e-06  docc=0.000187  n_phys=1.000000  |dDelta|=3.788e-09  |dR|=1.993e-03  [qp 0.00s | ED 0.00s]
  it=  4  Z0=0.001496  Z1=0.001496  E_var=-8.200076  dE=4.142e-06  docc=0.000178  n_phys=1.000000  |dDelta|=8.384e-10  |dR|=1.940e-03  [qp 0.00s | ED 0.00s]
  it=  5  Z0=0.001422  Z1=0.001422  E_var=-8.200072  dE=3.916e-06  docc=0.000169  n_phys=1.000000  |dDelta|=9.870e-10  |dR|=1.889e-03  [qp 0.00s | ED 0.00s]
  it=  6  Z0=0.001351  Z1=0.001351  E_var=-8.200068  dE=3.703e-06  docc=0.000161  n_phys=1.000000  |dDelta|=2.673e-09  |dR|=1.839e-03  [qp 0.00s | ED 0.00s]
  it=  7  Z0=0.001285  Z1=0.001285  E_var=-8.200065  dE=3.502e-06  docc=0.000153  n_phys=1.000000  |dDelta|=3.477e-09  |dR|=1.791e-03  [qp 0.00s | ED 0.00s]
  it=  8  Z0=0.001221  Z1=0.001221  E_var=-8.200062  dE=3.314e-06  docc=0.000145  n_phys=1.000000  |dDelta|=1.634e-09  |dR|=1.744e-03  [qp 0.00s | ED 0.00s]
  it=  9  Z0=0.001161  Z1=0.001161  E_var=-8.200059  dE=3.136e-06  docc=0.000138  n_phys=1.000000  |dDelta|=2.149e-10  |dR|=1.699e-03  [qp 0.00s | ED 0.00s]
  it= 10  Z0=0.001104  Z1=0.001104  E_var=-8.200056  dE=2.969e-06  docc=0.000131  n_phys=1.000000  |dDelta|=9.899e-01  |dR|=1.076e-03  [qp 0.00s | ED 0.00s]
  it= 11  Z0=0.001068  Z1=0.001068  E_var=-8.200054  dE=1.836e-06  docc=0.000127  n_phys=1.000000  |dDelta|=3.223e-11  |dR|=1.058e-03  [qp 0.00s | ED 0.00s]
  it= 12  Z0=0.001034  Z1=0.001034  E_var=-8.200052  dE=1.773e-06  docc=0.000123  n_phys=1.000000  |dDelta|=2.869e-10  |dR|=1.040e-03  [qp 0.00s | ED 0.00s]
  it= 13  Z0=0.001001  Z1=0.001001  E_var=-8.200050  dE=1.712e-06  docc=0.000119  n_phys=1.000000  |dDelta|=2.756e-11  |dR|=1.022e-03  [qp 0.00s | ED 0.00s]
  it= 14  Z0=0.000969  Z1=0.000969  E_var=-8.200049  dE=1.653e-06  docc=0.000115  n_phys=1.000000  |dDelta|=1.327e-10  |dR|=1.005e-03  [qp 0.00s | ED 0.00s]
  it= 15  Z0=0.000938  Z1=0.000938  E_var=-8.200047  dE=1.596e-06  docc=0.000112  n_phys=1.000000  |dDelta|=1.143e-10  |dR|=9.884e-04  [qp 0.00s | ED 0.00s]
  it= 16  Z0=0.000908  Z1=0.000908  E_var=-8.200045  dE=1.542e-06  docc=0.000108  n_phys=1.000000  |dDelta|=1.078e-10  |dR|=9.719e-04  [qp 0.00s | ED 0.00s]
  it= 17  Z0=0.000879  Z1=0.000879  E_var=-8.200044  dE=1.489e-06  docc=0.000104  n_phys=1.000000  |dDelta|=9.251e-11  |dR|=9.557e-04  [qp 0.00s | ED 0.00s]
  it= 18  Z0=0.000851  Z1=0.000851  E_var=-8.200043  dE=1.439e-06  docc=0.000101  n_phys=1.000000  |dDelta|=3.776e-11  |dR|=9.398e-04  [qp 0.00s | ED 0.00s]
  it= 19  Z0=0.000824  Z1=0.000824  E_var=-8.200041  dE=1.390e-06  docc=0.000098  n_phys=1.000000  |dDelta|=3.156e-11  |dR|=9.242e-04  [qp 0.00s | ED 0.00s]
  it= 20  Z0=0.000797  Z1=0.000797  E_var=-8.200040  dE=1.343e-06  docc=0.000095  n_phys=1.000000  |dDelta|=3.062e-11  |dR|=9.089e-04  [qp 0.00s | ED 0.00s]
  it= 21  Z0=0.000772  Z1=0.000772  E_var=-8.200038  dE=1.297e-06  docc=0.000092  n_phys=1.000000  |dDelta|=1.393e-10  |dR|=8.938e-04  [qp 0.00s | ED 0.00s]
  it= 22  Z0=0.000747  Z1=0.000747  E_var=-8.200037  dE=1.254e-06  docc=0.000089  n_phys=1.000000  |dDelta|=6.739e-11  |dR|=8.790e-04  [qp 0.00s | ED 0.00s]
  it= 23  Z0=0.000723  Z1=0.000723  E_var=-8.200036  dE=1.211e-06  docc=0.000086  n_phys=1.000000  |dDelta|=9.767e-11  |dR|=8.645e-04  [qp 0.00s | ED 0.00s]
  it= 24  Z0=0.000700  Z1=0.000700  E_var=-8.200035  dE=1.171e-06  docc=0.000083  n_phys=1.000000  |dDelta|=2.545e-10  |dR|=8.502e-04  [qp 0.00s | ED 0.00s]
  it= 25  Z0=0.000678  Z1=0.000678  E_var=-8.200034  dE=1.132e-06  docc=0.000081  n_phys=1.000000  |dDelta|=7.221e-11  |dR|=8.362e-04  [qp 0.00s | ED 0.00s]
  it= 26  Z0=0.000656  Z1=0.000656  E_var=-8.200033  dE=1.094e-06  docc=0.000078  n_phys=1.000000  |dDelta|=9.276e-11  |dR|=8.225e-04  [qp 0.00s | ED 0.00s]
  it= 27  Z0=0.000635  Z1=0.000635  E_var=-8.200032  dE=1.057e-06  docc=0.000076  n_phys=1.000000  |dDelta|=4.572e-11  |dR|=8.089e-04  [qp 0.00s | ED 0.00s]
  it= 28  Z0=0.000615  Z1=0.000615  E_var=-8.200031  dE=1.022e-06  docc=0.000073  n_phys=1.000000  |dDelta|=1.079e-10  |dR|=7.957e-04  [qp 0.00s | ED 0.00s]
  it= 29  Z0=0.000596  Z1=0.000596  E_var=-8.200030  dE=9.880e-07  docc=0.000071  n_phys=1.000000  |dDelta|=6.508e-11  |dR|=7.826e-04  [qp 0.00s | ED 0.00s]

[check] Delta_qp (quasiparticle 1-RDM) vs Delta_new (impurity-derived 1 - Delta_bb), final iteration:

  fragment 0: Delta_qp =
[[ 0.5055959  -0.05373813 -0.02747293]
 [-0.05373813  0.98013109  0.11451423]
 [-0.02747293  0.11451423  0.01427301]]
  fragment 0: eig(Delta_qp)  = [2.04372496e-17 5.00000000e-01 1.00000000e+00]

  fragment 0: Delta_new =
[[ 0.4944041   0.05373813  0.02747293]
 [ 0.05373813  0.01986891 -0.11451423]
 [ 0.02747293 -0.11451423  0.98572699]]
  fragment 0: eig(Delta_new) = [-1.38777878e-16  5.00000000e-01  1.00000000e+00]

  fragment 0: max|Delta_qp - Delta_new| = 9.715e-01

  fragment 1: Delta_qp =
[[ 0.01986885  0.05373787 -0.11451426]
 [ 0.05373787  0.49440414  0.02747259]
 [-0.11451426  0.02747259  0.98572701]]
  fragment 1: eig(Delta_qp)  = [6.54934956e-18 5.00000000e-01 1.00000000e+00]

  fragment 1: Delta_new =
[[ 0.98013115 -0.05373787  0.11451426]
 [-0.05373787  0.50559586 -0.02747259]
 [ 0.11451426 -0.02747259  0.01427299]]
  fragment 1: eig(Delta_new) = [4.0939474e-16 5.0000000e-01 1.0000000e+00]

  fragment 1: max|Delta_qp - Delta_new| = 9.715e-01



Ng=2  U/t=8.2000  Z0=0.000577  Z1=0.000577  E_var/t=-8.200030  docc=0.000071  converged=True  iters=29
