[setup] Ng=2  Neff=3  impurity orbitals/spin=4  Fock dim=256  (sparse operators)
[setup] built impurity operators in 0.01s; ground state searched in the N_up=N_dn sector of dim 36
  it=  0  Z0=0.167364  Z1=0.167364  E_var=-7.418554  dE=-1.074e+02  docc=0.021363  n_phys=1.000000  |dDelta|=2.828e+00  |dR|=9.246e-03  [qp 0.00s | ED 0.00s]
  it=  1  Z0=0.163603  Z1=0.163603  E_var=-7.417269  dE=1.285e-03  docc=0.020942  n_phys=1.000000  |dDelta|=3.696e-09  |dR|=7.667e-03  [qp 0.00s | ED 0.00s]
  it=  2  Z0=0.160516  Z1=0.160516  E_var=-7.416241  dE=1.028e-03  docc=0.020594  n_phys=1.000000  |dDelta|=2.027e-08  |dR|=6.390e-03  [qp 0.00s | ED 0.00s]
  it=  3  Z0=0.157967  Z1=0.157967  E_var=-7.415409  dE=8.318e-04  docc=0.020306  n_phys=1.000000  |dDelta|=2.824e-08  |dR|=5.348e-03  [qp 0.00s | ED 0.00s]
  it=  4  Z0=0.155848  Z1=0.155848  E_var=-7.414730  dE=6.787e-04  docc=0.020065  n_phys=1.000000  |dDelta|=5.882e-09  |dR|=4.491e-03  [qp 0.00s | ED 0.00s]
  it=  5  Z0=0.154081  Z1=0.154081  E_var=-7.414172  dE=5.579e-04  docc=0.019864  n_phys=1.000000  |dDelta|=1.764e-08  |dR|=3.782e-03  [qp 0.00s | ED 0.00s]
  it=  6  Z0=0.152600  Z1=0.152600  E_var=-7.413711  dE=4.614e-04  docc=0.019695  n_phys=1.000000  |dDelta|=5.914e-09  |dR|=3.193e-03  [qp 0.00s | ED 0.00s]
  it=  7  Z0=0.151355  Z1=0.151355  E_var=-7.413328  dE=3.835e-04  docc=0.019553  n_phys=1.000000  |dDelta|=1.307e-08  |dR|=2.701e-03  [qp 0.00s | ED 0.00s]
  it=  8  Z0=0.150306  Z1=0.150306  E_var=-7.413007  dE=3.202e-04  docc=0.019433  n_phys=1.000000  |dDelta|=1.918e-08  |dR|=2.289e-03  [qp 0.00s | ED 0.00s]
  it=  9  Z0=0.149419  Z1=0.149419  E_var=-7.412739  dE=2.683e-04  docc=0.019331  n_phys=1.000000  |dDelta|=8.028e-09  |dR|=1.943e-03  [qp 0.00s | ED 0.00s]
  it= 10  Z0=0.148670  Z1=0.148670  E_var=-7.412514  dE=2.255e-04  docc=0.019245  n_phys=1.000000  |dDelta|=9.899e-01  |dR|=1.073e-03  [qp 0.00s | ED 0.00s]
  it= 11  Z0=0.148256  Z1=0.148256  E_var=-7.412390  dE=1.237e-04  docc=0.019197  n_phys=1.000000  |dDelta|=7.133e-09  |dR|=9.685e-04  [qp 0.00s | ED 0.00s]
  it= 12  Z0=0.147883  Z1=0.147883  E_var=-7.412279  dE=1.111e-04  docc=0.019155  n_phys=1.000000  |dDelta|=3.041e-09  |dR|=8.747e-04  [qp 0.00s | ED 0.00s]
  it= 13  Z0=0.147547  Z1=0.147547  E_var=-7.412179  dE=9.994e-05  docc=0.019116  n_phys=1.000000  |dDelta|=2.283e-09  |dR|=7.902e-04  [qp 0.00s | ED 0.00s]
  it= 14  Z0=0.147244  Z1=0.147244  E_var=-7.412089  dE=8.994e-05  docc=0.019081  n_phys=1.000000  |dDelta|=4.958e-09  |dR|=7.140e-04  [qp 0.00s | ED 0.00s]
  it= 15  Z0=0.146970  Z1=0.146970  E_var=-7.412008  dE=8.099e-05  docc=0.019049  n_phys=1.000000  |dDelta|=4.957e-09  |dR|=6.454e-04  [qp 0.00s | ED 0.00s]
  it= 16  Z0=0.146723  Z1=0.146723  E_var=-7.411935  dE=7.298e-05  docc=0.019021  n_phys=1.000000  |dDelta|=1.053e-09  |dR|=5.835e-04  [qp 0.00s | ED 0.00s]
  it= 17  Z0=0.146499  Z1=0.146499  E_var=-7.411869  dE=6.579e-05  docc=0.018995  n_phys=1.000000  |dDelta|=5.313e-09  |dR|=5.277e-04  [qp 0.00s | ED 0.00s]
  it= 18  Z0=0.146297  Z1=0.146297  E_var=-7.411810  dE=5.934e-05  docc=0.018972  n_phys=1.000000  |dDelta|=1.494e-09  |dR|=4.773e-04  [qp 0.00s | ED 0.00s]
  it= 19  Z0=0.146115  Z1=0.146115  E_var=-7.411756  dE=5.355e-05  docc=0.018951  n_phys=1.000000  |dDelta|=1.313e-09  |dR|=4.317e-04  [qp 0.00s | ED 0.00s]
  it= 20  Z0=0.145950  Z1=0.145950  E_var=-7.411708  dE=4.834e-05  docc=0.018932  n_phys=1.000000  |dDelta|=2.708e-09  |dR|=3.906e-04  [qp 0.00s | ED 0.00s]
  it= 21  Z0=0.145801  Z1=0.145801  E_var=-7.411664  dE=4.365e-05  docc=0.018915  n_phys=1.000000  |dDelta|=2.537e-09  |dR|=3.535e-04  [qp 0.00s | ED 0.00s]
  it= 22  Z0=0.145666  Z1=0.145666  E_var=-7.411625  dE=3.943e-05  docc=0.018899  n_phys=1.000000  |dDelta|=1.856e-09  |dR|=3.199e-04  [qp 0.00s | ED 0.00s]
  it= 23  Z0=0.145544  Z1=0.145544  E_var=-7.411589  dE=3.563e-05  docc=0.018885  n_phys=1.000000  |dDelta|=5.229e-09  |dR|=2.896e-04  [qp 0.00s | ED 0.00s]
  it= 24  Z0=0.145433  Z1=0.145433  E_var=-7.411557  dE=3.221e-05  docc=0.018872  n_phys=1.000000  |dDelta|=2.344e-09  |dR|=2.621e-04  [qp 0.00s | ED 0.00s]
  it= 25  Z0=0.145333  Z1=0.145333  E_var=-7.411528  dE=2.912e-05  docc=0.018861  n_phys=1.000000  |dDelta|=6.023e-09  |dR|=2.373e-04  [qp 0.00s | ED 0.00s]
  it= 26  Z0=0.145243  Z1=0.145243  E_var=-7.411502  dE=2.633e-05  docc=0.018850  n_phys=1.000000  |dDelta|=4.698e-09  |dR|=2.149e-04  [qp 0.00s | ED 0.00s]
  it= 27  Z0=0.145161  Z1=0.145161  E_var=-7.411478  dE=2.381e-05  docc=0.018841  n_phys=1.000000  |dDelta|=3.499e-09  |dR|=1.945e-04  [qp 0.00s | ED 0.00s]
  it= 28  Z0=0.145087  Z1=0.145087  E_var=-7.411456  dE=2.154e-05  docc=0.018832  n_phys=1.000000  |dDelta|=1.554e-09  |dR|=1.762e-04  [qp 0.00s | ED 0.00s]
  it= 29  Z0=0.145020  Z1=0.145020  E_var=-7.411437  dE=1.949e-05  docc=0.018825  n_phys=1.000000  |dDelta|=4.186e-10  |dR|=1.595e-04  [qp 0.00s | ED 0.00s]
  it= 30  Z0=0.144959  Z1=0.144959  E_var=-7.411419  dE=1.764e-05  docc=0.018818  n_phys=1.000000  |dDelta|=2.110e-09  |dR|=1.445e-04  [qp 0.00s | ED 0.00s]
  it= 31  Z0=0.144904  Z1=0.144904  E_var=-7.411403  dE=1.596e-05  docc=0.018811  n_phys=1.000000  |dDelta|=5.672e-09  |dR|=1.309e-04  [qp 0.00s | ED 0.00s]
  it= 32  Z0=0.144854  Z1=0.144854  E_var=-7.411389  dE=1.445e-05  docc=0.018805  n_phys=1.000000  |dDelta|=1.579e-09  |dR|=1.185e-04  [qp 0.00s | ED 0.00s]
  it= 33  Z0=0.144809  Z1=0.144809  E_var=-7.411376  dE=1.308e-05  docc=0.018800  n_phys=1.000000  |dDelta|=1.968e-09  |dR|=1.074e-04  [qp 0.00s | ED 0.00s]
  it= 34  Z0=0.144768  Z1=0.144768  E_var=-7.411364  dE=1.184e-05  docc=0.018795  n_phys=1.000000  |dDelta|=4.390e-10  |dR|=9.724e-05  [qp 0.00s | ED 0.00s]
  it= 35  Z0=0.144731  Z1=0.144731  E_var=-7.411353  dE=1.072e-05  docc=0.018791  n_phys=1.000000  |dDelta|=3.077e-09  |dR|=8.808e-05  [qp 0.00s | ED 0.00s]
  it= 36  Z0=0.144698  Z1=0.144698  E_var=-7.411343  dE=9.705e-06  docc=0.018787  n_phys=1.000000  |dDelta|=4.444e-10  |dR|=7.979e-05  [qp 0.00s | ED 0.00s]
  it= 37  Z0=0.144667  Z1=0.144667  E_var=-7.411335  dE=8.788e-06  docc=0.018784  n_phys=1.000000  |dDelta|=3.284e-09  |dR|=7.228e-05  [qp 0.00s | ED 0.00s]
  it= 38  Z0=0.144640  Z1=0.144640  E_var=-7.411327  dE=7.958e-06  docc=0.018781  n_phys=1.000000  |dDelta|=1.515e-09  |dR|=6.548e-05  [qp 0.00s | ED 0.00s]
  it= 39  Z0=0.144615  Z1=0.144615  E_var=-7.411319  dE=7.207e-06  docc=0.018778  n_phys=1.000000  |dDelta|=8.582e-09  |dR|=5.933e-05  [qp 0.00s | ED 0.00s]
  it= 40  Z0=0.144592  Z1=0.144592  E_var=-7.411313  dE=6.527e-06  docc=0.018775  n_phys=1.000000  |dDelta|=3.898e-09  |dR|=5.375e-05  [qp 0.00s | ED 0.00s]
  it= 41  Z0=0.144572  Z1=0.144572  E_var=-7.411307  dE=5.912e-06  docc=0.018773  n_phys=1.000000  |dDelta|=2.482e-09  |dR|=4.869e-05  [qp 0.00s | ED 0.00s]
  it= 42  Z0=0.144554  Z1=0.144554  E_var=-7.411302  dE=5.355e-06  docc=0.018771  n_phys=1.000000  |dDelta|=2.438e-09  |dR|=4.412e-05  [qp 0.00s | ED 0.00s]
  it= 43  Z0=0.144537  Z1=0.144537  E_var=-7.411297  dE=4.850e-06  docc=0.018769  n_phys=1.000000  |dDelta|=1.184e-09  |dR|=3.997e-05  [qp 0.00s | ED 0.00s]
  it= 44  Z0=0.144522  Z1=0.144522  E_var=-7.411292  dE=4.394e-06  docc=0.018767  n_phys=1.000000  |dDelta|=3.210e-09  |dR|=3.621e-05  [qp 0.00s | ED 0.00s]
  it= 45  Z0=0.144508  Z1=0.144508  E_var=-7.411288  dE=3.980e-06  docc=0.018765  n_phys=1.000000  |dDelta|=4.126e-10  |dR|=3.281e-05  [qp 0.00s | ED 0.00s]
  it= 46  Z0=0.144495  Z1=0.144495  E_var=-7.411285  dE=3.606e-06  docc=0.018764  n_phys=1.000000  |dDelta|=9.918e-10  |dR|=2.973e-05  [qp 0.00s | ED 0.00s]
  it= 47  Z0=0.144484  Z1=0.144484  E_var=-7.411281  dE=3.266e-06  docc=0.018763  n_phys=1.000000  |dDelta|=5.974e-09  |dR|=2.694e-05  [qp 0.00s | ED 0.00s]
  it= 48  Z0=0.144474  Z1=0.144474  E_var=-7.411279  dE=2.959e-06  docc=0.018761  n_phys=1.000000  |dDelta|=1.923e-09  |dR|=2.441e-05  [qp 0.00s | ED 0.00s]
  it= 49  Z0=0.144465  Z1=0.144465  E_var=-7.411276  dE=2.681e-06  docc=0.018760  n_phys=1.000000  |dDelta|=5.298e-09  |dR|=2.211e-05  [qp 0.00s | ED 0.00s]
  it= 50  Z0=0.144456  Z1=0.144456  E_var=-7.411273  dE=2.429e-06  docc=0.018759  n_phys=1.000000  |dDelta|=7.012e-10  |dR|=2.004e-05  [qp 0.00s | ED 0.00s]
  it= 51  Z0=0.144448  Z1=0.144448  E_var=-7.411271  dE=2.200e-06  docc=0.018758  n_phys=1.000000  |dDelta|=2.484e-09  |dR|=1.816e-05  [qp 0.00s | ED 0.00s]
  it= 52  Z0=0.144442  Z1=0.144442  E_var=-7.411269  dE=1.994e-06  docc=0.018758  n_phys=1.000000  |dDelta|=2.237e-09  |dR|=1.645e-05  [qp 0.00s | ED 0.00s]
  it= 53  Z0=0.144435  Z1=0.144435  E_var=-7.411267  dE=1.806e-06  docc=0.018757  n_phys=1.000000  |dDelta|=3.542e-10  |dR|=1.491e-05  [qp 0.00s | ED 0.00s]
  it= 54  Z0=0.144430  Z1=0.144430  E_var=-7.411266  dE=1.637e-06  docc=0.018756  n_phys=1.000000  |dDelta|=4.596e-09  |dR|=1.351e-05  [qp 0.00s | ED 0.00s]
  it= 55  Z0=0.144425  Z1=0.144425  E_var=-7.411264  dE=1.483e-06  docc=0.018756  n_phys=1.000000  |dDelta|=2.644e-09  |dR|=1.224e-05  [qp 0.00s | ED 0.00s]
  it= 56  Z0=0.144420  Z1=0.144420  E_var=-7.411263  dE=1.343e-06  docc=0.018755  n_phys=1.000000  |dDelta|=9.921e-10  |dR|=1.109e-05  [qp 0.00s | ED 0.00s]
  it= 57  Z0=0.144416  Z1=0.144416  E_var=-7.411262  dE=1.217e-06  docc=0.018755  n_phys=1.000000  |dDelta|=7.599e-10  |dR|=1.005e-05  [qp 0.00s | ED 0.00s]
  it= 58  Z0=0.144412  Z1=0.144412  E_var=-7.411261  dE=1.103e-06  docc=0.018754  n_phys=1.000000  |dDelta|=1.262e-09  |dR|=9.105e-06  [qp 0.00s | ED 0.00s]
  it= 59  Z0=0.144408  Z1=0.144408  E_var=-7.411260  dE=9.994e-07  docc=0.018754  n_phys=1.000000  |dDelta|=1.800e-09  |dR|=8.250e-06  [qp 0.00s | ED 0.00s]

[check] Delta_qp (quasiparticle 1-RDM) vs Delta_new (impurity-derived 1 - Delta_bb), final iteration:

  fragment 0: Delta_qp =
[[ 0.5055959  -0.05373812 -0.02747293]
 [-0.05373812  0.98013109  0.11451423]
 [-0.02747293  0.11451423  0.01427301]]
  fragment 0: eig(Delta_qp)  = [1.24580536e-17 5.00000000e-01 1.00000000e+00]

  fragment 0: Delta_new =
[[ 0.4944041   0.05373812  0.02747293]
 [ 0.05373812  0.01986891 -0.11451423]
 [ 0.02747293 -0.11451423  0.98572699]]
  fragment 0: eig(Delta_new) = [1.2490009e-16 5.0000000e-01 1.0000000e+00]

  fragment 0: max|Delta_qp - Delta_new| = 9.715e-01

  fragment 1: Delta_qp =
[[ 0.01986884  0.05373786 -0.11451424]
 [ 0.05373786  0.49440416  0.02747274]
 [-0.11451424  0.02747274  0.985727  ]]
  fragment 1: eig(Delta_qp)  = [2.25632189e-18 5.00000000e-01 1.00000000e+00]

  fragment 1: Delta_new =
[[ 0.98013116 -0.05373786  0.11451424]
 [-0.05373786  0.50559584 -0.02747274]
 [ 0.11451424 -0.02747274  0.014273  ]]
  fragment 1: eig(Delta_new) = [1.994932e-16 5.000000e-01 1.000000e+00]

  fragment 1: max|Delta_qp - Delta_new| = 9.715e-01



Ng=2  U/t=7.4000  Z0=0.144405  Z1=0.144405  E_var/t=-7.411260  docc=0.018754  converged=True  iters=59
