[setup] Ng=2  Neff=3  impurity orbitals/spin=4  Fock dim=256  (sparse operators)
[setup] built impurity operators in 0.01s; ground state searched in the N_up=N_dn sector of dim 36
  it=  0  Z0=0.025912  Z1=0.025912  E_var=-8.000986  dE=-1.080e+02  docc=0.003177  n_phys=1.000000  |dDelta|=2.828e+00  |dR|=4.092e-03  [qp 0.00s | ED 0.00s]
  it=  1  Z0=0.025257  Z1=0.025257  E_var=-8.000937  dE=4.867e-05  docc=0.003099  n_phys=1.000000  |dDelta|=5.785e-09  |dR|=3.940e-03  [qp 0.00s | ED 0.00s]
  it=  2  Z0=0.024635  Z1=0.024635  E_var=-8.000892  dE=4.515e-05  docc=0.003024  n_phys=1.000000  |dDelta|=1.178e-09  |dR|=3.797e-03  [qp 0.00s | ED 0.00s]
  it=  3  Z0=0.024043  Z1=0.024043  E_var=-8.000850  dE=4.197e-05  docc=0.002952  n_phys=1.000000  |dDelta|=1.993e-09  |dR|=3.662e-03  [qp 0.00s | ED 0.00s]
  it=  4  Z0=0.023478  Z1=0.023478  E_var=-8.000811  dE=3.907e-05  docc=0.002884  n_phys=1.000000  |dDelta|=3.286e-09  |dR|=3.535e-03  [qp 0.00s | ED 0.00s]
  it=  5  Z0=0.022940  Z1=0.022940  E_var=-8.000775  dE=3.644e-05  docc=0.002819  n_phys=1.000000  |dDelta|=1.506e-09  |dR|=3.416e-03  [qp 0.00s | ED 0.00s]
  it=  6  Z0=0.022425  Z1=0.022425  E_var=-8.000741  dE=3.404e-05  docc=0.002757  n_phys=1.000000  |dDelta|=7.568e-10  |dR|=3.303e-03  [qp 0.00s | ED 0.00s]
  it=  7  Z0=0.021933  Z1=0.021933  E_var=-8.000709  dE=3.184e-05  docc=0.002697  n_phys=1.000000  |dDelta|=2.274e-09  |dR|=3.196e-03  [qp 0.00s | ED 0.00s]
  it=  8  Z0=0.021463  Z1=0.021463  E_var=-8.000679  dE=2.983e-05  docc=0.002640  n_phys=1.000000  |dDelta|=5.162e-10  |dR|=3.095e-03  [qp 0.00s | ED 0.00s]
  it=  9  Z0=0.021012  Z1=0.021012  E_var=-8.000651  dE=2.799e-05  docc=0.002586  n_phys=1.000000  |dDelta|=2.120e-09  |dR|=2.999e-03  [qp 0.00s | ED 0.00s]
  it= 10  Z0=0.020579  Z1=0.020579  E_var=-8.000625  dE=2.629e-05  docc=0.002533  n_phys=1.000000  |dDelta|=9.899e-01  |dR|=1.890e-03  [qp 0.00s | ED 0.00s]
  it= 11  Z0=0.020309  Z1=0.020309  E_var=-8.000608  dE=1.616e-05  docc=0.002501  n_phys=1.000000  |dDelta|=1.173e-10  |dR|=1.853e-03  [qp 0.00s | ED 0.00s]
  it= 12  Z0=0.020046  Z1=0.020046  E_var=-8.000593  dE=1.554e-05  docc=0.002469  n_phys=1.000000  |dDelta|=1.750e-10  |dR|=1.818e-03  [qp 0.00s | ED 0.00s]
  it= 13  Z0=0.019789  Z1=0.019789  E_var=-8.000578  dE=1.495e-05  docc=0.002438  n_phys=1.000000  |dDelta|=2.019e-11  |dR|=1.783e-03  [qp 0.00s | ED 0.00s]
  it= 14  Z0=0.019539  Z1=0.019539  E_var=-8.000564  dE=1.440e-05  docc=0.002407  n_phys=1.000000  |dDelta|=5.213e-11  |dR|=1.750e-03  [qp 0.00s | ED 0.00s]
  it= 15  Z0=0.019295  Z1=0.019295  E_var=-8.000550  dE=1.387e-05  docc=0.002378  n_phys=1.000000  |dDelta|=4.856e-11  |dR|=1.717e-03  [qp 0.00s | ED 0.00s]
  it= 16  Z0=0.019058  Z1=0.019058  E_var=-8.000536  dE=1.336e-05  docc=0.002349  n_phys=1.000000  |dDelta|=1.708e-10  |dR|=1.686e-03  [qp 0.00s | ED 0.00s]
  it= 17  Z0=0.018826  Z1=0.018826  E_var=-8.000523  dE=1.288e-05  docc=0.002320  n_phys=1.000000  |dDelta|=8.138e-11  |dR|=1.656e-03  [qp 0.00s | ED 0.00s]
  it= 18  Z0=0.018599  Z1=0.018599  E_var=-8.000511  dE=1.242e-05  docc=0.002293  n_phys=1.000000  |dDelta|=9.505e-11  |dR|=1.626e-03  [qp 0.00s | ED 0.00s]
  it= 19  Z0=0.018378  Z1=0.018378  E_var=-8.000499  dE=1.199e-05  docc=0.002266  n_phys=1.000000  |dDelta|=1.120e-10  |dR|=1.597e-03  [qp 0.00s | ED 0.00s]
  it= 20  Z0=0.018162  Z1=0.018162  E_var=-8.000487  dE=1.157e-05  docc=0.002240  n_phys=1.000000  |dDelta|=7.721e-11  |dR|=1.570e-03  [qp 0.00s | ED 0.00s]
  it= 21  Z0=0.017951  Z1=0.017951  E_var=-8.000476  dE=1.117e-05  docc=0.002214  n_phys=1.000000  |dDelta|=1.472e-10  |dR|=1.543e-03  [qp 0.00s | ED 0.00s]
  it= 22  Z0=0.017745  Z1=0.017745  E_var=-8.000465  dE=1.079e-05  docc=0.002189  n_phys=1.000000  |dDelta|=7.658e-11  |dR|=1.516e-03  [qp 0.00s | ED 0.00s]
  it= 23  Z0=0.017544  Z1=0.017544  E_var=-8.000455  dE=1.043e-05  docc=0.002165  n_phys=1.000000  |dDelta|=1.671e-10  |dR|=1.491e-03  [qp 0.00s | ED 0.00s]
  it= 24  Z0=0.017347  Z1=0.017347  E_var=-8.000445  dE=1.009e-05  docc=0.002141  n_phys=1.000000  |dDelta|=3.854e-11  |dR|=1.466e-03  [qp 0.00s | ED 0.00s]
  it= 25  Z0=0.017154  Z1=0.017154  E_var=-8.000435  dE=9.754e-06  docc=0.002117  n_phys=1.000000  |dDelta|=2.009e-10  |dR|=1.442e-03  [qp 0.00s | ED 0.00s]
  it= 26  Z0=0.016966  Z1=0.016966  E_var=-8.000426  dE=9.437e-06  docc=0.002094  n_phys=1.000000  |dDelta|=1.801e-10  |dR|=1.418e-03  [qp 0.00s | ED 0.00s]
  it= 27  Z0=0.016782  Z1=0.016782  E_var=-8.000417  dE=9.134e-06  docc=0.002072  n_phys=1.000000  |dDelta|=6.410e-11  |dR|=1.396e-03  [qp 0.00s | ED 0.00s]
  it= 28  Z0=0.016601  Z1=0.016601  E_var=-8.000408  dE=8.843e-06  docc=0.002050  n_phys=1.000000  |dDelta|=1.022e-10  |dR|=1.373e-03  [qp 0.00s | ED 0.00s]
  it= 29  Z0=0.016425  Z1=0.016425  E_var=-8.000399  dE=8.565e-06  docc=0.002028  n_phys=1.000000  |dDelta|=1.663e-10  |dR|=1.352e-03  [qp 0.00s | ED 0.00s]
  it= 30  Z0=0.016252  Z1=0.016252  E_var=-8.000391  dE=8.299e-06  docc=0.002007  n_phys=1.000000  |dDelta|=4.119e-10  |dR|=1.331e-03  [qp 0.00s | ED 0.00s]
  it= 31  Z0=0.016083  Z1=0.016083  E_var=-8.000383  dE=8.043e-06  docc=0.001986  n_phys=1.000000  |dDelta|=2.162e-10  |dR|=1.310e-03  [qp 0.00s | ED 0.00s]
  it= 32  Z0=0.015917  Z1=0.015917  E_var=-8.000375  dE=7.797e-06  docc=0.001966  n_phys=1.000000  |dDelta|=1.794e-10  |dR|=1.290e-03  [qp 0.00s | ED 0.00s]
  it= 33  Z0=0.015755  Z1=0.015755  E_var=-8.000368  dE=7.562e-06  docc=0.001946  n_phys=1.000000  |dDelta|=2.415e-10  |dR|=1.270e-03  [qp 0.00s | ED 0.00s]
  it= 34  Z0=0.015596  Z1=0.015596  E_var=-8.000360  dE=7.336e-06  docc=0.001927  n_phys=1.000000  |dDelta|=1.971e-10  |dR|=1.251e-03  [qp 0.00s | ED 0.00s]
  it= 35  Z0=0.015440  Z1=0.015440  E_var=-8.000353  dE=7.119e-06  docc=0.001908  n_phys=1.000000  |dDelta|=9.164e-11  |dR|=1.233e-03  [qp 0.00s | ED 0.00s]
  it= 36  Z0=0.015287  Z1=0.015287  E_var=-8.000346  dE=6.910e-06  docc=0.001889  n_phys=1.000000  |dDelta|=8.977e-11  |dR|=1.215e-03  [qp 0.00s | ED 0.00s]
  it= 37  Z0=0.015137  Z1=0.015137  E_var=-8.000339  dE=6.709e-06  docc=0.001871  n_phys=1.000000  |dDelta|=2.067e-10  |dR|=1.197e-03  [qp 0.00s | ED 0.00s]
  it= 38  Z0=0.014990  Z1=0.014990  E_var=-8.000333  dE=6.516e-06  docc=0.001853  n_phys=1.000000  |dDelta|=2.657e-10  |dR|=1.180e-03  [qp 0.00s | ED 0.00s]
  it= 39  Z0=0.014846  Z1=0.014846  E_var=-8.000327  dE=6.331e-06  docc=0.001835  n_phys=1.000000  |dDelta|=3.548e-10  |dR|=1.163e-03  [qp 0.00s | ED 0.00s]
  it= 40  Z0=0.014705  Z1=0.014705  E_var=-8.000320  dE=6.152e-06  docc=0.001818  n_phys=1.000000  |dDelta|=1.396e-10  |dR|=1.146e-03  [qp 0.00s | ED 0.00s]
  it= 41  Z0=0.014566  Z1=0.014566  E_var=-8.000314  dE=5.980e-06  docc=0.001801  n_phys=1.000000  |dDelta|=4.384e-10  |dR|=1.130e-03  [qp 0.00s | ED 0.00s]
  it= 42  Z0=0.014430  Z1=0.014430  E_var=-8.000309  dE=5.814e-06  docc=0.001784  n_phys=1.000000  |dDelta|=1.627e-10  |dR|=1.115e-03  [qp 0.00s | ED 0.00s]
  it= 43  Z0=0.014297  Z1=0.014297  E_var=-8.000303  dE=5.655e-06  docc=0.001768  n_phys=1.000000  |dDelta|=1.261e-10  |dR|=1.099e-03  [qp 0.00s | ED 0.00s]
  it= 44  Z0=0.014165  Z1=0.014165  E_var=-8.000297  dE=5.501e-06  docc=0.001752  n_phys=1.000000  |dDelta|=2.551e-10  |dR|=1.084e-03  [qp 0.00s | ED 0.00s]
  it= 45  Z0=0.014037  Z1=0.014037  E_var=-8.000292  dE=5.353e-06  docc=0.001736  n_phys=1.000000  |dDelta|=3.540e-10  |dR|=1.070e-03  [qp 0.00s | ED 0.00s]
  it= 46  Z0=0.013910  Z1=0.013910  E_var=-8.000287  dE=5.210e-06  docc=0.001721  n_phys=1.000000  |dDelta|=4.120e-10  |dR|=1.055e-03  [qp 0.00s | ED 0.00s]
  it= 47  Z0=0.013786  Z1=0.013786  E_var=-8.000282  dE=5.072e-06  docc=0.001706  n_phys=1.000000  |dDelta|=3.350e-10  |dR|=1.041e-03  [qp 0.00s | ED 0.01s]
  it= 48  Z0=0.013664  Z1=0.013664  E_var=-8.000277  dE=4.939e-06  docc=0.001691  n_phys=1.000000  |dDelta|=5.664e-11  |dR|=1.028e-03  [qp 0.00s | ED 0.00s]
  it= 49  Z0=0.013544  Z1=0.013544  E_var=-8.000272  dE=4.810e-06  docc=0.001676  n_phys=1.000000  |dDelta|=3.116e-10  |dR|=1.014e-03  [qp 0.00s | ED 0.01s]
  it= 50  Z0=0.013426  Z1=0.013426  E_var=-8.000267  dE=4.686e-06  docc=0.001662  n_phys=1.000000  |dDelta|=8.884e-11  |dR|=1.001e-03  [qp 0.00s | ED 0.00s]
  it= 51  Z0=0.013311  Z1=0.013311  E_var=-8.000263  dE=4.566e-06  docc=0.001647  n_phys=1.000000  |dDelta|=3.322e-10  |dR|=9.883e-04  [qp 0.00s | ED 0.00s]
  it= 52  Z0=0.013197  Z1=0.013197  E_var=-8.000258  dE=4.450e-06  docc=0.001633  n_phys=1.000000  |dDelta|=6.940e-11  |dR|=9.758e-04  [qp 0.00s | ED 0.00s]
  it= 53  Z0=0.013085  Z1=0.013085  E_var=-8.000254  dE=4.338e-06  docc=0.001620  n_phys=1.000000  |dDelta|=3.024e-10  |dR|=9.635e-04  [qp 0.00s | ED 0.00s]
  it= 54  Z0=0.012975  Z1=0.012975  E_var=-8.000250  dE=4.230e-06  docc=0.001606  n_phys=1.000000  |dDelta|=1.966e-10  |dR|=9.514e-04  [qp 0.00s | ED 0.00s]
  it= 55  Z0=0.012867  Z1=0.012867  E_var=-8.000246  dE=4.125e-06  docc=0.001593  n_phys=1.000000  |dDelta|=7.179e-10  |dR|=9.396e-04  [qp 0.00s | ED 0.00s]
  it= 56  Z0=0.012760  Z1=0.012760  E_var=-8.000242  dE=4.024e-06  docc=0.001580  n_phys=1.000000  |dDelta|=2.899e-10  |dR|=9.281e-04  [qp 0.00s | ED 0.00s]
  it= 57  Z0=0.012656  Z1=0.012656  E_var=-8.000238  dE=3.926e-06  docc=0.001567  n_phys=1.000000  |dDelta|=6.115e-11  |dR|=9.168e-04  [qp 0.00s | ED 0.00s]
  it= 58  Z0=0.012553  Z1=0.012553  E_var=-8.000234  dE=3.831e-06  docc=0.001554  n_phys=1.000000  |dDelta|=2.408e-10  |dR|=9.057e-04  [qp 0.00s | ED 0.00s]
  it= 59  Z0=0.012452  Z1=0.012452  E_var=-8.000230  dE=3.740e-06  docc=0.001542  n_phys=1.000000  |dDelta|=2.253e-10  |dR|=8.948e-04  [qp 0.00s | ED 0.00s]
  it= 60  Z0=0.012352  Z1=0.012352  E_var=-8.000227  dE=3.651e-06  docc=0.001530  n_phys=1.000000  |dDelta|=7.476e-10  |dR|=8.841e-04  [qp 0.00s | ED 0.00s]
  it= 61  Z0=0.012254  Z1=0.012254  E_var=-8.000223  dE=3.565e-06  docc=0.001518  n_phys=1.000000  |dDelta|=3.256e-11  |dR|=8.737e-04  [qp 0.00s | ED 0.00s]
  it= 62  Z0=0.012157  Z1=0.012157  E_var=-8.000219  dE=3.481e-06  docc=0.001506  n_phys=1.000000  |dDelta|=4.114e-10  |dR|=8.635e-04  [qp 0.00s | ED 0.00s]
  it= 63  Z0=0.012062  Z1=0.012062  E_var=-8.000216  dE=3.400e-06  docc=0.001494  n_phys=1.000000  |dDelta|=7.207e-10  |dR|=8.534e-04  [qp 0.00s | ED 0.00s]
  it= 64  Z0=0.011969  Z1=0.011969  E_var=-8.000213  dE=3.322e-06  docc=0.001483  n_phys=1.000000  |dDelta|=2.542e-10  |dR|=8.436e-04  [qp 0.00s | ED 0.00s]
  it= 65  Z0=0.011877  Z1=0.011877  E_var=-8.000210  dE=3.246e-06  docc=0.001472  n_phys=1.000000  |dDelta|=9.284e-10  |dR|=8.339e-04  [qp 0.00s | ED 0.00s]
  it= 66  Z0=0.011786  Z1=0.011786  E_var=-8.000206  dE=3.173e-06  docc=0.001460  n_phys=1.000000  |dDelta|=6.285e-10  |dR|=8.244e-04  [qp 0.00s | ED 0.00s]
  it= 67  Z0=0.011697  Z1=0.011697  E_var=-8.000203  dE=3.101e-06  docc=0.001449  n_phys=1.000000  |dDelta|=4.583e-10  |dR|=8.151e-04  [qp 0.00s | ED 0.00s]
  it= 68  Z0=0.011609  Z1=0.011609  E_var=-8.000200  dE=3.032e-06  docc=0.001439  n_phys=1.000000  |dDelta|=1.094e-09  |dR|=8.060e-04  [qp 0.00s | ED 0.00s]
  it= 69  Z0=0.011522  Z1=0.011522  E_var=-8.000197  dE=2.965e-06  docc=0.001428  n_phys=1.000000  |dDelta|=8.421e-11  |dR|=7.970e-04  [qp 0.00s | ED 0.00s]
  it= 70  Z0=0.011437  Z1=0.011437  E_var=-8.000194  dE=2.899e-06  docc=0.001417  n_phys=1.000000  |dDelta|=2.712e-10  |dR|=7.882e-04  [qp 0.00s | ED 0.00s]
  it= 71  Z0=0.011353  Z1=0.011353  E_var=-8.000192  dE=2.836e-06  docc=0.001407  n_phys=1.000000  |dDelta|=7.364e-10  |dR|=7.796e-04  [qp 0.00s | ED 0.00s]
  it= 72  Z0=0.011270  Z1=0.011270  E_var=-8.000189  dE=2.774e-06  docc=0.001397  n_phys=1.000000  |dDelta|=3.209e-10  |dR|=7.711e-04  [qp 0.00s | ED 0.00s]
  it= 73  Z0=0.011188  Z1=0.011188  E_var=-8.000186  dE=2.714e-06  docc=0.001387  n_phys=1.000000  |dDelta|=2.479e-10  |dR|=7.628e-04  [qp 0.00s | ED 0.00s]
  it= 74  Z0=0.011107  Z1=0.011107  E_var=-8.000183  dE=2.656e-06  docc=0.001377  n_phys=1.000000  |dDelta|=1.707e-10  |dR|=7.546e-04  [qp 0.00s | ED 0.00s]
  it= 75  Z0=0.011028  Z1=0.011028  E_var=-8.000181  dE=2.600e-06  docc=0.001367  n_phys=1.000000  |dDelta|=2.817e-10  |dR|=7.466e-04  [qp 0.00s | ED 0.00s]
  it= 76  Z0=0.010950  Z1=0.010950  E_var=-8.000178  dE=2.545e-06  docc=0.001358  n_phys=1.000000  |dDelta|=9.667e-10  |dR|=7.387e-04  [qp 0.00s | ED 0.00s]
  it= 77  Z0=0.010873  Z1=0.010873  E_var=-8.000176  dE=2.492e-06  docc=0.001348  n_phys=1.000000  |dDelta|=9.774e-10  |dR|=7.309e-04  [qp 0.00s | ED 0.00s]
  it= 78  Z0=0.010796  Z1=0.010796  E_var=-8.000173  dE=2.440e-06  docc=0.001339  n_phys=1.000000  |dDelta|=1.073e-09  |dR|=7.233e-04  [qp 0.00s | ED 0.00s]
  it= 79  Z0=0.010721  Z1=0.010721  E_var=-8.000171  dE=2.389e-06  docc=0.001329  n_phys=1.000000  |dDelta|=1.173e-10  |dR|=7.158e-04  [qp 0.00s | ED 0.00s]
  it= 80  Z0=0.010647  Z1=0.010647  E_var=-8.000169  dE=2.340e-06  docc=0.001320  n_phys=1.000000  |dDelta|=7.532e-10  |dR|=7.085e-04  [qp 0.00s | ED 0.00s]
  it= 81  Z0=0.010574  Z1=0.010574  E_var=-8.000166  dE=2.293e-06  docc=0.001311  n_phys=1.000000  |dDelta|=1.028e-10  |dR|=7.013e-04  [qp 0.00s | ED 0.00s]
  it= 82  Z0=0.010502  Z1=0.010502  E_var=-8.000164  dE=2.246e-06  docc=0.001303  n_phys=1.000000  |dDelta|=7.134e-10  |dR|=6.941e-04  [qp 0.00s | ED 0.00s]
  it= 83  Z0=0.010431  Z1=0.010431  E_var=-8.000162  dE=2.201e-06  docc=0.001294  n_phys=1.000000  |dDelta|=4.880e-11  |dR|=6.871e-04  [qp 0.00s | ED 0.00s]
  it= 84  Z0=0.010361  Z1=0.010361  E_var=-8.000160  dE=2.157e-06  docc=0.001285  n_phys=1.000000  |dDelta|=4.571e-10  |dR|=6.803e-04  [qp 0.00s | ED 0.00s]
  it= 85  Z0=0.010292  Z1=0.010292  E_var=-8.000158  dE=2.114e-06  docc=0.001277  n_phys=1.000000  |dDelta|=8.982e-10  |dR|=6.735e-04  [qp 0.00s | ED 0.00s]
  it= 86  Z0=0.010224  Z1=0.010224  E_var=-8.000155  dE=2.073e-06  docc=0.001268  n_phys=1.000000  |dDelta|=3.200e-10  |dR|=6.669e-04  [qp 0.00s | ED 0.00s]
  it= 87  Z0=0.010157  Z1=0.010157  E_var=-8.000153  dE=2.032e-06  docc=0.001260  n_phys=1.000000  |dDelta|=1.815e-10  |dR|=6.603e-04  [qp 0.00s | ED 0.00s]
  it= 88  Z0=0.010090  Z1=0.010090  E_var=-8.000151  dE=1.993e-06  docc=0.001252  n_phys=1.000000  |dDelta|=2.646e-10  |dR|=6.539e-04  [qp 0.00s | ED 0.00s]
  it= 89  Z0=0.010025  Z1=0.010025  E_var=-8.000149  dE=1.954e-06  docc=0.001244  n_phys=1.000000  |dDelta|=5.932e-10  |dR|=6.475e-04  [qp 0.00s | ED 0.00s]
  it= 90  Z0=0.009960  Z1=0.009960  E_var=-8.000148  dE=1.916e-06  docc=0.001236  n_phys=1.000000  |dDelta|=7.064e-11  |dR|=6.413e-04  [qp 0.00s | ED 0.00s]
  it= 91  Z0=0.009896  Z1=0.009896  E_var=-8.000146  dE=1.880e-06  docc=0.001228  n_phys=1.000000  |dDelta|=6.300e-10  |dR|=6.352e-04  [qp 0.00s | ED 0.00s]
  it= 92  Z0=0.009833  Z1=0.009833  E_var=-8.000144  dE=1.844e-06  docc=0.001220  n_phys=1.000000  |dDelta|=2.256e-10  |dR|=6.292e-04  [qp 0.00s | ED 0.00s]
  it= 93  Z0=0.009771  Z1=0.009771  E_var=-8.000142  dE=1.809e-06  docc=0.001212  n_phys=1.000000  |dDelta|=1.002e-09  |dR|=6.232e-04  [qp 0.00s | ED 0.00s]
  it= 94  Z0=0.009709  Z1=0.009709  E_var=-8.000140  dE=1.776e-06  docc=0.001205  n_phys=1.000000  |dDelta|=1.034e-09  |dR|=6.174e-04  [qp 0.00s | ED 0.00s]
  it= 95  Z0=0.009648  Z1=0.009648  E_var=-8.000139  dE=1.742e-06  docc=0.001197  n_phys=1.000000  |dDelta|=1.203e-10  |dR|=6.116e-04  [qp 0.00s | ED 0.00s]
  it= 96  Z0=0.009588  Z1=0.009588  E_var=-8.000137  dE=1.710e-06  docc=0.001190  n_phys=1.000000  |dDelta|=8.831e-10  |dR|=6.059e-04  [qp 0.00s | ED 0.00s]
  it= 97  Z0=0.009529  Z1=0.009529  E_var=-8.000135  dE=1.679e-06  docc=0.001183  n_phys=1.000000  |dDelta|=1.465e-10  |dR|=6.004e-04  [qp 0.00s | ED 0.00s]
  it= 98  Z0=0.009471  Z1=0.009471  E_var=-8.000133  dE=1.648e-06  docc=0.001175  n_phys=1.000000  |dDelta|=4.171e-10  |dR|=5.949e-04  [qp 0.00s | ED 0.00s]
  it= 99  Z0=0.009413  Z1=0.009413  E_var=-8.000132  dE=1.618e-06  docc=0.001168  n_phys=1.000000  |dDelta|=1.135e-09  |dR|=5.895e-04  [qp 0.00s | ED 0.00s]
  it=100  Z0=0.009356  Z1=0.009356  E_var=-8.000130  dE=1.589e-06  docc=0.001161  n_phys=1.000000  |dDelta|=1.650e-10  |dR|=5.841e-04  [qp 0.00s | ED 0.00s]
  it=101  Z0=0.009299  Z1=0.009299  E_var=-8.000129  dE=1.560e-06  docc=0.001154  n_phys=1.000000  |dDelta|=3.061e-10  |dR|=5.789e-04  [qp 0.00s | ED 0.00s]
  it=102  Z0=0.009244  Z1=0.009244  E_var=-8.000127  dE=1.533e-06  docc=0.001148  n_phys=1.000000  |dDelta|=3.299e-10  |dR|=5.737e-04  [qp 0.00s | ED 0.00s]
  it=103  Z0=0.009189  Z1=0.009189  E_var=-8.000126  dE=1.505e-06  docc=0.001141  n_phys=1.000000  |dDelta|=3.884e-10  |dR|=5.686e-04  [qp 0.00s | ED 0.00s]
  it=104  Z0=0.009134  Z1=0.009134  E_var=-8.000124  dE=1.479e-06  docc=0.001134  n_phys=1.000000  |dDelta|=2.642e-10  |dR|=5.636e-04  [qp 0.00s | ED 0.00s]
  it=105  Z0=0.009080  Z1=0.009080  E_var=-8.000123  dE=1.453e-06  docc=0.001127  n_phys=1.000000  |dDelta|=4.357e-10  |dR|=5.586e-04  [qp 0.00s | ED 0.00s]
  it=106  Z0=0.009027  Z1=0.009027  E_var=-8.000121  dE=1.428e-06  docc=0.001121  n_phys=1.000000  |dDelta|=5.870e-11  |dR|=5.538e-04  [qp 0.00s | ED 0.00s]
  it=107  Z0=0.008975  Z1=0.008975  E_var=-8.000120  dE=1.403e-06  docc=0.001114  n_phys=1.000000  |dDelta|=6.256e-10  |dR|=5.489e-04  [qp 0.00s | ED 0.00s]
  it=108  Z0=0.008923  Z1=0.008923  E_var=-8.000119  dE=1.379e-06  docc=0.001108  n_phys=1.000000  |dDelta|=5.455e-10  |dR|=5.442e-04  [qp 0.00s | ED 0.00s]
  it=109  Z0=0.008871  Z1=0.008871  E_var=-8.000117  dE=1.355e-06  docc=0.001102  n_phys=1.000000  |dDelta|=1.304e-10  |dR|=5.395e-04  [qp 0.00s | ED 0.00s]
  it=110  Z0=0.008821  Z1=0.008821  E_var=-8.000116  dE=1.332e-06  docc=0.001095  n_phys=1.000000  |dDelta|=7.332e-11  |dR|=5.349e-04  [qp 0.00s | ED 0.00s]
  it=111  Z0=0.008771  Z1=0.008771  E_var=-8.000115  dE=1.309e-06  docc=0.001089  n_phys=1.000000  |dDelta|=3.083e-10  |dR|=5.304e-04  [qp 0.00s | ED 0.00s]
  it=112  Z0=0.008721  Z1=0.008721  E_var=-8.000113  dE=1.287e-06  docc=0.001083  n_phys=1.000000  |dDelta|=5.844e-10  |dR|=5.259e-04  [qp 0.00s | ED 0.00s]
  it=113  Z0=0.008672  Z1=0.008672  E_var=-8.000112  dE=1.266e-06  docc=0.001077  n_phys=1.000000  |dDelta|=1.493e-10  |dR|=5.215e-04  [qp 0.00s | ED 0.00s]
  it=114  Z0=0.008623  Z1=0.008623  E_var=-8.000111  dE=1.245e-06  docc=0.001071  n_phys=1.000000  |dDelta|=3.117e-10  |dR|=5.172e-04  [qp 0.00s | ED 0.00s]
  it=115  Z0=0.008575  Z1=0.008575  E_var=-8.000110  dE=1.224e-06  docc=0.001065  n_phys=1.000000  |dDelta|=1.555e-10  |dR|=5.129e-04  [qp 0.00s | ED 0.00s]
  it=116  Z0=0.008528  Z1=0.008528  E_var=-8.000108  dE=1.204e-06  docc=0.001059  n_phys=1.000000  |dDelta|=5.303e-10  |dR|=5.086e-04  [qp 0.00s | ED 0.00s]
  it=117  Z0=0.008481  Z1=0.008481  E_var=-8.000107  dE=1.184e-06  docc=0.001053  n_phys=1.000000  |dDelta|=3.979e-10  |dR|=5.045e-04  [qp 0.00s | ED 0.00s]
  it=118  Z0=0.008435  Z1=0.008435  E_var=-8.000106  dE=1.165e-06  docc=0.001048  n_phys=1.000000  |dDelta|=1.020e-09  |dR|=5.004e-04  [qp 0.00s | ED 0.00s]
  it=119  Z0=0.008389  Z1=0.008389  E_var=-8.000105  dE=1.146e-06  docc=0.001042  n_phys=1.000000  |dDelta|=1.143e-09  |dR|=4.963e-04  [qp 0.00s | ED 0.00s]
  it=120  Z0=0.008343  Z1=0.008343  E_var=-8.000104  dE=1.128e-06  docc=0.001036  n_phys=1.000000  |dDelta|=2.759e-10  |dR|=4.923e-04  [qp 0.00s | ED 0.00s]
  it=121  Z0=0.008298  Z1=0.008298  E_var=-8.000103  dE=1.109e-06  docc=0.001031  n_phys=1.000000  |dDelta|=4.041e-10  |dR|=4.883e-04  [qp 0.00s | ED 0.00s]
  it=122  Z0=0.008254  Z1=0.008254  E_var=-8.000101  dE=1.092e-06  docc=0.001025  n_phys=1.000000  |dDelta|=6.588e-10  |dR|=4.844e-04  [qp 0.00s | ED 0.00s]
  it=123  Z0=0.008210  Z1=0.008210  E_var=-8.000100  dE=1.074e-06  docc=0.001020  n_phys=1.000000  |dDelta|=5.290e-10  |dR|=4.806e-04  [qp 0.00s | ED 0.00s]
  it=124  Z0=0.008167  Z1=0.008167  E_var=-8.000099  dE=1.057e-06  docc=0.001015  n_phys=1.000000  |dDelta|=4.057e-10  |dR|=4.768e-04  [qp 0.00s | ED 0.00s]
  it=125  Z0=0.008124  Z1=0.008124  E_var=-8.000098  dE=1.041e-06  docc=0.001009  n_phys=1.000000  |dDelta|=9.379e-10  |dR|=4.730e-04  [qp 0.00s | ED 0.00s]
  it=126  Z0=0.008081  Z1=0.008081  E_var=-8.000097  dE=1.025e-06  docc=0.001004  n_phys=1.000000  |dDelta|=4.223e-10  |dR|=4.693e-04  [qp 0.00s | ED 0.00s]
  it=127  Z0=0.008039  Z1=0.008039  E_var=-8.000096  dE=1.009e-06  docc=0.000999  n_phys=1.000000  |dDelta|=9.920e-10  |dR|=4.657e-04  [qp 0.00s | ED 0.00s]
  it=128  Z0=0.007997  Z1=0.007997  E_var=-8.000095  dE=9.931e-07  docc=0.000994  n_phys=1.000000  |dDelta|=1.157e-09  |dR|=4.621e-04  [qp 0.00s | ED 0.00s]

[check] Delta_qp (quasiparticle 1-RDM) vs Delta_new (impurity-derived 1 - Delta_bb), final iteration:

  fragment 0: Delta_qp =
[[ 0.5055959  -0.05373813 -0.02747292]
 [-0.05373813  0.98013109  0.11451423]
 [-0.02747292  0.11451423  0.01427301]]
  fragment 0: eig(Delta_qp)  = [2.80449951e-17 5.00000000e-01 1.00000000e+00]

  fragment 0: Delta_new =
[[ 0.4944041   0.05373813  0.02747292]
 [ 0.05373813  0.01986891 -0.11451423]
 [ 0.02747292 -0.11451423  0.98572699]]
  fragment 0: eig(Delta_new) = [2.08166817e-16 5.00000000e-01 1.00000000e+00]

  fragment 0: max|Delta_qp - Delta_new| = 9.715e-01

  fragment 1: Delta_qp =
[[ 0.01986885  0.05373787 -0.11451426]
 [ 0.05373787  0.49440415  0.02747261]
 [-0.11451426  0.02747261  0.98572701]]
  fragment 1: eig(Delta_qp)  = [-6.65175157e-18  5.00000000e-01  1.00000000e+00]

  fragment 1: Delta_new =
[[ 0.98013115 -0.05373787  0.11451426]
 [-0.05373787  0.50559585 -0.02747261]
 [ 0.11451426 -0.02747261  0.01427299]]
  fragment 1: eig(Delta_new) = [-1.2490009e-16  5.0000000e-01  1.0000000e+00]

  fragment 1: max|Delta_qp - Delta_new| = 9.715e-01



Ng=2  U/t=8.0000  Z0=0.007956  Z1=0.007956  E_var/t=-8.000095  docc=0.000994  converged=True  iters=128
