[setup] Ng=2  Neff=3  impurity orbitals/spin=4  Fock dim=256  (sparse operators)
[setup] built impurity operators in 0.02s; ground state searched in the N_up=N_dn sector of dim 36
  it=  0  Z0=0.049658  Z1=0.049658  E_var=-7.902428  dE=-1.079e+02  docc=0.006132  n_phys=1.000000  |dDelta|=2.828e+00  |dR|=5.429e-03  [qp 0.00s | ED 0.00s]
  it=  1  Z0=0.048456  Z1=0.048456  E_var=-7.902286  dE=1.424e-04  docc=0.005989  n_phys=1.000000  |dDelta|=5.481e-09  |dR|=5.107e-03  [qp 0.00s | ED 0.00s]
  it=  2  Z0=0.047338  Z1=0.047338  E_var=-7.902157  dE=1.288e-04  docc=0.005856  n_phys=1.000000  |dDelta|=5.974e-09  |dR|=4.813e-03  [qp 0.00s | ED 0.00s]
  it=  3  Z0=0.046297  Z1=0.046297  E_var=-7.902040  dE=1.169e-04  docc=0.005731  n_phys=1.000000  |dDelta|=3.149e-09  |dR|=4.543e-03  [qp 0.00s | ED 0.00s]
  it=  4  Z0=0.045324  Z1=0.045324  E_var=-7.901933  dE=1.064e-04  docc=0.005615  n_phys=1.000000  |dDelta|=3.604e-09  |dR|=4.294e-03  [qp 0.00s | ED 0.00s]
  it=  5  Z0=0.044415  Z1=0.044415  E_var=-7.901836  dE=9.718e-05  docc=0.005506  n_phys=1.000000  |dDelta|=4.922e-09  |dR|=4.065e-03  [qp 0.00s | ED 0.00s]
  it=  6  Z0=0.043562  Z1=0.043562  E_var=-7.901747  dE=8.899e-05  docc=0.005404  n_phys=1.000000  |dDelta|=5.565e-09  |dR|=3.853e-03  [qp 0.00s | ED 0.00s]
  it=  7  Z0=0.042762  Z1=0.042762  E_var=-7.901666  dE=8.170e-05  docc=0.005307  n_phys=1.000000  |dDelta|=8.171e-09  |dR|=3.656e-03  [qp 0.00s | ED 0.00s]
  it=  8  Z0=0.042009  Z1=0.042009  E_var=-7.901590  dE=7.520e-05  docc=0.005217  n_phys=1.000000  |dDelta|=7.411e-09  |dR|=3.474e-03  [qp 0.00s | ED 0.00s]
  it=  9  Z0=0.041300  Z1=0.041300  E_var=-7.901521  dE=6.937e-05  docc=0.005132  n_phys=1.000000  |dDelta|=9.935e-09  |dR|=3.304e-03  [qp 0.00s | ED 0.00s]
  it= 10  Z0=0.040631  Z1=0.040631  E_var=-7.901457  dE=6.414e-05  docc=0.005051  n_phys=1.000000  |dDelta|=9.899e-01  |dR|=2.044e-03  [qp 0.00s | ED 0.00s]
  it= 11  Z0=0.040220  Z1=0.040220  E_var=-7.901418  dE=3.880e-05  docc=0.005001  n_phys=1.000000  |dDelta|=5.773e-10  |dR|=1.982e-03  [qp 0.00s | ED 0.00s]
  it= 12  Z0=0.039824  Z1=0.039824  E_var=-7.901381  dE=3.697e-05  docc=0.004954  n_phys=1.000000  |dDelta|=2.882e-10  |dR|=1.922e-03  [qp 0.00s | ED 0.00s]
  it= 13  Z0=0.039441  Z1=0.039441  E_var=-7.901346  dE=3.526e-05  docc=0.004907  n_phys=1.000000  |dDelta|=2.279e-10  |dR|=1.864e-03  [qp 0.00s | ED 0.00s]
  it= 14  Z0=0.039072  Z1=0.039072  E_var=-7.901312  dE=3.365e-05  docc=0.004863  n_phys=1.000000  |dDelta|=9.431e-10  |dR|=1.809e-03  [qp 0.00s | ED 0.00s]
  it= 15  Z0=0.038715  Z1=0.038715  E_var=-7.901280  dE=3.213e-05  docc=0.004820  n_phys=1.000000  |dDelta|=8.997e-10  |dR|=1.756e-03  [qp 0.00s | ED 0.00s]
  it= 16  Z0=0.038371  Z1=0.038371  E_var=-7.901249  dE=3.071e-05  docc=0.004778  n_phys=1.000000  |dDelta|=2.680e-09  |dR|=1.705e-03  [qp 0.00s | ED 0.00s]
  it= 17  Z0=0.038037  Z1=0.038037  E_var=-7.901220  dE=2.937e-05  docc=0.004738  n_phys=1.000000  |dDelta|=1.552e-09  |dR|=1.656e-03  [qp 0.00s | ED 0.00s]
  it= 18  Z0=0.037715  Z1=0.037715  E_var=-7.901192  dE=2.811e-05  docc=0.004699  n_phys=1.000000  |dDelta|=1.105e-09  |dR|=1.609e-03  [qp 0.00s | ED 0.00s]
  it= 19  Z0=0.037403  Z1=0.037403  E_var=-7.901165  dE=2.692e-05  docc=0.004661  n_phys=1.000000  |dDelta|=1.247e-09  |dR|=1.564e-03  [qp 0.00s | ED 0.00s]
  it= 20  Z0=0.037101  Z1=0.037101  E_var=-7.901139  dE=2.579e-05  docc=0.004624  n_phys=1.000000  |dDelta|=2.499e-10  |dR|=1.521e-03  [qp 0.00s | ED 0.00s]
  it= 21  Z0=0.036809  Z1=0.036809  E_var=-7.901114  dE=2.473e-05  docc=0.004589  n_phys=1.000000  |dDelta|=1.436e-09  |dR|=1.479e-03  [qp 0.00s | ED 0.00s]
  it= 22  Z0=0.036526  Z1=0.036526  E_var=-7.901091  dE=2.372e-05  docc=0.004554  n_phys=1.000000  |dDelta|=1.436e-10  |dR|=1.439e-03  [qp 0.00s | ED 0.00s]
  it= 23  Z0=0.036251  Z1=0.036251  E_var=-7.901068  dE=2.277e-05  docc=0.004521  n_phys=1.000000  |dDelta|=1.836e-09  |dR|=1.400e-03  [qp 0.00s | ED 0.00s]
  it= 24  Z0=0.035985  Z1=0.035985  E_var=-7.901046  dE=2.187e-05  docc=0.004489  n_phys=1.000000  |dDelta|=7.692e-10  |dR|=1.362e-03  [qp 0.00s | ED 0.00s]
  it= 25  Z0=0.035727  Z1=0.035727  E_var=-7.901025  dE=2.102e-05  docc=0.004458  n_phys=1.000000  |dDelta|=9.657e-10  |dR|=1.326e-03  [qp 0.00s | ED 0.00s]
  it= 26  Z0=0.035477  Z1=0.035477  E_var=-7.901005  dE=2.021e-05  docc=0.004427  n_phys=1.000000  |dDelta|=1.777e-09  |dR|=1.292e-03  [qp 0.00s | ED 0.00s]
  it= 27  Z0=0.035234  Z1=0.035234  E_var=-7.900985  dE=1.944e-05  docc=0.004398  n_phys=1.000000  |dDelta|=7.140e-10  |dR|=1.258e-03  [qp 0.00s | ED 0.00s]
  it= 28  Z0=0.034998  Z1=0.034998  E_var=-7.900967  dE=1.871e-05  docc=0.004369  n_phys=1.000000  |dDelta|=7.097e-10  |dR|=1.225e-03  [qp 0.00s | ED 0.00s]
  it= 29  Z0=0.034770  Z1=0.034770  E_var=-7.900949  dE=1.801e-05  docc=0.004341  n_phys=1.000000  |dDelta|=2.709e-10  |dR|=1.194e-03  [qp 0.00s | ED 0.00s]
  it= 30  Z0=0.034547  Z1=0.034547  E_var=-7.900931  dE=1.735e-05  docc=0.004314  n_phys=1.000000  |dDelta|=7.847e-10  |dR|=1.164e-03  [qp 0.00s | ED 0.00s]
  it= 31  Z0=0.034331  Z1=0.034331  E_var=-7.900915  dE=1.672e-05  docc=0.004288  n_phys=1.000000  |dDelta|=8.640e-10  |dR|=1.135e-03  [qp 0.00s | ED 0.00s]
  it= 32  Z0=0.034121  Z1=0.034121  E_var=-7.900898  dE=1.612e-05  docc=0.004262  n_phys=1.000000  |dDelta|=1.350e-10  |dR|=1.106e-03  [qp 0.00s | ED 0.00s]
  it= 33  Z0=0.033917  Z1=0.033917  E_var=-7.900883  dE=1.555e-05  docc=0.004237  n_phys=1.000000  |dDelta|=9.632e-10  |dR|=1.079e-03  [qp 0.00s | ED 0.00s]
  it= 34  Z0=0.033719  Z1=0.033719  E_var=-7.900868  dE=1.501e-05  docc=0.004213  n_phys=1.000000  |dDelta|=8.764e-10  |dR|=1.052e-03  [qp 0.00s | ED 0.00s]
  it= 35  Z0=0.033526  Z1=0.033526  E_var=-7.900853  dE=1.449e-05  docc=0.004190  n_phys=1.000000  |dDelta|=4.063e-10  |dR|=1.027e-03  [qp 0.00s | ED 0.00s]
  it= 36  Z0=0.033338  Z1=0.033338  E_var=-7.900839  dE=1.399e-05  docc=0.004167  n_phys=1.000000  |dDelta|=5.236e-10  |dR|=1.002e-03  [qp 0.00s | ED 0.00s]
  it= 37  Z0=0.033156  Z1=0.033156  E_var=-7.900826  dE=1.352e-05  docc=0.004145  n_phys=1.000000  |dDelta|=1.495e-09  |dR|=9.777e-04  [qp 0.00s | ED 0.00s]
  it= 38  Z0=0.032978  Z1=0.032978  E_var=-7.900813  dE=1.307e-05  docc=0.004123  n_phys=1.000000  |dDelta|=1.843e-09  |dR|=9.543e-04  [qp 0.00s | ED 0.00s]
  it= 39  Z0=0.032805  Z1=0.032805  E_var=-7.900800  dE=1.263e-05  docc=0.004102  n_phys=1.000000  |dDelta|=1.514e-09  |dR|=9.317e-04  [qp 0.00s | ED 0.00s]
  it= 40  Z0=0.032636  Z1=0.032636  E_var=-7.900788  dE=1.222e-05  docc=0.004081  n_phys=1.000000  |dDelta|=1.230e-10  |dR|=9.097e-04  [qp 0.00s | ED 0.00s]
  it= 41  Z0=0.032472  Z1=0.032472  E_var=-7.900776  dE=1.182e-05  docc=0.004061  n_phys=1.000000  |dDelta|=9.949e-10  |dR|=8.884e-04  [qp 0.00s | ED 0.00s]
  it= 42  Z0=0.032312  Z1=0.032312  E_var=-7.900765  dE=1.144e-05  docc=0.004042  n_phys=1.000000  |dDelta|=4.427e-10  |dR|=8.678e-04  [qp 0.00s | ED 0.00s]
  it= 43  Z0=0.032156  Z1=0.032156  E_var=-7.900754  dE=1.108e-05  docc=0.004023  n_phys=1.000000  |dDelta|=2.074e-10  |dR|=8.477e-04  [qp 0.00s | ED 0.00s]
  it= 44  Z0=0.032005  Z1=0.032005  E_var=-7.900743  dE=1.073e-05  docc=0.004004  n_phys=1.000000  |dDelta|=6.386e-10  |dR|=8.282e-04  [qp 0.00s | ED 0.00s]
  it= 45  Z0=0.031857  Z1=0.031857  E_var=-7.900732  dE=1.040e-05  docc=0.003986  n_phys=1.000000  |dDelta|=6.042e-10  |dR|=8.093e-04  [qp 0.00s | ED 0.00s]
  it= 46  Z0=0.031712  Z1=0.031712  E_var=-7.900722  dE=1.007e-05  docc=0.003968  n_phys=1.000000  |dDelta|=8.014e-10  |dR|=7.910e-04  [qp 0.00s | ED 0.00s]
  it= 47  Z0=0.031572  Z1=0.031572  E_var=-7.900713  dE=9.766e-06  docc=0.003951  n_phys=1.000000  |dDelta|=3.673e-10  |dR|=7.731e-04  [qp 0.00s | ED 0.00s]
  it= 48  Z0=0.031434  Z1=0.031434  E_var=-7.900703  dE=9.469e-06  docc=0.003935  n_phys=1.000000  |dDelta|=1.871e-09  |dR|=7.558e-04  [qp 0.00s | ED 0.00s]
  it= 49  Z0=0.031300  Z1=0.031300  E_var=-7.900694  dE=9.185e-06  docc=0.003918  n_phys=1.000000  |dDelta|=1.929e-09  |dR|=7.389e-04  [qp 0.00s | ED 0.00s]
  it= 50  Z0=0.031170  Z1=0.031170  E_var=-7.900685  dE=8.911e-06  docc=0.003902  n_phys=1.000000  |dDelta|=2.000e-10  |dR|=7.225e-04  [qp 0.00s | ED 0.00s]
  it= 51  Z0=0.031042  Z1=0.031042  E_var=-7.900676  dE=8.648e-06  docc=0.003887  n_phys=1.000000  |dDelta|=3.393e-10  |dR|=7.066e-04  [qp 0.00s | ED 0.00s]
  it= 52  Z0=0.030918  Z1=0.030918  E_var=-7.900668  dE=8.395e-06  docc=0.003871  n_phys=1.000000  |dDelta|=3.274e-10  |dR|=6.911e-04  [qp 0.00s | ED 0.00s]
  it= 53  Z0=0.030797  Z1=0.030797  E_var=-7.900660  dE=8.152e-06  docc=0.003857  n_phys=1.000000  |dDelta|=7.729e-10  |dR|=6.760e-04  [qp 0.00s | ED 0.00s]
  it= 54  Z0=0.030678  Z1=0.030678  E_var=-7.900652  dE=7.918e-06  docc=0.003842  n_phys=1.000000  |dDelta|=7.933e-10  |dR|=6.613e-04  [qp 0.00s | ED 0.00s]
  it= 55  Z0=0.030562  Z1=0.030562  E_var=-7.900644  dE=7.692e-06  docc=0.003828  n_phys=1.000000  |dDelta|=5.781e-10  |dR|=6.471e-04  [qp 0.00s | ED 0.00s]
  it= 56  Z0=0.030449  Z1=0.030449  E_var=-7.900637  dE=7.474e-06  docc=0.003814  n_phys=1.000000  |dDelta|=1.183e-09  |dR|=6.332e-04  [qp 0.00s | ED 0.00s]
  it= 57  Z0=0.030339  Z1=0.030339  E_var=-7.900630  dE=7.265e-06  docc=0.003801  n_phys=1.000000  |dDelta|=5.779e-10  |dR|=6.196e-04  [qp 0.00s | ED 0.00s]
  it= 58  Z0=0.030231  Z1=0.030231  E_var=-7.900622  dE=7.063e-06  docc=0.003787  n_phys=1.000000  |dDelta|=5.466e-10  |dR|=6.064e-04  [qp 0.00s | ED 0.00s]
  it= 59  Z0=0.030126  Z1=0.030126  E_var=-7.900616  dE=6.868e-06  docc=0.003774  n_phys=1.000000  |dDelta|=4.907e-10  |dR|=5.936e-04  [qp 0.00s | ED 0.00s]
  it= 60  Z0=0.030023  Z1=0.030023  E_var=-7.900609  dE=6.680e-06  docc=0.003762  n_phys=1.000000  |dDelta|=1.563e-10  |dR|=5.811e-04  [qp 0.00s | ED 0.00s]
  it= 61  Z0=0.029922  Z1=0.029922  E_var=-7.900602  dE=6.498e-06  docc=0.003750  n_phys=1.000000  |dDelta|=3.838e-10  |dR|=5.689e-04  [qp 0.00s | ED 0.00s]
  it= 62  Z0=0.029824  Z1=0.029824  E_var=-7.900596  dE=6.323e-06  docc=0.003737  n_phys=1.000000  |dDelta|=1.161e-09  |dR|=5.570e-04  [qp 0.00s | ED 0.00s]
  it= 63  Z0=0.029728  Z1=0.029728  E_var=-7.900590  dE=6.154e-06  docc=0.003726  n_phys=1.000000  |dDelta|=1.031e-09  |dR|=5.454e-04  [qp 0.00s | ED 0.00s]
  it= 64  Z0=0.029634  Z1=0.029634  E_var=-7.900584  dE=5.990e-06  docc=0.003714  n_phys=1.000000  |dDelta|=4.134e-10  |dR|=5.341e-04  [qp 0.00s | ED 0.00s]
  it= 65  Z0=0.029542  Z1=0.029542  E_var=-7.900578  dE=5.832e-06  docc=0.003703  n_phys=1.000000  |dDelta|=2.025e-10  |dR|=5.231e-04  [qp 0.00s | ED 0.00s]
  it= 66  Z0=0.029452  Z1=0.029452  E_var=-7.900572  dE=5.679e-06  docc=0.003692  n_phys=1.000000  |dDelta|=7.428e-10  |dR|=5.123e-04  [qp 0.00s | ED 0.00s]
  it= 67  Z0=0.029364  Z1=0.029364  E_var=-7.900567  dE=5.532e-06  docc=0.003681  n_phys=1.000000  |dDelta|=8.778e-10  |dR|=5.018e-04  [qp 0.00s | ED 0.00s]
  it= 68  Z0=0.029278  Z1=0.029278  E_var=-7.900562  dE=5.389e-06  docc=0.003671  n_phys=1.000000  |dDelta|=1.034e-10  |dR|=4.916e-04  [qp 0.00s | ED 0.00s]
  it= 69  Z0=0.029194  Z1=0.029194  E_var=-7.900556  dE=5.251e-06  docc=0.003660  n_phys=1.000000  |dDelta|=1.197e-10  |dR|=4.816e-04  [qp 0.00s | ED 0.00s]
  it= 70  Z0=0.029112  Z1=0.029112  E_var=-7.900551  dE=5.117e-06  docc=0.003650  n_phys=1.000000  |dDelta|=6.005e-10  |dR|=4.719e-04  [qp 0.00s | ED 0.00s]
  it= 71  Z0=0.029032  Z1=0.029032  E_var=-7.900546  dE=4.988e-06  docc=0.003640  n_phys=1.000000  |dDelta|=7.018e-10  |dR|=4.624e-04  [qp 0.00s | ED 0.00s]
  it= 72  Z0=0.028953  Z1=0.028953  E_var=-7.900541  dE=4.862e-06  docc=0.003631  n_phys=1.000000  |dDelta|=2.354e-10  |dR|=4.531e-04  [qp 0.00s | ED 0.00s]
  it= 73  Z0=0.028876  Z1=0.028876  E_var=-7.900537  dE=4.741e-06  docc=0.003621  n_phys=1.000000  |dDelta|=1.331e-09  |dR|=4.440e-04  [qp 0.00s | ED 0.00s]
  it= 74  Z0=0.028801  Z1=0.028801  E_var=-7.900532  dE=4.623e-06  docc=0.003612  n_phys=1.000000  |dDelta|=2.565e-10  |dR|=4.352e-04  [qp 0.00s | ED 0.00s]
  it= 75  Z0=0.028727  Z1=0.028727  E_var=-7.900527  dE=4.509e-06  docc=0.003603  n_phys=1.000000  |dDelta|=7.826e-10  |dR|=4.265e-04  [qp 0.00s | ED 0.00s]
  it= 76  Z0=0.028654  Z1=0.028654  E_var=-7.900523  dE=4.399e-06  docc=0.003594  n_phys=1.000000  |dDelta|=4.806e-10  |dR|=4.181e-04  [qp 0.00s | ED 0.00s]
  it= 77  Z0=0.028584  Z1=0.028584  E_var=-7.900519  dE=4.292e-06  docc=0.003585  n_phys=1.000000  |dDelta|=4.153e-10  |dR|=4.099e-04  [qp 0.00s | ED 0.00s]
  it= 78  Z0=0.028514  Z1=0.028514  E_var=-7.900515  dE=4.188e-06  docc=0.003577  n_phys=1.000000  |dDelta|=3.914e-10  |dR|=4.018e-04  [qp 0.00s | ED 0.00s]
  it= 79  Z0=0.028447  Z1=0.028447  E_var=-7.900510  dE=4.087e-06  docc=0.003569  n_phys=1.000000  |dDelta|=3.945e-10  |dR|=3.939e-04  [qp 0.00s | ED 0.00s]
  it= 80  Z0=0.028380  Z1=0.028380  E_var=-7.900506  dE=3.990e-06  docc=0.003560  n_phys=1.000000  |dDelta|=6.128e-10  |dR|=3.862e-04  [qp 0.00s | ED 0.01s]
  it= 81  Z0=0.028315  Z1=0.028315  E_var=-7.900503  dE=3.895e-06  docc=0.003552  n_phys=1.000000  |dDelta|=4.166e-10  |dR|=3.787e-04  [qp 0.00s | ED 0.00s]
  it= 82  Z0=0.028252  Z1=0.028252  E_var=-7.900499  dE=3.803e-06  docc=0.003545  n_phys=1.000000  |dDelta|=9.250e-10  |dR|=3.714e-04  [qp 0.00s | ED 0.00s]
  it= 83  Z0=0.028189  Z1=0.028189  E_var=-7.900495  dE=3.713e-06  docc=0.003537  n_phys=1.000000  |dDelta|=3.811e-10  |dR|=3.642e-04  [qp 0.00s | ED 0.00s]
  it= 84  Z0=0.028128  Z1=0.028128  E_var=-7.900491  dE=3.627e-06  docc=0.003529  n_phys=1.000000  |dDelta|=4.178e-10  |dR|=3.572e-04  [qp 0.00s | ED 0.00s]
  it= 85  Z0=0.028068  Z1=0.028068  E_var=-7.900488  dE=3.542e-06  docc=0.003522  n_phys=1.000000  |dDelta|=7.060e-10  |dR|=3.503e-04  [qp 0.00s | ED 0.00s]
  it= 86  Z0=0.028010  Z1=0.028010  E_var=-7.900484  dE=3.461e-06  docc=0.003515  n_phys=1.000000  |dDelta|=1.468e-10  |dR|=3.436e-04  [qp 0.00s | ED 0.00s]
  it= 87  Z0=0.027952  Z1=0.027952  E_var=-7.900481  dE=3.381e-06  docc=0.003508  n_phys=1.000000  |dDelta|=2.660e-10  |dR|=3.370e-04  [qp 0.00s | ED 0.00s]
  it= 88  Z0=0.027896  Z1=0.027896  E_var=-7.900478  dE=3.304e-06  docc=0.003501  n_phys=1.000000  |dDelta|=4.245e-10  |dR|=3.306e-04  [qp 0.00s | ED 0.00s]
  it= 89  Z0=0.027841  Z1=0.027841  E_var=-7.900475  dE=3.228e-06  docc=0.003494  n_phys=1.000000  |dDelta|=6.754e-10  |dR|=3.243e-04  [qp 0.00s | ED 0.00s]
  it= 90  Z0=0.027786  Z1=0.027786  E_var=-7.900471  dE=3.155e-06  docc=0.003487  n_phys=1.000000  |dDelta|=1.290e-10  |dR|=3.181e-04  [qp 0.00s | ED 0.00s]
  it= 91  Z0=0.027733  Z1=0.027733  E_var=-7.900468  dE=3.084e-06  docc=0.003481  n_phys=1.000000  |dDelta|=5.079e-10  |dR|=3.121e-04  [qp 0.00s | ED 0.00s]
  it= 92  Z0=0.027682  Z1=0.027682  E_var=-7.900465  dE=3.015e-06  docc=0.003475  n_phys=1.000000  |dDelta|=2.059e-10  |dR|=3.062e-04  [qp 0.00s | ED 0.00s]
  it= 93  Z0=0.027631  Z1=0.027631  E_var=-7.900462  dE=2.948e-06  docc=0.003468  n_phys=1.000000  |dDelta|=1.168e-10  |dR|=3.005e-04  [qp 0.00s | ED 0.00s]
  it= 94  Z0=0.027581  Z1=0.027581  E_var=-7.900459  dE=2.883e-06  docc=0.003462  n_phys=1.000000  |dDelta|=9.375e-11  |dR|=2.948e-04  [qp 0.00s | ED 0.00s]
  it= 95  Z0=0.027532  Z1=0.027532  E_var=-7.900457  dE=2.819e-06  docc=0.003456  n_phys=1.000000  |dDelta|=2.506e-10  |dR|=2.893e-04  [qp 0.00s | ED 0.00s]
  it= 96  Z0=0.027484  Z1=0.027484  E_var=-7.900454  dE=2.757e-06  docc=0.003450  n_phys=1.000000  |dDelta|=3.104e-10  |dR|=2.839e-04  [qp 0.00s | ED 0.00s]
  it= 97  Z0=0.027437  Z1=0.027437  E_var=-7.900451  dE=2.697e-06  docc=0.003444  n_phys=1.000000  |dDelta|=6.702e-10  |dR|=2.786e-04  [qp 0.00s | ED 0.00s]
  it= 98  Z0=0.027391  Z1=0.027391  E_var=-7.900449  dE=2.638e-06  docc=0.003439  n_phys=1.000000  |dDelta|=5.090e-10  |dR|=2.735e-04  [qp 0.00s | ED 0.00s]
  it= 99  Z0=0.027345  Z1=0.027345  E_var=-7.900446  dE=2.581e-06  docc=0.003433  n_phys=1.000000  |dDelta|=4.788e-10  |dR|=2.684e-04  [qp 0.00s | ED 0.00s]
  it=100  Z0=0.027301  Z1=0.027301  E_var=-7.900443  dE=2.525e-06  docc=0.003428  n_phys=1.000000  |dDelta|=2.267e-10  |dR|=2.634e-04  [qp 0.00s | ED 0.00s]
  it=101  Z0=0.027257  Z1=0.027257  E_var=-7.900441  dE=2.471e-06  docc=0.003422  n_phys=1.000000  |dDelta|=3.747e-10  |dR|=2.586e-04  [qp 0.00s | ED 0.00s]
  it=102  Z0=0.027215  Z1=0.027215  E_var=-7.900439  dE=2.418e-06  docc=0.003417  n_phys=1.000000  |dDelta|=3.507e-10  |dR|=2.538e-04  [qp 0.00s | ED 0.00s]
  it=103  Z0=0.027173  Z1=0.027173  E_var=-7.900436  dE=2.366e-06  docc=0.003412  n_phys=1.000000  |dDelta|=5.351e-10  |dR|=2.491e-04  [qp 0.00s | ED 0.00s]
  it=104  Z0=0.027132  Z1=0.027132  E_var=-7.900434  dE=2.316e-06  docc=0.003407  n_phys=1.000000  |dDelta|=3.810e-10  |dR|=2.446e-04  [qp 0.00s | ED 0.00s]
  it=105  Z0=0.027092  Z1=0.027092  E_var=-7.900432  dE=2.267e-06  docc=0.003402  n_phys=1.000000  |dDelta|=2.750e-10  |dR|=2.401e-04  [qp 0.00s | ED 0.00s]
  it=106  Z0=0.027052  Z1=0.027052  E_var=-7.900429  dE=2.220e-06  docc=0.003397  n_phys=1.000000  |dDelta|=5.028e-10  |dR|=2.357e-04  [qp 0.00s | ED 0.00s]
  it=107  Z0=0.027013  Z1=0.027013  E_var=-7.900427  dE=2.173e-06  docc=0.003392  n_phys=1.000000  |dDelta|=5.323e-10  |dR|=2.314e-04  [qp 0.00s | ED 0.00s]
  it=108  Z0=0.026975  Z1=0.026975  E_var=-7.900425  dE=2.128e-06  docc=0.003388  n_phys=1.000000  |dDelta|=3.105e-10  |dR|=2.272e-04  [qp 0.00s | ED 0.00s]
  it=109  Z0=0.026938  Z1=0.026938  E_var=-7.900423  dE=2.083e-06  docc=0.003383  n_phys=1.000000  |dDelta|=4.292e-10  |dR|=2.231e-04  [qp 0.00s | ED 0.00s]
  it=110  Z0=0.026901  Z1=0.026901  E_var=-7.900421  dE=2.040e-06  docc=0.003379  n_phys=1.000000  |dDelta|=2.735e-10  |dR|=2.190e-04  [qp 0.00s | ED 0.00s]
  it=111  Z0=0.026866  Z1=0.026866  E_var=-7.900419  dE=1.998e-06  docc=0.003374  n_phys=1.000000  |dDelta|=3.088e-10  |dR|=2.151e-04  [qp 0.00s | ED 0.00s]
  it=112  Z0=0.026830  Z1=0.026830  E_var=-7.900417  dE=1.957e-06  docc=0.003370  n_phys=1.000000  |dDelta|=8.501e-10  |dR|=2.112e-04  [qp 0.00s | ED 0.00s]
  it=113  Z0=0.026796  Z1=0.026796  E_var=-7.900415  dE=1.917e-06  docc=0.003366  n_phys=1.000000  |dDelta|=4.169e-10  |dR|=2.074e-04  [qp 0.00s | ED 0.00s]
  it=114  Z0=0.026762  Z1=0.026762  E_var=-7.900413  dE=1.878e-06  docc=0.003361  n_phys=1.000000  |dDelta|=4.240e-10  |dR|=2.037e-04  [qp 0.00s | ED 0.00s]
  it=115  Z0=0.026728  Z1=0.026728  E_var=-7.900411  dE=1.840e-06  docc=0.003357  n_phys=1.000000  |dDelta|=1.117e-09  |dR|=2.000e-04  [qp 0.00s | ED 0.00s]
  it=116  Z0=0.026696  Z1=0.026696  E_var=-7.900410  dE=1.802e-06  docc=0.003353  n_phys=1.000000  |dDelta|=8.801e-10  |dR|=1.964e-04  [qp 0.00s | ED 0.00s]
  it=117  Z0=0.026664  Z1=0.026664  E_var=-7.900408  dE=1.766e-06  docc=0.003349  n_phys=1.000000  |dDelta|=2.539e-10  |dR|=1.929e-04  [qp 0.00s | ED 0.00s]
  it=118  Z0=0.026632  Z1=0.026632  E_var=-7.900406  dE=1.730e-06  docc=0.003345  n_phys=1.000000  |dDelta|=1.529e-10  |dR|=1.895e-04  [qp 0.00s | ED 0.00s]
  it=119  Z0=0.026601  Z1=0.026601  E_var=-7.900404  dE=1.696e-06  docc=0.003342  n_phys=1.000000  |dDelta|=1.579e-10  |dR|=1.861e-04  [qp 0.00s | ED 0.00s]
  it=120  Z0=0.026571  Z1=0.026571  E_var=-7.900403  dE=1.662e-06  docc=0.003338  n_phys=1.000000  |dDelta|=7.551e-11  |dR|=1.828e-04  [qp 0.00s | ED 0.00s]
  it=121  Z0=0.026541  Z1=0.026541  E_var=-7.900401  dE=1.629e-06  docc=0.003334  n_phys=1.000000  |dDelta|=5.463e-10  |dR|=1.795e-04  [qp 0.00s | ED 0.00s]
  it=122  Z0=0.026512  Z1=0.026512  E_var=-7.900399  dE=1.596e-06  docc=0.003331  n_phys=1.000000  |dDelta|=7.894e-10  |dR|=1.763e-04  [qp 0.00s | ED 0.00s]
  it=123  Z0=0.026483  Z1=0.026483  E_var=-7.900398  dE=1.565e-06  docc=0.003327  n_phys=1.000000  |dDelta|=6.202e-10  |dR|=1.732e-04  [qp 0.00s | ED 0.00s]
  it=124  Z0=0.026455  Z1=0.026455  E_var=-7.900396  dE=1.534e-06  docc=0.003324  n_phys=1.000000  |dDelta|=9.697e-11  |dR|=1.701e-04  [qp 0.00s | ED 0.00s]
  it=125  Z0=0.026427  Z1=0.026427  E_var=-7.900395  dE=1.504e-06  docc=0.003320  n_phys=1.000000  |dDelta|=1.278e-10  |dR|=1.671e-04  [qp 0.00s | ED 0.00s]
  it=126  Z0=0.026400  Z1=0.026400  E_var=-7.900393  dE=1.474e-06  docc=0.003317  n_phys=1.000000  |dDelta|=3.018e-10  |dR|=1.642e-04  [qp 0.00s | ED 0.00s]
  it=127  Z0=0.026374  Z1=0.026374  E_var=-7.900392  dE=1.445e-06  docc=0.003314  n_phys=1.000000  |dDelta|=4.827e-10  |dR|=1.613e-04  [qp 0.00s | ED 0.00s]
  it=128  Z0=0.026347  Z1=0.026347  E_var=-7.900391  dE=1.417e-06  docc=0.003310  n_phys=1.000000  |dDelta|=5.714e-10  |dR|=1.585e-04  [qp 0.00s | ED 0.00s]
  it=129  Z0=0.026322  Z1=0.026322  E_var=-7.900389  dE=1.390e-06  docc=0.003307  n_phys=1.000000  |dDelta|=4.978e-10  |dR|=1.557e-04  [qp 0.00s | ED 0.00s]
  it=130  Z0=0.026296  Z1=0.026296  E_var=-7.900388  dE=1.363e-06  docc=0.003304  n_phys=1.000000  |dDelta|=1.990e-10  |dR|=1.529e-04  [qp 0.00s | ED 0.00s]
  it=131  Z0=0.026272  Z1=0.026272  E_var=-7.900386  dE=1.336e-06  docc=0.003301  n_phys=1.000000  |dDelta|=4.621e-10  |dR|=1.503e-04  [qp 0.00s | ED 0.00s]
  it=132  Z0=0.026247  Z1=0.026247  E_var=-7.900385  dE=1.311e-06  docc=0.003298  n_phys=1.000000  |dDelta|=1.408e-10  |dR|=1.476e-04  [qp 0.00s | ED 0.00s]
  it=133  Z0=0.026223  Z1=0.026223  E_var=-7.900384  dE=1.285e-06  docc=0.003295  n_phys=1.000000  |dDelta|=7.176e-10  |dR|=1.451e-04  [qp 0.00s | ED 0.00s]
  it=134  Z0=0.026200  Z1=0.026200  E_var=-7.900383  dE=1.261e-06  docc=0.003292  n_phys=1.000000  |dDelta|=5.543e-10  |dR|=1.425e-04  [qp 0.00s | ED 0.00s]
  it=135  Z0=0.026177  Z1=0.026177  E_var=-7.900381  dE=1.237e-06  docc=0.003289  n_phys=1.000000  |dDelta|=2.015e-10  |dR|=1.400e-04  [qp 0.00s | ED 0.00s]
  it=136  Z0=0.026154  Z1=0.026154  E_var=-7.900380  dE=1.213e-06  docc=0.003287  n_phys=1.000000  |dDelta|=5.692e-10  |dR|=1.376e-04  [qp 0.00s | ED 0.00s]
  it=137  Z0=0.026132  Z1=0.026132  E_var=-7.900379  dE=1.190e-06  docc=0.003284  n_phys=1.000000  |dDelta|=3.193e-10  |dR|=1.352e-04  [qp 0.00s | ED 0.00s]
  it=138  Z0=0.026110  Z1=0.026110  E_var=-7.900378  dE=1.167e-06  docc=0.003281  n_phys=1.000000  |dDelta|=6.465e-10  |dR|=1.329e-04  [qp 0.00s | ED 0.00s]
  it=139  Z0=0.026089  Z1=0.026089  E_var=-7.900377  dE=1.145e-06  docc=0.003279  n_phys=1.000000  |dDelta|=4.192e-10  |dR|=1.306e-04  [qp 0.00s | ED 0.00s]
  it=140  Z0=0.026067  Z1=0.026067  E_var=-7.900375  dE=1.124e-06  docc=0.003276  n_phys=1.000000  |dDelta|=5.683e-10  |dR|=1.283e-04  [qp 0.00s | ED 0.00s]
  it=141  Z0=0.026047  Z1=0.026047  E_var=-7.900374  dE=1.102e-06  docc=0.003273  n_phys=1.000000  |dDelta|=6.283e-10  |dR|=1.261e-04  [qp 0.00s | ED 0.00s]
  it=142  Z0=0.026026  Z1=0.026026  E_var=-7.900373  dE=1.082e-06  docc=0.003271  n_phys=1.000000  |dDelta|=8.728e-10  |dR|=1.239e-04  [qp 0.00s | ED 0.00s]
  it=143  Z0=0.026006  Z1=0.026006  E_var=-7.900372  dE=1.061e-06  docc=0.003268  n_phys=1.000000  |dDelta|=3.190e-10  |dR|=1.218e-04  [qp 0.00s | ED 0.00s]
  it=144  Z0=0.025987  Z1=0.025987  E_var=-7.900371  dE=1.042e-06  docc=0.003266  n_phys=1.000000  |dDelta|=4.602e-10  |dR|=1.197e-04  [qp 0.00s | ED 0.00s]
  it=145  Z0=0.025967  Z1=0.025967  E_var=-7.900370  dE=1.022e-06  docc=0.003264  n_phys=1.000000  |dDelta|=2.479e-10  |dR|=1.176e-04  [qp 0.00s | ED 0.00s]
  it=146  Z0=0.025949  Z1=0.025949  E_var=-7.900369  dE=1.003e-06  docc=0.003261  n_phys=1.000000  |dDelta|=4.414e-10  |dR|=1.156e-04  [qp 0.00s | ED 0.00s]
  it=147  Z0=0.025930  Z1=0.025930  E_var=-7.900368  dE=9.845e-07  docc=0.003259  n_phys=1.000000  |dDelta|=1.726e-10  |dR|=1.136e-04  [qp 0.00s | ED 0.00s]

[check] Delta_qp (quasiparticle 1-RDM) vs Delta_new (impurity-derived 1 - Delta_bb), final iteration:

  fragment 0: Delta_qp =
[[ 0.5055959  -0.05373813 -0.02747293]
 [-0.05373813  0.98013109  0.11451423]
 [-0.02747293  0.11451423  0.01427301]]
  fragment 0: eig(Delta_qp)  = [4.86455246e-17 5.00000000e-01 1.00000000e+00]

  fragment 0: Delta_new =
[[ 0.4944041   0.05373813  0.02747293]
 [ 0.05373813  0.01986891 -0.11451423]
 [ 0.02747293 -0.11451423  0.98572699]]
  fragment 0: eig(Delta_new) = [6.66133815e-16 5.00000000e-01 1.00000000e+00]

  fragment 0: max|Delta_qp - Delta_new| = 9.715e-01

  fragment 1: Delta_qp =
[[ 0.01986885  0.05373787 -0.11451425]
 [ 0.05373787  0.49440415  0.02747262]
 [-0.11451425  0.02747262  0.98572701]]
  fragment 1: eig(Delta_qp)  = [-4.43773979e-18  5.00000000e-01  1.00000000e+00]

  fragment 1: Delta_new =
[[ 0.98013115 -0.05373787  0.11451425]
 [-0.05373787  0.50559585 -0.02747262]
 [ 0.11451425 -0.02747262  0.01427299]]
  fragment 1: eig(Delta_new) = [-1.21430643e-16  5.00000000e-01  1.00000000e+00]

  fragment 1: max|Delta_qp - Delta_new| = 9.715e-01



Ng=2  U/t=7.9000  Z0=0.025912  Z1=0.025912  E_var/t=-7.900368  docc=0.003259  converged=True  iters=147
