[setup] Ng=2  Neff=3  impurity orbitals/spin=4  Fock dim=256  (sparse operators)
[setup] built impurity operators in 0.01s; ground state searched in the N_up=N_dn sector of dim 36
  it=  0  Z0=0.894375  Z1=0.894375  E_var=-3.592500  dE=-1.036e+02  docc=0.165972  n_phys=1.000000  |dDelta|=2.828e+00  |dR|=7.783e-03  [qp 0.00s | ED 0.00s]
  it=  1  Z0=0.887029  Z1=0.887029  E_var=-3.579471  dE=1.303e-02  docc=0.165664  n_phys=1.000000  |dDelta|=8.251e-09  |dR|=8.805e-04  [qp 0.00s | ED 0.00s]
  it=  2  Z0=0.886200  Z1=0.886200  E_var=-3.578001  dE=1.469e-03  docc=0.165629  n_phys=1.000000  |dDelta|=2.022e-09  |dR|=1.002e-04  [qp 0.00s | ED 0.00s]
  it=  3  Z0=0.886106  Z1=0.886106  E_var=-3.577834  dE=1.672e-04  docc=0.165626  n_phys=1.000000  |dDelta|=8.089e-09  |dR|=1.141e-05  [qp 0.00s | ED 0.00s]
  it=  4  Z0=0.886095  Z1=0.886095  E_var=-3.577815  dE=1.904e-05  docc=0.165625  n_phys=1.000000  |dDelta|=3.033e-09  |dR|=1.300e-06  [qp 0.00s | ED 0.00s]
  it=  5  Z0=0.886094  Z1=0.886094  E_var=-3.577813  dE=2.169e-06  docc=0.165625  n_phys=1.000000  |dDelta|=3.656e-09  |dR|=1.482e-07  [qp 0.00s | ED 0.00s]

[check] Delta_qp (quasiparticle 1-RDM) vs Delta_new (impurity-derived 1 - Delta_bb), final iteration:

  fragment 0: Delta_qp =
[[ 0.5055959  -0.05373811 -0.02747285]
 [-0.05373811  0.9801311   0.11451423]
 [-0.02747285  0.11451423  0.01427301]]
  fragment 0: eig(Delta_qp)  = [1.22641625e-17 5.00000000e-01 1.00000000e+00]

  fragment 0: Delta_new =
[[ 0.4944041   0.05373811  0.02747285]
 [ 0.05373811  0.0198689  -0.11451423]
 [ 0.02747285 -0.11451423  0.98572699]]
  fragment 0: eig(Delta_new) = [1.94289029e-16 5.00000000e-01 1.00000000e+00]

  fragment 0: max|Delta_qp - Delta_new| = 9.715e-01

  fragment 1: Delta_qp =
[[ 0.01986885  0.05373787 -0.11451425]
 [ 0.05373787  0.49440415  0.0274727 ]
 [-0.11451425  0.0274727   0.985727  ]]
  fragment 1: eig(Delta_qp)  = [1.35439061e-18 5.00000000e-01 1.00000000e+00]

  fragment 1: Delta_new =
[[ 0.98013115 -0.05373787  0.11451425]
 [-0.05373787  0.50559585 -0.0274727 ]
 [ 0.11451425 -0.0274727   0.014273  ]]
  fragment 1: eig(Delta_new) = [-3.81639165e-17  5.00000000e-01  1.00000000e+00]

  fragment 1: max|Delta_qp - Delta_new| = 9.715e-01



Ng=2  U/t=2.7000  Z0=0.886094  Z1=0.886094  E_var/t=-3.577813  docc=0.165625  converged=True  iters=5
