[setup] Ng=2  Neff=3  impurity orbitals/spin=4  Fock dim=256  (sparse operators)
[setup] built impurity operators in 0.02s; ground state searched in the N_up=N_dn sector of dim 36
  it=  0  Z0=0.973594  Z1=0.973594  E_var=-2.769430  dE=-1.028e+02  docc=0.206342  n_phys=1.000000  |dDelta|=2.828e+00  |dR|=4.150e-03  [qp 0.00s | ED 0.00s]
  it=  1  Z0=0.969504  Z1=0.969504  E_var=-2.761499  dE=7.930e-03  docc=0.206253  n_phys=1.000000  |dDelta|=1.001e-09  |dR|=1.267e-04  [qp 0.00s | ED 0.00s]
  it=  2  Z0=0.969379  Z1=0.969379  E_var=-2.761258  dE=2.418e-04  docc=0.206250  n_phys=1.000000  |dDelta|=9.424e-10  |dR|=3.879e-06  [qp 0.00s | ED 0.00s]
  it=  3  Z0=0.969375  Z1=0.969375  E_var=-2.761250  dE=7.404e-06  docc=0.206250  n_phys=1.000000  |dDelta|=2.960e-09  |dR|=1.188e-07  [qp 0.00s | ED 0.00s]

[check] Delta_qp (quasiparticle 1-RDM) vs Delta_new (impurity-derived 1 - Delta_bb), final iteration:

  fragment 0: Delta_qp =
[[ 0.5055959  -0.05373811 -0.02747285]
 [-0.05373811  0.9801311   0.11451423]
 [-0.02747285  0.11451423  0.01427301]]
  fragment 0: eig(Delta_qp)  = [6.59828067e-17 5.00000000e-01 1.00000000e+00]

  fragment 0: Delta_new =
[[ 0.4944041   0.05373811  0.02747285]
 [ 0.05373811  0.0198689  -0.11451423]
 [ 0.02747285 -0.11451423  0.98572699]]
  fragment 0: eig(Delta_new) = [-1.2490009e-16  5.0000000e-01  1.0000000e+00]

  fragment 0: max|Delta_qp - Delta_new| = 9.715e-01

  fragment 1: Delta_qp =
[[ 0.01986885  0.05373787 -0.11451424]
 [ 0.05373787  0.49440415  0.02747271]
 [-0.11451424  0.02747271  0.985727  ]]
  fragment 1: eig(Delta_qp)  = [2.00129118e-17 5.00000000e-01 1.00000000e+00]

  fragment 1: Delta_new =
[[ 0.98013115 -0.05373787  0.11451424]
 [-0.05373787  0.50559585 -0.02747271]
 [ 0.11451424 -0.02747271  0.014273  ]]
  fragment 1: eig(Delta_new) = [5.20417043e-17 5.00000000e-01 1.00000000e+00]

  fragment 1: max|Delta_qp - Delta_new| = 9.715e-01



Ng=2  U/t=1.4000  Z0=0.969375  Z1=0.969375  E_var/t=-2.761250  docc=0.206250  converged=True  iters=3
