[setup] Ng=2  Neff=3  impurity orbitals/spin=4  Fock dim=256  (sparse operators)
[setup] built impurity operators in 0.01s; ground state searched in the N_up=N_dn sector of dim 36
  it=  0  Z0=0.840000  Z1=0.840000  E_var=-4.007195  dE=-1.040e+02  docc=0.147395  n_phys=1.000000  |dDelta|=2.828e+00  |dR|=9.238e-03  [qp 0.00s | ED 0.00s]
  it=  1  Z0=0.831555  Z1=0.831555  E_var=-3.993153  dE=1.404e-02  docc=0.146963  n_phys=1.000000  |dDelta|=2.352e-09  |dR|=1.558e-03  [qp 0.00s | ED 0.00s]
  it=  2  Z0=0.830134  Z1=0.830134  E_var=-3.990795  dE=2.358e-03  docc=0.146890  n_phys=1.000000  |dDelta|=1.295e-08  |dR|=2.647e-04  [qp 0.00s | ED 0.00s]
  it=  3  Z0=0.829893  Z1=0.829893  E_var=-3.990395  dE=4.003e-04  docc=0.146878  n_phys=1.000000  |dDelta|=3.971e-09  |dR|=4.503e-05  [qp 0.00s | ED 0.00s]
  it=  4  Z0=0.829852  Z1=0.829852  E_var=-3.990326  dE=6.809e-05  docc=0.146875  n_phys=1.000000  |dDelta|=9.375e-09  |dR|=7.662e-06  [qp 0.00s | ED 0.00s]
  it=  5  Z0=0.829845  Z1=0.829845  E_var=-3.990315  dE=1.158e-05  docc=0.146875  n_phys=1.000000  |dDelta|=8.858e-09  |dR|=1.304e-06  [qp 0.00s | ED 0.00s]
  it=  6  Z0=0.829844  Z1=0.829844  E_var=-3.990313  dE=1.971e-06  docc=0.146875  n_phys=1.000000  |dDelta|=1.167e-09  |dR|=2.219e-07  [qp 0.00s | ED 0.00s]

[check] Delta_qp (quasiparticle 1-RDM) vs Delta_new (impurity-derived 1 - Delta_bb), final iteration:

  fragment 0: Delta_qp =
[[ 0.5055959  -0.05373811 -0.02747286]
 [-0.05373811  0.9801311   0.11451423]
 [-0.02747286  0.11451423  0.01427301]]
  fragment 0: eig(Delta_qp)  = [5.51041145e-18 5.00000000e-01 1.00000000e+00]

  fragment 0: Delta_new =
[[ 0.4944041   0.05373811  0.02747286]
 [ 0.05373811  0.0198689  -0.11451423]
 [ 0.02747286 -0.11451423  0.98572699]]
  fragment 0: eig(Delta_new) = [3.1918912e-16 5.0000000e-01 1.0000000e+00]

  fragment 0: max|Delta_qp - Delta_new| = 9.715e-01

  fragment 1: Delta_qp =
[[ 0.01986885  0.05373787 -0.11451425]
 [ 0.05373787  0.49440415  0.02747268]
 [-0.11451425  0.02747268  0.985727  ]]
  fragment 1: eig(Delta_qp)  = [6.23417389e-18 5.00000000e-01 1.00000000e+00]

  fragment 1: Delta_new =
[[ 0.98013115 -0.05373787  0.11451425]
 [-0.05373787  0.50559585 -0.02747268]
 [ 0.11451425 -0.02747268  0.014273  ]]
  fragment 1: eig(Delta_new) = [-3.36536354e-16  5.00000000e-01  1.00000000e+00]

  fragment 1: max|Delta_qp - Delta_new| = 9.715e-01



Ng=2  U/t=3.3000  Z0=0.829844  Z1=0.829844  E_var/t=-3.990313  docc=0.146875  converged=True  iters=6
