[setup] Ng=2  Neff=3  impurity orbitals/spin=4  Fock dim=256  (sparse operators)
[setup] built impurity operators in 0.01s; ground state searched in the N_up=N_dn sector of dim 36
  it=  0  Z0=0.886094  Z1=0.886094  E_var=-3.660096  dE=-1.037e+02  docc=0.162874  n_phys=1.000000  |dDelta|=2.828e+00  |dR|=8.038e-03  [qp 0.00s | ED 0.00s]
  it=  1  Z0=0.878544  Z1=0.878544  E_var=-3.646832  dE=1.326e-02  docc=0.162546  n_phys=1.000000  |dDelta|=7.040e-09  |dR|=9.776e-04  [qp 0.00s | ED 0.00s]
  it=  2  Z0=0.877628  Z1=0.877628  E_var=-3.645224  dE=1.608e-03  docc=0.162506  n_phys=1.000000  |dDelta|=2.124e-09  |dR|=1.196e-04  [qp 0.00s | ED 0.00s]
  it=  3  Z0=0.877516  Z1=0.877516  E_var=-3.645027  dE=1.967e-04  docc=0.162501  n_phys=1.000000  |dDelta|=9.774e-10  |dR|=1.466e-05  [qp 0.00s | ED 0.00s]
  it=  4  Z0=0.877502  Z1=0.877502  E_var=-3.645003  dE=2.409e-05  docc=0.162500  n_phys=1.000000  |dDelta|=3.120e-09  |dR|=1.795e-06  [qp 0.00s | ED 0.00s]
  it=  5  Z0=0.877500  Z1=0.877500  E_var=-3.645000  dE=2.951e-06  docc=0.162500  n_phys=1.000000  |dDelta|=4.514e-09  |dR|=2.200e-07  [qp 0.00s | ED 0.00s]

[check] Delta_qp (quasiparticle 1-RDM) vs Delta_new (impurity-derived 1 - Delta_bb), final iteration:

  fragment 0: Delta_qp =
[[ 0.5055959  -0.05373811 -0.02747285]
 [-0.05373811  0.9801311   0.11451423]
 [-0.02747285  0.11451423  0.01427301]]
  fragment 0: eig(Delta_qp)  = [7.03115662e-19 5.00000000e-01 1.00000000e+00]

  fragment 0: Delta_new =
[[ 0.4944041   0.05373811  0.02747285]
 [ 0.05373811  0.0198689  -0.11451423]
 [ 0.02747285 -0.11451423  0.98572699]]
  fragment 0: eig(Delta_new) = [-1.80411242e-16  5.00000000e-01  1.00000000e+00]

  fragment 0: max|Delta_qp - Delta_new| = 9.715e-01

  fragment 1: Delta_qp =
[[ 0.01986885  0.05373787 -0.11451424]
 [ 0.05373787  0.49440415  0.0274727 ]
 [-0.11451424  0.0274727   0.985727  ]]
  fragment 1: eig(Delta_qp)  = [6.26906106e-18 5.00000000e-01 1.00000000e+00]

  fragment 1: Delta_new =
[[ 0.98013115 -0.05373787  0.11451424]
 [-0.05373787  0.50559585 -0.0274727 ]
 [ 0.11451424 -0.0274727   0.014273  ]]
  fragment 1: eig(Delta_new) = [-1.04083409e-16  5.00000000e-01  1.00000000e+00]

  fragment 1: max|Delta_qp - Delta_new| = 9.715e-01



Ng=2  U/t=2.8000  Z0=0.877500  Z1=0.877500  E_var/t=-3.645000  docc=0.162500  converged=True  iters=5
