####################################################
##############  ITERATION NR. 0 ####################
####################################################
--> curr_deltas:
  --> Atom #0:
   0.940503 7.25114e-16   0.0640073
7.25114e-16   0.0594975  -0.0640073
  0.0640073  -0.0640073         0.5
  --> Atom #1:
    0.940503 -3.81639e-16    0.0640073
-3.81639e-16    0.0594975   -0.0640073
   0.0640073   -0.0640073          0.5

--> curr_Rs:
  --> Atom #0:
0.7 0.7 0.1
  --> Atom #1:
0.7 0.7 0.1

--> Occupation numbers fromcurr_deltas:
  --> Atom #0:
0.0502931
      0.5
 0.949707
  --> Atom #1:
0.0502931
      0.5
 0.949707

--> From curr_lambds:
  --> Atom #0:
   1    0  0.1
   0   -1 -0.1
 0.1 -0.1    0
  --> Atom #1:
   1    0  0.1
   0   -1 -0.1
 0.1 -0.1    0

--> Mean-field potential - phys: 
 0 -1
-1  0

--> Mean-field potential - qp: 
   -1     0  -0.1 -0.49 -0.49 -0.07
    0     1   0.1 -0.49 -0.49 -0.07
 -0.1   0.1     0 -0.07 -0.07 -0.01
-0.49 -0.49 -0.07    -1     0  -0.1
-0.49 -0.49 -0.07     0     1   0.1
-0.07 -0.07 -0.01  -0.1   0.1     0

--> curr_Vs:
  --> Atom #0:
-0.7
-0.7
-0.1
  --> Atom #1:
-0.7
-0.7
-0.1

--> curr_lambdcs:
  --> Atom #0:
          1 1.68677e-15         0.1
1.68677e-15          -1        -0.1
        0.1        -0.1 1.07546e-15
  --> Atom #1:
          1 2.79697e-16         0.1
2.79697e-16          -1        -0.1
        0.1        -0.1 1.00684e-16

  *  Impurity MF pot: 
0
  *  Impurity Eshift: -9.31892e-14
--> imp_1rdms:
  --> Atom #0:
        0.5   0.0724509   0.0724509 -0.00804897
  0.0724509   0.0214685 5.97328e-17  -0.0607325
  0.0724509 5.83809e-17    0.978531   0.0607325
-0.00804897  -0.0607325   0.0607325         0.5
  --> Atom #1:
         0.5    0.0724509    0.0724509  -0.00804897
   0.0724509    0.0214685 -2.25971e-16   -0.0607325
   0.0724509 -2.29244e-16     0.978531    0.0607325
 -0.00804897   -0.0607325    0.0607325          0.5

--> new_deltas:
  --> Atom #0:
    0.978531 -5.97328e-17    0.0607325
-5.83809e-17    0.0214685   -0.0607325
   0.0607325   -0.0607325          0.5
  --> Atom #1:
   0.978531 2.25971e-16   0.0607325
2.29244e-16   0.0214685  -0.0607325
  0.0607325  -0.0607325         0.5

--> new_Rs:
  --> Atom #0:
 0.599218  0.599218 0.0992206
  --> Atom #1:
 0.599218  0.599218 0.0992206

--> Eqp: -0.877009, Eimps: ( -7.20285, -7.20285,  ), Eloc: -9.67527, Evar: -10.5523

--> next_deltas:
  --> Atom #0:
    0.978531 -7.02563e-17    0.0607325
-7.02563e-17    0.0214685   -0.0607325
   0.0607325   -0.0607325          0.5
  --> Atom #1:
   0.978531 2.29851e-16   0.0607325
2.29851e-16   0.0214685  -0.0607325
  0.0607325  -0.0607325         0.5

--> next_Rs:
  --> Atom #0:
 0.599218  0.599218 0.0992206
  --> Atom #1:
 0.599218  0.599218 0.0992206

--> dE : -110.552, ddelta: 0.108357, dR: 0.285059

####################################################
##############  ITERATION NR. 1 ####################
####################################################
--> curr_deltas:
  --> Atom #0:
    0.978531 -7.02563e-17    0.0607325
-7.02563e-17    0.0214685   -0.0607325
   0.0607325   -0.0607325          0.5
  --> Atom #1:
   0.978531 2.29851e-16   0.0607325
2.29851e-16   0.0214685  -0.0607325
  0.0607325  -0.0607325         0.5

--> curr_Rs:
  --> Atom #0:
 0.599218  0.599218 0.0992206
  --> Atom #1:
 0.599218  0.599218 0.0992206

--> Occupation numbers fromcurr_deltas:
  --> Atom #0:
0.0138218
      0.5
 0.986178
  --> Atom #1:
0.0138218
      0.5
 0.986178

--> curr_deltas from fit:
  --> Atom #0:
      0.9878 -4.72625e-15    0.0588517
-4.72625e-15    0.0122001   -0.0588517
   0.0588517   -0.0588517          0.5
  --> Atom #1:
     0.9878 3.60042e-15   0.0588517
3.60042e-15   0.0122001  -0.0588517
  0.0588517  -0.0588517         0.5

--> Occupation numbers fromcurr_deltas from fit:
  --> Atom #0:
0.00515075
       0.5
  0.994849
  --> Atom #1:
0.00515075
       0.5
  0.994849

--> curr_lambds:
  --> Atom #0:
     2.47907 -5.21379e-15      0.27543
-5.21379e-15     -2.47907     -0.27543
     0.27543     -0.27543 -8.03569e-15
  --> Atom #1:
     2.47907 -4.83411e-16      0.27543
-4.83411e-16     -2.47907     -0.27543
     0.27543     -0.27543 -1.79416e-15

--> Mean-field potential - phys: 
 0 -1
-1  0

--> Mean-field potential - qp: 
   -2.47907 5.21379e-15    -0.27543   -0.359062   -0.359062  -0.0594548
5.21379e-15     2.47907     0.27543   -0.359062   -0.359062  -0.0594548
   -0.27543     0.27543 8.03569e-15  -0.0594548  -0.0594548 -0.00984472
  -0.359062   -0.359062  -0.0594548    -2.47907 4.83411e-16    -0.27543
  -0.359062   -0.359062  -0.0594548 4.83411e-16     2.47907     0.27543
 -0.0594548  -0.0594548 -0.00984472    -0.27543     0.27543 1.79416e-15

--> curr_Vs:
  --> Atom #0:
 -0.599218
 -0.599218
-0.0992206
  --> Atom #1:
 -0.599218
 -0.599218
-0.0992206

--> curr_lambdcs:
  --> Atom #0:
     2.47907 -6.68923e-15      0.27543
-6.68923e-15     -2.47907     -0.27543
     0.27543     -0.27543  2.88851e-16
  --> Atom #1:
    2.47907 5.73737e-17     0.27543
5.73737e-17    -2.47907    -0.27543
    0.27543    -0.27543 1.56577e-14

  *  Impurity MF pot: 
0
  *  Impurity Eshift: -5.70788e-13
--> imp_1rdms:
  --> Atom #0:
         0.5    0.0425276    0.0425276  -0.00510705
   0.0425276    0.0102299 -5.49499e-16   -0.0573509
   0.0425276 -5.50034e-16      0.98977    0.0573509
 -0.00510705   -0.0573509    0.0573509          0.5
  --> Atom #1:
         0.5    0.0425276    0.0425276  -0.00510705
   0.0425276    0.0102299 -1.50484e-15   -0.0573509
   0.0425276 -1.50517e-15      0.98977    0.0573509
 -0.00510705   -0.0573509    0.0573509          0.5

--> new_deltas:
  --> Atom #0:
    0.98977 5.49499e-16   0.0573509
5.50034e-16   0.0102299  -0.0573509
  0.0573509  -0.0573509         0.5
  --> Atom #1:
    0.98977 1.50484e-15   0.0573509
1.50517e-15   0.0102299  -0.0573509
  0.0573509  -0.0573509         0.5

--> new_Rs:
  --> Atom #0:
0.688673 0.688673  0.13115
  --> Atom #1:
0.688673 0.688673  0.13115

--> Eqp: -0.21187, Eimps: ( -10.1183, -10.1183,  ), Eloc: -9.86673, Evar: -10.0786

--> next_deltas:
  --> Atom #0:
    0.98977 5.48173e-16   0.0573509
5.48173e-16   0.0102299  -0.0573509
  0.0573509  -0.0573509         0.5
  --> Atom #1:
    0.98977 1.50227e-15   0.0573509
1.50227e-15   0.0102299  -0.0573509
  0.0573509  -0.0573509         0.5

--> next_Rs:
  --> Atom #0:
0.688673 0.688673  0.13115
  --> Atom #1:
0.688673 0.688673  0.13115

--> dE : 0.473679, ddelta: 0.034546, dR: 0.260951

####################################################
##############  ITERATION NR. 2 ####################
####################################################
--> curr_deltas:
  --> Atom #0:
    0.98977 5.48173e-16   0.0573509
5.48173e-16   0.0102299  -0.0573509
  0.0573509  -0.0573509         0.5
  --> Atom #1:
    0.98977 1.50227e-15   0.0573509
1.50227e-15   0.0102299  -0.0573509
  0.0573509  -0.0573509         0.5

--> curr_Rs:
  --> Atom #0:
0.688673 0.688673  0.13115
  --> Atom #1:
0.688673 0.688673  0.13115

--> Occupation numbers fromcurr_deltas:
  --> Atom #0:
0.00355964
       0.5
   0.99644
  --> Atom #1:
0.00355964
       0.5
   0.99644

--> curr_deltas from fit:
  --> Atom #0:
   0.990674 8.43249e-15   0.0563819
8.43249e-15  0.00932584  -0.0563819
  0.0563819  -0.0563819         0.5
  --> Atom #1:
    0.990674 -3.02362e-15    0.0563819
-3.02362e-15   0.00932584   -0.0563819
   0.0563819   -0.0563819          0.5

--> Occupation numbers fromcurr_deltas from fit:
  --> Atom #0:
0.00288939
       0.5
  0.997111
  --> Atom #1:
0.00288939
       0.5
  0.997111

--> curr_lambds:
  --> Atom #0:
     4.41469  2.57545e-14     0.490367
 2.57545e-14     -4.41469    -0.490367
    0.490367    -0.490367 -1.02113e-13
  --> Atom #1:
     4.41469  3.10355e-14     0.490367
 3.10355e-14     -4.41469    -0.490367
    0.490367    -0.490367 -1.11335e-13

--> Mean-field potential - phys: 
 0 -1
-1  0

--> Mean-field potential - qp: 
    -4.41469 -2.57545e-14    -0.490367    -0.474271    -0.474271   -0.0903197
-2.57545e-14      4.41469     0.490367    -0.474271    -0.474271   -0.0903197
   -0.490367     0.490367  1.02113e-13   -0.0903197   -0.0903197   -0.0172004
   -0.474271    -0.474271   -0.0903197     -4.41469 -3.10355e-14    -0.490367
   -0.474271    -0.474271   -0.0903197 -3.10355e-14      4.41469     0.490367
  -0.0903197   -0.0903197   -0.0172004    -0.490367     0.490367  1.11335e-13

--> curr_Vs:
  --> Atom #0:
-0.688673
-0.688673
 -0.13115
  --> Atom #1:
-0.688673
-0.688673
 -0.13115

--> curr_lambdcs:
  --> Atom #0:
    4.41468 8.21194e-15    0.490366
8.21194e-15    -4.41468   -0.490366
   0.490366   -0.490366 6.49192e-15
  --> Atom #1:
     4.41468  1.62973e-14     0.490366
 1.62973e-14     -4.41468    -0.490366
    0.490366    -0.490366 -2.13326e-15

  *  Impurity MF pot: 
0
  *  Impurity Eshift: -1.15735e-11
--> imp_1rdms:
  --> Atom #0:
         0.5    0.0376802    0.0376802 -0.000699027
   0.0376802   0.00908419 -2.15147e-15   -0.0557575
   0.0376802 -2.15192e-15     0.990916    0.0557575
-0.000699027   -0.0557575    0.0557575          0.5
  --> Atom #1:
         0.5    0.0376802    0.0376802 -0.000699027
   0.0376802   0.00908419 -2.24052e-15   -0.0557575
   0.0376802 -2.24107e-15     0.990916    0.0557575
-0.000699027   -0.0557575    0.0557575          0.5

--> new_deltas:
  --> Atom #0:
   0.990916 2.15147e-15   0.0557575
2.15192e-15  0.00908419  -0.0557575
  0.0557575  -0.0557575         0.5
  --> Atom #1:
   0.990916 2.24052e-15   0.0557575
2.24107e-15  0.00908419  -0.0557575
  0.0557575  -0.0557575         0.5

--> new_Rs:
  --> Atom #0:
0.696769 0.696769 0.139759
  --> Atom #1:
0.696769 0.696769 0.139759

--> Eqp: -0.208625, Eimps: ( -14.0406, -14.0406,  ), Eloc: -9.89139, Evar: -10.1

--> next_deltas:
  --> Atom #0:
   0.990916 2.15539e-15   0.0557575
2.15539e-15  0.00908419  -0.0557575
  0.0557575  -0.0557575         0.5
  --> Atom #1:
   0.990916 2.24473e-15   0.0557575
2.24386e-15  0.00908419  -0.0557575
  0.0557575  -0.0557575         0.5

--> next_Rs:
  --> Atom #0:
0.696769 0.696769 0.139759
  --> Atom #1:
0.696769 0.696769 0.139759

--> dE : -0.0214107, ddelta: 0.00715, dR: 0.028651

####################################################
##############  ITERATION NR. 3 ####################
####################################################
--> curr_deltas:
  --> Atom #0:
   0.990916 2.15539e-15   0.0557575
2.15539e-15  0.00908419  -0.0557575
  0.0557575  -0.0557575         0.5
  --> Atom #1:
   0.990916 2.24473e-15   0.0557575
2.24386e-15  0.00908419  -0.0557575
  0.0557575  -0.0557575         0.5

--> curr_Rs:
  --> Atom #0:
0.696769 0.696769 0.139759
  --> Atom #1:
0.696769 0.696769 0.139759

--> Occupation numbers fromcurr_deltas:
  --> Atom #0:
0.00279167
       0.5
  0.997208
  --> Atom #1:
0.00279167
       0.5
  0.997208

--> curr_deltas from fit:
  --> Atom #0:
   0.991141 2.39799e-14   0.0551649
2.39799e-14  0.00885931  -0.0551649
  0.0551649  -0.0551649         0.5
  --> Atom #1:
    0.991141 -2.37657e-14    0.0551649
-2.37657e-14   0.00885931   -0.0551649
   0.0551649   -0.0551649          0.5

--> Occupation numbers fromcurr_deltas from fit:
  --> Atom #0:
0.00270179
       0.5
  0.997298
  --> Atom #1:
0.00270179
       0.5
  0.997298

--> curr_lambds:
  --> Atom #0:
     4.68696 -1.60989e-14      0.51581
-1.60989e-14     -4.68696     -0.51581
     0.51581     -0.51581 -3.35293e-15
  --> Atom #1:
     4.68696 -6.31135e-16      0.51581
-6.31135e-16     -4.68696     -0.51581
     0.51581     -0.51581 -8.01743e-14

--> Mean-field potential - phys: 
 0 -1
-1  0

--> Mean-field potential - qp: 
   -4.68696 1.60989e-14    -0.51581   -0.485488   -0.485488  -0.0973801
1.60989e-14     4.68696     0.51581   -0.485488   -0.485488  -0.0973801
   -0.51581     0.51581 3.35293e-15  -0.0973801  -0.0973801  -0.0195327
  -0.485488   -0.485488  -0.0973801    -4.68696 6.31135e-16    -0.51581
  -0.485488   -0.485488  -0.0973801 6.31135e-16     4.68696     0.51581
 -0.0973801  -0.0973801  -0.0195327    -0.51581     0.51581 8.01743e-14

--> curr_Vs:
  --> Atom #0:
-0.696769
-0.696769
-0.139759
  --> Atom #1:
-0.696769
-0.696769
-0.139759

--> curr_lambdcs:
  --> Atom #0:
     4.68695  1.18319e-14      0.51581
 1.18319e-14     -4.68695     -0.51581
     0.51581     -0.51581 -1.23133e-13
  --> Atom #1:
     4.68695  2.33396e-14      0.51581
 2.33396e-14     -4.68695     -0.51581
     0.51581     -0.51581 -1.91279e-13

  *  Impurity MF pot: 
0
  *  Impurity Eshift: 4.49886e-12
--> imp_1rdms:
  --> Atom #0:
        0.5   0.0366832   0.0366832  0.00243973
  0.0366832  0.00876873 1.28955e-15  -0.0547923
  0.0366832 1.28963e-15    0.991231   0.0547923
 0.00243973  -0.0547923   0.0547923         0.5
  --> Atom #1:
        0.5   0.0366832   0.0366832  0.00243973
  0.0366832  0.00876873 3.53205e-15  -0.0547923
  0.0366832 3.53255e-15    0.991231   0.0547923
 0.00243973  -0.0547923   0.0547923         0.5

--> new_deltas:
  --> Atom #0:
    0.991231 -1.28955e-15    0.0547923
-1.28963e-15   0.00876873   -0.0547923
   0.0547923   -0.0547923          0.5
  --> Atom #1:
    0.991231 -3.53205e-15    0.0547923
-3.53255e-15   0.00876873   -0.0547923
   0.0547923   -0.0547923          0.5

--> new_Rs:
  --> Atom #0:
0.696807 0.696807 0.143958
  --> Atom #1:
0.696807 0.696807 0.143958

--> Eqp: -0.206154, Eimps: ( -14.5891, -14.5891,  ), Eloc: -9.89533, Evar: -10.1015

--> next_deltas:
  --> Atom #0:
    0.991231 -1.28977e-15    0.0547923
-1.28977e-15   0.00876873   -0.0547923
   0.0547923   -0.0547923          0.5
  --> Atom #1:
   0.991231 -3.5371e-15   0.0547923
-3.5371e-15  0.00876873  -0.0547923
  0.0547923  -0.0547923         0.5

--> next_Rs:
  --> Atom #0:
0.696807 0.696807 0.143958
  --> Atom #1:
0.696807 0.696807 0.143958

--> dE : -0.00146558, ddelta: 0.00396259, dR: 0.00839687

####################################################
##############  ITERATION NR. 4 ####################
####################################################
--> curr_deltas:
  --> Atom #0:
    0.991231 -1.28977e-15    0.0547923
-1.28977e-15   0.00876873   -0.0547923
   0.0547923   -0.0547923          0.5
  --> Atom #1:
   0.991231 -3.5371e-15   0.0547923
-3.5371e-15  0.00876873  -0.0547923
  0.0547923  -0.0547923         0.5

--> curr_Rs:
  --> Atom #0:
0.696807 0.696807 0.143958
  --> Atom #1:
0.696807 0.696807 0.143958

--> Occupation numbers fromcurr_deltas:
  --> Atom #0:
0.00269471
       0.5
  0.997305
  --> Atom #1:
0.00269471
       0.5
  0.997305

--> curr_deltas from fit:
  --> Atom #0:
    0.991321 -3.97989e-14    0.0544211
-3.97989e-14   0.00867902   -0.0544211
   0.0544211   -0.0544211          0.5
  --> Atom #1:
   0.991321 2.91841e-14   0.0544211
2.91841e-14  0.00867902  -0.0544211
  0.0544211  -0.0544211         0.5

--> Occupation numbers fromcurr_deltas from fit:
  --> Atom #0:
0.00268761
       0.5
  0.997312
  --> Atom #1:
0.00268761
       0.5
  0.997312

--> curr_lambds:
  --> Atom #0:
     4.70704 -9.66606e-15     0.514771
-9.66606e-15     -4.70704    -0.514771
    0.514771    -0.514771 -9.69839e-14
  --> Atom #1:
     4.70704 -2.00643e-14     0.514771
-2.00643e-14     -4.70704    -0.514771
    0.514771    -0.514771 -1.96693e-13

--> Mean-field potential - phys: 
 0 -1
-1  0

--> Mean-field potential - qp: 
   -4.70704 9.66606e-15   -0.514771    -0.48554    -0.48554   -0.100311
9.66606e-15     4.70704    0.514771    -0.48554    -0.48554   -0.100311
  -0.514771    0.514771 9.69839e-14   -0.100311   -0.100311  -0.0207238
   -0.48554    -0.48554   -0.100311    -4.70704 2.00643e-14   -0.514771
   -0.48554    -0.48554   -0.100311 2.00643e-14     4.70704    0.514771
  -0.100311   -0.100311  -0.0207238   -0.514771    0.514771 1.96693e-13

--> curr_Vs:
  --> Atom #0:
-0.696807
-0.696807
-0.143957
  --> Atom #1:
-0.696807
-0.696807
-0.143957

--> curr_lambdcs:
  --> Atom #0:
     4.70704 -7.59327e-14      0.51477
-7.59327e-14     -4.70704     -0.51477
     0.51477     -0.51477  7.70947e-14
  --> Atom #1:
     4.70704 -7.34836e-14      0.51477
-7.34836e-14     -4.70704     -0.51477
     0.51477     -0.51477 -6.07522e-14

  *  Impurity MF pot: 
0
  *  Impurity Eshift: -2.24901e-11
--> imp_1rdms:
  --> Atom #0:
         0.5    0.0364054    0.0364054   0.00446291
   0.0364054   0.00862765  -3.8783e-15   -0.0541901
   0.0364054 -3.87852e-15     0.991372    0.0541901
  0.00446291   -0.0541901    0.0541901          0.5
  --> Atom #1:
        0.5   0.0364054   0.0364054  0.00446291
  0.0364054  0.00862765  8.1284e-16  -0.0541901
  0.0364054 8.12325e-16    0.991372   0.0541901
 0.00446291  -0.0541901   0.0541901         0.5

--> new_deltas:
  --> Atom #0:
   0.991372  3.8783e-15   0.0541901
3.87852e-15  0.00862765  -0.0541901
  0.0541901  -0.0541901         0.5
  --> Atom #1:
    0.991372  -8.1284e-16    0.0541901
-8.12325e-16   0.00862765   -0.0541901
   0.0541901   -0.0541901          0.5

--> new_Rs:
  --> Atom #0:
0.696572 0.696572 0.146507
  --> Atom #1:
0.696572 0.696572 0.146507

--> Eqp: -0.205582, Eimps: ( -14.6282, -14.6282,  ), Eloc: -9.89579, Evar: -10.1014

--> next_deltas:
  --> Atom #0:
   0.991372 3.87624e-15   0.0541901
3.87624e-15  0.00862765  -0.0541901
  0.0541901  -0.0541901         0.5
  --> Atom #1:
    0.991372 -8.04044e-16    0.0541901
-8.03177e-16   0.00862765   -0.0541901
   0.0541901   -0.0541901          0.5

--> next_Rs:
  --> Atom #0:
0.696572 0.696572 0.146507
  --> Atom #1:
0.696572 0.696572 0.146507

--> dE : 0.000108423, ddelta: 0.00244157, dR: 0.00514125

####################################################
##############  ITERATION NR. 5 ####################
####################################################
--> curr_deltas:
  --> Atom #0:
   0.991372 3.87624e-15   0.0541901
3.87624e-15  0.00862765  -0.0541901
  0.0541901  -0.0541901         0.5
  --> Atom #1:
    0.991372 -8.04044e-16    0.0541901
-8.03177e-16   0.00862765   -0.0541901
   0.0541901   -0.0541901          0.5

--> curr_Rs:
  --> Atom #0:
0.696572 0.696572 0.146507
  --> Atom #1:
0.696572 0.696572 0.146507

--> Occupation numbers fromcurr_deltas:
  --> Atom #0:
0.00268729
       0.5
  0.997313
  --> Atom #1:
0.00268729
       0.5
  0.997313

--> curr_deltas from fit:
  --> Atom #0:
  0.991424 3.9535e-13  0.0539591
3.9535e-13 0.00857647 -0.0539591
 0.0539591 -0.0539591        0.5
  --> Atom #1:
    0.991424 -3.75744e-13    0.0539591
-3.75744e-13   0.00857647   -0.0539591
   0.0539591   -0.0539591          0.5

--> Occupation numbers fromcurr_deltas from fit:
  --> Atom #0:
0.00268696
       0.5
  0.997313
  --> Atom #1:
0.00268696
       0.5
  0.997313

--> curr_lambds:
  --> Atom #0:
     4.70875  1.44166e-13     0.512927
 1.44166e-13     -4.70875    -0.512927
    0.512927    -0.512927 -1.63161e-13
  --> Atom #1:
     4.70875  1.02817e-13     0.512927
 1.02817e-13     -4.70875    -0.512927
    0.512927    -0.512927 -1.57708e-13

--> Mean-field potential - phys: 
 0 -1
-1  0

--> Mean-field potential - qp: 
    -4.70875 -1.44166e-13    -0.512927    -0.485213    -0.485213    -0.102052
-1.44166e-13      4.70875     0.512927    -0.485213    -0.485213    -0.102052
   -0.512927     0.512927  1.63161e-13    -0.102052    -0.102052   -0.0214642
   -0.485213    -0.485213    -0.102052     -4.70875 -1.02817e-13    -0.512927
   -0.485213    -0.485213    -0.102052 -1.02817e-13      4.70875     0.512927
   -0.102052    -0.102052   -0.0214642    -0.512927     0.512927  1.57708e-13

--> curr_Vs:
  --> Atom #0:
-0.696572
-0.696572
-0.146507
  --> Atom #1:
-0.696572
-0.696572
-0.146507

--> curr_lambdcs:
  --> Atom #0:
    4.70875 8.09534e-14    0.512927
8.09534e-14    -4.70875   -0.512927
   0.512927   -0.512927   7.623e-14
  --> Atom #1:
    4.70875 4.60187e-14    0.512927
4.60187e-14    -4.70875   -0.512927
   0.512927   -0.512927 4.34932e-14

  *  Impurity MF pot: 
0
  *  Impurity Eshift: -2.54904e-11
--> imp_1rdms:
  --> Atom #0:
         0.5    0.0362632    0.0362632   0.00572633
   0.0362632   0.00854506 -4.48103e-15   -0.0538156
   0.0362632  -4.4816e-15     0.991455    0.0538156
  0.00572633   -0.0538156    0.0538156          0.5
  --> Atom #1:
         0.5    0.0362632    0.0362632   0.00572633
   0.0362632   0.00854506 -2.44567e-15   -0.0538156
   0.0362632 -2.44585e-15     0.991455    0.0538156
  0.00572633   -0.0538156    0.0538156          0.5

--> new_deltas:
  --> Atom #0:
   0.991455 4.48103e-15   0.0538156
 4.4816e-15  0.00854506  -0.0538156
  0.0538156  -0.0538156         0.5
  --> Atom #1:
   0.991455 2.44567e-15   0.0538156
2.44585e-15  0.00854506  -0.0538156
  0.0538156  -0.0538156         0.5

--> new_Rs:
  --> Atom #0:
0.696407 0.696407 0.148086
  --> Atom #1:
0.696407 0.696407 0.148086

--> Eqp: -0.205459, Eimps: ( -14.6308, -14.6308,  ), Eloc: -9.89588, Evar: -10.1013

--> next_deltas:
  --> Atom #0:
   0.991455 4.48166e-15   0.0538156
4.48166e-15  0.00854506  -0.0538156
  0.0538156  -0.0538156         0.5
  --> Atom #1:
   0.991455 2.44076e-15   0.0538156
2.44076e-15  0.00854506  -0.0538156
  0.0538156  -0.0538156         0.5

--> next_Rs:
  --> Atom #0:
0.696407 0.696407 0.148086
  --> Atom #1:
0.696407 0.696407 0.148086

--> dE : 3.69247e-05, ddelta: 0.00151609, dR: 0.0031928

####################################################
##############  ITERATION NR. 6 ####################
####################################################
--> curr_deltas:
  --> Atom #0:
   0.991455 4.48166e-15   0.0538156
4.48166e-15  0.00854506  -0.0538156
  0.0538156  -0.0538156         0.5
  --> Atom #1:
   0.991455 2.44076e-15   0.0538156
2.44076e-15  0.00854506  -0.0538156
  0.0538156  -0.0538156         0.5

--> curr_Rs:
  --> Atom #0:
0.696407 0.696407 0.148086
  --> Atom #1:
0.696407 0.696407 0.148086

--> Occupation numbers fromcurr_deltas:
  --> Atom #0:
0.00268702
       0.5
  0.997313
  --> Atom #1:
0.00268702
       0.5
  0.997313

--> curr_deltas from fit:
  --> Atom #0:
    0.991486 -1.29913e-12    0.0536721
-1.29913e-12   0.00851372   -0.0536721
   0.0536721   -0.0536721          0.5
  --> Atom #1:
   0.991486 1.29205e-12   0.0536721
1.29205e-12  0.00851372  -0.0536721
  0.0536721  -0.0536721         0.5

--> Occupation numbers fromcurr_deltas from fit:
  --> Atom #0:
0.00268707
       0.5
  0.997313
  --> Atom #1:
0.00268707
       0.5
  0.997313

--> curr_lambds:
  --> Atom #0:
     4.70906  2.15851e-14     0.511699
 2.15851e-14     -4.70906    -0.511699
    0.511699    -0.511699 -2.86687e-13
  --> Atom #1:
     4.70906  3.04761e-14     0.511699
 3.04761e-14     -4.70906    -0.511699
    0.511699    -0.511699 -2.32047e-13

--> Mean-field potential - phys: 
 0 -1
-1  0

--> Mean-field potential - qp: 
    -4.70906 -2.15851e-14    -0.511699    -0.484983    -0.484983    -0.103128
-2.15851e-14      4.70906     0.511699    -0.484983    -0.484983    -0.103128
   -0.511699     0.511699  2.86687e-13    -0.103128    -0.103128   -0.0219294
   -0.484983    -0.484983    -0.103128     -4.70906 -3.04761e-14    -0.511699
   -0.484983    -0.484983    -0.103128 -3.04761e-14      4.70906     0.511699
   -0.103128    -0.103128   -0.0219294    -0.511699     0.511699  2.32047e-13

--> curr_Vs:
  --> Atom #0:
-0.696407
-0.696407
-0.148086
  --> Atom #1:
-0.696407
-0.696407
-0.148086

--> curr_lambdcs:
  --> Atom #0:
     4.70906 -9.83684e-14     0.511698
-9.83684e-14     -4.70906    -0.511698
    0.511698    -0.511698   1.4665e-13
  --> Atom #1:
     4.70906 -9.37347e-14     0.511698
-9.37347e-14     -4.70906    -0.511698
    0.511698    -0.511698  1.99209e-13

  *  Impurity MF pot: 
0
  *  Impurity Eshift: -3.57885e-11
--> imp_1rdms:
  --> Atom #0:
         0.5    0.0361773    0.0361773   0.00651175
   0.0361773    0.0084943 -6.00025e-15   -0.0535829
   0.0361773 -6.00034e-15     0.991506    0.0535829
  0.00651175   -0.0535829    0.0535829          0.5
  --> Atom #1:
         0.5    0.0361773    0.0361773   0.00651175
   0.0361773    0.0084943 -7.04516e-15   -0.0535829
   0.0361773 -7.04544e-15     0.991506    0.0535829
  0.00651175   -0.0535829    0.0535829          0.5

--> new_deltas:
  --> Atom #0:
   0.991506 6.00025e-15   0.0535829
6.00034e-15   0.0084943  -0.0535829
  0.0535829  -0.0535829         0.5
  --> Atom #1:
   0.991506 7.04516e-15   0.0535829
7.04544e-15   0.0084943  -0.0535829
  0.0535829  -0.0535829         0.5

--> new_Rs:
  --> Atom #0:
0.696302 0.696302 0.149066
  --> Atom #1:
0.696302 0.696302 0.149066

--> Eqp: -0.205419, Eimps: ( -14.6308, -14.6308,  ), Eloc: -9.8959, Evar: -10.1013

--> next_deltas:
  --> Atom #0:
   0.991506 5.99434e-15   0.0535829
5.99347e-15   0.0084943  -0.0535829
  0.0535829  -0.0535829         0.5
  --> Atom #1:
   0.991506 7.04298e-15   0.0535829
7.04298e-15   0.0084943  -0.0535829
  0.0535829  -0.0535829         0.5

--> next_Rs:
  --> Atom #0:
0.696302 0.696302 0.149066
  --> Atom #1:
0.696302 0.696302 0.149066

--> dE : 1.32159e-05, ddelta: 0.000941822, dR: 0.00198341

####################################################
##############  ITERATION NR. 7 ####################
####################################################
--> curr_deltas:
  --> Atom #0:
   0.991506 5.99434e-15   0.0535829
5.99347e-15   0.0084943  -0.0535829
  0.0535829  -0.0535829         0.5
  --> Atom #1:
   0.991506 7.04298e-15   0.0535829
7.04298e-15   0.0084943  -0.0535829
  0.0535829  -0.0535829         0.5

--> curr_Rs:
  --> Atom #0:
0.696302 0.696302 0.149066
  --> Atom #1:
0.696302 0.696302 0.149066

--> Occupation numbers fromcurr_deltas:
  --> Atom #0:
0.00268711
       0.5
  0.997313
  --> Atom #1:
0.00268711
       0.5
  0.997313

--> curr_deltas from fit:
  --> Atom #0:
   0.991525 2.62135e-12   0.0534937
2.62135e-12  0.00847491  -0.0534937
  0.0534937  -0.0534937         0.5
  --> Atom #1:
    0.991525 -2.58966e-12    0.0534937
-2.58966e-12   0.00847491   -0.0534937
   0.0534937   -0.0534937          0.5

--> Occupation numbers fromcurr_deltas from fit:
  --> Atom #0:
0.00268715
       0.5
  0.997313
  --> Atom #1:
0.00268715
       0.5
  0.997313

--> curr_lambds:
  --> Atom #0:
     4.70921  1.81478e-13     0.510931
 1.81478e-13     -4.70921    -0.510931
    0.510931    -0.510931 -9.46085e-14
  --> Atom #1:
    4.70921 1.74523e-13    0.510931
1.74523e-13    -4.70921   -0.510931
   0.510931   -0.510931 -9.7853e-14

--> Mean-field potential - phys: 
 0 -1
-1  0

--> Mean-field potential - qp: 
    -4.70921 -1.81478e-13    -0.510931    -0.484837    -0.484837    -0.103795
-1.81478e-13      4.70921     0.510931    -0.484837    -0.484837    -0.103795
   -0.510931     0.510931  9.46085e-14    -0.103795    -0.103795   -0.0222208
   -0.484837    -0.484837    -0.103795     -4.70921 -1.74523e-13    -0.510931
   -0.484837    -0.484837    -0.103795 -1.74523e-13      4.70921     0.510931
   -0.103795    -0.103795   -0.0222208    -0.510931     0.510931   9.7853e-14

--> curr_Vs:
  --> Atom #0:
-0.696302
-0.696302
-0.149066
  --> Atom #1:
-0.696302
-0.696302
-0.149066

--> curr_lambdcs:
  --> Atom #0:
    4.70921 1.36382e-13     0.51093
1.36382e-13    -4.70921    -0.51093
    0.51093    -0.51093 2.52191e-14
  --> Atom #1:
    4.70921 1.31511e-13     0.51093
1.31511e-13    -4.70921    -0.51093
    0.51093    -0.51093 2.64525e-14

  *  Impurity MF pot: 
0
  *  Impurity Eshift: -5.71346e-12
--> imp_1rdms:
  --> Atom #0:
         0.5    0.0361243    0.0361243   0.00699975
   0.0361243   0.00846287 -1.03323e-15   -0.0534383
   0.0361243 -1.03299e-15     0.991537    0.0534383
  0.00699975   -0.0534383    0.0534383          0.5
  --> Atom #1:
         0.5    0.0361243    0.0361243   0.00699975
   0.0361243   0.00846287 -2.16795e-15   -0.0534383
   0.0361243 -2.16797e-15     0.991537    0.0534383
  0.00699975   -0.0534383    0.0534383          0.5

--> new_deltas:
  --> Atom #0:
   0.991537 1.03323e-15   0.0534383
1.03299e-15  0.00846287  -0.0534383
  0.0534383  -0.0534383         0.5
  --> Atom #1:
   0.991537 2.16795e-15   0.0534383
2.16797e-15  0.00846287  -0.0534383
  0.0534383  -0.0534383         0.5

--> new_Rs:
  --> Atom #0:
0.696237 0.696237 0.149676
  --> Atom #1:
0.696237 0.696237 0.149676

--> Eqp: -0.205404, Eimps: ( -14.6308, -14.6308,  ), Eloc: -9.89591, Evar: -10.1013

--> next_deltas:
  --> Atom #0:
  0.991537 1.0391e-15  0.0534383
1.0391e-15 0.00846287 -0.0534383
 0.0534383 -0.0534383        0.5
  --> Atom #1:
   0.991537 2.17361e-15   0.0534383
2.17274e-15  0.00846287  -0.0534383
  0.0534383  -0.0534383         0.5

--> next_Rs:
  --> Atom #0:
0.696237 0.696237 0.149676
  --> Atom #1:
0.696237 0.696237 0.149676

--> dE : 5.01848e-06, ddelta: 0.000585092, dR: 0.00123215

####################################################
##############  ITERATION NR. 8 ####################
####################################################
--> curr_deltas:
  --> Atom #0:
  0.991537 1.0391e-15  0.0534383
1.0391e-15 0.00846287 -0.0534383
 0.0534383 -0.0534383        0.5
  --> Atom #1:
   0.991537 2.17361e-15   0.0534383
2.17274e-15  0.00846287  -0.0534383
  0.0534383  -0.0534383         0.5

--> curr_Rs:
  --> Atom #0:
0.696237 0.696237 0.149676
  --> Atom #1:
0.696237 0.696237 0.149676

--> Occupation numbers fromcurr_deltas:
  --> Atom #0:
0.00268716
       0.5
  0.997313
  --> Atom #1:
0.00268716
       0.5
  0.997313

--> curr_deltas from fit:
  --> Atom #0:
    0.991549 -3.55921e-13    0.0533829
-3.55921e-13   0.00845085   -0.0533829
   0.0533829   -0.0533829          0.5
  --> Atom #1:
   0.991549 3.31947e-13   0.0533829
3.31947e-13  0.00845085  -0.0533829
  0.0533829  -0.0533829         0.5

--> Occupation numbers fromcurr_deltas from fit:
  --> Atom #0:
0.00268717
       0.5
  0.997313
  --> Atom #1:
0.00268717
       0.5
  0.997313

--> curr_lambds:
  --> Atom #0:
     4.70931 -6.62142e-14     0.510454
-6.62142e-14     -4.70931    -0.510454
    0.510454    -0.510454 -2.02012e-13
  --> Atom #1:
     4.70931 -7.03739e-14     0.510454
-7.03739e-14     -4.70931    -0.510454
    0.510454    -0.510454 -1.47287e-13

--> Mean-field potential - phys: 
 0 -1
-1  0

--> Mean-field potential - qp: 
   -4.70931 6.62142e-14   -0.510454   -0.484746   -0.484746    -0.10421
6.62142e-14     4.70931    0.510454   -0.484746   -0.484746    -0.10421
  -0.510454    0.510454 2.02012e-13    -0.10421    -0.10421  -0.0224028
  -0.484746   -0.484746    -0.10421    -4.70931 7.03739e-14   -0.510454
  -0.484746   -0.484746    -0.10421 7.03739e-14     4.70931    0.510454
   -0.10421    -0.10421  -0.0224028   -0.510454    0.510454 1.47287e-13

--> curr_Vs:
  --> Atom #0:
-0.696237
-0.696237
-0.149675
  --> Atom #1:
-0.696237
-0.696237
-0.149675

--> curr_lambdcs:
  --> Atom #0:
      4.7093 -1.55116e-13     0.510454
-1.55116e-13      -4.7093    -0.510454
    0.510454    -0.510454  1.03287e-13
  --> Atom #1:
      4.7093 -1.68513e-13     0.510454
-1.68513e-13      -4.7093    -0.510454
    0.510454    -0.510454  1.88641e-13

  *  Impurity MF pot: 
0
  *  Impurity Eshift: -2.01124e-11
--> imp_1rdms:
  --> Atom #0:
         0.5    0.0360914    0.0360914   0.00730292
   0.0360914   0.00844338 -3.37614e-15   -0.0533485
   0.0360914 -3.37612e-15     0.991557    0.0533485
  0.00730292   -0.0533485    0.0533485          0.5
  --> Atom #1:
        0.5   0.0360914   0.0360914  0.00730292
  0.0360914  0.00844338 -6.5413e-15  -0.0533485
  0.0360914 -6.5409e-15    0.991557   0.0533485
 0.00730292  -0.0533485   0.0533485         0.5

--> new_deltas:
  --> Atom #0:
   0.991557 3.37614e-15   0.0533485
3.37612e-15  0.00844338  -0.0533485
  0.0533485  -0.0533485         0.5
  --> Atom #1:
  0.991557 6.5413e-15  0.0533485
6.5409e-15 0.00844338 -0.0533485
 0.0533485 -0.0533485        0.5

--> new_Rs:
  --> Atom #0:
0.696196 0.696196 0.150054
  --> Atom #1:
0.696196 0.696196 0.150054

--> Eqp: -0.205399, Eimps: ( -14.6308, -14.6308,  ), Eloc: -9.89592, Evar: -10.1013

--> next_deltas:
  --> Atom #0:
   0.991557 3.37664e-15   0.0533485
3.37664e-15  0.00844338  -0.0533485
  0.0533485  -0.0533485         0.5
  --> Atom #1:
   0.991557 6.53991e-15   0.0533485
6.53991e-15  0.00844338  -0.0533485
  0.0533485  -0.0533485         0.5

--> next_Rs:
  --> Atom #0:
0.696196 0.696196 0.150054
  --> Atom #1:
0.696196 0.696196 0.150054

--> dE : 1.93076e-06, ddelta: 0.000363479, dR: 0.000765451

####################################################
##############  ITERATION NR. 9 ####################
####################################################
--> curr_deltas:
  --> Atom #0:
   0.991557 3.37664e-15   0.0533485
3.37664e-15  0.00844338  -0.0533485
  0.0533485  -0.0533485         0.5
  --> Atom #1:
   0.991557 6.53991e-15   0.0533485
6.53991e-15  0.00844338  -0.0533485
  0.0533485  -0.0533485         0.5

--> curr_Rs:
  --> Atom #0:
0.696196 0.696196 0.150054
  --> Atom #1:
0.696196 0.696196 0.150054

--> Occupation numbers fromcurr_deltas:
  --> Atom #0:
0.00268718
       0.5
  0.997313
  --> Atom #1:
0.00268718
       0.5
  0.997313

--> curr_deltas from fit:
  --> Atom #0:
   0.991564 5.54259e-12   0.0533141
5.54259e-12  0.00843592  -0.0533141
  0.0533141  -0.0533141         0.5
  --> Atom #1:
    0.991564 -5.49981e-12    0.0533141
-5.49981e-12   0.00843592   -0.0533141
   0.0533141   -0.0533141          0.5

--> Occupation numbers fromcurr_deltas from fit:
  --> Atom #0:
0.00268719
       0.5
  0.997313
  --> Atom #1:
0.00268719
       0.5
  0.997313

--> curr_lambds:
  --> Atom #0:
     4.70937  2.33454e-13     0.510158
 2.33454e-13     -4.70937    -0.510158
    0.510158    -0.510158 -2.17901e-13
  --> Atom #1:
    4.70937 3.20474e-13    0.510158
3.20474e-13    -4.70937   -0.510158
   0.510158   -0.510158 -3.3093e-13

--> Mean-field potential - phys: 
 0 -1
-1  0

--> Mean-field potential - qp: 
    -4.70937 -2.33454e-13    -0.510158    -0.484689    -0.484689    -0.104467
-2.33454e-13      4.70937     0.510158    -0.484689    -0.484689    -0.104467
   -0.510158     0.510158  2.17901e-13    -0.104467    -0.104467   -0.0225162
   -0.484689    -0.484689    -0.104467     -4.70937 -3.20474e-13    -0.510158
   -0.484689    -0.484689    -0.104467 -3.20474e-13      4.70937     0.510158
   -0.104467    -0.104467   -0.0225162    -0.510158     0.510158   3.3093e-13

--> curr_Vs:
  --> Atom #0:
-0.696196
-0.696196
-0.150054
  --> Atom #1:
-0.696196
-0.696196
-0.150054

--> curr_lambdcs:
  --> Atom #0:
    4.70936 7.62325e-14    0.510158
7.62325e-14    -4.70936   -0.510158
   0.510158   -0.510158 3.04142e-13
  --> Atom #1:
    4.70936  1.6309e-13    0.510158
 1.6309e-13    -4.70936   -0.510158
   0.510158   -0.510158 1.83883e-13

  *  Impurity MF pot: 
0
  *  Impurity Eshift: -5.791e-11
--> imp_1rdms:
  --> Atom #0:
         0.5     0.036071     0.036071   0.00749126
    0.036071   0.00843128 -9.98498e-15   -0.0532927
    0.036071 -9.98494e-15     0.991569    0.0532927
  0.00749126   -0.0532927    0.0532927          0.5
  --> Atom #1:
         0.5     0.036071     0.036071   0.00749126
    0.036071   0.00843128  -6.8622e-15   -0.0532927
    0.036071 -6.86161e-15     0.991569    0.0532927
  0.00749126   -0.0532927    0.0532927          0.5

--> new_deltas:
  --> Atom #0:
   0.991569 9.98498e-15   0.0532927
9.98494e-15  0.00843128  -0.0532927
  0.0532927  -0.0532927         0.5
  --> Atom #1:
   0.991569  6.8622e-15   0.0532927
6.86161e-15  0.00843128  -0.0532927
  0.0532927  -0.0532927         0.5

--> new_Rs:
  --> Atom #0:
0.696171 0.696171 0.150289
  --> Atom #1:
0.696171 0.696171 0.150289

--> Eqp: -0.205397, Eimps: ( -14.6308, -14.6308,  ), Eloc: -9.89592, Evar: -10.1013

--> next_deltas:
  --> Atom #0:
   0.991569 9.98854e-15   0.0532927
9.98854e-15  0.00843128  -0.0532927
  0.0532927  -0.0532927         0.5
  --> Atom #1:
  0.991569 6.8617e-15  0.0532927
6.8617e-15 0.00843128 -0.0532927
 0.0532927 -0.0532927        0.5

--> next_Rs:
  --> Atom #0:
0.696171 0.696171 0.150289
  --> Atom #1:
0.696171 0.696171 0.150289

--> dE : 7.44717e-07, ddelta: 0.000225806, dR: 0.000475523

