####################################################
##############  ITERATION NR. 0 ####################
####################################################
--> curr_deltas:
  --> Atom #0:
  0.839807 -0.0230554  -0.252757
-0.0230554   0.177588   0.275113
 -0.252757   0.275113   0.482605
  --> Atom #1:
 0.674915  0.033553  0.330579
 0.033553   0.26267 -0.306836
 0.330579 -0.306836  0.562415

--> curr_Rs:
  --> Atom #0:
 0.64118 0.628193 0.440629
  --> Atom #1:
  0.70201  0.694715 -0.156348

--> Occupation numbers fromcurr_deltas:
  --> Atom #0:
3.50775e-05
        0.5
   0.999965
  --> Atom #1:
3.50775e-05
        0.5
   0.999965

--> From curr_lambds:
  --> Atom #0:
   2.21844  -0.142218   -1.39256
 -0.142218   -2.12221    1.52739
  -1.39256    1.52739 -0.0962315
  --> Atom #1:
  1.2839  0.19614   1.9148
 0.19614 -1.64288 -1.75116
  1.9148 -1.75116 0.358983

--> Mean-field potential - phys: 
 0 -1
-1  0

--> Mean-field potential - qp: 
 -2.21844  0.142218   1.39256 -0.450114 -0.445437  0.100247
 0.142218   2.12221  -1.52739 -0.440997 -0.436415 0.0982165
  1.39256  -1.52739 0.0962315 -0.309326 -0.306111 0.0688913
-0.450114 -0.440997 -0.309326   -1.2839  -0.19614   -1.9148
-0.445437 -0.436415 -0.306111  -0.19614   1.64288   1.75116
 0.100247 0.0982165 0.0688913   -1.9148   1.75116 -0.358983

--> curr_Vs:
  --> Atom #0:
-0.641178
-0.628191
-0.440631
  --> Atom #1:
-0.702009
-0.694714
 0.156351

--> curr_lambdcs:
  --> Atom #0:
   2.21832   -0.14221   -1.39248
  -0.14221    -2.1221     1.5273
  -1.39248     1.5273 -0.0962256
  --> Atom #1:
 1.28384 0.196129  1.91469
0.196129  -1.6428 -1.75106
 1.91469 -1.75106 0.358962

  *  Impurity MF pot: 
0
  *  Impurity Eshift: -1.43894e-09
--> imp_1rdms:
  --> Atom #0:
      0.5  0.256797  0.256211   0.31971
 0.256797  0.160294 0.0230531  0.252825
 0.256211 0.0230531  0.822306  -0.27518
  0.31971  0.252825  -0.27518    0.5174
  --> Atom #1:
       0.5   0.319631   0.303856  -0.198269
  0.319631   0.325216 -0.0335557  -0.330616
  0.303856 -0.0335557   0.737207   0.306885
 -0.198269  -0.330616   0.306885   0.437576

--> new_deltas:
  --> Atom #0:
  0.839706 -0.0230531  -0.252825
-0.0230531   0.177694    0.27518
 -0.252825    0.27518     0.4826
  --> Atom #1:
 0.674784 0.0335557  0.330616
0.0335557  0.262793 -0.306885
 0.330616 -0.306885  0.562424

--> new_Rs:
  --> Atom #0:
 0.63715 0.624679 0.451349
  --> Atom #1:
 0.701221  0.692762 -0.168141

--> Eqp: -1.85974, Eimps: ( -8.47369, -8.47369,  ), Eloc: -1.25378, Evar: -3.11352

--> next_deltas:
  --> Atom #0:
  0.839706 -0.0230531  -0.252825
-0.0230531   0.177694    0.27518
 -0.252825    0.27518     0.4826
  --> Atom #1:
 0.674784 0.0335557  0.330616
0.0335557  0.262793 -0.306885
 0.330616 -0.306885  0.562424

--> next_Rs:
  --> Atom #0:
 0.63715 0.624679 0.451349
  --> Atom #1:
 0.701221  0.692762 -0.168141

--> dE : -103.114, ddelta: 0.000399846, dR: 0.0239595

####################################################
##############  ITERATION NR. 1 ####################
####################################################
--> curr_deltas:
  --> Atom #0:
  0.839706 -0.0230531  -0.252825
-0.0230531   0.177694    0.27518
 -0.252825    0.27518     0.4826
  --> Atom #1:
 0.674784 0.0335557  0.330616
0.0335557  0.262793 -0.306885
 0.330616 -0.306885  0.562424

--> curr_Rs:
  --> Atom #0:
 0.63715 0.624679 0.451349
  --> Atom #1:
 0.701221  0.692762 -0.168141

--> Occupation numbers fromcurr_deltas:
  --> Atom #0:
3.21331e-05
        0.5
   0.999968
  --> Atom #1:
3.21331e-05
        0.5
   0.999968

--> curr_deltas from fit:
  --> Atom #0:
 0.839608 -0.023051  -0.25289
-0.023051  0.177796  0.275245
 -0.25289  0.275245  0.482596
  --> Atom #1:
 0.674658 0.0335584  0.330651
0.0335584  0.262911 -0.306931
 0.330651 -0.306931  0.562432

--> Occupation numbers fromcurr_deltas from fit:
  --> Atom #0:
2.94356e-05
        0.5
   0.999971
  --> Atom #1:
2.94356e-05
        0.5
   0.999971

--> curr_lambds:
  --> Atom #0:
    2.1988  -0.141282   -1.39026
 -0.141282   -2.10275    1.52432
  -1.39026    1.52432 -0.0960539
  --> Atom #1:
 1.26701 0.195295  1.90732
0.195295  -1.6247 -1.74547
 1.90732 -1.74547 0.357692

--> Mean-field potential - phys: 
 0 -1
-1  0

--> Mean-field potential - qp: 
  -2.1988  0.141282   1.39026 -0.446783 -0.441393  0.107131
 0.141282   2.10275  -1.52432 -0.438038 -0.432754  0.105034
  1.39026  -1.52432 0.0960539 -0.316496 -0.312678 0.0758902
-0.446783 -0.438038 -0.316496  -1.26701 -0.195295  -1.90732
-0.441393 -0.432754 -0.312678 -0.195295    1.6247   1.74547
 0.107131  0.105034 0.0758902  -1.90732   1.74547 -0.357692

--> curr_Vs:
  --> Atom #0:
-0.637148
-0.624677
-0.451353
  --> Atom #1:
-0.70122
-0.69276
0.168145

--> curr_lambdcs:
  --> Atom #0:
  2.19866 -0.141273  -1.39016
-0.141273  -2.10261   1.52421
 -1.39016   1.52421 -0.096047
  --> Atom #1:
 1.26693 0.195282  1.90718
0.195282  -1.6246 -1.74534
 1.90718 -1.74534 0.357667

  *  Impurity MF pot: 
0
  *  Impurity Eshift: -6.76099e-10
--> imp_1rdms:
  --> Atom #0:
      0.5  0.256905  0.256316  0.319756
 0.256905  0.160399 0.0230508  0.252895
 0.256316 0.0230508  0.822197  -0.27525
 0.319756  0.252895  -0.27525  0.517404
  --> Atom #1:
       0.5   0.319742   0.303969   -0.19827
  0.319742   0.325352 -0.0335586  -0.330654
  0.303969 -0.0335586   0.737081   0.306935
  -0.19827  -0.330654   0.306935   0.437568

--> new_deltas:
  --> Atom #0:
  0.839601 -0.0230508  -0.252895
-0.0230508   0.177803    0.27525
 -0.252895    0.27525   0.482596
  --> Atom #1:
 0.674648 0.0335586  0.330654
0.0335586  0.262919 -0.306935
 0.330654 -0.306935  0.562432

--> new_Rs:
  --> Atom #0:
0.636869 0.624434 0.452093
  --> Atom #1:
0.701165 0.692625 -0.16896

--> Eqp: -1.87208, Eimps: ( -8.4479, -8.4479,  ), Eloc: -1.25275, Evar: -3.12483

--> next_deltas:
  --> Atom #0:
  0.839601 -0.0230508  -0.252895
-0.0230508   0.177803    0.27525
 -0.252895    0.27525   0.482596
  --> Atom #1:
 0.674648 0.0335586  0.330654
0.0335586  0.262919 -0.306935
 0.330654 -0.306935  0.562432

--> next_Rs:
  --> Atom #0:
0.636869 0.624434 0.452093
  --> Atom #1:
0.701165 0.692625 -0.16896

--> dE : -0.0113029, ddelta: 0.000412061, dR: 0.00166491

####################################################
##############  ITERATION NR. 2 ####################
####################################################
--> curr_deltas:
  --> Atom #0:
  0.839601 -0.0230508  -0.252895
-0.0230508   0.177803    0.27525
 -0.252895    0.27525   0.482596
  --> Atom #1:
 0.674648 0.0335586  0.330654
0.0335586  0.262919 -0.306935
 0.330654 -0.306935  0.562432

--> curr_Rs:
  --> Atom #0:
0.636869 0.624434 0.452093
  --> Atom #1:
0.701165 0.692625 -0.16896

--> Occupation numbers fromcurr_deltas:
  --> Atom #0:
2.90911e-05
        0.5
   0.999971
  --> Atom #1:
2.90911e-05
        0.5
   0.999971

--> curr_deltas from fit:
  --> Atom #0:
  0.839594 -0.0230506    -0.2529
-0.0230506   0.177811   0.275255
   -0.2529   0.275255   0.482595
  --> Atom #1:
 0.674639 0.0335588  0.330657
0.0335588  0.262928 -0.306939
 0.330657 -0.306939  0.562433

--> Occupation numbers fromcurr_deltas from fit:
  --> Atom #0:
2.87511e-05
        0.5
   0.999971
  --> Atom #1:
2.87511e-05
        0.5
   0.999971

--> curr_lambds:
  --> Atom #0:
   2.20855  -0.141971   -1.39837
 -0.141971   -2.11194    1.53312
  -1.39837    1.53312 -0.0966111
  --> Atom #1:
 1.27155 0.196335  1.91761
0.196335 -1.63119 -1.75511
 1.91761 -1.75511 0.359645

--> Mean-field potential - phys: 
 0 -1
-1  0

--> Mean-field potential - qp: 
 -2.20855  0.141971   1.39837  -0.44655 -0.441111  0.107605
 0.141971   2.11194  -1.53312 -0.437831 -0.432498  0.105504
  1.39837  -1.53312 0.0966111 -0.316992 -0.313131 0.0763857
 -0.44655 -0.437831 -0.316992  -1.27155 -0.196335  -1.91761
-0.441111 -0.432498 -0.313131 -0.196335   1.63119   1.75511
 0.107605  0.105504 0.0763857  -1.91761   1.75511 -0.359645

--> curr_Vs:
  --> Atom #0:
-0.636867
-0.624432
-0.452097
  --> Atom #1:
-0.701164
-0.692623
 0.168964

--> curr_lambdcs:
  --> Atom #0:
   2.2084 -0.141962  -1.39827
-0.141962   -2.1118   1.53301
 -1.39827   1.53301 -0.096604
  --> Atom #1:
 1.27147 0.196321  1.91748
0.196321 -1.63109 -1.75499
 1.91748 -1.75499 0.359619

  *  Impurity MF pot: 
0
  *  Impurity Eshift: 8.38037e-10
--> imp_1rdms:
  --> Atom #0:
      0.5  0.256912  0.256323  0.319763
 0.256912  0.160407 0.0230506    0.2529
 0.256323 0.0230506  0.822188 -0.275255
 0.319763    0.2529 -0.275255  0.517405
  --> Atom #1:
       0.5    0.31975   0.303976  -0.198273
   0.31975   0.325362 -0.0335588  -0.330657
  0.303976 -0.0335588   0.737071   0.306939
 -0.198273  -0.330657   0.306939   0.437567

--> new_deltas:
  --> Atom #0:
  0.839593 -0.0230506    -0.2529
-0.0230506   0.177812   0.275255
   -0.2529   0.275255   0.482595
  --> Atom #1:
 0.674638 0.0335588  0.330657
0.0335588  0.262929 -0.306939
 0.330657 -0.306939  0.562433

--> new_Rs:
  --> Atom #0:
0.636848 0.624416 0.452151
  --> Atom #1:
 0.701161  0.692615 -0.169023

--> Eqp: -1.87292, Eimps: ( -8.47882, -8.47882,  ), Eloc: -1.25267, Evar: -3.1256

--> next_deltas:
  --> Atom #0:
  0.839593 -0.0230506    -0.2529
-0.0230506   0.177812   0.275255
   -0.2529   0.275255   0.482595
  --> Atom #1:
 0.674638 0.0335588  0.330657
0.0335588  0.262929 -0.306939
 0.330657 -0.306939  0.562433

--> next_Rs:
  --> Atom #0:
0.636848 0.624416 0.452151
  --> Atom #1:
 0.701161  0.692615 -0.169023

--> dE : -0.000768439, ddelta: 3.09753e-05, dR: 0.000127023

####################################################
##############  ITERATION NR. 3 ####################
####################################################
--> curr_deltas:
  --> Atom #0:
  0.839593 -0.0230506    -0.2529
-0.0230506   0.177812   0.275255
   -0.2529   0.275255   0.482595
  --> Atom #1:
 0.674638 0.0335588  0.330657
0.0335588  0.262929 -0.306939
 0.330657 -0.306939  0.562433

--> curr_Rs:
  --> Atom #0:
0.636848 0.624416 0.452151
  --> Atom #1:
 0.701161  0.692615 -0.169023

--> Occupation numbers fromcurr_deltas:
  --> Atom #0:
2.87228e-05
        0.5
   0.999971
  --> Atom #1:
2.87228e-05
        0.5
   0.999971

--> curr_deltas from fit:
  --> Atom #0:
  0.839593 -0.0230506  -0.252901
-0.0230506   0.177812   0.275256
 -0.252901   0.275256   0.482595
  --> Atom #1:
 0.674638 0.0335588  0.330657
0.0335588   0.26293 -0.306939
 0.330657 -0.306939  0.562433

--> Occupation numbers fromcurr_deltas from fit:
  --> Atom #0:
2.86944e-05
        0.5
   0.999971
  --> Atom #1:
2.86944e-05
        0.5
   0.999971

--> curr_lambds:
  --> Atom #0:
   2.20947  -0.142036   -1.39913
 -0.142036   -2.11281    1.53394
  -1.39913    1.53394 -0.0966629
  --> Atom #1:
 1.27199 0.196432  1.91858
0.196432 -1.63182 -1.75601
 1.91858 -1.75601 0.359827

--> Mean-field potential - phys: 
 0 -1
-1  0

--> Mean-field potential - qp: 
 -2.20947  0.142036   1.39913 -0.446533  -0.44109  0.107642
 0.142036   2.11281  -1.53394 -0.437816 -0.432479   0.10554
  1.39913  -1.53394 0.0966629  -0.31703 -0.313166 0.0764236
-0.446533 -0.437816  -0.31703  -1.27199 -0.196432  -1.91858
 -0.44109 -0.432479 -0.313166 -0.196432   1.63182   1.75601
 0.107642   0.10554 0.0764236  -1.91858   1.75601 -0.359827

--> curr_Vs:
  --> Atom #0:
-0.636846
-0.624414
-0.452154
  --> Atom #1:
 -0.70116
-0.692613
 0.169027

--> curr_lambdcs:
  --> Atom #0:
   2.20933  -0.142027   -1.39902
 -0.142027   -2.11267    1.53382
  -1.39902    1.53382 -0.0966558
  --> Atom #1:
 1.27191 0.196418  1.91844
0.196418 -1.63171 -1.75589
 1.91844 -1.75589 0.359801

  *  Impurity MF pot: 
0
  *  Impurity Eshift: 3.35121e-10
--> imp_1rdms:
  --> Atom #0:
      0.5  0.256913  0.256323  0.319763
 0.256913  0.160407 0.0230506  0.252901
 0.256323 0.0230506  0.822188 -0.275256
 0.319763  0.252901 -0.275256  0.517405
  --> Atom #1:
       0.5    0.31975   0.303977  -0.198273
   0.31975   0.325362 -0.0335588  -0.330657
  0.303977 -0.0335588    0.73707   0.306939
 -0.198273  -0.330657   0.306939   0.437567

--> new_deltas:
  --> Atom #0:
  0.839593 -0.0230506  -0.252901
-0.0230506   0.177812   0.275256
 -0.252901   0.275256   0.482595
  --> Atom #1:
 0.674638 0.0335588  0.330657
0.0335588   0.26293 -0.306939
 0.330657 -0.306939  0.562433

--> new_Rs:
  --> Atom #0:
0.636846 0.624414 0.452155
  --> Atom #1:
 0.701161  0.692614 -0.169027

--> Eqp: -1.87299, Eimps: ( -8.48171, -8.48171,  ), Eloc: -1.25267, Evar: -3.12566

--> next_deltas:
  --> Atom #0:
  0.839593 -0.0230506  -0.252901
-0.0230506   0.177812   0.275256
 -0.252901   0.275256   0.482595
  --> Atom #1:
 0.674638 0.0335588  0.330657
0.0335588   0.26293 -0.306939
 0.330657 -0.306939  0.562433

--> next_Rs:
  --> Atom #0:
0.636846 0.624414 0.452155
  --> Atom #1:
 0.701161  0.692614 -0.169027

--> dE : -6.04518e-05, ddelta: 2.45834e-06, dR: 1.00922e-05

####################################################
##############  ITERATION NR. 4 ####################
####################################################
--> curr_deltas:
  --> Atom #0:
  0.839593 -0.0230506  -0.252901
-0.0230506   0.177812   0.275256
 -0.252901   0.275256   0.482595
  --> Atom #1:
 0.674638 0.0335588  0.330657
0.0335588   0.26293 -0.306939
 0.330657 -0.306939  0.562433

--> curr_Rs:
  --> Atom #0:
0.636846 0.624414 0.452155
  --> Atom #1:
 0.701161  0.692614 -0.169027

--> Occupation numbers fromcurr_deltas:
  --> Atom #0:
2.86922e-05
        0.5
   0.999971
  --> Atom #1:
2.86922e-05
        0.5
   0.999971

--> curr_deltas from fit:
  --> Atom #0:
  0.839593 -0.0230506  -0.252901
-0.0230506   0.177812   0.275256
 -0.252901   0.275256   0.482595
  --> Atom #1:
 0.674637 0.0335588  0.330657
0.0335588   0.26293 -0.306939
 0.330657 -0.306939  0.562433

--> Occupation numbers fromcurr_deltas from fit:
  --> Atom #0:
2.86899e-05
        0.5
   0.999971
  --> Atom #1:
2.86899e-05
        0.5
   0.999971

--> curr_lambds:
  --> Atom #0:
   2.20955  -0.142042   -1.39919
 -0.142042   -2.11288      1.534
  -1.39919      1.534 -0.0966671
  --> Atom #1:
 1.27202  0.19644  1.91866
 0.19644 -1.63187 -1.75609
 1.91866 -1.75609 0.359842

--> Mean-field potential - phys: 
 0 -1
-1  0

--> Mean-field potential - qp: 
 -2.20955  0.142042   1.39919 -0.446532 -0.441088  0.107645
 0.142042   2.11288    -1.534 -0.437815 -0.432478  0.105543
  1.39919    -1.534 0.0966671 -0.317033 -0.313169 0.0764266
-0.446532 -0.437815 -0.317033  -1.27202  -0.19644  -1.91866
-0.441088 -0.432478 -0.313169  -0.19644   1.63187   1.75609
 0.107645  0.105543 0.0764266  -1.91866   1.75609 -0.359842

--> curr_Vs:
  --> Atom #0:
-0.636844
-0.624412
-0.452158
  --> Atom #1:
 -0.70116
-0.692612
 0.169031

--> curr_lambdcs:
  --> Atom #0:
  2.20941 -0.142032  -1.39908
-0.142032  -2.11275   1.53389
 -1.39908   1.53389  -0.09666
  --> Atom #1:
 1.27195 0.196426  1.91852
0.196426 -1.63176 -1.75596
 1.91852 -1.75596 0.359816

  *  Impurity MF pot: 
0
  *  Impurity Eshift: -5.35372e-10
--> imp_1rdms:
  --> Atom #0:
      0.5  0.256913  0.256323  0.319763
 0.256913  0.160407 0.0230506  0.252901
 0.256323 0.0230506  0.822188 -0.275256
 0.319763  0.252901 -0.275256  0.517405
  --> Atom #1:
       0.5    0.31975   0.303977  -0.198273
   0.31975   0.325363 -0.0335588  -0.330657
  0.303977 -0.0335588    0.73707   0.306939
 -0.198273  -0.330657   0.306939   0.437567

--> new_deltas:
  --> Atom #0:
  0.839593 -0.0230506  -0.252901
-0.0230506   0.177812   0.275256
 -0.252901   0.275256   0.482595
  --> Atom #1:
 0.674637 0.0335588  0.330657
0.0335588   0.26293 -0.306939
 0.330657 -0.306939  0.562433

--> new_Rs:
  --> Atom #0:
0.636846 0.624414 0.452155
  --> Atom #1:
 0.701161  0.692614 -0.169028

--> Eqp: -1.87299, Eimps: ( -8.48195, -8.48195,  ), Eloc: -1.25267, Evar: -3.12566

--> next_deltas:
  --> Atom #0:
  0.839593 -0.0230506  -0.252901
-0.0230506   0.177812   0.275256
 -0.252901   0.275256   0.482595
  --> Atom #1:
 0.674637 0.0335588  0.330657
0.0335588   0.26293 -0.306939
 0.330657 -0.306939  0.562433

--> next_Rs:
  --> Atom #0:
0.636846 0.624414 0.452155
  --> Atom #1:
 0.701161  0.692614 -0.169028

--> dE : -4.82361e-06, ddelta: 1.96379e-07, dR: 8.06275e-07

