[setup] Ng=2  Neff=3  impurity orbitals/spin=4  Fock dim=256  (sparse operators)
[setup] built impurity operators in 0.02s; ground state searched in the N_up=N_dn sector of dim 36
  it=  0  Z0=0.999983  Z1=0.999983  E_var=-2.645085  dE=-1.026e+02  docc=0.212358  n_phys=1.000000  |dDelta|=4.124e-09  |dR|=2.014e-08  [qp 0.00s | ED 0.00s]

[check] Delta_qp (quasiparticle 1-RDM) vs Delta_new (impurity-derived 1 - Delta_bb), final iteration:

  fragment 0: Delta_qp =
[[ 9.85889961e-01 -8.48381365e-04  8.33079216e-02]
 [-8.48381365e-04  1.39658715e-02 -8.30443115e-02]
 [ 8.33079216e-02 -8.30443115e-02  5.00144171e-01]]
  fragment 0: eig(Delta_qp)  = [3.58812794e-06 5.00000003e-01 9.99996412e-01]

  fragment 0: Delta_new =
[[ 9.85889961e-01 -8.48381406e-04  8.33079219e-02]
 [-8.48381406e-04  1.39658714e-02 -8.30443112e-02]
 [ 8.33079219e-02 -8.30443112e-02  5.00144169e-01]]
  fragment 0: eig(Delta_new) = [3.58812721e-06 5.00000001e-01 9.99996412e-01]

  fragment 0: max|Delta_qp - Delta_new| = 1.983e-09

  fragment 1: Delta_qp =
[[ 9.86124270e-01 -2.61259973e-04  8.26942591e-02]
 [-2.61259973e-04  1.42012748e-02 -8.36620975e-02]
 [ 8.26942591e-02 -8.36620975e-02  4.99674452e-01]]
  fragment 1: eig(Delta_qp)  = [3.58812630e-06 4.99999997e-01 9.99996412e-01]

  fragment 1: Delta_new =
[[ 9.86124270e-01 -2.61259932e-04  8.26942588e-02]
 [-2.61259932e-04  1.42012749e-02 -8.36620977e-02]
 [ 8.26942588e-02 -8.36620977e-02  4.99674454e-01]]
  fragment 1: eig(Delta_new) = [3.58812633e-06 4.99999999e-01 9.99996412e-01]

  fragment 1: max|Delta_qp - Delta_new| = 1.984e-09



Ng=2  U/t=1.2000  Z0=0.999983  Z1=0.999983  E_var/t=-2.64508480  docc=0.212358  converged=True  iters=1  seed from: backward
