[setup] Ng=2  Neff=3  impurity orbitals/spin=4  Fock dim=256  (sparse operators)
[setup] built impurity operators in 0.02s; ground state searched in the N_up=N_dn sector of dim 36
  it=  0  Z0=0.999167  Z1=0.999167  E_var=-4.066951  dE=-1.041e+02  docc=0.140313  n_phys=1.000000  |dDelta|=3.309e-10  |dR|=2.217e-09  [qp 0.00s | ED 0.00s]

[check] Delta_qp (quasiparticle 1-RDM) vs Delta_new (impurity-derived 1 - Delta_bb), final iteration:

  fragment 0: Delta_qp =
[[ 9.86044205e-01 -8.58265864e-04  8.20556711e-02]
 [-8.58265864e-04  1.38045597e-02 -8.17642509e-02]
 [ 8.20556711e-02 -8.17642509e-02  5.00151235e-01]]
  fragment 0: eig(Delta_qp)  = [2.68310209e-04 5.00000000e-01 9.99731690e-01]

  fragment 0: Delta_new =
[[ 9.86044205e-01 -8.58265861e-04  8.20556711e-02]
 [-8.58265861e-04  1.38045597e-02 -8.17642509e-02]
 [ 8.20556711e-02 -8.17642509e-02  5.00151235e-01]]
  fragment 0: eig(Delta_new) = [2.6831021e-04 5.0000000e-01 9.9973169e-01]

  fragment 0: max|Delta_qp - Delta_new| = 1.615e-10

  fragment 1: Delta_qp =
[[ 9.86274770e-01 -2.67507696e-04  8.14413860e-02]
 [-2.67507696e-04  1.40362761e-02 -8.23832261e-02]
 [ 8.14413860e-02 -8.23832261e-02  4.99688954e-01]]
  fragment 1: eig(Delta_qp)  = [2.6831021e-04 5.0000000e-01 9.9973169e-01]

  fragment 1: Delta_new =
[[ 9.86274770e-01 -2.67507698e-04  8.14413861e-02]
 [-2.67507698e-04  1.40362761e-02 -8.23832261e-02]
 [ 8.14413861e-02 -8.23832261e-02  4.99688954e-01]]
  fragment 1: eig(Delta_new) = [2.68310211e-04 5.00000000e-01 9.99731690e-01]

  fragment 1: max|Delta_qp - Delta_new| = 1.641e-10



Ng=2  U/t=3.4000  Z0=0.999167  Z1=0.999167  E_var/t=-4.06695116  docc=0.140313  converged=True  iters=1  seed from: backward
