[setup] Ng=2  Neff=3  impurity orbitals/spin=4  Fock dim=256  (sparse operators)
[setup] built impurity operators in 0.02s; ground state searched in the N_up=N_dn sector of dim 36
  it=  0  Z0=0.999641  Z1=0.999641  E_var=-3.564573  dE=-1.036e+02  docc=0.163429  n_phys=1.000000  |dDelta|=7.171e-04  |dR|=2.305e-02  [qp 0.00s | ED 0.00s]
  it=  1  Z0=0.999665  Z1=0.999665  E_var=-3.578082  dE=-1.351e-02  docc=0.163878  n_phys=1.000000  |dDelta|=7.945e-04  |dR|=2.944e-03  [qp 0.00s | ED 0.00s]
  it=  2  Z0=0.999682  Z1=0.999682  E_var=-3.579755  dE=-1.673e-03  docc=0.163940  n_phys=1.000000  |dDelta|=1.103e-04  |dR|=4.132e-04  [qp 0.00s | ED 0.00s]
  it=  3  Z0=0.999690  Z1=0.999690  E_var=-3.579998  dE=-2.421e-04  docc=0.163949  n_phys=1.000000  |dDelta|=1.611e-05  |dR|=6.043e-05  [qp 0.00s | ED 0.00s]
  it=  4  Z0=0.999692  Z1=0.999692  E_var=-3.580033  dE=-3.556e-05  docc=0.163950  n_phys=1.000000  |dDelta|=2.368e-06  |dR|=8.887e-06  [qp 0.00s | ED 0.00s]
  it=  5  Z0=0.999692  Z1=0.999692  E_var=-3.580038  dE=-5.233e-06  docc=0.163951  n_phys=1.000000  |dDelta|=3.485e-07  |dR|=1.308e-06  [qp 0.00s | ED 0.00s]
  it=  6  Z0=0.999692  Z1=0.999692  E_var=-3.580039  dE=-7.701e-07  docc=0.163951  n_phys=1.000000  |dDelta|=5.129e-08  |dR|=1.925e-07  [qp 0.00s | ED 0.00s]

[check] Delta_qp (quasiparticle 1-RDM) vs Delta_new (impurity-derived 1 - Delta_bb), final iteration:

  fragment 0: Delta_qp =
[[ 9.57015197e-01 -6.38035332e-07 -1.43243019e-01]
 [-6.38035332e-07  4.29855581e-02  1.43244305e-01]
 [-1.43243019e-01  1.43244305e-01  4.99999245e-01]]
  fragment 0: eig(Delta_qp)  = [9.99715184e-05 5.00000000e-01 9.99900028e-01]

  fragment 0: Delta_new =
[[ 9.57015196e-01 -6.38035338e-07 -1.43243021e-01]
 [-6.38035338e-07  4.29855589e-02  1.43244306e-01]
 [-1.43243021e-01  1.43244306e-01  4.99999245e-01]]
  fragment 0: eig(Delta_new) = [9.99714083e-05 5.00000000e-01 9.99900029e-01]

  fragment 0: max|Delta_qp - Delta_new| = 1.534e-09

  fragment 1: Delta_qp =
[[ 8.75461996e-01 -3.85904770e-07  2.33375650e-01]
 [-3.85904770e-07  1.24539189e-01 -2.33376475e-01]
 [ 2.33375650e-01 -2.33376475e-01  4.99998816e-01]]
  fragment 1: eig(Delta_qp)  = [9.99715184e-05 5.00000000e-01 9.99900028e-01]

  fragment 1: Delta_new =
[[ 8.75461994e-01 -3.85904762e-07  2.33375651e-01]
 [-3.85904762e-07  1.24539190e-01 -2.33376476e-01]
 [ 2.33375651e-01 -2.33376476e-01  4.99998816e-01]]
  fragment 1: eig(Delta_new) = [9.99714083e-05 5.00000000e-01 9.99900029e-01]

  fragment 1: max|Delta_qp - Delta_new| = 1.452e-09



Ng=2  U/t=2.7000  Z0=0.999692  Z1=0.999692  E_var/t=-3.580039  docc=0.163951  converged=True  iters=6
