[setup] Ng=2  Neff=3  impurity orbitals/spin=4  Fock dim=256  (sparse operators)
[setup] built impurity operators in 0.02s; ground state searched in the N_up=N_dn sector of dim 36
  it=  0  Z0=0.995034  Z1=0.995034  E_var=-5.309607  dE=-1.053e+02  docc=0.081714  n_phys=1.000000  |dDelta|=5.393e-10  |dR|=7.480e-09  [qp 0.00s | ED 0.00s]

[check] Delta_qp (quasiparticle 1-RDM) vs Delta_new (impurity-derived 1 - Delta_bb), final iteration:

  fragment 0: Delta_qp =
[[ 9.86083200e-01 -8.67556656e-04  7.78489058e-02]
 [-8.67556656e-04  1.37597114e-02 -7.75084919e-02]
 [ 7.78489058e-02 -7.75084919e-02  5.00157089e-01]]
  fragment 0: eig(Delta_qp)  = [0.00158047 0.5        0.99841953]

  fragment 0: Delta_new =
[[ 9.86083200e-01 -8.67556665e-04  7.78489058e-02]
 [-8.67556665e-04  1.37597114e-02 -7.75084919e-02]
 [ 7.78489058e-02 -7.75084919e-02  5.00157089e-01]]
  fragment 0: eig(Delta_new) = [0.00158047 0.5        0.99841953]

  fragment 0: max|Delta_qp - Delta_new| = 2.583e-10

  fragment 1: Delta_qp =
[[ 9.86300779e-01 -2.65187225e-04  7.72346163e-02]
 [-2.65187225e-04  1.39796729e-02 -7.81321482e-02]
 [ 7.72346163e-02 -7.81321482e-02  4.99719548e-01]]
  fragment 1: eig(Delta_qp)  = [0.00158047 0.5        0.99841953]

  fragment 1: Delta_new =
[[ 9.86300779e-01 -2.65187216e-04  7.72346163e-02]
 [-2.65187216e-04  1.39796729e-02 -7.81321483e-02]
 [ 7.72346163e-02 -7.81321483e-02  4.99719548e-01]]
  fragment 1: eig(Delta_new) = [0.00158047 0.5        0.99841953]

  fragment 1: max|Delta_qp - Delta_new| = 2.636e-10



Ng=2  U/t=5.0000  Z0=0.995034  Z1=0.995034  E_var/t=-5.30960703  docc=0.081714  converged=True  iters=1  seed from: backward
