[setup] Ng=2  Neff=3  impurity orbitals/spin=4  Fock dim=256  (sparse operators)
[setup] built impurity operators in 0.01s; ground state searched in the N_up=N_dn sector of dim 36
  it=  0  Z0=0.007956  Z1=0.007956  E_var=-8.100287  dE=-1.081e+02  docc=0.000964  n_phys=1.000000  |dDelta|=2.828e+00  |dR|=2.882e-03  [qp 0.00s | ED 0.00s]
  it=  1  Z0=0.007701  Z1=0.007701  E_var=-8.100275  dE=1.201e-05  docc=0.000934  n_phys=1.000000  |dDelta|=7.129e-09  |dR|=2.814e-03  [qp 0.00s | ED 0.00s]
  it=  2  Z0=0.007456  Z1=0.007456  E_var=-8.100264  dE=1.137e-05  docc=0.000904  n_phys=1.000000  |dDelta|=4.119e-09  |dR|=2.749e-03  [qp 0.00s | ED 0.00s]
  it=  3  Z0=0.007220  Z1=0.007220  E_var=-8.100253  dE=1.076e-05  docc=0.000876  n_phys=1.000000  |dDelta|=2.688e-09  |dR|=2.686e-03  [qp 0.00s | ED 0.00s]
  it=  4  Z0=0.006994  Z1=0.006994  E_var=-8.100243  dE=1.020e-05  docc=0.000848  n_phys=1.000000  |dDelta|=2.748e-09  |dR|=2.626e-03  [qp 0.00s | ED 0.00s]
  it=  5  Z0=0.006776  Z1=0.006776  E_var=-8.100233  dE=9.678e-06  docc=0.000822  n_phys=1.000000  |dDelta|=1.204e-09  |dR|=2.567e-03  [qp 0.00s | ED 0.00s]
  it=  6  Z0=0.006566  Z1=0.006566  E_var=-8.100224  dE=9.188e-06  docc=0.000797  n_phys=1.000000  |dDelta|=5.511e-09  |dR|=2.511e-03  [qp 0.00s | ED 0.00s]
  it=  7  Z0=0.006365  Z1=0.006365  E_var=-8.100215  dE=8.729e-06  docc=0.000772  n_phys=1.000000  |dDelta|=7.605e-09  |dR|=2.457e-03  [qp 0.00s | ED 0.00s]
  it=  8  Z0=0.006170  Z1=0.006170  E_var=-8.100207  dE=8.298e-06  docc=0.000749  n_phys=1.000000  |dDelta|=1.687e-09  |dR|=2.404e-03  [qp 0.00s | ED 0.00s]
  it=  9  Z0=0.005983  Z1=0.005983  E_var=-8.100199  dE=7.895e-06  docc=0.000726  n_phys=1.000000  |dDelta|=2.065e-09  |dR|=2.354e-03  [qp 0.00s | ED 0.00s]
  it= 10  Z0=0.005802  Z1=0.005802  E_var=-8.100192  dE=7.516e-06  docc=0.000704  n_phys=1.000000  |dDelta|=9.899e-01  |dR|=1.498e-03  [qp 0.00s | ED 0.00s]
  it= 11  Z0=0.005688  Z1=0.005688  E_var=-8.100187  dE=4.676e-06  docc=0.000691  n_phys=1.000000  |dDelta|=1.048e-09  |dR|=1.478e-03  [qp 0.00s | ED 0.00s]
  it= 12  Z0=0.005578  Z1=0.005578  E_var=-8.100182  dE=4.533e-06  docc=0.000677  n_phys=1.000000  |dDelta|=1.481e-10  |dR|=1.458e-03  [qp 0.00s | ED 0.00s]
  it= 13  Z0=0.005469  Z1=0.005469  E_var=-8.100178  dE=4.395e-06  docc=0.000664  n_phys=1.000000  |dDelta|=9.147e-10  |dR|=1.439e-03  [qp 0.00s | ED 0.00s]
  it= 14  Z0=0.005363  Z1=0.005363  E_var=-8.100174  dE=4.262e-06  docc=0.000651  n_phys=1.000000  |dDelta|=3.419e-10  |dR|=1.420e-03  [qp 0.00s | ED 0.00s]
  it= 15  Z0=0.005260  Z1=0.005260  E_var=-8.100170  dE=4.135e-06  docc=0.000639  n_phys=1.000000  |dDelta|=4.026e-10  |dR|=1.402e-03  [qp 0.00s | ED 0.00s]
  it= 16  Z0=0.005159  Z1=0.005159  E_var=-8.100166  dE=4.012e-06  docc=0.000627  n_phys=1.000000  |dDelta|=3.271e-10  |dR|=1.384e-03  [qp 0.00s | ED 0.00s]
  it= 17  Z0=0.005060  Z1=0.005060  E_var=-8.100162  dE=3.894e-06  docc=0.000615  n_phys=1.000000  |dDelta|=8.398e-11  |dR|=1.366e-03  [qp 0.00s | ED 0.00s]
  it= 18  Z0=0.004963  Z1=0.004963  E_var=-8.100158  dE=3.780e-06  docc=0.000603  n_phys=1.000000  |dDelta|=1.713e-10  |dR|=1.349e-03  [qp 0.00s | ED 0.00s]
  it= 19  Z0=0.004868  Z1=0.004868  E_var=-8.100154  dE=3.670e-06  docc=0.000592  n_phys=1.000000  |dDelta|=5.157e-10  |dR|=1.332e-03  [qp 0.00s | ED 0.00s]
  it= 20  Z0=0.004776  Z1=0.004776  E_var=-8.100151  dE=3.565e-06  docc=0.000580  n_phys=1.000000  |dDelta|=4.161e-10  |dR|=1.315e-03  [qp 0.00s | ED 0.00s]
  it= 21  Z0=0.004685  Z1=0.004685  E_var=-8.100147  dE=3.463e-06  docc=0.000569  n_phys=1.000000  |dDelta|=7.502e-10  |dR|=1.299e-03  [qp 0.00s | ED 0.00s]
  it= 22  Z0=0.004597  Z1=0.004597  E_var=-8.100144  dE=3.365e-06  docc=0.000559  n_phys=1.000000  |dDelta|=4.094e-10  |dR|=1.283e-03  [qp 0.00s | ED 0.00s]
  it= 23  Z0=0.004510  Z1=0.004510  E_var=-8.100141  dE=3.270e-06  docc=0.000548  n_phys=1.000000  |dDelta|=5.817e-11  |dR|=1.267e-03  [qp 0.00s | ED 0.00s]
  it= 24  Z0=0.004426  Z1=0.004426  E_var=-8.100137  dE=3.179e-06  docc=0.000538  n_phys=1.000000  |dDelta|=4.187e-10  |dR|=1.251e-03  [qp 0.00s | ED 0.00s]
  it= 25  Z0=0.004343  Z1=0.004343  E_var=-8.100134  dE=3.090e-06  docc=0.000528  n_phys=1.000000  |dDelta|=3.578e-10  |dR|=1.236e-03  [qp 0.00s | ED 0.00s]
  it= 26  Z0=0.004262  Z1=0.004262  E_var=-8.100131  dE=3.005e-06  docc=0.000518  n_phys=1.000000  |dDelta|=9.109e-11  |dR|=1.221e-03  [qp 0.00s | ED 0.00s]
  it= 27  Z0=0.004182  Z1=0.004182  E_var=-8.100128  dE=2.923e-06  docc=0.000508  n_phys=1.000000  |dDelta|=2.723e-10  |dR|=1.207e-03  [qp 0.00s | ED 0.00s]
  it= 28  Z0=0.004105  Z1=0.004105  E_var=-8.100126  dE=2.844e-06  docc=0.000499  n_phys=1.000000  |dDelta|=4.754e-10  |dR|=1.192e-03  [qp 0.00s | ED 0.00s]
  it= 29  Z0=0.004029  Z1=0.004029  E_var=-8.100123  dE=2.767e-06  docc=0.000490  n_phys=1.000000  |dDelta|=3.551e-10  |dR|=1.178e-03  [qp 0.00s | ED 0.00s]
  it= 30  Z0=0.003954  Z1=0.003954  E_var=-8.100120  dE=2.693e-06  docc=0.000481  n_phys=1.000000  |dDelta|=4.717e-10  |dR|=1.164e-03  [qp 0.00s | ED 0.00s]
  it= 31  Z0=0.003881  Z1=0.003881  E_var=-8.100118  dE=2.621e-06  docc=0.000472  n_phys=1.000000  |dDelta|=2.578e-10  |dR|=1.151e-03  [qp 0.00s | ED 0.00s]
  it= 32  Z0=0.003810  Z1=0.003810  E_var=-8.100115  dE=2.552e-06  docc=0.000463  n_phys=1.000000  |dDelta|=4.659e-10  |dR|=1.138e-03  [qp 0.00s | ED 0.00s]
  it= 33  Z0=0.003740  Z1=0.003740  E_var=-8.100113  dE=2.485e-06  docc=0.000455  n_phys=1.000000  |dDelta|=4.279e-10  |dR|=1.124e-03  [qp 0.00s | ED 0.00s]
  it= 34  Z0=0.003672  Z1=0.003672  E_var=-8.100110  dE=2.420e-06  docc=0.000446  n_phys=1.000000  |dDelta|=1.965e-11  |dR|=1.111e-03  [qp 0.00s | ED 0.00s]
  it= 35  Z0=0.003605  Z1=0.003605  E_var=-8.100108  dE=2.357e-06  docc=0.000438  n_phys=1.000000  |dDelta|=6.332e-10  |dR|=1.099e-03  [qp 0.00s | ED 0.00s]
  it= 36  Z0=0.003539  Z1=0.003539  E_var=-8.100105  dE=2.296e-06  docc=0.000430  n_phys=1.000000  |dDelta|=5.401e-10  |dR|=1.086e-03  [qp 0.00s | ED 0.00s]
  it= 37  Z0=0.003475  Z1=0.003475  E_var=-8.100103  dE=2.237e-06  docc=0.000423  n_phys=1.000000  |dDelta|=1.579e-10  |dR|=1.074e-03  [qp 0.00s | ED 0.00s]
  it= 38  Z0=0.003412  Z1=0.003412  E_var=-8.100101  dE=2.180e-06  docc=0.000415  n_phys=1.000000  |dDelta|=2.825e-10  |dR|=1.062e-03  [qp 0.00s | ED 0.00s]
  it= 39  Z0=0.003350  Z1=0.003350  E_var=-8.100099  dE=2.125e-06  docc=0.000407  n_phys=1.000000  |dDelta|=9.222e-11  |dR|=1.050e-03  [qp 0.00s | ED 0.00s]
  it= 40  Z0=0.003289  Z1=0.003289  E_var=-8.100097  dE=2.072e-06  docc=0.000400  n_phys=1.000000  |dDelta|=2.803e-10  |dR|=1.038e-03  [qp 0.00s | ED 0.01s]
  it= 41  Z0=0.003230  Z1=0.003230  E_var=-8.100095  dE=2.020e-06  docc=0.000393  n_phys=1.000000  |dDelta|=5.944e-10  |dR|=1.027e-03  [qp 0.00s | ED 0.00s]
  it= 42  Z0=0.003172  Z1=0.003172  E_var=-8.100093  dE=1.970e-06  docc=0.000386  n_phys=1.000000  |dDelta|=3.416e-10  |dR|=1.016e-03  [qp 0.00s | ED 0.00s]
  it= 43  Z0=0.003115  Z1=0.003115  E_var=-8.100091  dE=1.921e-06  docc=0.000379  n_phys=1.000000  |dDelta|=1.714e-10  |dR|=1.004e-03  [qp 0.00s | ED 0.00s]
  it= 44  Z0=0.003059  Z1=0.003059  E_var=-8.100089  dE=1.874e-06  docc=0.000372  n_phys=1.000000  |dDelta|=8.712e-10  |dR|=9.934e-04  [qp 0.00s | ED 0.00s]
  it= 45  Z0=0.003005  Z1=0.003005  E_var=-8.100087  dE=1.828e-06  docc=0.000366  n_phys=1.000000  |dDelta|=1.943e-10  |dR|=9.826e-04  [qp 0.00s | ED 0.00s]
  it= 46  Z0=0.002951  Z1=0.002951  E_var=-8.100085  dE=1.784e-06  docc=0.000359  n_phys=1.000000  |dDelta|=1.270e-10  |dR|=9.720e-04  [qp 0.00s | ED 0.00s]
  it= 47  Z0=0.002898  Z1=0.002898  E_var=-8.100084  dE=1.741e-06  docc=0.000353  n_phys=1.000000  |dDelta|=4.027e-11  |dR|=9.615e-04  [qp 0.00s | ED 0.00s]
  it= 48  Z0=0.002847  Z1=0.002847  E_var=-8.100082  dE=1.699e-06  docc=0.000346  n_phys=1.000000  |dDelta|=2.050e-10  |dR|=9.512e-04  [qp 0.00s | ED 0.00s]
  it= 49  Z0=0.002796  Z1=0.002796  E_var=-8.100080  dE=1.658e-06  docc=0.000340  n_phys=1.000000  |dDelta|=4.432e-10  |dR|=9.411e-04  [qp 0.00s | ED 0.00s]
  it= 50  Z0=0.002747  Z1=0.002747  E_var=-8.100079  dE=1.619e-06  docc=0.000334  n_phys=1.000000  |dDelta|=4.906e-10  |dR|=9.311e-04  [qp 0.00s | ED 0.00s]
  it= 51  Z0=0.002698  Z1=0.002698  E_var=-8.100077  dE=1.581e-06  docc=0.000328  n_phys=1.000000  |dDelta|=2.647e-10  |dR|=9.213e-04  [qp 0.00s | ED 0.00s]
  it= 52  Z0=0.002651  Z1=0.002651  E_var=-8.100076  dE=1.543e-06  docc=0.000323  n_phys=1.000000  |dDelta|=1.985e-10  |dR|=9.116e-04  [qp 0.00s | ED 0.00s]
  it= 53  Z0=0.002604  Z1=0.002604  E_var=-8.100074  dE=1.507e-06  docc=0.000317  n_phys=1.000000  |dDelta|=1.811e-11  |dR|=9.020e-04  [qp 0.00s | ED 0.00s]
  it= 54  Z0=0.002558  Z1=0.002558  E_var=-8.100073  dE=1.472e-06  docc=0.000311  n_phys=1.000000  |dDelta|=3.286e-10  |dR|=8.926e-04  [qp 0.00s | ED 0.00s]
  it= 55  Z0=0.002513  Z1=0.002513  E_var=-8.100071  dE=1.438e-06  docc=0.000306  n_phys=1.000000  |dDelta|=2.421e-10  |dR|=8.833e-04  [qp 0.00s | ED 0.00s]
  it= 56  Z0=0.002469  Z1=0.002469  E_var=-8.100070  dE=1.405e-06  docc=0.000301  n_phys=1.000000  |dDelta|=2.400e-10  |dR|=8.742e-04  [qp 0.00s | ED 0.00s]
  it= 57  Z0=0.002426  Z1=0.002426  E_var=-8.100068  dE=1.373e-06  docc=0.000295  n_phys=1.000000  |dDelta|=1.128e-10  |dR|=8.651e-04  [qp 0.00s | ED 0.00s]
  it= 58  Z0=0.002383  Z1=0.002383  E_var=-8.100067  dE=1.341e-06  docc=0.000290  n_phys=1.000000  |dDelta|=2.719e-10  |dR|=8.562e-04  [qp 0.00s | ED 0.00s]
  it= 59  Z0=0.002342  Z1=0.002342  E_var=-8.100066  dE=1.311e-06  docc=0.000285  n_phys=1.000000  |dDelta|=2.491e-10  |dR|=8.475e-04  [qp 0.00s | ED 0.00s]
  it= 60  Z0=0.002301  Z1=0.002301  E_var=-8.100064  dE=1.281e-06  docc=0.000280  n_phys=1.000000  |dDelta|=8.943e-11  |dR|=8.388e-04  [qp 0.00s | ED 0.00s]
  it= 61  Z0=0.002261  Z1=0.002261  E_var=-8.100063  dE=1.252e-06  docc=0.000275  n_phys=1.000000  |dDelta|=1.713e-10  |dR|=8.303e-04  [qp 0.00s | ED 0.00s]
  it= 62  Z0=0.002221  Z1=0.002221  E_var=-8.100062  dE=1.224e-06  docc=0.000270  n_phys=1.000000  |dDelta|=1.745e-10  |dR|=8.219e-04  [qp 0.00s | ED 0.00s]
  it= 63  Z0=0.002183  Z1=0.002183  E_var=-8.100061  dE=1.197e-06  docc=0.000266  n_phys=1.000000  |dDelta|=3.747e-10  |dR|=8.136e-04  [qp 0.00s | ED 0.00s]
  it= 64  Z0=0.002145  Z1=0.002145  E_var=-8.100060  dE=1.171e-06  docc=0.000261  n_phys=1.000000  |dDelta|=3.453e-10  |dR|=8.054e-04  [qp 0.00s | ED 0.00s]
  it= 65  Z0=0.002108  Z1=0.002108  E_var=-8.100058  dE=1.145e-06  docc=0.000257  n_phys=1.000000  |dDelta|=1.084e-10  |dR|=7.974e-04  [qp 0.00s | ED 0.00s]
  it= 66  Z0=0.002071  Z1=0.002071  E_var=-8.100057  dE=1.120e-06  docc=0.000252  n_phys=1.000000  |dDelta|=4.549e-10  |dR|=7.894e-04  [qp 0.00s | ED 0.00s]
  it= 67  Z0=0.002036  Z1=0.002036  E_var=-8.100056  dE=1.095e-06  docc=0.000248  n_phys=1.000000  |dDelta|=1.352e-10  |dR|=7.816e-04  [qp 0.00s | ED 0.00s]
  it= 68  Z0=0.002001  Z1=0.002001  E_var=-8.100055  dE=1.071e-06  docc=0.000244  n_phys=1.000000  |dDelta|=2.638e-10  |dR|=7.738e-04  [qp 0.00s | ED 0.00s]
  it= 69  Z0=0.001966  Z1=0.001966  E_var=-8.100054  dE=1.048e-06  docc=0.000239  n_phys=1.000000  |dDelta|=1.601e-10  |dR|=7.662e-04  [qp 0.00s | ED 0.00s]
  it= 70  Z0=0.001932  Z1=0.001932  E_var=-8.100053  dE=1.025e-06  docc=0.000235  n_phys=1.000000  |dDelta|=2.312e-10  |dR|=7.586e-04  [qp 0.00s | ED 0.00s]
  it= 71  Z0=0.001899  Z1=0.001899  E_var=-8.100052  dE=1.003e-06  docc=0.000231  n_phys=1.000000  |dDelta|=2.197e-10  |dR|=7.512e-04  [qp 0.00s | ED 0.00s]
  it= 72  Z0=0.001866  Z1=0.001866  E_var=-8.100051  dE=9.817e-07  docc=0.000227  n_phys=1.000000  |dDelta|=1.722e-10  |dR|=7.438e-04  [qp 0.00s | ED 0.00s]

[check] Delta_qp (quasiparticle 1-RDM) vs Delta_new (impurity-derived 1 - Delta_bb), final iteration:

  fragment 0: Delta_qp =
[[ 0.5055959  -0.05373813 -0.02747292]
 [-0.05373813  0.98013109  0.11451423]
 [-0.02747292  0.11451423  0.01427301]]
  fragment 0: eig(Delta_qp)  = [7.06766829e-18 5.00000000e-01 1.00000000e+00]

  fragment 0: Delta_new =
[[ 0.4944041   0.05373813  0.02747292]
 [ 0.05373813  0.01986891 -0.11451423]
 [ 0.02747292 -0.11451423  0.98572699]]
  fragment 0: eig(Delta_new) = [-6.24500451e-16  5.00000000e-01  1.00000000e+00]

  fragment 0: max|Delta_qp - Delta_new| = 9.715e-01

  fragment 1: Delta_qp =
[[ 0.01986885  0.05373787 -0.11451426]
 [ 0.05373787  0.49440414  0.02747259]
 [-0.11451426  0.02747259  0.98572701]]
  fragment 1: eig(Delta_qp)  = [-3.40265197e-17  5.00000000e-01  1.00000000e+00]

  fragment 1: Delta_new =
[[ 0.98013115 -0.05373787  0.11451426]
 [-0.05373787  0.50559586 -0.02747259]
 [ 0.11451426 -0.02747259  0.01427299]]
  fragment 1: eig(Delta_new) = [2.48065457e-16 5.00000000e-01 1.00000000e+00]

  fragment 1: max|Delta_qp - Delta_new| = 9.715e-01



Ng=2  U/t=8.1000  Z0=0.001834  Z1=0.001834  E_var/t=-8.100051  docc=0.000227  converged=True  iters=72
