[setup] Ng=2  Neff=3  impurity orbitals/spin=4  Fock dim=256  (sparse operators)
[setup] built impurity operators in 0.01s; ground state searched in the N_up=N_dn sector of dim 36
  it=  0  Z0=0.786094  Z1=0.786094  E_var=-4.369446  dE=-1.044e+02  docc=0.131940  n_phys=1.000000  |dDelta|=2.828e+00  |dR|=1.030e-02  [qp 0.00s | ED 0.00s]
  it=  1  Z0=0.776988  Z1=0.776988  E_var=-4.355300  dE=1.415e-02  docc=0.131405  n_phys=1.000000  |dDelta|=1.839e-08  |dR|=2.299e-03  [qp 0.00s | ED 0.00s]
  it=  2  Z0=0.774963  Z1=0.774963  E_var=-4.352161  dE=3.139e-03  docc=0.131285  n_phys=1.000000  |dDelta|=8.441e-09  |dR|=5.175e-04  [qp 0.00s | ED 0.00s]
  it=  3  Z0=0.774508  Z1=0.774508  E_var=-4.351455  dE=7.056e-04  docc=0.131258  n_phys=1.000000  |dDelta|=1.294e-08  |dR|=1.167e-04  [qp 0.00s | ED 0.00s]
  it=  4  Z0=0.774405  Z1=0.774405  E_var=-4.351296  dE=1.591e-04  docc=0.131252  n_phys=1.000000  |dDelta|=2.681e-09  |dR|=2.633e-05  [qp 0.00s | ED 0.00s]
  it=  5  Z0=0.774382  Z1=0.774382  E_var=-4.351260  dE=3.588e-05  docc=0.131250  n_phys=1.000000  |dDelta|=5.934e-09  |dR|=5.940e-06  [qp 0.00s | ED 0.00s]
  it=  6  Z0=0.774377  Z1=0.774377  E_var=-4.351252  dE=8.095e-06  docc=0.131250  n_phys=1.000000  |dDelta|=4.256e-09  |dR|=1.340e-06  [qp 0.00s | ED 0.00s]
  it=  7  Z0=0.774375  Z1=0.774375  E_var=-4.351251  dE=1.827e-06  docc=0.131250  n_phys=1.000000  |dDelta|=2.358e-08  |dR|=3.037e-07  [qp 0.00s | ED 0.00s]

[check] Delta_qp (quasiparticle 1-RDM) vs Delta_new (impurity-derived 1 - Delta_bb), final iteration:

  fragment 0: Delta_qp =
[[ 0.5055959  -0.05373811 -0.02747286]
 [-0.05373811  0.9801311   0.11451423]
 [-0.02747286  0.11451423  0.01427301]]
  fragment 0: eig(Delta_qp)  = [9.96301219e-18 5.00000000e-01 1.00000000e+00]

  fragment 0: Delta_new =
[[ 0.4944041   0.05373811  0.02747286]
 [ 0.05373811  0.0198689  -0.11451423]
 [ 0.02747286 -0.11451423  0.98572699]]
  fragment 0: eig(Delta_new) = [-2.77555756e-16  5.00000000e-01  1.00000000e+00]

  fragment 0: max|Delta_qp - Delta_new| = 9.715e-01

  fragment 1: Delta_qp =
[[ 0.01986885  0.05373787 -0.11451425]
 [ 0.05373787  0.49440415  0.02747269]
 [-0.11451425  0.02747269  0.985727  ]]
  fragment 1: eig(Delta_qp)  = [-1.24958686e-17  5.00000000e-01  1.00000000e+00]

  fragment 1: Delta_new =
[[ 0.98013115 -0.05373787  0.11451425]
 [-0.05373787  0.50559585 -0.02747269]
 [ 0.11451425 -0.02747269  0.014273  ]]
  fragment 1: eig(Delta_new) = [-2.61943245e-16  5.00000000e-01  1.00000000e+00]

  fragment 1: max|Delta_qp - Delta_new| = 9.715e-01



Ng=2  U/t=3.8000  Z0=0.774375  Z1=0.774375  E_var/t=-4.351251  docc=0.131250  converged=True  iters=7
