[setup] Ng=2  Neff=3  impurity orbitals/spin=4  Fock dim=256  (sparse operators)
[setup] built impurity operators in 0.02s; ground state searched in the N_up=N_dn sector of dim 36
  it=  0  Z0=0.998275  Z1=0.998275  E_var=-4.511136  dE=-1.045e+02  docc=0.119232  n_phys=1.000000  |dDelta|=3.374e-09  |dR|=2.461e-09  [qp 0.00s | ED 0.00s]

[check] Delta_qp (quasiparticle 1-RDM) vs Delta_new (impurity-derived 1 - Delta_bb), final iteration:

  fragment 0: Delta_qp =
[[ 0.50625758 -0.05771906 -0.03040437]
 [-0.05771906  0.98163561  0.10082834]
 [-0.03040437  0.10082834  0.01210682]]
  fragment 0: eig(Delta_qp)  = [5.52147222e-04 4.99999998e-01 9.99447853e-01]

  fragment 0: Delta_new =
[[ 0.50625758 -0.05771906 -0.03040437]
 [-0.05771906  0.98163561  0.10082834]
 [-0.03040437  0.10082834  0.01210682]]
  fragment 0: eig(Delta_new) = [5.52147214e-04 5.00000000e-01 9.99447853e-01]

  fragment 0: max|Delta_qp - Delta_new| = 1.691e-09

  fragment 1: Delta_qp =
[[ 0.01826787  0.02697    -0.12395712]
 [ 0.02697     0.50053516  0.03933304]
 [-0.12395712  0.03933304  0.98119696]]
  fragment 1: eig(Delta_qp)  = [5.52147227e-04 5.00000002e-01 9.99447853e-01]

  fragment 1: Delta_new =
[[ 0.01826787  0.02697    -0.12395712]
 [ 0.02697     0.50053516  0.03933304]
 [-0.12395712  0.03933304  0.98119696]]
  fragment 1: eig(Delta_new) = [5.52147219e-04 5.00000000e-01 9.99447853e-01]

  fragment 1: max|Delta_qp - Delta_new| = 1.603e-09



Ng=2  U/t=4.0000  Z0=0.998275  Z1=0.998275  E_var/t=-4.51113645  docc=0.119232  converged=True  iters=1  seed from: forward
