[setup] Ng=2  Neff=3  impurity orbitals/spin=4  Fock dim=256  (sparse operators)
[setup] built impurity operators in 0.01s; ground state searched in the N_up=N_dn sector of dim 36
  it=  0  Z0=0.943594  Z1=0.943594  E_var=-3.136429  dE=-1.031e+02  docc=0.187690  n_phys=1.000000  |dDelta|=2.828e+00  |dR|=5.892e-03  [qp 0.00s | ED 0.00s]
  it=  1  Z0=0.937879  Z1=0.937879  E_var=-3.125710  dE=1.072e-02  docc=0.187512  n_phys=1.000000  |dDelta|=3.890e-09  |dR|=3.665e-04  [qp 0.00s | ED 0.00s]
  it=  2  Z0=0.937524  Z1=0.937524  E_var=-3.125044  dE=6.655e-04  docc=0.187501  n_phys=1.000000  |dDelta|=3.619e-09  |dR|=2.290e-05  [qp 0.00s | ED 0.00s]
  it=  3  Z0=0.937501  Z1=0.937501  E_var=-3.125003  dE=4.157e-05  docc=0.187500  n_phys=1.000000  |dDelta|=1.180e-09  |dR|=1.431e-06  [qp 0.00s | ED 0.00s]
  it=  4  Z0=0.937500  Z1=0.937500  E_var=-3.125000  dE=2.598e-06  docc=0.187500  n_phys=1.000000  |dDelta|=1.855e-09  |dR|=8.947e-08  [qp 0.00s | ED 0.00s]

[check] Delta_qp (quasiparticle 1-RDM) vs Delta_new (impurity-derived 1 - Delta_bb), final iteration:

  fragment 0: Delta_qp =
[[ 0.5055959  -0.05373811 -0.02747285]
 [-0.05373811  0.9801311   0.11451423]
 [-0.02747285  0.11451423  0.01427301]]
  fragment 0: eig(Delta_qp)  = [-3.22761121e-17  5.00000000e-01  1.00000000e+00]

  fragment 0: Delta_new =
[[ 0.4944041   0.05373811  0.02747285]
 [ 0.05373811  0.0198689  -0.11451423]
 [ 0.02747285 -0.11451423  0.98572699]]
  fragment 0: eig(Delta_new) = [-1.80411242e-16  5.00000000e-01  1.00000000e+00]

  fragment 0: max|Delta_qp - Delta_new| = 9.715e-01

  fragment 1: Delta_qp =
[[ 0.01986885  0.05373787 -0.11451424]
 [ 0.05373787  0.49440415  0.0274727 ]
 [-0.11451424  0.0274727   0.985727  ]]
  fragment 1: eig(Delta_qp)  = [1.7761485e-17 5.0000000e-01 1.0000000e+00]

  fragment 1: Delta_new =
[[ 0.98013115 -0.05373787  0.11451424]
 [-0.05373787  0.50559585 -0.0274727 ]
 [ 0.11451424 -0.0274727   0.014273  ]]
  fragment 1: eig(Delta_new) = [-2.42861287e-16  5.00000000e-01  1.00000000e+00]

  fragment 1: max|Delta_qp - Delta_new| = 9.715e-01



Ng=2  U/t=2.0000  Z0=0.937500  Z1=0.937500  E_var/t=-3.125000  docc=0.187500  converged=True  iters=4
