[setup] Ng=2  Neff=3  impurity orbitals/spin=4  Fock dim=256  (sparse operators)
[setup] built impurity operators in 0.01s; ground state searched in the N_up=N_dn sector of dim 36
  it=  0  Z0=0.910000  Z1=0.910000  E_var=-3.459138  dE=-1.035e+02  docc=0.172172  n_phys=1.000000  |dDelta|=2.828e+00  |dR|=7.262e-03  [qp 0.00s | ED 0.00s]
  it=  1  Z0=0.903086  Z1=0.903086  E_var=-3.446652  dE=1.249e-02  docc=0.171904  n_phys=1.000000  |dDelta|=2.584e-09  |dR|=7.047e-04  [qp 0.00s | ED 0.00s]
  it=  2  Z0=0.902416  Z1=0.902416  E_var=-3.445443  dE=1.208e-03  docc=0.171878  n_phys=1.000000  |dDelta|=5.084e-09  |dR|=6.878e-05  [qp 0.00s | ED 0.00s]
  it=  3  Z0=0.902351  Z1=0.902351  E_var=-3.445325  dE=1.179e-04  docc=0.171875  n_phys=1.000000  |dDelta|=4.521e-09  |dR|=6.716e-06  [qp 0.00s | ED 0.00s]
  it=  4  Z0=0.902344  Z1=0.902344  E_var=-3.445314  dE=1.151e-05  docc=0.171875  n_phys=1.000000  |dDelta|=5.439e-10  |dR|=6.559e-07  [qp 0.00s | ED 0.00s]

[check] Delta_qp (quasiparticle 1-RDM) vs Delta_new (impurity-derived 1 - Delta_bb), final iteration:

  fragment 0: Delta_qp =
[[ 0.5055959  -0.05373811 -0.02747285]
 [-0.05373811  0.9801311   0.11451423]
 [-0.02747285  0.11451423  0.01427301]]
  fragment 0: eig(Delta_qp)  = [4.3593873e-17 5.0000000e-01 1.0000000e+00]

  fragment 0: Delta_new =
[[ 0.4944041   0.05373811  0.02747285]
 [ 0.05373811  0.0198689  -0.11451423]
 [ 0.02747285 -0.11451423  0.98572699]]
  fragment 0: eig(Delta_new) = [-3.46944695e-16  5.00000000e-01  1.00000000e+00]

  fragment 0: max|Delta_qp - Delta_new| = 9.715e-01

  fragment 1: Delta_qp =
[[ 0.01986885  0.05373787 -0.11451424]
 [ 0.05373787  0.49440415  0.02747271]
 [-0.11451424  0.02747271  0.985727  ]]
  fragment 1: eig(Delta_qp)  = [-2.15676312e-17  5.00000000e-01  1.00000000e+00]

  fragment 1: Delta_new =
[[ 0.98013115 -0.05373787  0.11451424]
 [-0.05373787  0.50559585 -0.02747271]
 [ 0.11451424 -0.02747271  0.014273  ]]
  fragment 1: eig(Delta_new) = [4.33680869e-17 5.00000000e-01 1.00000000e+00]

  fragment 1: max|Delta_qp - Delta_new| = 9.715e-01



Ng=2  U/t=2.5000  Z0=0.902344  Z1=0.902344  E_var/t=-3.445314  docc=0.171875  converged=True  iters=4
