[setup] Ng=2  Neff=3  impurity orbitals/spin=4  Fock dim=256  (sparse operators)
[setup] built impurity operators in 0.02s; ground state searched in the N_up=N_dn sector of dim 36
  it=  0  Z0=0.999869  Z1=0.999869  E_var=-3.252222  dE=-1.033e+02  docc=0.180358  n_phys=1.000000  |dDelta|=1.861e-09  |dR|=5.779e-09  [qp 0.00s | ED 0.00s]

[check] Delta_qp (quasiparticle 1-RDM) vs Delta_new (impurity-derived 1 - Delta_bb), final iteration:

  fragment 0: Delta_qp =
[[ 9.85941435e-01 -8.51971902e-04  8.30406589e-02]
 [-8.51971902e-04  1.39118484e-02 -8.27684484e-02]
 [ 8.30406589e-02 -8.27684484e-02  5.00146718e-01]]
  fragment 0: eig(Delta_qp)  = [4.25136018e-05 5.00000001e-01 9.99957486e-01]

  fragment 0: Delta_new =
[[ 9.85941435e-01 -8.51971918e-04  8.30406590e-02]
 [-8.51971918e-04  1.39118484e-02 -8.27684482e-02]
 [ 8.30406590e-02 -8.27684482e-02  5.00146717e-01]]
  fragment 0: eig(Delta_new) = [4.25135999e-05 5.00000000e-01 9.99957486e-01]

  fragment 0: max|Delta_qp - Delta_new| = 9.039e-10

  fragment 1: Delta_qp =
[[ 9.86174986e-01 -2.64034628e-04  8.24267171e-02]
 [-2.64034628e-04  1.41464103e-02 -8.33863858e-02]
 [ 8.24267171e-02 -8.33863858e-02  4.99678603e-01]]
  fragment 1: eig(Delta_qp)  = [4.25135982e-05 4.99999999e-01 9.99957486e-01]

  fragment 1: Delta_new =
[[ 9.86174986e-01 -2.64034612e-04  8.24267170e-02]
 [-2.64034612e-04  1.41464103e-02 -8.33863859e-02]
 [ 8.24267170e-02 -8.33863859e-02  4.99678603e-01]]
  fragment 1: eig(Delta_new) = [4.25135984e-05 5.00000000e-01 9.99957486e-01]

  fragment 1: max|Delta_qp - Delta_new| = 9.056e-10



Ng=2  U/t=2.2000  Z0=0.999869  Z1=0.999869  E_var/t=-3.25222169  docc=0.180358  converged=True  iters=1  seed from: backward
