[setup] Ng=2  Neff=3  impurity orbitals/spin=4  Fock dim=256  (sparse operators)
[setup] built impurity operators in 0.02s; ground state searched in the N_up=N_dn sector of dim 36
  it=  0  Z0=0.938070  Z1=0.938070  E_var=-4.734599  dE=-1.047e+02  docc=0.032005  n_phys=1.000000  |dDelta|=1.558e-03  |dR|=1.839e-03  [qp 0.00s | ED 0.00s]
  it=  1  Z0=0.939477  Z1=0.939477  E_var=-4.740578  dE=-5.979e-03  docc=0.032772  n_phys=1.000000  |dDelta|=3.076e-03  |dR|=3.909e-03  [qp 0.00s | ED 0.00s]
  it=  2  Z0=0.936192  Z1=0.936192  E_var=-4.741121  dE=-5.433e-04  docc=0.033118  n_phys=1.000000  |dDelta|=4.272e-03  |dR|=3.917e-03  [qp 0.00s | ED 0.00s]
  it=  3  Z0=0.934230  Z1=0.934230  E_var=-4.741224  dE=-1.025e-04  docc=0.033314  n_phys=1.000000  |dDelta|=7.334e-03  |dR|=5.919e-03  [qp 0.00s | ED 0.00s]
  it=  4  Z0=0.933167  Z1=0.933168  E_var=-4.741122  dE=1.017e-04  docc=0.033461  n_phys=1.000000  |dDelta|=1.282e-02  |dR|=1.014e-02  [qp 0.00s | ED 0.00s]
  it=  5  Z0=0.932634  Z1=0.932633  E_var=-4.740621  dE=5.005e-04  docc=0.033668  n_phys=1.000000  |dDelta|=2.239e-02  |dR|=1.763e-02  [qp 0.00s | ED 0.00s]
  it=  6  Z0=0.932489  Z1=0.932492  E_var=-4.739025  dE=1.596e-03  docc=0.034162  n_phys=1.000000  |dDelta|=3.878e-02  |dR|=3.058e-02  [qp 0.00s | ED 0.00s]
  it=  7  Z0=0.932871  Z1=0.932860  E_var=-4.734416  dE=4.610e-03  docc=0.035547  n_phys=1.000000  |dDelta|=6.561e-02  |dR|=5.221e-02  [qp 0.00s | ED 0.00s]
  it=  8  Z0=0.934392  Z1=0.934425  E_var=-4.722929  dE=1.149e-02  docc=0.039317  n_phys=1.000000  |dDelta|=1.040e-01  |dR|=8.512e-02  [qp 0.00s | ED 0.00s]
  it=  9  Z0=0.938941  Z1=0.938856  E_var=-4.703814  dE=1.912e-02  docc=0.047971  n_phys=1.000000  |dDelta|=1.401e-01  |dR|=1.236e-01  [qp 0.00s | ED 0.00s]
  it= 10  Z0=0.949354  Z1=0.949529  E_var=-4.698502  dE=5.312e-03  docc=0.062205  n_phys=1.000000  |dDelta|=1.139e-01  |dR|=9.360e-02  [qp 0.00s | ED 0.00s]
  it= 11  Z0=0.959415  Z1=0.959387  E_var=-4.720208  dE=-2.171e-02  docc=0.072451  n_phys=1.000000  |dDelta|=7.450e-02  |dR|=8.785e-02  [qp 0.00s | ED 0.00s]
  it= 12  Z0=0.969719  Z1=0.969704  E_var=-4.754811  dE=-3.460e-02  docc=0.081067  n_phys=1.000000  |dDelta|=5.161e-02  |dR|=7.407e-02  [qp 0.00s | ED 0.00s]
  it= 13  Z0=0.978812  Z1=0.978805  E_var=-4.791677  dE=-3.687e-02  docc=0.087554  n_phys=1.000000  |dDelta|=3.282e-02  |dR|=5.772e-02  [qp 0.00s | ED 0.00s]
  it= 14  Z0=0.985642  Z1=0.985639  E_var=-4.823614  dE=-3.194e-02  docc=0.092127  n_phys=1.000000  |dDelta|=2.013e-02  |dR|=4.250e-02  [qp 0.00s | ED 0.00s]
  it= 15  Z0=0.990199  Z1=0.990198  E_var=-4.848260  dE=-2.465e-02  docc=0.095223  n_phys=1.000000  |dDelta|=1.226e-02  |dR|=2.998e-02  [qp 0.00s | ED 0.00s]
  it= 16  Z0=0.993017  Z1=0.993017  E_var=-4.865990  dE=-1.773e-02  docc=0.097266  n_phys=1.000000  |dDelta|=7.504e-03  |dR|=2.046e-02  [qp 0.00s | ED 0.00s]
  it= 17  Z0=0.994687  Z1=0.994687  E_var=-4.878181  dE=-1.219e-02  docc=0.098592  n_phys=1.000000  |dDelta|=4.628e-03  |dR|=1.363e-02  [qp 0.00s | ED 0.00s]
  it= 18  Z0=0.995656  Z1=0.995656  E_var=-4.886313  dE=-8.132e-03  docc=0.099442  n_phys=1.000000  |dDelta|=2.873e-03  |dR|=8.918e-03  [qp 0.00s | ED 0.00s]
  it= 19  Z0=0.996215  Z1=0.996215  E_var=-4.891627  dE=-5.314e-03  docc=0.099983  n_phys=1.000000  |dDelta|=1.791e-03  |dR|=5.759e-03  [qp 0.00s | ED 0.00s]
  it= 20  Z0=0.996539  Z1=0.996539  E_var=-4.895053  dE=-3.426e-03  docc=0.100326  n_phys=1.000000  |dDelta|=1.119e-03  |dR|=3.685e-03  [qp 0.00s | ED 0.00s]
  it= 21  Z0=0.996729  Z1=0.996729  E_var=-4.897241  dE=-2.188e-03  docc=0.100543  n_phys=1.000000  |dDelta|=7.006e-04  |dR|=2.343e-03  [qp 0.00s | ED 0.00s]
  it= 22  Z0=0.996842  Z1=0.996842  E_var=-4.898631  dE=-1.389e-03  docc=0.100679  n_phys=1.000000  |dDelta|=4.390e-04  |dR|=1.484e-03  [qp 0.00s | ED 0.00s]
  it= 23  Z0=0.996909  Z1=0.996909  E_var=-4.899509  dE=-8.783e-04  docc=0.100765  n_phys=1.000000  |dDelta|=2.752e-04  |dR|=9.364e-04  [qp 0.00s | ED 0.00s]
  it= 24  Z0=0.996950  Z1=0.996950  E_var=-4.900063  dE=-5.539e-04  docc=0.100819  n_phys=1.000000  |dDelta|=1.726e-04  |dR|=5.899e-04  [qp 0.00s | ED 0.00s]
  it= 25  Z0=0.996975  Z1=0.996975  E_var=-4.900411  dE=-3.486e-04  docc=0.100853  n_phys=1.000000  |dDelta|=1.083e-04  |dR|=3.711e-04  [qp 0.00s | ED 0.00s]
  it= 26  Z0=0.996991  Z1=0.996991  E_var=-4.900631  dE=-2.192e-04  docc=0.100874  n_phys=1.000000  |dDelta|=6.792e-05  |dR|=2.332e-04  [qp 0.00s | ED 0.00s]
  it= 27  Z0=0.997000  Z1=0.997000  E_var=-4.900768  dE=-1.377e-04  docc=0.100887  n_phys=1.000000  |dDelta|=4.261e-05  |dR|=1.465e-04  [qp 0.00s | ED 0.00s]
  it= 28  Z0=0.997006  Z1=0.997006  E_var=-4.900855  dE=-8.647e-05  docc=0.100896  n_phys=1.000000  |dDelta|=2.673e-05  |dR|=9.197e-05  [qp 0.00s | ED 0.00s]
  it= 29  Z0=0.997010  Z1=0.997010  E_var=-4.900909  dE=-5.428e-05  docc=0.100901  n_phys=1.000000  |dDelta|=1.677e-05  |dR|=5.773e-05  [qp 0.00s | ED 0.00s]
  it= 30  Z0=0.997012  Z1=0.997012  E_var=-4.900943  dE=-3.407e-05  docc=0.100904  n_phys=1.000000  |dDelta|=1.052e-05  |dR|=3.623e-05  [qp 0.00s | ED 0.00s]
  it= 31  Z0=0.997014  Z1=0.997014  E_var=-4.900965  dE=-2.138e-05  docc=0.100907  n_phys=1.000000  |dDelta|=6.599e-06  |dR|=2.273e-05  [qp 0.00s | ED 0.00s]
  it= 32  Z0=0.997014  Z1=0.997014  E_var=-4.900978  dE=-1.341e-05  docc=0.100908  n_phys=1.000000  |dDelta|=4.140e-06  |dR|=1.426e-05  [qp 0.00s | ED 0.00s]
  it= 33  Z0=0.997015  Z1=0.997015  E_var=-4.900986  dE=-8.415e-06  docc=0.100909  n_phys=1.000000  |dDelta|=2.597e-06  |dR|=8.949e-06  [qp 0.00s | ED 0.00s]
  it= 34  Z0=0.997015  Z1=0.997015  E_var=-4.900992  dE=-5.280e-06  docc=0.100909  n_phys=1.000000  |dDelta|=1.629e-06  |dR|=5.615e-06  [qp 0.00s | ED 0.00s]
  it= 35  Z0=0.997016  Z1=0.997016  E_var=-4.900995  dE=-3.312e-06  docc=0.100909  n_phys=1.000000  |dDelta|=1.022e-06  |dR|=3.522e-06  [qp 0.00s | ED 0.00s]
  it= 36  Z0=0.997016  Z1=0.997016  E_var=-4.900997  dE=-2.078e-06  docc=0.100910  n_phys=1.000000  |dDelta|=6.412e-07  |dR|=2.210e-06  [qp 0.00s | ED 0.00s]
  it= 37  Z0=0.997016  Z1=0.997016  E_var=-4.900998  dE=-1.304e-06  docc=0.100910  n_phys=1.000000  |dDelta|=4.023e-07  |dR|=1.386e-06  [qp 0.00s | ED 0.00s]
  it= 38  Z0=0.997016  Z1=0.997016  E_var=-4.900999  dE=-8.178e-07  docc=0.100910  n_phys=1.000000  |dDelta|=2.524e-07  |dR|=8.697e-07  [qp 0.00s | ED 0.00s]

[check] Delta_qp (quasiparticle 1-RDM) vs Delta_new (impurity-derived 1 - Delta_bb), final iteration:

  fragment 0: Delta_qp =
[[ 9.64644598e-01 -6.04219995e-07 -1.28754088e-01]
 [-6.04219995e-07  3.53560799e-02  1.28755385e-01]
 [-1.28754088e-01  1.28755385e-01  4.99999322e-01]]
  fragment 0: eig(Delta_qp)  = [9.51052588e-04 5.00000000e-01 9.99048947e-01]

  fragment 0: Delta_new =
[[ 9.64644583e-01 -6.04220080e-07 -1.28754123e-01]
 [-6.04220080e-07  3.53560956e-02  1.28755421e-01]
 [-1.28754123e-01  1.28755421e-01  4.99999322e-01]]
  fragment 0: eig(Delta_new) = [9.51048767e-04 5.00000000e-01 9.99048951e-01]

  fragment 0: max|Delta_qp - Delta_new| = 3.573e-08

  fragment 1: Delta_qp =
[[ 8.88872991e-01 -3.47546100e-07  2.21164760e-01]
 [-3.47546100e-07  1.11128131e-01 -2.21165626e-01]
 [ 2.21164760e-01 -2.21165626e-01  4.99998877e-01]]
  fragment 1: eig(Delta_qp)  = [9.51052588e-04 5.00000000e-01 9.99048947e-01]

  fragment 1: Delta_new =
[[ 8.88872961e-01 -3.47546199e-07  2.21164791e-01]
 [-3.47546199e-07  1.11128162e-01 -2.21165656e-01]
 [ 2.21164791e-01 -2.21165656e-01  4.99998877e-01]]
  fragment 1: eig(Delta_new) = [9.51048767e-04 5.00000000e-01 9.99048951e-01]

  fragment 1: max|Delta_qp - Delta_new| = 3.078e-08



Ng=2  U/t=4.5000  Z0=0.997016  Z1=0.997016  E_var/t=-4.900999  docc=0.100910  converged=True  iters=38
