[setup] Ng=2  Neff=3  impurity orbitals/spin=4  Fock dim=256  (sparse operators)
[setup] built impurity operators in 0.01s; ground state searched in the N_up=N_dn sector of dim 36
  it=  0  Z0=0.379847  Z1=0.379847  E_var=-6.494662  dE=-1.065e+02  docc=0.051956  n_phys=1.000000  |dDelta|=2.828e+00  |dR|=1.205e-02  [qp 0.00s | ED 0.00s]
  it=  1  Z0=0.372455  Z1=0.372455  E_var=-6.489115  dE=5.547e-03  docc=0.051234  n_phys=1.000000  |dDelta|=2.494e-08  |dR|=7.531e-03  [qp 0.00s | ED 0.00s]
  it=  2  Z0=0.367873  Z1=0.367873  E_var=-6.485728  dE=3.387e-03  docc=0.050783  n_phys=1.000000  |dDelta|=9.184e-08  |dR|=4.747e-03  [qp 0.00s | ED 0.00s]
  it=  3  Z0=0.364999  Z1=0.364999  E_var=-6.483623  dE=2.104e-03  docc=0.050498  n_phys=1.000000  |dDelta|=5.040e-09  |dR|=3.009e-03  [qp 0.00s | ED 0.00s]
  it=  4  Z0=0.363184  Z1=0.363184  E_var=-6.482302  dE=1.321e-03  docc=0.050318  n_phys=1.000000  |dDelta|=1.092e-08  |dR|=1.914e-03  [qp 0.00s | ED 0.00s]
  it=  5  Z0=0.362031  Z1=0.362031  E_var=-6.481466  dE=8.356e-04  docc=0.050203  n_phys=1.000000  |dDelta|=1.163e-08  |dR|=1.220e-03  [qp 0.00s | ED 0.00s]
  it=  6  Z0=0.361297  Z1=0.361297  E_var=-6.480936  dE=5.307e-04  docc=0.050130  n_phys=1.000000  |dDelta|=2.512e-08  |dR|=7.790e-04  [qp 0.00s | ED 0.00s]
  it=  7  Z0=0.360829  Z1=0.360829  E_var=-6.480598  dE=3.380e-04  docc=0.050083  n_phys=1.000000  |dDelta|=1.935e-08  |dR|=4.978e-04  [qp 0.00s | ED 0.00s]
  it=  8  Z0=0.360530  Z1=0.360530  E_var=-6.480382  dE=2.156e-04  docc=0.050053  n_phys=1.000000  |dDelta|=2.369e-08  |dR|=3.182e-04  [qp 0.00s | ED 0.00s]
  it=  9  Z0=0.360339  Z1=0.360339  E_var=-6.480244  dE=1.377e-04  docc=0.050034  n_phys=1.000000  |dDelta|=1.385e-08  |dR|=2.035e-04  [qp 0.00s | ED 0.00s]
  it= 10  Z0=0.360217  Z1=0.360217  E_var=-6.480156  dE=8.803e-05  docc=0.050022  n_phys=1.000000  |dDelta|=9.899e-01  |dR|=8.464e-05  [qp 0.00s | ED 0.00s]
  it= 11  Z0=0.360166  Z1=0.360166  E_var=-6.480120  dE=3.659e-05  docc=0.050017  n_phys=1.000000  |dDelta|=4.217e-09  |dR|=6.482e-05  [qp 0.00s | ED 0.00s]
  it= 12  Z0=0.360127  Z1=0.360127  E_var=-6.480092  dE=2.802e-05  docc=0.050013  n_phys=1.000000  |dDelta|=4.375e-09  |dR|=4.965e-05  [qp 0.00s | ED 0.00s]
  it= 13  Z0=0.360097  Z1=0.360097  E_var=-6.480070  dE=2.146e-05  docc=0.050010  n_phys=1.000000  |dDelta|=2.344e-09  |dR|=3.803e-05  [qp 0.00s | ED 0.00s]
  it= 14  Z0=0.360075  Z1=0.360075  E_var=-6.480054  dE=1.643e-05  docc=0.050007  n_phys=1.000000  |dDelta|=8.856e-10  |dR|=2.913e-05  [qp 0.00s | ED 0.00s]
  it= 15  Z0=0.360057  Z1=0.360057  E_var=-6.480041  dE=1.259e-05  docc=0.050006  n_phys=1.000000  |dDelta|=1.479e-09  |dR|=2.231e-05  [qp 0.00s | ED 0.00s]
  it= 16  Z0=0.360044  Z1=0.360044  E_var=-6.480032  dE=9.640e-06  docc=0.050004  n_phys=1.000000  |dDelta|=3.697e-09  |dR|=1.709e-05  [qp 0.00s | ED 0.00s]
  it= 17  Z0=0.360034  Z1=0.360034  E_var=-6.480024  dE=7.383e-06  docc=0.050003  n_phys=1.000000  |dDelta|=1.481e-09  |dR|=1.309e-05  [qp 0.00s | ED 0.00s]
  it= 18  Z0=0.360026  Z1=0.360026  E_var=-6.480019  dE=5.655e-06  docc=0.050003  n_phys=1.000000  |dDelta|=3.171e-10  |dR|=1.003e-05  [qp 0.00s | ED 0.00s]
  it= 19  Z0=0.360020  Z1=0.360020  E_var=-6.480014  dE=4.332e-06  docc=0.050002  n_phys=1.000000  |dDelta|=7.530e-10  |dR|=7.680e-06  [qp 0.00s | ED 0.00s]
  it= 20  Z0=0.360015  Z1=0.360015  E_var=-6.480011  dE=3.318e-06  docc=0.050002  n_phys=1.000000  |dDelta|=5.152e-10  |dR|=5.883e-06  [qp 0.00s | ED 0.00s]
  it= 21  Z0=0.360012  Z1=0.360012  E_var=-6.480008  dE=2.542e-06  docc=0.050001  n_phys=1.000000  |dDelta|=3.577e-09  |dR|=4.506e-06  [qp 0.00s | ED 0.00s]
  it= 22  Z0=0.360009  Z1=0.360009  E_var=-6.480006  dE=1.947e-06  docc=0.050001  n_phys=1.000000  |dDelta|=5.188e-09  |dR|=3.452e-06  [qp 0.00s | ED 0.00s]
  it= 23  Z0=0.360007  Z1=0.360007  E_var=-6.480005  dE=1.491e-06  docc=0.050001  n_phys=1.000000  |dDelta|=4.014e-09  |dR|=2.644e-06  [qp 0.00s | ED 0.00s]
  it= 24  Z0=0.360005  Z1=0.360005  E_var=-6.480004  dE=1.142e-06  docc=0.050001  n_phys=1.000000  |dDelta|=3.240e-09  |dR|=2.025e-06  [qp 0.00s | ED 0.00s]
  it= 25  Z0=0.360004  Z1=0.360004  E_var=-6.480003  dE=8.749e-07  docc=0.050000  n_phys=1.000000  |dDelta|=3.374e-09  |dR|=1.551e-06  [qp 0.00s | ED 0.00s]

[check] Delta_qp (quasiparticle 1-RDM) vs Delta_new (impurity-derived 1 - Delta_bb), final iteration:

  fragment 0: Delta_qp =
[[ 0.5055959  -0.05373811 -0.02747288]
 [-0.05373811  0.9801311   0.11451423]
 [-0.02747288  0.11451423  0.01427301]]
  fragment 0: eig(Delta_qp)  = [-5.86993942e-18  5.00000000e-01  1.00000000e+00]

  fragment 0: Delta_new =
[[ 0.4944041   0.05373811  0.02747288]
 [ 0.05373811  0.0198689  -0.11451423]
 [ 0.02747288 -0.11451423  0.98572699]]
  fragment 0: eig(Delta_new) = [-5.55111512e-17  5.00000000e-01  1.00000000e+00]

  fragment 0: max|Delta_qp - Delta_new| = 9.715e-01

  fragment 1: Delta_qp =
[[ 0.01986884  0.05373786 -0.11451425]
 [ 0.05373786  0.49440415  0.02747269]
 [-0.11451425  0.02747269  0.985727  ]]
  fragment 1: eig(Delta_qp)  = [-3.76785911e-19  5.00000000e-01  1.00000000e+00]

  fragment 1: Delta_new =
[[ 0.98013116 -0.05373786  0.11451425]
 [-0.05373786  0.50559585 -0.02747269]
 [ 0.11451425 -0.02747269  0.014273  ]]
  fragment 1: eig(Delta_new) = [-6.24500451e-17  5.00000000e-01  1.00000000e+00]

  fragment 1: max|Delta_qp - Delta_new| = 9.715e-01



Ng=2  U/t=6.4000  Z0=0.360003  Z1=0.360003  E_var/t=-6.480003  docc=0.050000  converged=True  iters=25
