[setup] Ng=2  Neff=3  impurity orbitals/spin=4  Fock dim=256  (sparse operators)
[setup] built impurity operators in 0.02s; ground state searched in the N_up=N_dn sector of dim 36
  it=  0  Z0=0.808594  Z1=0.808594  E_var=-4.222732  dE=-1.042e+02  docc=0.138119  n_phys=1.000000  |dDelta|=2.828e+00  |dR|=9.894e-03  [qp 0.00s | ED 0.00s]
  it=  1  Z0=0.799722  Z1=0.799722  E_var=-4.208545  dE=1.419e-02  docc=0.137625  n_phys=1.000000  |dDelta|=1.794e-09  |dR|=1.984e-03  [qp 0.00s | ED 0.00s]
  it=  2  Z0=0.797949  Z1=0.797949  E_var=-4.205716  dE=2.829e-03  docc=0.137525  n_phys=1.000000  |dDelta|=6.974e-09  |dR|=4.009e-04  [qp 0.00s | ED 0.00s]
  it=  3  Z0=0.797591  Z1=0.797591  E_var=-4.205145  dE=5.712e-04  docc=0.137505  n_phys=1.000000  |dDelta|=1.770e-08  |dR|=8.115e-05  [qp 0.00s | ED 0.00s]
  it=  4  Z0=0.797518  Z1=0.797518  E_var=-4.205029  dE=1.156e-04  docc=0.137501  n_phys=1.000000  |dDelta|=4.025e-09  |dR|=1.643e-05  [qp 0.00s | ED 0.00s]
  it=  5  Z0=0.797504  Z1=0.797504  E_var=-4.205006  dE=2.340e-05  docc=0.137500  n_phys=1.000000  |dDelta|=1.621e-09  |dR|=3.327e-06  [qp 0.00s | ED 0.00s]
  it=  6  Z0=0.797501  Z1=0.797501  E_var=-4.205001  dE=4.739e-06  docc=0.137500  n_phys=1.000000  |dDelta|=5.104e-09  |dR|=6.740e-07  [qp 0.00s | ED 0.01s]

[check] Delta_qp (quasiparticle 1-RDM) vs Delta_new (impurity-derived 1 - Delta_bb), final iteration:

  fragment 0: Delta_qp =
[[ 0.5055959  -0.05373811 -0.02747286]
 [-0.05373811  0.9801311   0.11451423]
 [-0.02747286  0.11451423  0.01427301]]
  fragment 0: eig(Delta_qp)  = [4.42856078e-17 5.00000000e-01 1.00000000e+00]

  fragment 0: Delta_new =
[[ 0.4944041   0.05373811  0.02747286]
 [ 0.05373811  0.0198689  -0.11451423]
 [ 0.02747286 -0.11451423  0.98572699]]
  fragment 0: eig(Delta_new) = [3.74700271e-16 5.00000000e-01 1.00000000e+00]

  fragment 0: max|Delta_qp - Delta_new| = 9.715e-01

  fragment 1: Delta_qp =
[[ 0.01986885  0.05373787 -0.11451425]
 [ 0.05373787  0.49440415  0.02747268]
 [-0.11451425  0.02747268  0.985727  ]]
  fragment 1: eig(Delta_qp)  = [-3.04406322e-17  5.00000000e-01  1.00000000e+00]

  fragment 1: Delta_new =
[[ 0.98013115 -0.05373787  0.11451425]
 [-0.05373787  0.50559585 -0.02747268]
 [ 0.11451425 -0.02747268  0.014273  ]]
  fragment 1: eig(Delta_new) = [-1.30104261e-16  5.00000000e-01  1.00000000e+00]

  fragment 1: max|Delta_qp - Delta_new| = 9.715e-01



Ng=2  U/t=3.6000  Z0=0.797500  Z1=0.797500  E_var/t=-4.205001  docc=0.137500  converged=True  iters=6
