[setup] Ng=2  Neff=3  impurity orbitals/spin=4  Fock dim=256  (sparse operators)
[setup] built impurity operators in 0.02s; ground state searched in the N_up=N_dn sector of dim 36
  it=  0  Z0=0.990308  Z1=0.990308  E_var=-5.915068  dE=-1.059e+02  docc=0.052912  n_phys=1.000000  |dDelta|=1.324e-09  |dR|=1.045e-08  [qp 0.00s | ED 0.00s]

[check] Delta_qp (quasiparticle 1-RDM) vs Delta_new (impurity-derived 1 - Delta_bb), final iteration:

  fragment 0: Delta_qp =
[[ 9.85961864e-01 -8.69003139e-04  7.32404620e-02]
 [-8.69003139e-04  1.38819641e-02 -7.28632753e-02]
 [ 7.32404620e-02 -7.28632753e-02  5.00156172e-01]]
  fragment 0: eig(Delta_qp)  = [0.00310079 0.5        0.99689921]

  fragment 0: Delta_new =
[[ 9.85961865e-01 -8.69003135e-04  7.32404619e-02]
 [-8.69003135e-04  1.38819641e-02 -7.28632752e-02]
 [ 7.32404619e-02 -7.28632752e-02  5.00156171e-01]]
  fragment 0: eig(Delta_new) = [0.00310079 0.5        0.99689921]

  fragment 0: max|Delta_qp - Delta_new| = 6.204e-10

  fragment 1: Delta_qp =
[[ 9.86165374e-01 -2.54390945e-04  7.26263335e-02]
 [-2.54390945e-04  1.40891569e-02 -7.34920951e-02]
 [ 7.26263335e-02 -7.34920951e-02  4.99745468e-01]]
  fragment 1: eig(Delta_qp)  = [0.00310079 0.5        0.99689921]

  fragment 1: Delta_new =
[[ 9.86165374e-01 -2.54390949e-04  7.26263336e-02]
 [-2.54390949e-04  1.40891569e-02 -7.34920953e-02]
 [ 7.26263336e-02 -7.34920953e-02  4.99745469e-01]]
  fragment 1: eig(Delta_new) = [0.00310079 0.5        0.99689921]

  fragment 1: max|Delta_qp - Delta_new| = 5.971e-10



Ng=2  U/t=5.7000  Z0=0.990308  Z1=0.990308  E_var/t=-5.91506795  docc=0.052912  converged=True  iters=1  seed from: backward
