[setup] Ng=2  Neff=3  impurity orbitals/spin=4  Fock dim=256  (sparse operators)
[setup] built impurity operators in 0.02s; ground state searched in the N_up=N_dn sector of dim 36
  it=  0  Z0=0.999969  Z1=0.999969  E_var=-2.820520  dE=-1.028e+02  docc=0.202847  n_phys=1.000000  |dDelta|=8.530e-09  |dR|=1.696e-08  [qp 0.00s | ED 0.00s]

[check] Delta_qp (quasiparticle 1-RDM) vs Delta_new (impurity-derived 1 - Delta_bb), final iteration:

  fragment 0: Delta_qp =
[[ 9.85900956e-01 -8.49263363e-04  8.32600219e-02]
 [-8.49263363e-04  1.39542498e-02 -8.29944297e-02]
 [ 8.32600219e-02 -8.29944297e-02  5.00144801e-01]]
  fragment 0: eig(Delta_qp)  = [8.85671543e-06 5.00000006e-01 9.99991143e-01]

  fragment 0: Delta_new =
[[ 9.85900956e-01 -8.49263443e-04  8.32600224e-02]
 [-8.49263443e-04  1.39542497e-02 -8.29944292e-02]
 [ 8.32600224e-02 -8.29944292e-02  5.00144797e-01]]
  fragment 0: eig(Delta_new) = [8.85671468e-06 5.00000002e-01 9.99991143e-01]

  fragment 0: max|Delta_qp - Delta_new| = 4.117e-09

  fragment 1: Delta_qp =
[[ 9.86135136e-01 -2.61998848e-04  8.26462864e-02]
 [-2.61998848e-04  1.41894934e-02 -8.36122245e-02]
 [ 8.26462864e-02 -8.36122245e-02  4.99675364e-01]]
  fragment 1: eig(Delta_qp)  = [8.85671187e-06 4.99999994e-01 9.99991143e-01]

  fragment 1: Delta_new =
[[ 9.86135136e-01 -2.61998768e-04  8.26462858e-02]
 [-2.61998768e-04  1.41894935e-02 -8.36122251e-02]
 [ 8.26462858e-02 -8.36122251e-02  4.99675369e-01]]
  fragment 1: eig(Delta_new) = [8.85671305e-06 4.99999998e-01 9.99991143e-01]

  fragment 1: max|Delta_qp - Delta_new| = 4.117e-09



Ng=2  U/t=1.5000  Z0=0.999969  Z1=0.999969  E_var/t=-2.82052027  docc=0.202847  converged=True  iters=1  seed from: backward
