[setup] Ng=2  Neff=3  impurity orbitals/spin=4  Fock dim=256  (sparse operators)
[setup] built impurity operators in 0.02s; ground state searched in the N_up=N_dn sector of dim 36
  it=  0  Z0=0.999913  Z1=0.999913  E_var=-2.152813  dE=-1.022e+02  docc=0.240623  n_phys=1.000000  |dDelta|=1.734e-11  |dR|=1.111e-07  [qp 0.00s | ED 0.01s]

[check] Delta_qp (quasiparticle 1-RDM) vs Delta_new (impurity-derived 1 - Delta_bb), final iteration:

  fragment 0: Delta_qp =
[[ 9.85876502e-01 -8.46842138e-04  8.33579660e-02]
 [-8.46842138e-04  1.39804144e-02 -8.30975373e-02]
 [ 8.33579660e-02 -8.30975373e-02  5.00143084e-01]]
  fragment 0: eig(Delta_qp)  = [1.52734768e-08 5.00000000e-01 9.99999985e-01]

  fragment 0: Delta_new =
[[ 9.85876502e-01 -8.46842140e-04  8.33579660e-02]
 [-8.46842140e-04  1.39804144e-02 -8.30975373e-02]
 [ 8.33579660e-02 -8.30975373e-02  5.00143084e-01]]
  fragment 0: eig(Delta_new) = [1.52735613e-08 5.00000000e-01 9.99999985e-01]

  fragment 0: max|Delta_qp - Delta_new| = 4.703e-12

  fragment 1: Delta_qp =
[[ 9.86110936e-01 -2.59872820e-04  8.27444064e-02]
 [-2.59872820e-04  1.42159982e-02 -8.37153375e-02]
 [ 8.27444064e-02 -8.37153375e-02  4.99673066e-01]]
  fragment 1: eig(Delta_qp)  = [1.52737862e-08 5.00000000e-01 9.99999985e-01]

  fragment 1: Delta_new =
[[ 9.86110936e-01 -2.59872818e-04  8.27444064e-02]
 [-2.59872818e-04  1.42159982e-02 -8.37153375e-02]
 [ 8.27444064e-02 -8.37153375e-02  4.99673066e-01]]
  fragment 1: eig(Delta_new) = [1.52736842e-08 5.00000000e-01 9.99999985e-01]

  fragment 1: max|Delta_qp - Delta_new| = 4.246e-12



Ng=2  U/t=0.3000  Z0=0.999913  Z1=0.999913  E_var/t=-2.15281278  docc=0.240623  converged=True  iters=1  seed from: backward
