READING FCIDUMP FILE FCIDUMP_loc_1.dat
Read 2 integrals
READING FCIDUMP FILE FCIDUMP_loc_2.dat
Read 2 integrals
READING FCIDUMP FILE FCIDUMP_env.dat
Read 1 1-body integrals
Testing with 4 ghosts, i.e. a Gutzwiller calculation
Using CMZED solver!
From SetqpRenorm(): Nr. of effective orbitals changend! Setting lambda potential to zero.
From SetqpRenorm(): Nr. of effective orbitals changend! Setting lambda potential to zero.
----------------------------------------------------------------------------------------------------
       Iteration Nr.                GS_E               dGS_E            |dDelta|                |dR|
----------------------------------------------------------------------------------------------------
                   0                 ***                 ***                 ***                 ***
                   1        -3.11352e+00                 ***                 ***                 ***
                   2        -3.12483e+00        -1.13029e-02         4.12061e-04         1.66491e-03
                   3        -3.12560e+00        -7.68439e-04         3.09753e-05         1.27023e-04
                   4        -3.12566e+00        -6.04518e-05         2.45834e-06         1.00922e-05
                   5        -3.12566e+00        -4.82361e-06         1.96379e-07         8.06275e-07
Ghost Gutzwiller iteration terminated!
Status:  Ghost Gutzwiller calculation converged after 5 iterations.
Final dE: -0.000005, ddelta: 0.000000, dR: 0.000001
Ground state energy: -3.1257
Ghost Gutzwiller simulation took: 0.095 s, ( 0.019 s per iteration ) of which:
-- 0 s on lambda optimization
-- 0 s on evaluating hybridization tensor
-- 0.087 s on impurity solver
-- 0 s on computing derivatives
-- 0 s on evaluating energies
-- 0 s on updating parameters
Saving R and lambda matrices to file
Final quasiparticle weight:  0.63685  0.62441  0.45216        0        0        0
       0        0        0  0.70116  0.69261 -0.16903
Eigenvalues of R^+R:   -4.94e-17 -2.7291e-17           0  1.5373e-16     0.99991     0.99991
Zmat: 
    0.89071 -8.8082e-15
 1.7616e-14     0.89071
Computing GF...
gf_num[0].shape = (1, 1); gf.shape = (2, 2)
GF evaluation took: 0.024 s ( 1.1994e-05 s per point )
