[setup] Ng=2  Neff=3  impurity orbitals/spin=4  Fock dim=256  (sparse operators)
[setup] built impurity operators in 0.01s; ground state searched in the N_up=N_dn sector of dim 36
  it=  0  Z0=0.399377  Z1=0.399377  E_var=-6.405501  dE=-1.064e+02  docc=0.055020  n_phys=1.000000  |dDelta|=2.828e+00  |dR|=1.217e-02  [qp 0.00s | ED 0.00s]
  it=  1  Z0=0.391725  Z1=0.391725  E_var=-6.399469  dE=6.032e-03  docc=0.054284  n_phys=1.000000  |dDelta|=4.461e-08  |dR|=7.371e-03  [qp 0.00s | ED 0.01s]
  it=  2  Z0=0.387126  Z1=0.387126  E_var=-6.395894  dE=3.575e-03  docc=0.053838  n_phys=1.000000  |dDelta|=1.144e-08  |dR|=4.506e-03  [qp 0.00s | ED 0.00s]
  it=  3  Z0=0.384327  Z1=0.384327  E_var=-6.393737  dE=2.157e-03  docc=0.053565  n_phys=1.000000  |dDelta|=1.695e-08  |dR|=2.770e-03  [qp 0.00s | ED 0.00s]
  it=  4  Z0=0.382612  Z1=0.382612  E_var=-6.392422  dE=1.315e-03  docc=0.053397  n_phys=1.000000  |dDelta|=4.303e-08  |dR|=1.709e-03  [qp 0.00s | ED 0.00s]
  it=  5  Z0=0.381556  Z1=0.381556  E_var=-6.391616  dE=8.067e-04  docc=0.053293  n_phys=1.000000  |dDelta|=6.719e-08  |dR|=1.056e-03  [qp 0.00s | ED 0.00s]
  it=  6  Z0=0.380904  Z1=0.380904  E_var=-6.391119  dE=4.970e-04  docc=0.053229  n_phys=1.000000  |dDelta|=7.544e-09  |dR|=6.536e-04  [qp 0.00s | ED 0.00s]
  it=  7  Z0=0.380500  Z1=0.380500  E_var=-6.390812  dE=3.070e-04  docc=0.053190  n_phys=1.000000  |dDelta|=2.466e-08  |dR|=4.048e-04  [qp 0.00s | ED 0.00s]
  it=  8  Z0=0.380251  Z1=0.380251  E_var=-6.390622  dE=1.899e-04  docc=0.053165  n_phys=1.000000  |dDelta|=1.203e-08  |dR|=2.508e-04  [qp 0.00s | ED 0.00s]
  it=  9  Z0=0.380096  Z1=0.380096  E_var=-6.390504  dE=1.176e-04  docc=0.053150  n_phys=1.000000  |dDelta|=3.692e-08  |dR|=1.555e-04  [qp 0.00s | ED 0.00s]
  it= 10  Z0=0.380000  Z1=0.380000  E_var=-6.390431  dE=7.285e-05  docc=0.053140  n_phys=1.000000  |dDelta|=9.899e-01  |dR|=6.265e-05  [qp 0.00s | ED 0.00s]
  it= 11  Z0=0.379962  Z1=0.379962  E_var=-6.390402  dE=2.935e-05  docc=0.053137  n_phys=1.000000  |dDelta|=1.590e-09  |dR|=4.718e-05  [qp 0.00s | ED 0.00s]
  it= 12  Z0=0.379932  Z1=0.379932  E_var=-6.390380  dE=2.210e-05  docc=0.053134  n_phys=1.000000  |dDelta|=2.656e-09  |dR|=3.553e-05  [qp 0.00s | ED 0.00s]
  it= 13  Z0=0.379911  Z1=0.379911  E_var=-6.390363  dE=1.664e-05  docc=0.053132  n_phys=1.000000  |dDelta|=3.428e-09  |dR|=2.675e-05  [qp 0.00s | ED 0.00s]
  it= 14  Z0=0.379894  Z1=0.379894  E_var=-6.390351  dE=1.253e-05  docc=0.053130  n_phys=1.000000  |dDelta|=1.876e-09  |dR|=2.015e-05  [qp 0.00s | ED 0.00s]
  it= 15  Z0=0.379882  Z1=0.379882  E_var=-6.390341  dE=9.435e-06  docc=0.053129  n_phys=1.000000  |dDelta|=6.229e-09  |dR|=1.517e-05  [qp 0.00s | ED 0.00s]
  it= 16  Z0=0.379872  Z1=0.379872  E_var=-6.390334  dE=7.105e-06  docc=0.053128  n_phys=1.000000  |dDelta|=1.488e-09  |dR|=1.143e-05  [qp 0.00s | ED 0.00s]
  it= 17  Z0=0.379865  Z1=0.379865  E_var=-6.390329  dE=5.350e-06  docc=0.053127  n_phys=1.000000  |dDelta|=5.166e-09  |dR|=8.605e-06  [qp 0.00s | ED 0.00s]
  it= 18  Z0=0.379860  Z1=0.379860  E_var=-6.390325  dE=4.029e-06  docc=0.053127  n_phys=1.000000  |dDelta|=4.548e-10  |dR|=6.480e-06  [qp 0.00s | ED 0.00s]
  it= 19  Z0=0.379856  Z1=0.379856  E_var=-6.390322  dE=3.034e-06  docc=0.053126  n_phys=1.000000  |dDelta|=2.758e-09  |dR|=4.880e-06  [qp 0.00s | ED 0.00s]
  it= 20  Z0=0.379853  Z1=0.379853  E_var=-6.390319  dE=2.285e-06  docc=0.053126  n_phys=1.000000  |dDelta|=7.799e-10  |dR|=3.675e-06  [qp 0.00s | ED 0.00s]
  it= 21  Z0=0.379851  Z1=0.379851  E_var=-6.390318  dE=1.721e-06  docc=0.053126  n_phys=1.000000  |dDelta|=1.407e-09  |dR|=2.768e-06  [qp 0.00s | ED 0.01s]
  it= 22  Z0=0.379849  Z1=0.379849  E_var=-6.390316  dE=1.296e-06  docc=0.053126  n_phys=1.000000  |dDelta|=3.863e-09  |dR|=2.085e-06  [qp 0.00s | ED 0.00s]
  it= 23  Z0=0.379848  Z1=0.379848  E_var=-6.390315  dE=9.760e-07  docc=0.053125  n_phys=1.000000  |dDelta|=5.838e-09  |dR|=1.570e-06  [qp 0.00s | ED 0.00s]

[check] Delta_qp (quasiparticle 1-RDM) vs Delta_new (impurity-derived 1 - Delta_bb), final iteration:

  fragment 0: Delta_qp =
[[ 0.50559589 -0.0537381  -0.02747288]
 [-0.0537381   0.9801311   0.11451423]
 [-0.02747288  0.11451423  0.01427301]]
  fragment 0: eig(Delta_qp)  = [-2.17834518e-17  5.00000000e-01  1.00000000e+00]

  fragment 0: Delta_new =
[[ 0.49440411  0.0537381   0.02747288]
 [ 0.0537381   0.0198689  -0.11451423]
 [ 0.02747288 -0.11451423  0.98572699]]
  fragment 0: eig(Delta_new) = [4.99600361e-16 5.00000000e-01 1.00000000e+00]

  fragment 0: max|Delta_qp - Delta_new| = 9.715e-01

  fragment 1: Delta_qp =
[[ 0.01986885  0.05373787 -0.11451425]
 [ 0.05373787  0.49440415  0.02747263]
 [-0.11451425  0.02747263  0.98572701]]
  fragment 1: eig(Delta_qp)  = [-6.34467565e-18  5.00000000e-01  1.00000000e+00]

  fragment 1: Delta_new =
[[ 0.98013115 -0.05373787  0.11451425]
 [-0.05373787  0.50559585 -0.02747263]
 [ 0.11451425 -0.02747263  0.01427299]]
  fragment 1: eig(Delta_new) = [-7.45931095e-17  5.00000000e-01  1.00000000e+00]

  fragment 1: max|Delta_qp - Delta_new| = 9.715e-01



Ng=2  U/t=6.3000  Z0=0.379847  Z1=0.379847  E_var/t=-6.390315  docc=0.053125  converged=True  iters=23
