[setup] Ng=2  Neff=3  impurity orbitals/spin=4  Fock dim=256  (sparse operators)
[setup] built impurity operators in 0.01s; ground state searched in the N_up=N_dn sector of dim 36
  it=  0  Z0=0.144405  Z1=0.144405  E_var=-7.514161  dE=-1.075e+02  docc=0.018310  n_phys=1.000000  |dDelta|=2.828e+00  |dR|=8.707e-03  [qp 0.00s | ED 0.00s]
  it=  1  Z0=0.141116  Z1=0.141116  E_var=-7.513181  dE=9.797e-04  docc=0.017937  n_phys=1.000000  |dDelta|=2.292e-08  |dR|=7.410e-03  [qp 0.00s | ED 0.00s]
  it=  2  Z0=0.138346  Z1=0.138346  E_var=-7.512378  dE=8.039e-04  docc=0.017621  n_phys=1.000000  |dDelta|=1.912e-08  |dR|=6.335e-03  [qp 0.00s | ED 0.00s]
  it=  3  Z0=0.135999  Z1=0.135999  E_var=-7.511712  dE=6.657e-04  docc=0.017352  n_phys=1.000000  |dDelta|=2.509e-08  |dR|=5.436e-03  [qp 0.00s | ED 0.00s]
  it=  4  Z0=0.134002  Z1=0.134002  E_var=-7.511156  dE=5.557e-04  docc=0.017123  n_phys=1.000000  |dDelta|=2.861e-08  |dR|=4.680e-03  [qp 0.00s | ED 0.00s]
  it=  5  Z0=0.132294  Z1=0.132294  E_var=-7.510689  dE=4.671e-04  docc=0.016927  n_phys=1.000000  |dDelta|=3.803e-08  |dR|=4.040e-03  [qp 0.00s | ED 0.00s]
  it=  6  Z0=0.130829  Z1=0.130829  E_var=-7.510294  dE=3.948e-04  docc=0.016758  n_phys=1.000000  |dDelta|=1.661e-08  |dR|=3.496e-03  [qp 0.00s | ED 0.00s]
  it=  7  Z0=0.129568  Z1=0.129568  E_var=-7.509959  dE=3.354e-04  docc=0.016612  n_phys=1.000000  |dDelta|=6.922e-08  |dR|=3.031e-03  [qp 0.00s | ED 0.00s]
  it=  8  Z0=0.128479  Z1=0.128479  E_var=-7.509673  dE=2.862e-04  docc=0.016486  n_phys=1.000000  |dDelta|=1.137e-08  |dR|=2.633e-03  [qp 0.00s | ED 0.00s]
  it=  9  Z0=0.127537  Z1=0.127537  E_var=-7.509427  dE=2.451e-04  docc=0.016376  n_phys=1.000000  |dDelta|=3.473e-09  |dR|=2.290e-03  [qp 0.00s | ED 0.00s]
  it= 10  Z0=0.126721  Z1=0.126721  E_var=-7.509217  dE=2.106e-04  docc=0.016282  n_phys=1.000000  |dDelta|=9.899e-01  |dR|=1.296e-03  [qp 0.00s | ED 0.00s]
  it= 11  Z0=0.126259  Z1=0.126259  E_var=-7.509099  dE=1.182e-04  docc=0.016228  n_phys=1.000000  |dDelta|=2.097e-09  |dR|=1.188e-03  [qp 0.00s | ED 0.00s]
  it= 12  Z0=0.125837  Z1=0.125837  E_var=-7.508991  dE=1.077e-04  docc=0.016179  n_phys=1.000000  |dDelta|=5.579e-09  |dR|=1.090e-03  [qp 0.00s | ED 0.00s]
  it= 13  Z0=0.125451  Z1=0.125451  E_var=-7.508893  dE=9.818e-05  docc=0.016134  n_phys=1.000000  |dDelta|=1.100e-09  |dR|=9.999e-04  [qp 0.00s | ED 0.00s]
  it= 14  Z0=0.125097  Z1=0.125097  E_var=-7.508803  dE=8.959e-05  docc=0.016093  n_phys=1.000000  |dDelta|=6.499e-09  |dR|=9.176e-04  [qp 0.00s | ED 0.00s]
  it= 15  Z0=0.124773  Z1=0.124773  E_var=-7.508721  dE=8.182e-05  docc=0.016055  n_phys=1.000000  |dDelta|=1.643e-09  |dR|=8.424e-04  [qp 0.00s | ED 0.00s]
  it= 16  Z0=0.124475  Z1=0.124475  E_var=-7.508647  dE=7.478e-05  docc=0.016020  n_phys=1.000000  |dDelta|=5.000e-09  |dR|=7.736e-04  [qp 0.00s | ED 0.00s]
  it= 17  Z0=0.124203  Z1=0.124203  E_var=-7.508578  dE=6.839e-05  docc=0.015988  n_phys=1.000000  |dDelta|=6.762e-10  |dR|=7.105e-04  [qp 0.00s | ED 0.00s]
  it= 18  Z0=0.123952  Z1=0.123952  E_var=-7.508516  dE=6.258e-05  docc=0.015959  n_phys=1.000000  |dDelta|=3.680e-09  |dR|=6.528e-04  [qp 0.00s | ED 0.00s]
  it= 19  Z0=0.123723  Z1=0.123723  E_var=-7.508458  dE=5.729e-05  docc=0.015932  n_phys=1.000000  |dDelta|=2.526e-09  |dR|=5.999e-04  [qp 0.00s | ED 0.00s]
  it= 20  Z0=0.123512  Z1=0.123512  E_var=-7.508406  dE=5.248e-05  docc=0.015908  n_phys=1.000000  |dDelta|=1.465e-09  |dR|=5.514e-04  [qp 0.00s | ED 0.00s]
  it= 21  Z0=0.123318  Z1=0.123318  E_var=-7.508358  dE=4.809e-05  docc=0.015885  n_phys=1.000000  |dDelta|=3.251e-09  |dR|=5.069e-04  [qp 0.00s | ED 0.00s]
  it= 22  Z0=0.123140  Z1=0.123140  E_var=-7.508314  dE=4.409e-05  docc=0.015864  n_phys=1.000000  |dDelta|=3.335e-09  |dR|=4.661e-04  [qp 0.00s | ED 0.00s]
  it= 23  Z0=0.122977  Z1=0.122977  E_var=-7.508273  dE=4.044e-05  docc=0.015845  n_phys=1.000000  |dDelta|=1.894e-10  |dR|=4.286e-04  [qp 0.00s | ED 0.00s]
  it= 24  Z0=0.122826  Z1=0.122826  E_var=-7.508236  dE=3.710e-05  docc=0.015828  n_phys=1.000000  |dDelta|=1.204e-09  |dR|=3.942e-04  [qp 0.00s | ED 0.00s]
  it= 25  Z0=0.122688  Z1=0.122688  E_var=-7.508202  dE=3.405e-05  docc=0.015812  n_phys=1.000000  |dDelta|=3.611e-10  |dR|=3.626e-04  [qp 0.00s | ED 0.00s]
  it= 26  Z0=0.122561  Z1=0.122561  E_var=-7.508171  dE=3.126e-05  docc=0.015797  n_phys=1.000000  |dDelta|=3.769e-09  |dR|=3.336e-04  [qp 0.00s | ED 0.00s]
  it= 27  Z0=0.122445  Z1=0.122445  E_var=-7.508142  dE=2.871e-05  docc=0.015783  n_phys=1.000000  |dDelta|=2.736e-09  |dR|=3.069e-04  [qp 0.00s | ED 0.00s]
  it= 28  Z0=0.122337  Z1=0.122337  E_var=-7.508116  dE=2.637e-05  docc=0.015771  n_phys=1.000000  |dDelta|=2.004e-09  |dR|=2.824e-04  [qp 0.00s | ED 0.00s]
  it= 29  Z0=0.122238  Z1=0.122238  E_var=-7.508091  dE=2.423e-05  docc=0.015759  n_phys=1.000000  |dDelta|=9.128e-09  |dR|=2.599e-04  [qp 0.00s | ED 0.00s]
  it= 30  Z0=0.122148  Z1=0.122148  E_var=-7.508069  dE=2.227e-05  docc=0.015748  n_phys=1.000000  |dDelta|=1.791e-09  |dR|=2.392e-04  [qp 0.00s | ED 0.00s]
  it= 31  Z0=0.122064  Z1=0.122064  E_var=-7.508049  dE=2.047e-05  docc=0.015739  n_phys=1.000000  |dDelta|=4.297e-10  |dR|=2.202e-04  [qp 0.00s | ED 0.00s]
  it= 32  Z0=0.121987  Z1=0.121987  E_var=-7.508030  dE=1.882e-05  docc=0.015730  n_phys=1.000000  |dDelta|=1.408e-09  |dR|=2.027e-04  [qp 0.00s | ED 0.00s]
  it= 33  Z0=0.121916  Z1=0.121916  E_var=-7.508013  dE=1.730e-05  docc=0.015721  n_phys=1.000000  |dDelta|=2.053e-10  |dR|=1.866e-04  [qp 0.00s | ED 0.00s]
  it= 34  Z0=0.121851  Z1=0.121851  E_var=-7.507997  dE=1.591e-05  docc=0.015714  n_phys=1.000000  |dDelta|=4.075e-09  |dR|=1.718e-04  [qp 0.00s | ED 0.00s]
  it= 35  Z0=0.121791  Z1=0.121791  E_var=-7.507982  dE=1.463e-05  docc=0.015707  n_phys=1.000000  |dDelta|=2.731e-09  |dR|=1.581e-04  [qp 0.00s | ED 0.00s]
  it= 36  Z0=0.121736  Z1=0.121736  E_var=-7.507969  dE=1.346e-05  docc=0.015700  n_phys=1.000000  |dDelta|=1.036e-09  |dR|=1.456e-04  [qp 0.00s | ED 0.00s]
  it= 37  Z0=0.121685  Z1=0.121685  E_var=-7.507956  dE=1.238e-05  docc=0.015694  n_phys=1.000000  |dDelta|=8.729e-10  |dR|=1.341e-04  [qp 0.00s | ED 0.00s]
  it= 38  Z0=0.121638  Z1=0.121638  E_var=-7.507945  dE=1.139e-05  docc=0.015689  n_phys=1.000000  |dDelta|=2.991e-09  |dR|=1.234e-04  [qp 0.00s | ED 0.00s]
  it= 39  Z0=0.121595  Z1=0.121595  E_var=-7.507934  dE=1.049e-05  docc=0.015684  n_phys=1.000000  |dDelta|=4.407e-09  |dR|=1.137e-04  [qp 0.00s | ED 0.00s]
  it= 40  Z0=0.121556  Z1=0.121556  E_var=-7.507925  dE=9.649e-06  docc=0.015679  n_phys=1.000000  |dDelta|=2.072e-09  |dR|=1.047e-04  [qp 0.00s | ED 0.00s]
  it= 41  Z0=0.121519  Z1=0.121519  E_var=-7.507916  dE=8.881e-06  docc=0.015675  n_phys=1.000000  |dDelta|=8.910e-10  |dR|=9.640e-05  [qp 0.00s | ED 0.00s]
  it= 42  Z0=0.121486  Z1=0.121486  E_var=-7.507908  dE=8.174e-06  docc=0.015671  n_phys=1.000000  |dDelta|=7.829e-10  |dR|=8.877e-05  [qp 0.00s | ED 0.00s]
  it= 43  Z0=0.121455  Z1=0.121455  E_var=-7.507900  dE=7.524e-06  docc=0.015667  n_phys=1.000000  |dDelta|=2.750e-09  |dR|=8.176e-05  [qp 0.00s | ED 0.00s]
  it= 44  Z0=0.121426  Z1=0.121426  E_var=-7.507893  dE=6.926e-06  docc=0.015664  n_phys=1.000000  |dDelta|=2.195e-09  |dR|=7.530e-05  [qp 0.00s | ED 0.00s]
  it= 45  Z0=0.121400  Z1=0.121400  E_var=-7.507887  dE=6.376e-06  docc=0.015661  n_phys=1.000000  |dDelta|=3.504e-09  |dR|=6.935e-05  [qp 0.00s | ED 0.00s]
  it= 46  Z0=0.121376  Z1=0.121376  E_var=-7.507881  dE=5.871e-06  docc=0.015658  n_phys=1.000000  |dDelta|=2.287e-09  |dR|=6.388e-05  [qp 0.00s | ED 0.00s]
  it= 47  Z0=0.121354  Z1=0.121354  E_var=-7.507876  dE=5.405e-06  docc=0.015655  n_phys=1.000000  |dDelta|=2.468e-09  |dR|=5.883e-05  [qp 0.00s | ED 0.00s]
  it= 48  Z0=0.121333  Z1=0.121333  E_var=-7.507871  dE=4.977e-06  docc=0.015653  n_phys=1.000000  |dDelta|=1.484e-09  |dR|=5.419e-05  [qp 0.00s | ED 0.00s]
  it= 49  Z0=0.121314  Z1=0.121314  E_var=-7.507866  dE=4.583e-06  docc=0.015651  n_phys=1.000000  |dDelta|=5.794e-09  |dR|=4.991e-05  [qp 0.00s | ED 0.00s]
  it= 50  Z0=0.121297  Z1=0.121297  E_var=-7.507862  dE=4.220e-06  docc=0.015649  n_phys=1.000000  |dDelta|=3.937e-09  |dR|=4.598e-05  [qp 0.00s | ED 0.00s]
  it= 51  Z0=0.121281  Z1=0.121281  E_var=-7.507858  dE=3.886e-06  docc=0.015647  n_phys=1.000000  |dDelta|=2.249e-09  |dR|=4.235e-05  [qp 0.00s | ED 0.00s]
  it= 52  Z0=0.121266  Z1=0.121266  E_var=-7.507854  dE=3.579e-06  docc=0.015645  n_phys=1.000000  |dDelta|=4.027e-09  |dR|=3.901e-05  [qp 0.00s | ED 0.00s]
  it= 53  Z0=0.121253  Z1=0.121253  E_var=-7.507851  dE=3.296e-06  docc=0.015644  n_phys=1.000000  |dDelta|=4.544e-10  |dR|=3.593e-05  [qp 0.00s | ED 0.00s]
  it= 54  Z0=0.121240  Z1=0.121240  E_var=-7.507848  dE=3.035e-06  docc=0.015642  n_phys=1.000000  |dDelta|=8.417e-10  |dR|=3.310e-05  [qp 0.00s | ED 0.00s]
  it= 55  Z0=0.121228  Z1=0.121228  E_var=-7.507845  dE=2.795e-06  docc=0.015641  n_phys=1.000000  |dDelta|=5.129e-09  |dR|=3.049e-05  [qp 0.00s | ED 0.00s]
  it= 56  Z0=0.121218  Z1=0.121218  E_var=-7.507843  dE=2.575e-06  docc=0.015640  n_phys=1.000000  |dDelta|=2.662e-09  |dR|=2.809e-05  [qp 0.00s | ED 0.00s]
  it= 57  Z0=0.121208  Z1=0.121208  E_var=-7.507840  dE=2.371e-06  docc=0.015638  n_phys=1.000000  |dDelta|=3.645e-09  |dR|=2.587e-05  [qp 0.00s | ED 0.00s]
  it= 58  Z0=0.121199  Z1=0.121199  E_var=-7.507838  dE=2.184e-06  docc=0.015637  n_phys=1.000000  |dDelta|=7.903e-10  |dR|=2.383e-05  [qp 0.00s | ED 0.00s]
  it= 59  Z0=0.121191  Z1=0.121191  E_var=-7.507836  dE=2.012e-06  docc=0.015636  n_phys=1.000000  |dDelta|=1.367e-09  |dR|=2.196e-05  [qp 0.00s | ED 0.00s]
  it= 60  Z0=0.121183  Z1=0.121183  E_var=-7.507834  dE=1.853e-06  docc=0.015635  n_phys=1.000000  |dDelta|=1.055e-09  |dR|=2.023e-05  [qp 0.00s | ED 0.00s]
  it= 61  Z0=0.121176  Z1=0.121176  E_var=-7.507832  dE=1.707e-06  docc=0.015635  n_phys=1.000000  |dDelta|=3.388e-10  |dR|=1.863e-05  [qp 0.00s | ED 0.00s]
  it= 62  Z0=0.121170  Z1=0.121170  E_var=-7.507831  dE=1.572e-06  docc=0.015634  n_phys=1.000000  |dDelta|=4.306e-09  |dR|=1.717e-05  [qp 0.00s | ED 0.00s]
  it= 63  Z0=0.121164  Z1=0.121164  E_var=-7.507829  dE=1.448e-06  docc=0.015633  n_phys=1.000000  |dDelta|=2.236e-09  |dR|=1.581e-05  [qp 0.00s | ED 0.00s]
  it= 64  Z0=0.121158  Z1=0.121158  E_var=-7.507828  dE=1.334e-06  docc=0.015633  n_phys=1.000000  |dDelta|=7.908e-10  |dR|=1.457e-05  [qp 0.00s | ED 0.01s]
  it= 65  Z0=0.121153  Z1=0.121153  E_var=-7.507827  dE=1.229e-06  docc=0.015632  n_phys=1.000000  |dDelta|=2.514e-09  |dR|=1.342e-05  [qp 0.00s | ED 0.00s]
  it= 66  Z0=0.121148  Z1=0.121148  E_var=-7.507826  dE=1.132e-06  docc=0.015631  n_phys=1.000000  |dDelta|=1.061e-09  |dR|=1.236e-05  [qp 0.00s | ED 0.00s]
  it= 67  Z0=0.121144  Z1=0.121144  E_var=-7.507825  dE=1.043e-06  docc=0.015631  n_phys=1.000000  |dDelta|=3.186e-09  |dR|=1.139e-05  [qp 0.00s | ED 0.00s]
  it= 68  Z0=0.121140  Z1=0.121140  E_var=-7.507824  dE=9.606e-07  docc=0.015630  n_phys=1.000000  |dDelta|=6.071e-10  |dR|=1.049e-05  [qp 0.00s | ED 0.00s]

[check] Delta_qp (quasiparticle 1-RDM) vs Delta_new (impurity-derived 1 - Delta_bb), final iteration:

  fragment 0: Delta_qp =
[[ 0.5055959  -0.05373812 -0.02747292]
 [-0.05373812  0.98013109  0.11451423]
 [-0.02747292  0.11451423  0.01427301]]
  fragment 0: eig(Delta_qp)  = [-2.97359397e-17  5.00000000e-01  1.00000000e+00]

  fragment 0: Delta_new =
[[ 0.4944041   0.05373812  0.02747292]
 [ 0.05373812  0.01986891 -0.11451423]
 [ 0.02747292 -0.11451423  0.98572699]]
  fragment 0: eig(Delta_new) = [1.94289029e-16 5.00000000e-01 1.00000000e+00]

  fragment 0: max|Delta_qp - Delta_new| = 9.715e-01

  fragment 1: Delta_qp =
[[ 0.01986885  0.05373787 -0.11451425]
 [ 0.05373787  0.49440415  0.02747264]
 [-0.11451425  0.02747264  0.98572701]]
  fragment 1: eig(Delta_qp)  = [5.63423634e-18 5.00000000e-01 1.00000000e+00]

  fragment 1: Delta_new =
[[ 0.98013115 -0.05373787  0.11451425]
 [-0.05373787  0.50559585 -0.02747264]
 [ 0.11451425 -0.02747264  0.01427299]]
  fragment 1: eig(Delta_new) = [2.32452946e-16 5.00000000e-01 1.00000000e+00]

  fragment 1: max|Delta_qp - Delta_new| = 9.715e-01



Ng=2  U/t=7.5000  Z0=0.121136  Z1=0.121136  E_var/t=-7.507824  docc=0.015630  converged=True  iters=68
