[setup] Ng=2  Neff=3  impurity orbitals/spin=4  Fock dim=256  (sparse operators)
[setup] built impurity operators in 0.01s; ground state searched in the N_up=N_dn sector of dim 36
  it=  0  Z0=0.924375  Z1=0.924375  E_var=-3.328219  dE=-1.033e+02  docc=0.178376  n_phys=1.000000  |dDelta|=2.828e+00  |dR|=6.725e-03  [qp 0.00s | ED 0.00s]
  it=  1  Z0=0.917921  Z1=0.917921  E_var=-3.316371  dE=1.185e-02  docc=0.178146  n_phys=1.000000  |dDelta|=3.997e-09  |dR|=5.527e-04  [qp 0.00s | ED 0.00s]
  it=  2  Z0=0.917391  Z1=0.917391  E_var=-3.315400  dE=9.714e-04  docc=0.178127  n_phys=1.000000  |dDelta|=2.195e-09  |dR|=4.566e-05  [qp 0.00s | ED 0.00s]
  it=  3  Z0=0.917348  Z1=0.917348  E_var=-3.315320  dE=8.024e-05  docc=0.178125  n_phys=1.000000  |dDelta|=9.047e-10  |dR|=3.774e-06  [qp 0.00s | ED 0.00s]
  it=  4  Z0=0.917344  Z1=0.917344  E_var=-3.315313  dE=6.632e-06  docc=0.178125  n_phys=1.000000  |dDelta|=1.847e-09  |dR|=3.120e-07  [qp 0.00s | ED 0.00s]

[check] Delta_qp (quasiparticle 1-RDM) vs Delta_new (impurity-derived 1 - Delta_bb), final iteration:

  fragment 0: Delta_qp =
[[ 0.5055959  -0.05373811 -0.02747285]
 [-0.05373811  0.9801311   0.11451423]
 [-0.02747285  0.11451423  0.01427301]]
  fragment 0: eig(Delta_qp)  = [-1.33688809e-17  5.00000000e-01  1.00000000e+00]

  fragment 0: Delta_new =
[[ 0.4944041   0.05373811  0.02747285]
 [ 0.05373811  0.0198689  -0.11451423]
 [ 0.02747285 -0.11451423  0.98572699]]
  fragment 0: eig(Delta_new) = [-3.1918912e-16  5.0000000e-01  1.0000000e+00]

  fragment 0: max|Delta_qp - Delta_new| = 9.715e-01

  fragment 1: Delta_qp =
[[ 0.01986885  0.05373787 -0.11451425]
 [ 0.05373787  0.49440415  0.0274727 ]
 [-0.11451425  0.0274727   0.985727  ]]
  fragment 1: eig(Delta_qp)  = [2.58053698e-18 5.00000000e-01 1.00000000e+00]

  fragment 1: Delta_new =
[[ 0.98013115 -0.05373787  0.11451425]
 [-0.05373787  0.50559585 -0.0274727 ]
 [ 0.11451425 -0.0274727   0.014273  ]]
  fragment 1: eig(Delta_new) = [2.22044605e-16 5.00000000e-01 1.00000000e+00]

  fragment 1: max|Delta_qp - Delta_new| = 9.715e-01



Ng=2  U/t=2.3000  Z0=0.917344  Z1=0.917344  E_var/t=-3.315313  docc=0.178125  converged=True  iters=4
