[setup] Ng=2  Neff=3  impurity orbitals/spin=4  Fock dim=256  (sparse operators)
[setup] built impurity operators in 0.02s; ground state searched in the N_up=N_dn sector of dim 36
  it=  0  Z0=0.999842  Z1=0.999842  E_var=-3.316475  dE=-1.033e+02  docc=0.177103  n_phys=1.000000  |dDelta|=7.528e-09  |dR|=2.466e-08  [qp 0.00s | ED 0.00s]

[check] Delta_qp (quasiparticle 1-RDM) vs Delta_new (impurity-derived 1 - Delta_bb), final iteration:

  fragment 0: Delta_qp =
[[ 0.50655963 -0.05944807 -0.03235325]
 [-0.05944807  0.98165385  0.10087196]
 [-0.03235325  0.10087196  0.01178653]]
  fragment 0: eig(Delta_qp)  = [5.11182161e-05 5.00000005e-01 9.99948882e-01]

  fragment 0: Delta_new =
[[ 0.50655963 -0.05944807 -0.03235325]
 [-0.05944807  0.98165385  0.10087196]
 [-0.03235325  0.10087196  0.01178653]]
  fragment 0: eig(Delta_new) = [5.11182119e-05 5.00000001e-01 9.99948882e-01]

  fragment 0: max|Delta_qp - Delta_new| = 3.741e-09

  fragment 1: Delta_qp =
[[ 0.01752951  0.02523459 -0.12407348]
 [ 0.02523459  0.50054976  0.03748384]
 [-0.12407348  0.03748384  0.98192073]]
  fragment 1: eig(Delta_qp)  = [5.11182165e-05 4.99999995e-01 9.99948882e-01]

  fragment 1: Delta_new =
[[ 0.01752951  0.02523459 -0.12407348]
 [ 0.02523459  0.50054976  0.03748384]
 [-0.12407348  0.03748384  0.98192073]]
  fragment 1: eig(Delta_new) = [5.11182124e-05 4.99999999e-01 9.99948882e-01]

  fragment 1: max|Delta_qp - Delta_new| = 3.663e-09



Ng=2  U/t=2.3000  Z0=0.999842  Z1=0.999842  E_var/t=-3.31647541  docc=0.177103  converged=True  iters=1  seed from: forward
