[setup] Ng=2  Neff=3  impurity orbitals/spin=4  Fock dim=256  (sparse operators)
[setup] built impurity operators in 0.02s; ground state searched in the N_up=N_dn sector of dim 36
  it=  0  Z0=0.437502  Z1=0.437502  E_var=-6.228949  dE=-1.062e+02  docc=0.061152  n_phys=1.000000  |dDelta|=2.828e+00  |dR|=1.233e-02  [qp 0.00s | ED 0.00s]
  it=  1  Z0=0.429383  Z1=0.429383  E_var=-6.221946  dE=7.003e-03  docc=0.060395  n_phys=1.000000  |dDelta|=3.299e-08  |dR|=7.013e-03  [qp 0.00s | ED 0.00s]
  it=  2  Z0=0.424800  Z1=0.424800  E_var=-6.218042  dE=3.904e-03  docc=0.059964  n_phys=1.000000  |dDelta|=2.250e-08  |dR|=4.026e-03  [qp 0.00s | ED 0.00s]
  it=  3  Z0=0.422180  Z1=0.422180  E_var=-6.215826  dE=2.216e-03  docc=0.059716  n_phys=1.000000  |dDelta|=5.029e-09  |dR|=2.324e-03  [qp 0.00s | ED 0.00s]
  it=  4  Z0=0.420671  Z1=0.420671  E_var=-6.214555  dE=1.270e-03  docc=0.059573  n_phys=1.000000  |dDelta|=2.614e-08  |dR|=1.345e-03  [qp 0.00s | ED 0.00s]
  it=  5  Z0=0.419799  Z1=0.419799  E_var=-6.213823  dE=7.326e-04  docc=0.059490  n_phys=1.000000  |dDelta|=1.911e-08  |dR|=7.803e-04  [qp 0.00s | ED 0.00s]
  it=  6  Z0=0.419294  Z1=0.419294  E_var=-6.213399  dE=4.239e-04  docc=0.059442  n_phys=1.000000  |dDelta|=1.968e-08  |dR|=4.530e-04  [qp 0.00s | ED 0.00s]
  it=  7  Z0=0.419000  Z1=0.419000  E_var=-6.213153  dE=2.458e-04  docc=0.059414  n_phys=1.000000  |dDelta|=2.624e-09  |dR|=2.632e-04  [qp 0.00s | ED 0.00s]
  it=  8  Z0=0.418830  Z1=0.418830  E_var=-6.213010  dE=1.427e-04  docc=0.059398  n_phys=1.000000  |dDelta|=5.538e-09  |dR|=1.529e-04  [qp 0.00s | ED 0.00s]
  it=  9  Z0=0.418731  Z1=0.418731  E_var=-6.212928  dE=8.288e-05  docc=0.059388  n_phys=1.000000  |dDelta|=2.710e-08  |dR|=8.889e-05  [qp 0.00s | ED 0.00s]
  it= 10  Z0=0.418674  Z1=0.418674  E_var=-6.212879  dE=4.816e-05  docc=0.059383  n_phys=1.000000  |dDelta|=9.899e-01  |dR|=3.359e-05  [qp 0.00s | ED 0.00s]
  it= 11  Z0=0.418652  Z1=0.418652  E_var=-6.212861  dE=1.820e-05  docc=0.059381  n_phys=1.000000  |dDelta|=2.326e-09  |dR|=2.445e-05  [qp 0.00s | ED 0.00s]
  it= 12  Z0=0.418636  Z1=0.418636  E_var=-6.212848  dE=1.324e-05  docc=0.059379  n_phys=1.000000  |dDelta|=1.725e-09  |dR|=1.779e-05  [qp 0.00s | ED 0.00s]
  it= 13  Z0=0.418625  Z1=0.418625  E_var=-6.212838  dE=9.640e-06  docc=0.059378  n_phys=1.000000  |dDelta|=2.215e-09  |dR|=1.295e-05  [qp 0.00s | ED 0.00s]
  it= 14  Z0=0.418616  Z1=0.418616  E_var=-6.212831  dE=7.016e-06  docc=0.059377  n_phys=1.000000  |dDelta|=1.968e-09  |dR|=9.428e-06  [qp 0.00s | ED 0.00s]
  it= 15  Z0=0.418610  Z1=0.418610  E_var=-6.212826  dE=5.107e-06  docc=0.059377  n_phys=1.000000  |dDelta|=1.474e-09  |dR|=6.863e-06  [qp 0.00s | ED 0.00s]
  it= 16  Z0=0.418606  Z1=0.418606  E_var=-6.212822  dE=3.717e-06  docc=0.059376  n_phys=1.000000  |dDelta|=3.941e-09  |dR|=4.995e-06  [qp 0.00s | ED 0.00s]
  it= 17  Z0=0.418602  Z1=0.418602  E_var=-6.212820  dE=2.706e-06  docc=0.059376  n_phys=1.000000  |dDelta|=9.909e-10  |dR|=3.636e-06  [qp 0.00s | ED 0.00s]
  it= 18  Z0=0.418600  Z1=0.418600  E_var=-6.212818  dE=1.970e-06  docc=0.059376  n_phys=1.000000  |dDelta|=7.217e-10  |dR|=2.647e-06  [qp 0.00s | ED 0.00s]
  it= 19  Z0=0.418598  Z1=0.418598  E_var=-6.212816  dE=1.434e-06  docc=0.059375  n_phys=1.000000  |dDelta|=1.912e-09  |dR|=1.927e-06  [qp 0.00s | ED 0.00s]
  it= 20  Z0=0.418597  Z1=0.418597  E_var=-6.212815  dE=1.044e-06  docc=0.059375  n_phys=1.000000  |dDelta|=1.466e-09  |dR|=1.402e-06  [qp 0.00s | ED 0.00s]
  it= 21  Z0=0.418596  Z1=0.418596  E_var=-6.212815  dE=7.596e-07  docc=0.059375  n_phys=1.000000  |dDelta|=1.142e-09  |dR|=1.021e-06  [qp 0.00s | ED 0.00s]

[check] Delta_qp (quasiparticle 1-RDM) vs Delta_new (impurity-derived 1 - Delta_bb), final iteration:

  fragment 0: Delta_qp =
[[ 0.5055959  -0.05373812 -0.02747287]
 [-0.05373812  0.98013109  0.11451423]
 [-0.02747287  0.11451423  0.01427301]]
  fragment 0: eig(Delta_qp)  = [2.05432875e-17 5.00000000e-01 1.00000000e+00]

  fragment 0: Delta_new =
[[ 0.4944041   0.05373812  0.02747287]
 [ 0.05373812  0.01986891 -0.11451423]
 [ 0.02747287 -0.11451423  0.98572699]]
  fragment 0: eig(Delta_new) = [3.33066907e-16 5.00000000e-01 1.00000000e+00]

  fragment 0: max|Delta_qp - Delta_new| = 9.715e-01

  fragment 1: Delta_qp =
[[ 0.01986884  0.05373786 -0.11451425]
 [ 0.05373786  0.49440415  0.02747269]
 [-0.11451425  0.02747269  0.985727  ]]
  fragment 1: eig(Delta_qp)  = [-9.66241433e-19  5.00000000e-01  1.00000000e+00]

  fragment 1: Delta_new =
[[ 0.98013116 -0.05373786  0.11451425]
 [-0.05373786  0.50559585 -0.02747269]
 [ 0.11451425 -0.02747269  0.014273  ]]
  fragment 1: eig(Delta_new) = [5.84601811e-16 5.00000000e-01 1.00000000e+00]

  fragment 1: max|Delta_qp - Delta_new| = 9.715e-01



Ng=2  U/t=6.1000  Z0=0.418596  Z1=0.418596  E_var/t=-6.212815  docc=0.059375  converged=True  iters=21
