[setup] Ng=2  Neff=3  impurity orbitals/spin=4  Fock dim=256  (sparse operators)
[setup] built impurity operators in 0.02s; ground state searched in the N_up=N_dn sector of dim 36
  it=  0  Z0=0.977500  Z1=0.977500  E_var=-2.710419  dE=-1.027e+02  docc=0.209454  n_phys=1.000000  |dDelta|=2.828e+00  |dR|=3.851e-03  [qp 0.00s | ED 0.00s]
  it=  1  Z0=0.973696  Z1=0.973696  E_var=-2.703013  dE=7.407e-03  docc=0.209377  n_phys=1.000000  |dDelta|=3.136e-10  |dR|=1.014e-04  [qp 0.00s | ED 0.00s]
  it=  2  Z0=0.973596  Z1=0.973596  E_var=-2.702818  dE=1.948e-04  docc=0.209375  n_phys=1.000000  |dDelta|=1.137e-09  |dR|=2.677e-06  [qp 0.00s | ED 0.00s]
  it=  3  Z0=0.973594  Z1=0.973594  E_var=-2.702813  dE=5.143e-06  docc=0.209375  n_phys=1.000000  |dDelta|=1.810e-09  |dR|=7.069e-08  [qp 0.00s | ED 0.00s]

[check] Delta_qp (quasiparticle 1-RDM) vs Delta_new (impurity-derived 1 - Delta_bb), final iteration:

  fragment 0: Delta_qp =
[[ 0.5055959  -0.05373811 -0.02747285]
 [-0.05373811  0.9801311   0.11451423]
 [-0.02747285  0.11451423  0.01427301]]
  fragment 0: eig(Delta_qp)  = [-2.53884373e-17  5.00000000e-01  1.00000000e+00]

  fragment 0: Delta_new =
[[ 0.4944041   0.05373811  0.02747285]
 [ 0.05373811  0.0198689  -0.11451423]
 [ 0.02747285 -0.11451423  0.98572699]]
  fragment 0: eig(Delta_new) = [-1.2490009e-16  5.0000000e-01  1.0000000e+00]

  fragment 0: max|Delta_qp - Delta_new| = 9.715e-01

  fragment 1: Delta_qp =
[[ 0.01986885  0.05373787 -0.11451424]
 [ 0.05373787  0.49440415  0.02747271]
 [-0.11451424  0.02747271  0.985727  ]]
  fragment 1: eig(Delta_qp)  = [2.81090512e-17 5.00000000e-01 1.00000000e+00]

  fragment 1: Delta_new =
[[ 0.98013115 -0.05373787  0.11451424]
 [-0.05373787  0.50559585 -0.02747271]
 [ 0.11451424 -0.02747271  0.014273  ]]
  fragment 1: eig(Delta_new) = [6.07153217e-17 5.00000000e-01 1.00000000e+00]

  fragment 1: max|Delta_qp - Delta_new| = 9.715e-01



Ng=2  U/t=1.3000  Z0=0.973594  Z1=0.973594  E_var/t=-2.702813  docc=0.209375  converged=True  iters=3
