[setup] Ng=2  Neff=3  impurity orbitals/spin=4  Fock dim=256  (sparse operators)
[setup] built impurity operators in 0.01s; ground state searched in the N_up=N_dn sector of dim 36
  it=  0  Z0=0.234385  Z1=0.234385  E_var=-7.135237  dE=-1.071e+02  docc=0.030530  n_phys=1.000000  |dDelta|=2.828e+00  |dR|=1.050e-02  [qp 0.00s | ED 0.00s]
  it=  1  Z0=0.229330  Z1=0.229330  E_var=-7.132863  dE=2.374e-03  docc=0.029986  n_phys=1.000000  |dDelta|=4.379e-09  |dR|=8.032e-03  [qp 0.00s | ED 0.00s]
  it=  2  Z0=0.225500  Z1=0.225500  E_var=-7.131102  dE=1.761e-03  docc=0.029570  n_phys=1.000000  |dDelta|=1.283e-08  |dR|=6.186e-03  [qp 0.00s | ED 0.00s]
  it=  3  Z0=0.222571  Z1=0.222571  E_var=-7.129779  dE=1.323e-03  docc=0.029251  n_phys=1.000000  |dDelta|=1.007e-08  |dR|=4.788e-03  [qp 0.00s | ED 0.00s]
  it=  4  Z0=0.220318  Z1=0.220318  E_var=-7.128774  dE=1.005e-03  docc=0.029004  n_phys=1.000000  |dDelta|=2.779e-08  |dR|=3.721e-03  [qp 0.00s | ED 0.00s]
  it=  5  Z0=0.218575  Z1=0.218575  E_var=-7.128005  dE=7.692e-04  docc=0.028813  n_phys=1.000000  |dDelta|=3.679e-08  |dR|=2.900e-03  [qp 0.00s | ED 0.00s]
  it=  6  Z0=0.217222  Z1=0.217222  E_var=-7.127412  dE=5.925e-04  docc=0.028664  n_phys=1.000000  |dDelta|=5.636e-08  |dR|=2.265e-03  [qp 0.00s | ED 0.00s]
  it=  7  Z0=0.216167  Z1=0.216167  E_var=-7.126953  dE=4.586e-04  docc=0.028548  n_phys=1.000000  |dDelta|=2.025e-08  |dR|=1.773e-03  [qp 0.00s | ED 0.00s]
  it=  8  Z0=0.215344  Z1=0.215344  E_var=-7.126597  dE=3.563e-04  docc=0.028457  n_phys=1.000000  |dDelta|=4.743e-08  |dR|=1.389e-03  [qp 0.00s | ED 0.00s]
  it=  9  Z0=0.214700  Z1=0.214700  E_var=-7.126320  dE=2.776e-04  docc=0.028386  n_phys=1.000000  |dDelta|=6.946e-08  |dR|=1.090e-03  [qp 0.00s | ED 0.00s]
  it= 10  Z0=0.214195  Z1=0.214195  E_var=-7.126103  dE=2.168e-04  docc=0.028330  n_phys=1.000000  |dDelta|=9.899e-01  |dR|=5.562e-04  [qp 0.00s | ED 0.00s]
  it= 11  Z0=0.213938  Z1=0.213938  E_var=-7.125992  dE=1.103e-04  docc=0.028302  n_phys=1.000000  |dDelta|=3.717e-09  |dR|=4.787e-04  [qp 0.00s | ED 0.00s]
  it= 12  Z0=0.213716  Z1=0.213716  E_var=-7.125898  dE=9.477e-05  docc=0.028277  n_phys=1.000000  |dDelta|=1.758e-09  |dR|=4.120e-04  [qp 0.00s | ED 0.00s]
  it= 13  Z0=0.213526  Z1=0.213526  E_var=-7.125816  dE=8.145e-05  docc=0.028256  n_phys=1.000000  |dDelta|=2.062e-09  |dR|=3.548e-04  [qp 0.00s | ED 0.00s]
  it= 14  Z0=0.213362  Z1=0.213362  E_var=-7.125746  dE=7.003e-05  docc=0.028238  n_phys=1.000000  |dDelta|=4.193e-10  |dR|=3.055e-04  [qp 0.00s | ED 0.00s]
  it= 15  Z0=0.213221  Z1=0.213221  E_var=-7.125686  dE=6.024e-05  docc=0.028222  n_phys=1.000000  |dDelta|=4.374e-09  |dR|=2.631e-04  [qp 0.00s | ED 0.00s]
  it= 16  Z0=0.213099  Z1=0.213099  E_var=-7.125634  dE=5.182e-05  docc=0.028209  n_phys=1.000000  |dDelta|=2.102e-09  |dR|=2.266e-04  [qp 0.00s | ED 0.00s]
  it= 17  Z0=0.212995  Z1=0.212995  E_var=-7.125590  dE=4.460e-05  docc=0.028197  n_phys=1.000000  |dDelta|=2.086e-09  |dR|=1.952e-04  [qp 0.00s | ED 0.00s]
  it= 18  Z0=0.212905  Z1=0.212905  E_var=-7.125551  dE=3.839e-05  docc=0.028187  n_phys=1.000000  |dDelta|=3.353e-09  |dR|=1.682e-04  [qp 0.00s | ED 0.00s]
  it= 19  Z0=0.212827  Z1=0.212827  E_var=-7.125518  dE=3.305e-05  docc=0.028179  n_phys=1.000000  |dDelta|=1.393e-09  |dR|=1.449e-04  [qp 0.00s | ED 0.00s]
  it= 20  Z0=0.212760  Z1=0.212760  E_var=-7.125490  dE=2.846e-05  docc=0.028171  n_phys=1.000000  |dDelta|=2.241e-09  |dR|=1.249e-04  [qp 0.00s | ED 0.00s]
  it= 21  Z0=0.212703  Z1=0.212703  E_var=-7.125465  dE=2.451e-05  docc=0.028165  n_phys=1.000000  |dDelta|=1.602e-09  |dR|=1.076e-04  [qp 0.00s | ED 0.00s]
  it= 22  Z0=0.212653  Z1=0.212653  E_var=-7.125444  dE=2.111e-05  docc=0.028159  n_phys=1.000000  |dDelta|=2.990e-09  |dR|=9.271e-05  [qp 0.00s | ED 0.00s]
  it= 23  Z0=0.212610  Z1=0.212610  E_var=-7.125426  dE=1.819e-05  docc=0.028155  n_phys=1.000000  |dDelta|=4.182e-10  |dR|=7.990e-05  [qp 0.00s | ED 0.00s]
  it= 24  Z0=0.212574  Z1=0.212574  E_var=-7.125410  dE=1.567e-05  docc=0.028150  n_phys=1.000000  |dDelta|=1.468e-09  |dR|=6.885e-05  [qp 0.00s | ED 0.00s]
  it= 25  Z0=0.212542  Z1=0.212542  E_var=-7.125397  dE=1.350e-05  docc=0.028147  n_phys=1.000000  |dDelta|=2.955e-09  |dR|=5.934e-05  [qp 0.00s | ED 0.00s]
  it= 26  Z0=0.212514  Z1=0.212514  E_var=-7.125385  dE=1.163e-05  docc=0.028144  n_phys=1.000000  |dDelta|=1.961e-09  |dR|=5.114e-05  [qp 0.00s | ED 0.00s]
  it= 27  Z0=0.212491  Z1=0.212491  E_var=-7.125375  dE=1.002e-05  docc=0.028141  n_phys=1.000000  |dDelta|=3.793e-09  |dR|=4.407e-05  [qp 0.00s | ED 0.00s]
  it= 28  Z0=0.212471  Z1=0.212471  E_var=-7.125366  dE=8.635e-06  docc=0.028139  n_phys=1.000000  |dDelta|=3.199e-09  |dR|=3.799e-05  [qp 0.00s | ED 0.00s]
  it= 29  Z0=0.212453  Z1=0.212453  E_var=-7.125359  dE=7.441e-06  docc=0.028137  n_phys=1.000000  |dDelta|=3.724e-09  |dR|=3.274e-05  [qp 0.00s | ED 0.00s]
  it= 30  Z0=0.212438  Z1=0.212438  E_var=-7.125353  dE=6.412e-06  docc=0.028135  n_phys=1.000000  |dDelta|=2.860e-09  |dR|=2.822e-05  [qp 0.00s | ED 0.00s]
  it= 31  Z0=0.212425  Z1=0.212425  E_var=-7.125347  dE=5.526e-06  docc=0.028134  n_phys=1.000000  |dDelta|=1.372e-09  |dR|=2.432e-05  [qp 0.00s | ED 0.00s]
  it= 32  Z0=0.212414  Z1=0.212414  E_var=-7.125342  dE=4.763e-06  docc=0.028133  n_phys=1.000000  |dDelta|=2.598e-09  |dR|=2.096e-05  [qp 0.00s | ED 0.00s]
  it= 33  Z0=0.212404  Z1=0.212404  E_var=-7.125338  dE=4.105e-06  docc=0.028132  n_phys=1.000000  |dDelta|=5.692e-09  |dR|=1.807e-05  [qp 0.00s | ED 0.00s]
  it= 34  Z0=0.212396  Z1=0.212396  E_var=-7.125335  dE=3.538e-06  docc=0.028131  n_phys=1.000000  |dDelta|=2.535e-09  |dR|=1.557e-05  [qp 0.00s | ED 0.00s]
  it= 35  Z0=0.212389  Z1=0.212389  E_var=-7.125332  dE=3.049e-06  docc=0.028130  n_phys=1.000000  |dDelta|=6.097e-09  |dR|=1.342e-05  [qp 0.00s | ED 0.00s]
  it= 36  Z0=0.212382  Z1=0.212382  E_var=-7.125329  dE=2.628e-06  docc=0.028129  n_phys=1.000000  |dDelta|=4.542e-09  |dR|=1.157e-05  [qp 0.00s | ED 0.00s]
  it= 37  Z0=0.212377  Z1=0.212377  E_var=-7.125327  dE=2.265e-06  docc=0.028129  n_phys=1.000000  |dDelta|=3.214e-09  |dR|=9.974e-06  [qp 0.00s | ED 0.00s]
  it= 38  Z0=0.212372  Z1=0.212372  E_var=-7.125325  dE=1.952e-06  docc=0.028128  n_phys=1.000000  |dDelta|=1.532e-09  |dR|=8.597e-06  [qp 0.00s | ED 0.00s]
  it= 39  Z0=0.212368  Z1=0.212368  E_var=-7.125323  dE=1.683e-06  docc=0.028128  n_phys=1.000000  |dDelta|=6.825e-10  |dR|=7.410e-06  [qp 0.00s | ED 0.00s]
  it= 40  Z0=0.212365  Z1=0.212365  E_var=-7.125322  dE=1.450e-06  docc=0.028127  n_phys=1.000000  |dDelta|=4.250e-09  |dR|=6.387e-06  [qp 0.00s | ED 0.00s]
  it= 41  Z0=0.212362  Z1=0.212362  E_var=-7.125320  dE=1.250e-06  docc=0.028127  n_phys=1.000000  |dDelta|=1.867e-09  |dR|=5.505e-06  [qp 0.00s | ED 0.00s]
  it= 42  Z0=0.212360  Z1=0.212360  E_var=-7.125319  dE=1.078e-06  docc=0.028127  n_phys=1.000000  |dDelta|=1.097e-09  |dR|=4.746e-06  [qp 0.00s | ED 0.00s]
  it= 43  Z0=0.212357  Z1=0.212357  E_var=-7.125318  dE=9.288e-07  docc=0.028127  n_phys=1.000000  |dDelta|=5.325e-09  |dR|=4.090e-06  [qp 0.00s | ED 0.00s]

[check] Delta_qp (quasiparticle 1-RDM) vs Delta_new (impurity-derived 1 - Delta_bb), final iteration:

  fragment 0: Delta_qp =
[[ 0.50559589 -0.0537381  -0.02747291]
 [-0.0537381   0.9801311   0.11451423]
 [-0.02747291  0.11451423  0.01427301]]
  fragment 0: eig(Delta_qp)  = [1.98324714e-18 5.00000000e-01 1.00000000e+00]

  fragment 0: Delta_new =
[[ 0.49440411  0.0537381   0.02747291]
 [ 0.0537381   0.0198689  -0.11451423]
 [ 0.02747291 -0.11451423  0.98572699]]
  fragment 0: eig(Delta_new) = [-7.21644966e-16  5.00000000e-01  1.00000000e+00]

  fragment 0: max|Delta_qp - Delta_new| = 9.715e-01

  fragment 1: Delta_qp =
[[ 0.01986884  0.05373785 -0.11451423]
 [ 0.05373785  0.49440416  0.02747281]
 [-0.11451423  0.02747281  0.985727  ]]
  fragment 1: eig(Delta_qp)  = [-1.9854603e-18  5.0000000e-01  1.0000000e+00]

  fragment 1: Delta_new =
[[ 0.98013116 -0.05373785  0.11451423]
 [-0.05373785  0.50559584 -0.02747281]
 [ 0.11451423 -0.02747281  0.014273  ]]
  fragment 1: eig(Delta_new) = [9.19403442e-17 5.00000000e-01 1.00000000e+00]

  fragment 1: max|Delta_qp - Delta_new| = 9.715e-01



Ng=2  U/t=7.1000  Z0=0.212356  Z1=0.212356  E_var/t=-7.125318  docc=0.028127  converged=True  iters=43
