[setup] Ng=2  Neff=3  impurity orbitals/spin=4  Fock dim=256  (sparse operators)
[setup] built impurity operators in 0.02s; ground state searched in the N_up=N_dn sector of dim 36
  it=  0  Z0=0.991170  Z1=0.991170  E_var=-5.826079  dE=-1.058e+02  docc=0.057191  n_phys=1.000000  |dDelta|=3.060e-11  |dR|=2.786e-09  [qp 0.00s | ED 0.00s]

[check] Delta_qp (quasiparticle 1-RDM) vs Delta_new (impurity-derived 1 - Delta_bb), final iteration:

  fragment 0: Delta_qp =
[[ 9.85983146e-01 -8.69131925e-04  7.41125051e-02]
 [-8.69131925e-04  1.38601687e-02 -7.37415136e-02]
 [ 7.41125051e-02 -7.37415136e-02  5.00156685e-01]]
  fragment 0: eig(Delta_qp)  = [0.00282094 0.5        0.99717906]

  fragment 0: Delta_new =
[[ 9.85983146e-01 -8.69131922e-04  7.41125051e-02]
 [-8.69131922e-04  1.38601687e-02 -7.37415136e-02]
 [ 7.41125051e-02 -7.37415136e-02  5.00156685e-01]]
  fragment 0: eig(Delta_new) = [0.00282094 0.5        0.99717906]

  fragment 0: max|Delta_qp - Delta_new| = 8.111e-12

  fragment 1: Delta_qp =
[[ 9.86189294e-01 -2.56783344e-04  7.34983932e-02]
 [-2.56783344e-04  1.40697760e-02 -7.43693433e-02]
 [ 7.34983932e-02 -7.43693433e-02  4.99740930e-01]]
  fragment 1: eig(Delta_qp)  = [0.00282094 0.5        0.99717906]

  fragment 1: Delta_new =
[[ 9.86189294e-01 -2.56783347e-04  7.34983932e-02]
 [-2.56783347e-04  1.40697760e-02 -7.43693433e-02]
 [ 7.34983932e-02 -7.43693433e-02  4.99740930e-01]]
  fragment 1: eig(Delta_new) = [0.00282094 0.5        0.99717906]

  fragment 1: max|Delta_qp - Delta_new| = 9.290e-12



Ng=2  U/t=5.6000  Z0=0.991170  Z1=0.991170  E_var/t=-5.82607930  docc=0.057191  converged=True  iters=1  seed from: backward
