[setup] Ng=2  Neff=3  impurity orbitals/spin=4  Fock dim=256  (sparse operators)
[setup] built impurity operators in 0.02s; ground state searched in the N_up=N_dn sector of dim 36
  it=  0  Z0=0.988092  Z1=0.988092  E_var=-8.521315  dE=-1.085e+02  docc=0.007512  n_phys=1.000000  |dDelta|=8.912e-01  |dR|=1.391e-07  [qp 0.00s | ED 0.00s]
  it=  1  Z0=0.988092  Z1=0.988092  E_var=-8.521315  dE=3.643e-10  docc=0.007512  n_phys=1.000000  |dDelta|=2.558e-08  |dR|=3.408e-08  [qp 0.00s | ED 0.00s]

[check] Delta_qp (quasiparticle 1-RDM) vs Delta_new (impurity-derived 1 - Delta_bb), final iteration:

  fragment 0: Delta_qp =
[[ 9.84647298e-01 -5.71217389e-03  1.05849918e-01]
 [-5.71217389e-03  3.92827180e-03 -2.20558705e-04]
 [ 1.05849918e-01 -2.20558705e-04  1.16797944e-02]]
  fragment 0: eig(Delta_qp)  = [2.55363791e-04 3.93757963e-03 9.96062420e-01]

  fragment 0: Delta_new =
[[ 9.90359513e-01  4.11861708e-08  5.30352424e-02]
 [ 4.11861708e-08  9.64048704e-03 -5.30352359e-02]
 [ 5.30352424e-02 -5.30352359e-02  5.00000000e-01]]
  fragment 0: eig(Delta_new) = [0.00393758 0.5        0.99606242]

  fragment 0: max|Delta_qp - Delta_new| = 4.883e-01

  fragment 1: Delta_qp =
[[ 9.96071727e-01  5.71229976e-03  2.20572050e-04]
 [ 5.71229976e-03  1.53526985e-02 -1.05849893e-01]
 [ 2.20572050e-04 -1.05849893e-01  9.88320211e-01]]
  fragment 1: eig(Delta_qp)  = [0.00393758 0.99606242 0.99974464]

  fragment 1: Delta_new =
[[ 9.90359509e-01  8.42319307e-08  5.30352589e-02]
 [ 8.42319307e-08  9.64048481e-03 -5.30352234e-02]
 [ 5.30352589e-02 -5.30352234e-02  5.00000006e-01]]
  fragment 1: eig(Delta_new) = [0.00393758 0.5        0.99606242]

  fragment 1: max|Delta_qp - Delta_new| = 4.883e-01



Ng=2  U/t=8.4000  Z0=0.988092  Z1=0.988092  E_var/t=-8.52131536  docc=0.007512  converged=True  iters=2  seed from: backward
