[setup] Ng=2  Neff=3  impurity orbitals/spin=4  Fock dim=256  (sparse operators)
[setup] built impurity operators in 0.02s; ground state searched in the N_up=N_dn sector of dim 36
  it=  0  Z0=0.999270  Z1=0.999270  E_var=-3.907091  dE=-1.039e+02  docc=0.146405  n_phys=1.000000  |dDelta|=9.988e-04  |dR|=2.218e-02  [qp 0.00s | ED 0.00s]
  it=  1  Z0=0.999312  Z1=0.999312  E_var=-3.921336  dE=-1.425e-02  docc=0.147011  n_phys=1.000000  |dDelta|=1.173e-03  |dR|=4.026e-03  [qp 0.00s | ED 0.00s]
  it=  2  Z0=0.999337  Z1=0.999337  E_var=-3.923808  dE=-2.472e-03  docc=0.147128  n_phys=1.000000  |dDelta|=2.314e-04  |dR|=8.012e-04  [qp 0.00s | ED 0.00s]
  it=  3  Z0=0.999356  Z1=0.999356  E_var=-3.924315  dE=-5.070e-04  docc=0.147153  n_phys=1.000000  |dDelta|=4.792e-05  |dR|=1.661e-04  [qp 0.00s | ED 0.00s]
  it=  4  Z0=0.999360  Z1=0.999360  E_var=-3.924420  dE=-1.056e-04  docc=0.147158  n_phys=1.000000  |dDelta|=9.987e-06  |dR|=3.464e-05  [qp 0.00s | ED 0.00s]
  it=  5  Z0=0.999361  Z1=0.999361  E_var=-3.924443  dE=-2.203e-05  docc=0.147159  n_phys=1.000000  |dDelta|=2.083e-06  |dR|=7.227e-06  [qp 0.00s | ED 0.00s]
  it=  6  Z0=0.999361  Z1=0.999361  E_var=-3.924447  dE=-4.596e-06  docc=0.147159  n_phys=1.000000  |dDelta|=4.347e-07  |dR|=1.508e-06  [qp 0.00s | ED 0.00s]
  it=  7  Z0=0.999361  Z1=0.999361  E_var=-3.924448  dE=-9.588e-07  docc=0.147159  n_phys=1.000000  |dDelta|=9.069e-08  |dR|=3.146e-07  [qp 0.00s | ED 0.00s]

[check] Delta_qp (quasiparticle 1-RDM) vs Delta_new (impurity-derived 1 - Delta_bb), final iteration:

  fragment 0: Delta_qp =
[[ 9.58302692e-01 -6.32816307e-07 -1.40982983e-01]
 [-6.32816307e-07  4.16980512e-02  1.40984271e-01]
 [-1.40982983e-01  1.40984271e-01  4.99999257e-01]]
  fragment 0: eig(Delta_qp)  = [2.06259482e-04 5.00000000e-01 9.99793741e-01]

  fragment 0: Delta_new =
[[ 9.58302690e-01 -6.32816314e-07 -1.40982987e-01]
 [-6.32816314e-07  4.16980531e-02  1.40984275e-01]
 [-1.40982987e-01  1.40984275e-01  4.99999257e-01]]
  fragment 0: eig(Delta_new) = [2.06259176e-04 5.00000000e-01 9.99793741e-01]

  fragment 0: max|Delta_qp - Delta_new| = 3.670e-09

  fragment 1: Delta_qp =
[[ 8.77646861e-01 -3.79922654e-07  2.31491566e-01]
 [-3.79922654e-07  1.22354314e-01 -2.31492398e-01]
 [ 2.31491566e-01 -2.31492398e-01  4.99998825e-01]]
  fragment 1: eig(Delta_qp)  = [2.06259482e-04 5.00000000e-01 9.99793741e-01]

  fragment 1: Delta_new =
[[ 8.77646857e-01 -3.79922673e-07  2.31491570e-01]
 [-3.79922673e-07  1.22354318e-01 -2.31492401e-01]
 [ 2.31491570e-01 -2.31492401e-01  4.99998825e-01]]
  fragment 1: eig(Delta_new) = [2.06259176e-04 5.00000000e-01 9.99793741e-01]

  fragment 1: max|Delta_qp - Delta_new| = 3.389e-09



Ng=2  U/t=3.2000  Z0=0.999361  Z1=0.999361  E_var/t=-3.924448  docc=0.147159  converged=True  iters=7
