[setup] Ng=2  Neff=3  impurity orbitals/spin=4  Fock dim=256  (sparse operators)
[setup] built impurity operators in 0.02s; ground state searched in the N_up=N_dn sector of dim 36
  it=  0  Z0=0.981176  Z1=0.981176  E_var=-7.049184  dE=-1.070e+02  docc=0.011506  n_phys=1.000000  |dDelta|=2.432e-01  |dR|=1.520e-07  [qp 0.00s | ED 0.00s]
  it=  1  Z0=0.981176  Z1=0.981176  E_var=-7.049184  dE=-7.976e-10  docc=0.011506  n_phys=1.000000  |dDelta|=3.364e-08  |dR|=4.482e-08  [qp 0.00s | ED 0.00s]

[check] Delta_qp (quasiparticle 1-RDM) vs Delta_new (impurity-derived 1 - Delta_bb), final iteration:

  fragment 0: Delta_qp =
[[ 0.99372213  0.00559486  0.00106458]
 [ 0.00559486  0.01746747 -0.10452285]
 [ 0.00106458 -0.10452285  0.97828439]]
  fragment 0: eig(Delta_qp)  = [0.00619575 0.98947398 0.99380425]

  fragment 0: Delta_new =
[[ 9.88127323e-01  6.02135059e-08  5.27937459e-02]
 [ 6.02135059e-08  1.18726701e-02 -5.27937059e-02]
 [ 5.27937459e-02 -5.27937059e-02  5.00000007e-01]]
  fragment 0: eig(Delta_new) = [0.00619575 0.5        0.99380425]

  fragment 0: max|Delta_qp - Delta_new| = 4.783e-01

  fragment 1: Delta_qp =
[[ 0.98253252 -0.00559481  0.10452291]
 [-0.00559481  0.00627787 -0.00106457]
 [ 0.10452291 -0.00106457  0.02171562]]
  fragment 1: eig(Delta_qp)  = [0.00619575 0.01052602 0.99380425]

  fragment 1: Delta_new =
[[ 9.88127323e-01 -2.58191641e-09  5.27937419e-02]
 [-2.58191641e-09  1.18726884e-02 -5.27937928e-02]
 [ 5.27937419e-02 -5.27937928e-02  4.99999989e-01]]
  fragment 1: eig(Delta_new) = [0.00619575 0.5        0.99380425]

  fragment 1: max|Delta_qp - Delta_new| = 4.783e-01



Ng=2  U/t=6.9000  Z0=0.981176  Z1=0.981176  E_var/t=-7.04918435  docc=0.011506  converged=True  iters=2  seed from: backward
