[setup] Ng=2  Neff=3  impurity orbitals/spin=4  Fock dim=256  (sparse operators)
[setup] built impurity operators in 0.02s; ground state searched in the N_up=N_dn sector of dim 36
  it=  0  Z0=0.762344  Z1=0.762344  E_var=-4.518572  dE=-1.045e+02  docc=0.125764  n_phys=1.000000  |dDelta|=2.828e+00  |dR|=1.068e-02  [qp 0.00s | ED 0.00s]
  it=  1  Z0=0.753048  Z1=0.753048  E_var=-4.504576  dE=1.400e-02  docc=0.125190  n_phys=1.000000  |dDelta|=8.936e-09  |dR|=2.639e-03  [qp 0.00s | ED 0.00s]
  it=  2  Z0=0.750760  Z1=0.750760  E_var=-4.501140  dE=3.436e-03  docc=0.125047  n_phys=1.000000  |dDelta|=1.166e-08  |dR|=6.579e-04  [qp 0.00s | ED 0.00s]
  it=  3  Z0=0.750190  Z1=0.750190  E_var=-4.500285  dE=8.552e-04  docc=0.125012  n_phys=1.000000  |dDelta|=4.596e-09  |dR|=1.644e-04  [qp 0.00s | ED 0.00s]
  it=  4  Z0=0.750047  Z1=0.750047  E_var=-4.500071  dE=2.135e-04  docc=0.125003  n_phys=1.000000  |dDelta|=1.140e-08  |dR|=4.108e-05  [qp 0.00s | ED 0.00s]
  it=  5  Z0=0.750012  Z1=0.750012  E_var=-4.500018  dE=5.337e-05  docc=0.125001  n_phys=1.000000  |dDelta|=3.246e-09  |dR|=1.027e-05  [qp 0.00s | ED 0.00s]
  it=  6  Z0=0.750003  Z1=0.750003  E_var=-4.500004  dE=1.334e-05  docc=0.125000  n_phys=1.000000  |dDelta|=1.594e-09  |dR|=2.568e-06  [qp 0.00s | ED 0.00s]
  it=  7  Z0=0.750001  Z1=0.750001  E_var=-4.500001  dE=3.335e-06  docc=0.125000  n_phys=1.000000  |dDelta|=7.078e-09  |dR|=6.419e-07  [qp 0.00s | ED 0.00s]

[check] Delta_qp (quasiparticle 1-RDM) vs Delta_new (impurity-derived 1 - Delta_bb), final iteration:

  fragment 0: Delta_qp =
[[ 0.5055959  -0.05373811 -0.02747286]
 [-0.05373811  0.9801311   0.11451423]
 [-0.02747286  0.11451423  0.01427301]]
  fragment 0: eig(Delta_qp)  = [-1.47148295e-17  5.00000000e-01  1.00000000e+00]

  fragment 0: Delta_new =
[[ 0.4944041   0.05373811  0.02747286]
 [ 0.05373811  0.0198689  -0.11451423]
 [ 0.02747286 -0.11451423  0.98572699]]
  fragment 0: eig(Delta_new) = [5.96744876e-16 5.00000000e-01 1.00000000e+00]

  fragment 0: max|Delta_qp - Delta_new| = 9.715e-01

  fragment 1: Delta_qp =
[[ 0.01986885  0.05373787 -0.11451425]
 [ 0.05373787  0.49440415  0.02747269]
 [-0.11451425  0.02747269  0.985727  ]]
  fragment 1: eig(Delta_qp)  = [-6.1690619e-18  5.0000000e-01  1.0000000e+00]

  fragment 1: Delta_new =
[[ 0.98013115 -0.05373787  0.11451425]
 [-0.05373787  0.50559585 -0.02747269]
 [ 0.11451425 -0.02747269  0.014273  ]]
  fragment 1: eig(Delta_new) = [-7.11236625e-17  5.00000000e-01  1.00000000e+00]

  fragment 1: max|Delta_qp - Delta_new| = 9.715e-01



Ng=2  U/t=4.0000  Z0=0.750000  Z1=0.750000  E_var/t=-4.500001  docc=0.125000  converged=True  iters=7
