[setup] Ng=2  Neff=3  impurity orbitals/spin=4  Fock dim=256  (sparse operators)
[setup] built impurity operators in 0.02s; ground state searched in the N_up=N_dn sector of dim 36
  it=  0  Z0=0.999974  Z1=0.999974  E_var=-2.311255  dE=-1.023e+02  docc=0.231232  n_phys=1.000000  |dDelta|=4.511e-11  |dR|=2.005e-08  [qp 0.00s | ED 0.00s]

[check] Delta_qp (quasiparticle 1-RDM) vs Delta_new (impurity-derived 1 - Delta_bb), final iteration:

  fragment 0: Delta_qp =
[[ 9.85878337e-01 -8.47158719e-04  8.33519674e-02]
 [-8.47158719e-04  1.39783580e-02 -8.30909215e-02]
 [ 8.33519674e-02 -8.30909215e-02  5.00143305e-01]]
  fragment 0: eig(Delta_qp)  = [2.22782548e-07 5.00000000e-01 9.99999777e-01]

  fragment 0: Delta_new =
[[ 9.85878337e-01 -8.47158715e-04  8.33519674e-02]
 [-8.47158715e-04  1.39783580e-02 -8.30909215e-02]
 [ 8.33519674e-02 -8.30909215e-02  5.00143305e-01]]
  fragment 0: eig(Delta_new) = [2.22782050e-07 5.00000000e-01 9.99999777e-01]

  fragment 0: max|Delta_qp - Delta_new| = 1.295e-11

  fragment 1: Delta_qp =
[[ 9.86112759e-01 -2.60168686e-04  8.27383878e-02]
 [-2.60168686e-04  1.42139161e-02 -8.37087113e-02]
 [ 8.27383878e-02 -8.37087113e-02  4.99673325e-01]]
  fragment 1: eig(Delta_qp)  = [2.22779897e-07 5.00000000e-01 9.99999777e-01]

  fragment 1: Delta_new =
[[ 9.86112759e-01 -2.60168690e-04  8.27383878e-02]
 [-2.60168690e-04  1.42139161e-02 -8.37087113e-02]
 [ 8.27383878e-02 -8.37087113e-02  4.99673325e-01]]
  fragment 1: eig(Delta_new) = [2.22780572e-07 5.00000000e-01 9.99999777e-01]

  fragment 1: max|Delta_qp - Delta_new| = 1.118e-11



Ng=2  U/t=0.6000  Z0=0.999974  Z1=0.999974  E_var/t=-2.31125523  docc=0.231232  converged=True  iters=1  seed from: backward
