[setup] Ng=2  Neff=3  impurity orbitals/spin=4  Fock dim=256  (sparse operators)
[setup] built impurity operators in 0.01s; ground state searched in the N_up=N_dn sector of dim 36
  it=  0  Z0=0.360003  Z1=0.360003  E_var=-6.584410  dE=-1.066e+02  docc=0.048892  n_phys=1.000000  |dDelta|=2.828e+00  |dR|=1.192e-02  [qp 0.00s | ED 0.00s]
  it=  1  Z0=0.352889  Z1=0.352889  E_var=-6.579346  dE=5.064e-03  docc=0.048187  n_phys=1.000000  |dDelta|=3.242e-08  |dR|=7.674e-03  [qp 0.00s | ED 0.00s]
  it=  2  Z0=0.348345  Z1=0.348345  E_var=-6.576162  dE=3.184e-03  docc=0.047733  n_phys=1.000000  |dDelta|=2.932e-08  |dR|=4.986e-03  [qp 0.00s | ED 0.00s]
  it=  3  Z0=0.345408  Z1=0.345408  E_var=-6.574125  dE=2.036e-03  docc=0.047438  n_phys=1.000000  |dDelta|=1.007e-08  |dR|=3.257e-03  [qp 0.00s | ED 0.00s]
  it=  4  Z0=0.343497  Z1=0.343497  E_var=-6.572809  dE=1.317e-03  docc=0.047245  n_phys=1.000000  |dDelta|=2.574e-08  |dR|=2.135e-03  [qp 0.00s | ED 0.00s]
  it=  5  Z0=0.342247  Z1=0.342247  E_var=-6.571951  dE=8.573e-04  docc=0.047119  n_phys=1.000000  |dDelta|=3.405e-08  |dR|=1.403e-03  [qp 0.00s | ED 0.00s]
  it=  6  Z0=0.341426  Z1=0.341426  E_var=-6.571391  dE=5.609e-04  docc=0.047036  n_phys=1.000000  |dDelta|=4.328e-09  |dR|=9.236e-04  [qp 0.00s | ED 0.00s]
  it=  7  Z0=0.340887  Z1=0.340887  E_var=-6.571023  dE=3.681e-04  docc=0.046981  n_phys=1.000000  |dDelta|=2.358e-08  |dR|=6.085e-04  [qp 0.00s | ED 0.00s]
  it=  8  Z0=0.340532  Z1=0.340532  E_var=-6.570780  dE=2.420e-04  docc=0.046945  n_phys=1.000000  |dDelta|=1.957e-08  |dR|=4.012e-04  [qp 0.00s | ED 0.00s]
  it=  9  Z0=0.340298  Z1=0.340298  E_var=-6.570621  dE=1.594e-04  docc=0.046921  n_phys=1.000000  |dDelta|=2.913e-08  |dR|=2.646e-04  [qp 0.00s | ED 0.00s]
  it= 10  Z0=0.340143  Z1=0.340143  E_var=-6.570516  dE=1.050e-04  docc=0.046905  n_phys=1.000000  |dDelta|=9.899e-01  |dR|=1.135e-04  [qp 0.00s | ED 0.00s]
  it= 11  Z0=0.340077  Z1=0.340077  E_var=-6.570471  dE=4.502e-05  docc=0.046899  n_phys=1.000000  |dDelta|=2.586e-09  |dR|=8.840e-05  [qp 0.00s | ED 0.00s]
  it= 12  Z0=0.340025  Z1=0.340025  E_var=-6.570436  dE=3.506e-05  docc=0.046893  n_phys=1.000000  |dDelta|=4.503e-09  |dR|=6.886e-05  [qp 0.00s | ED 0.00s]
  it= 13  Z0=0.339985  Z1=0.339985  E_var=-6.570409  dE=2.730e-05  docc=0.046889  n_phys=1.000000  |dDelta|=1.169e-09  |dR|=5.364e-05  [qp 0.00s | ED 0.00s]
  it= 14  Z0=0.339954  Z1=0.339954  E_var=-6.570387  dE=2.127e-05  docc=0.046886  n_phys=1.000000  |dDelta|=1.319e-09  |dR|=4.179e-05  [qp 0.00s | ED 0.00s]
  it= 15  Z0=0.339930  Z1=0.339930  E_var=-6.570371  dE=1.656e-05  docc=0.046884  n_phys=1.000000  |dDelta|=1.378e-09  |dR|=3.255e-05  [qp 0.00s | ED 0.00s]
  it= 16  Z0=0.339911  Z1=0.339911  E_var=-6.570358  dE=1.290e-05  docc=0.046882  n_phys=1.000000  |dDelta|=1.242e-09  |dR|=2.536e-05  [qp 0.00s | ED 0.00s]
  it= 17  Z0=0.339896  Z1=0.339896  E_var=-6.570348  dE=1.005e-05  docc=0.046880  n_phys=1.000000  |dDelta|=3.015e-09  |dR|=1.976e-05  [qp 0.00s | ED 0.00s]
  it= 18  Z0=0.339884  Z1=0.339884  E_var=-6.570340  dE=7.830e-06  docc=0.046879  n_phys=1.000000  |dDelta|=2.255e-09  |dR|=1.539e-05  [qp 0.00s | ED 0.00s]
  it= 19  Z0=0.339875  Z1=0.339875  E_var=-6.570334  dE=6.100e-06  docc=0.046878  n_phys=1.000000  |dDelta|=1.555e-09  |dR|=1.199e-05  [qp 0.00s | ED 0.00s]
  it= 20  Z0=0.339868  Z1=0.339868  E_var=-6.570329  dE=4.752e-06  docc=0.046878  n_phys=1.000000  |dDelta|=2.958e-09  |dR|=9.343e-06  [qp 0.00s | ED 0.00s]
  it= 21  Z0=0.339863  Z1=0.339863  E_var=-6.570326  dE=3.702e-06  docc=0.046877  n_phys=1.000000  |dDelta|=7.045e-09  |dR|=7.279e-06  [qp 0.00s | ED 0.00s]
  it= 22  Z0=0.339859  Z1=0.339859  E_var=-6.570323  dE=2.884e-06  docc=0.046877  n_phys=1.000000  |dDelta|=3.672e-09  |dR|=5.671e-06  [qp 0.00s | ED 0.00s]
  it= 23  Z0=0.339855  Z1=0.339855  E_var=-6.570320  dE=2.247e-06  docc=0.046876  n_phys=1.000000  |dDelta|=1.047e-09  |dR|=4.418e-06  [qp 0.00s | ED 0.00s]
  it= 24  Z0=0.339853  Z1=0.339853  E_var=-6.570319  dE=1.751e-06  docc=0.046876  n_phys=1.000000  |dDelta|=5.584e-09  |dR|=3.442e-06  [qp 0.00s | ED 0.00s]
  it= 25  Z0=0.339851  Z1=0.339851  E_var=-6.570317  dE=1.364e-06  docc=0.046876  n_phys=1.000000  |dDelta|=4.512e-10  |dR|=2.682e-06  [qp 0.00s | ED 0.00s]
  it= 26  Z0=0.339849  Z1=0.339849  E_var=-6.570316  dE=1.063e-06  docc=0.046876  n_phys=1.000000  |dDelta|=4.486e-09  |dR|=2.089e-06  [qp 0.00s | ED 0.00s]
  it= 27  Z0=0.339848  Z1=0.339848  E_var=-6.570315  dE=8.279e-07  docc=0.046875  n_phys=1.000000  |dDelta|=2.427e-09  |dR|=1.628e-06  [qp 0.00s | ED 0.00s]

[check] Delta_qp (quasiparticle 1-RDM) vs Delta_new (impurity-derived 1 - Delta_bb), final iteration:

  fragment 0: Delta_qp =
[[ 0.5055959  -0.05373812 -0.02747288]
 [-0.05373812  0.98013109  0.11451423]
 [-0.02747288  0.11451423  0.01427301]]
  fragment 0: eig(Delta_qp)  = [-2.30162288e-17  5.00000000e-01  1.00000000e+00]

  fragment 0: Delta_new =
[[ 0.4944041   0.05373812  0.02747288]
 [ 0.05373812  0.01986891 -0.11451423]
 [ 0.02747288 -0.11451423  0.98572699]]
  fragment 0: eig(Delta_new) = [-2.22044605e-16  5.00000000e-01  1.00000000e+00]

  fragment 0: max|Delta_qp - Delta_new| = 9.715e-01

  fragment 1: Delta_qp =
[[ 0.01986884  0.05373786 -0.11451424]
 [ 0.05373786  0.49440416  0.02747274]
 [-0.11451424  0.02747274  0.985727  ]]
  fragment 1: eig(Delta_qp)  = [-2.29624198e-18  5.00000000e-01  1.00000000e+00]

  fragment 1: Delta_new =
[[ 0.98013116 -0.05373786  0.11451424]
 [-0.05373786  0.50559584 -0.02747274]
 [ 0.11451424 -0.02747274  0.014273  ]]
  fragment 1: eig(Delta_new) = [1.2490009e-16 5.0000000e-01 1.0000000e+00]

  fragment 1: max|Delta_qp - Delta_new| = 9.715e-01



Ng=2  U/t=6.5000  Z0=0.339847  Z1=0.339847  E_var/t=-6.570315  docc=0.046875  converged=True  iters=27
