[setup] Ng=2  Neff=3  impurity orbitals/spin=4  Fock dim=256  (sparse operators)
[setup] built impurity operators in 0.01s; ground state searched in the N_up=N_dn sector of dim 36
  it=  0  Z0=0.097570  Z1=0.097570  E_var=-7.707125  dE=-1.077e+02  docc=0.012209  n_phys=1.000000  |dDelta|=2.828e+00  |dR|=7.357e-03  [qp 0.00s | ED 0.00s]
  it=  1  Z0=0.095285  Z1=0.095285  E_var=-7.706647  dE=4.772e-04  docc=0.011943  n_phys=1.000000  |dDelta|=5.225e-08  |dR|=6.589e-03  [qp 0.00s | ED 0.00s]
  it=  2  Z0=0.093262  Z1=0.093262  E_var=-7.706236  dE=4.111e-04  docc=0.011707  n_phys=1.000000  |dDelta|=2.164e-08  |dR|=5.919e-03  [qp 0.00s | ED 0.00s]
  it=  3  Z0=0.091463  Z1=0.091463  E_var=-7.705880  dE=3.565e-04  docc=0.011497  n_phys=1.000000  |dDelta|=2.238e-08  |dR|=5.333e-03  [qp 0.00s | ED 0.00s]
  it=  4  Z0=0.089858  Z1=0.089858  E_var=-7.705569  dE=3.109e-04  docc=0.011308  n_phys=1.000000  |dDelta|=8.098e-09  |dR|=4.817e-03  [qp 0.00s | ED 0.00s]
  it=  5  Z0=0.088420  Z1=0.088420  E_var=-7.705296  dE=2.726e-04  docc=0.011139  n_phys=1.000000  |dDelta|=1.346e-08  |dR|=4.360e-03  [qp 0.00s | ED 0.00s]
  it=  6  Z0=0.087128  Z1=0.087128  E_var=-7.705056  dE=2.401e-04  docc=0.010987  n_phys=1.000000  |dDelta|=1.824e-08  |dR|=3.955e-03  [qp 0.00s | ED 0.00s]
  it=  7  Z0=0.085964  Z1=0.085964  E_var=-7.704844  dE=2.125e-04  docc=0.010850  n_phys=1.000000  |dDelta|=2.895e-08  |dR|=3.594e-03  [qp 0.00s | ED 0.00s]
  it=  8  Z0=0.084914  Z1=0.084914  E_var=-7.704655  dE=1.887e-04  docc=0.010726  n_phys=1.000000  |dDelta|=1.745e-09  |dR|=3.271e-03  [qp 0.00s | ED 0.00s]
  it=  9  Z0=0.083963  Z1=0.083963  E_var=-7.704487  dE=1.682e-04  docc=0.010613  n_phys=1.000000  |dDelta|=4.750e-09  |dR|=2.982e-03  [qp 0.00s | ED 0.00s]
  it= 10  Z0=0.083102  Z1=0.083102  E_var=-7.704337  dE=1.503e-04  docc=0.010511  n_phys=1.000000  |dDelta|=9.899e-01  |dR|=1.769e-03  [qp 0.00s | ED 0.00s]
  it= 11  Z0=0.082593  Z1=0.082593  E_var=-7.704249  dE=8.789e-05  docc=0.010450  n_phys=1.000000  |dDelta|=3.600e-09  |dR|=1.670e-03  [qp 0.00s | ED 0.00s]
  it= 12  Z0=0.082113  Z1=0.082113  E_var=-7.704167  dE=8.207e-05  docc=0.010394  n_phys=1.000000  |dDelta|=9.395e-10  |dR|=1.577e-03  [qp 0.00s | ED 0.00s]
  it= 13  Z0=0.081662  Z1=0.081662  E_var=-7.704090  dE=7.671e-05  docc=0.010340  n_phys=1.000000  |dDelta|=7.056e-10  |dR|=1.490e-03  [qp 0.00s | ED 0.00s]
  it= 14  Z0=0.081237  Z1=0.081237  E_var=-7.704018  dE=7.177e-05  docc=0.010289  n_phys=1.000000  |dDelta|=3.019e-09  |dR|=1.408e-03  [qp 0.00s | ED 0.00s]
  it= 15  Z0=0.080836  Z1=0.080836  E_var=-7.703951  dE=6.721e-05  docc=0.010242  n_phys=1.000000  |dDelta|=1.765e-09  |dR|=1.331e-03  [qp 0.00s | ED 0.00s]
  it= 16  Z0=0.080458  Z1=0.080458  E_var=-7.703888  dE=6.299e-05  docc=0.010197  n_phys=1.000000  |dDelta|=2.113e-09  |dR|=1.259e-03  [qp 0.00s | ED 0.00s]
  it= 17  Z0=0.080101  Z1=0.080101  E_var=-7.703829  dE=5.909e-05  docc=0.010154  n_phys=1.000000  |dDelta|=3.635e-09  |dR|=1.191e-03  [qp 0.00s | ED 0.00s]
  it= 18  Z0=0.079765  Z1=0.079765  E_var=-7.703773  dE=5.546e-05  docc=0.010114  n_phys=1.000000  |dDelta|=4.971e-09  |dR|=1.128e-03  [qp 0.00s | ED 0.00s]
  it= 19  Z0=0.079446  Z1=0.079446  E_var=-7.703721  dE=5.210e-05  docc=0.010076  n_phys=1.000000  |dDelta|=3.571e-09  |dR|=1.068e-03  [qp 0.00s | ED 0.00s]
  it= 20  Z0=0.079146  Z1=0.079146  E_var=-7.703672  dE=4.898e-05  docc=0.010040  n_phys=1.000000  |dDelta|=9.937e-10  |dR|=1.011e-03  [qp 0.00s | ED 0.00s]
  it= 21  Z0=0.078862  Z1=0.078862  E_var=-7.703626  dE=4.607e-05  docc=0.010006  n_phys=1.000000  |dDelta|=6.491e-10  |dR|=9.578e-04  [qp 0.00s | ED 0.00s]
  it= 22  Z0=0.078593  Z1=0.078593  E_var=-7.703583  dE=4.336e-05  docc=0.009974  n_phys=1.000000  |dDelta|=1.716e-09  |dR|=9.076e-04  [qp 0.00s | ED 0.00s]
  it= 23  Z0=0.078339  Z1=0.078339  E_var=-7.703542  dE=4.084e-05  docc=0.009944  n_phys=1.000000  |dDelta|=6.533e-10  |dR|=8.602e-04  [qp 0.00s | ED 0.00s]
  it= 24  Z0=0.078098  Z1=0.078098  E_var=-7.703504  dE=3.848e-05  docc=0.009915  n_phys=1.000000  |dDelta|=1.061e-09  |dR|=8.155e-04  [qp 0.00s | ED 0.00s]
  it= 25  Z0=0.077870  Z1=0.077870  E_var=-7.703467  dE=3.628e-05  docc=0.009888  n_phys=1.000000  |dDelta|=2.304e-09  |dR|=7.732e-04  [qp 0.00s | ED 0.00s]
  it= 26  Z0=0.077655  Z1=0.077655  E_var=-7.703433  dE=3.422e-05  docc=0.009862  n_phys=1.000000  |dDelta|=2.407e-09  |dR|=7.333e-04  [qp 0.00s | ED 0.00s]
  it= 27  Z0=0.077451  Z1=0.077451  E_var=-7.703401  dE=3.230e-05  docc=0.009838  n_phys=1.000000  |dDelta|=6.431e-10  |dR|=6.957e-04  [qp 0.00s | ED 0.00s]
  it= 28  Z0=0.077257  Z1=0.077257  E_var=-7.703370  dE=3.049e-05  docc=0.009815  n_phys=1.000000  |dDelta|=1.978e-09  |dR|=6.600e-04  [qp 0.00s | ED 0.00s]
  it= 29  Z0=0.077074  Z1=0.077074  E_var=-7.703341  dE=2.880e-05  docc=0.009793  n_phys=1.000000  |dDelta|=9.524e-10  |dR|=6.263e-04  [qp 0.00s | ED 0.00s]
  it= 30  Z0=0.076900  Z1=0.076900  E_var=-7.703314  dE=2.721e-05  docc=0.009772  n_phys=1.000000  |dDelta|=1.148e-09  |dR|=5.945e-04  [qp 0.00s | ED 0.00s]
  it= 31  Z0=0.076735  Z1=0.076735  E_var=-7.703289  dE=2.572e-05  docc=0.009752  n_phys=1.000000  |dDelta|=1.331e-09  |dR|=5.643e-04  [qp 0.00s | ED 0.00s]
  it= 32  Z0=0.076579  Z1=0.076579  E_var=-7.703264  dE=2.432e-05  docc=0.009733  n_phys=1.000000  |dDelta|=4.729e-10  |dR|=5.358e-04  [qp 0.00s | ED 0.00s]
  it= 33  Z0=0.076431  Z1=0.076431  E_var=-7.703241  dE=2.301e-05  docc=0.009716  n_phys=1.000000  |dDelta|=1.722e-09  |dR|=5.087e-04  [qp 0.00s | ED 0.00s]
  it= 34  Z0=0.076290  Z1=0.076290  E_var=-7.703219  dE=2.177e-05  docc=0.009699  n_phys=1.000000  |dDelta|=4.521e-09  |dR|=4.831e-04  [qp 0.00s | ED 0.00s]
  it= 35  Z0=0.076157  Z1=0.076157  E_var=-7.703199  dE=2.060e-05  docc=0.009683  n_phys=1.000000  |dDelta|=1.133e-09  |dR|=4.589e-04  [qp 0.00s | ED 0.00s]
  it= 36  Z0=0.076030  Z1=0.076030  E_var=-7.703179  dE=1.951e-05  docc=0.009668  n_phys=1.000000  |dDelta|=7.089e-10  |dR|=4.359e-04  [qp 0.00s | ED 0.00s]
  it= 37  Z0=0.075910  Z1=0.075910  E_var=-7.703161  dE=1.847e-05  docc=0.009653  n_phys=1.000000  |dDelta|=2.704e-09  |dR|=4.141e-04  [qp 0.00s | ED 0.00s]
  it= 38  Z0=0.075796  Z1=0.075796  E_var=-7.703143  dE=1.750e-05  docc=0.009640  n_phys=1.000000  |dDelta|=1.079e-09  |dR|=3.934e-04  [qp 0.00s | ED 0.00s]
  it= 39  Z0=0.075688  Z1=0.075688  E_var=-7.703127  dE=1.658e-05  docc=0.009627  n_phys=1.000000  |dDelta|=7.149e-10  |dR|=3.739e-04  [qp 0.00s | ED 0.00s]
  it= 40  Z0=0.075585  Z1=0.075585  E_var=-7.703111  dE=1.572e-05  docc=0.009614  n_phys=1.000000  |dDelta|=5.777e-09  |dR|=3.553e-04  [qp 0.00s | ED 0.00s]
  it= 41  Z0=0.075487  Z1=0.075487  E_var=-7.703096  dE=1.490e-05  docc=0.009602  n_phys=1.000000  |dDelta|=2.951e-09  |dR|=3.377e-04  [qp 0.00s | ED 0.00s]
  it= 42  Z0=0.075394  Z1=0.075394  E_var=-7.703082  dE=1.413e-05  docc=0.009591  n_phys=1.000000  |dDelta|=6.480e-09  |dR|=3.210e-04  [qp 0.00s | ED 0.00s]
  it= 43  Z0=0.075306  Z1=0.075306  E_var=-7.703069  dE=1.340e-05  docc=0.009581  n_phys=1.000000  |dDelta|=1.201e-09  |dR|=3.051e-04  [qp 0.00s | ED 0.00s]
  it= 44  Z0=0.075223  Z1=0.075223  E_var=-7.703056  dE=1.271e-05  docc=0.009571  n_phys=1.000000  |dDelta|=1.954e-09  |dR|=2.900e-04  [qp 0.00s | ED 0.00s]
  it= 45  Z0=0.075143  Z1=0.075143  E_var=-7.703044  dE=1.206e-05  docc=0.009561  n_phys=1.000000  |dDelta|=1.176e-09  |dR|=2.758e-04  [qp 0.00s | ED 0.00s]
  it= 46  Z0=0.075068  Z1=0.075068  E_var=-7.703032  dE=1.144e-05  docc=0.009552  n_phys=1.000000  |dDelta|=2.732e-09  |dR|=2.622e-04  [qp 0.00s | ED 0.00s]
  it= 47  Z0=0.074996  Z1=0.074996  E_var=-7.703022  dE=1.086e-05  docc=0.009544  n_phys=1.000000  |dDelta|=2.476e-09  |dR|=2.493e-04  [qp 0.00s | ED 0.00s]
  it= 48  Z0=0.074928  Z1=0.074928  E_var=-7.703011  dE=1.031e-05  docc=0.009535  n_phys=1.000000  |dDelta|=1.564e-09  |dR|=2.371e-04  [qp 0.00s | ED 0.00s]
  it= 49  Z0=0.074863  Z1=0.074863  E_var=-7.703001  dE=9.784e-06  docc=0.009528  n_phys=1.000000  |dDelta|=1.438e-09  |dR|=2.255e-04  [qp 0.00s | ED 0.00s]
  it= 50  Z0=0.074801  Z1=0.074801  E_var=-7.702992  dE=9.289e-06  docc=0.009520  n_phys=1.000000  |dDelta|=3.452e-09  |dR|=2.144e-04  [qp 0.00s | ED 0.00s]
  it= 51  Z0=0.074742  Z1=0.074742  E_var=-7.702983  dE=8.821e-06  docc=0.009513  n_phys=1.000000  |dDelta|=2.386e-09  |dR|=2.039e-04  [qp 0.00s | ED 0.00s]
  it= 52  Z0=0.074687  Z1=0.074687  E_var=-7.702975  dE=8.378e-06  docc=0.009506  n_phys=1.000000  |dDelta|=2.689e-09  |dR|=1.940e-04  [qp 0.00s | ED 0.00s]
  it= 53  Z0=0.074634  Z1=0.074634  E_var=-7.702967  dE=7.958e-06  docc=0.009500  n_phys=1.000000  |dDelta|=5.553e-09  |dR|=1.845e-04  [qp 0.00s | ED 0.00s]
  it= 54  Z0=0.074583  Z1=0.074583  E_var=-7.702959  dE=7.560e-06  docc=0.009494  n_phys=1.000000  |dDelta|=2.234e-09  |dR|=1.755e-04  [qp 0.00s | ED 0.00s]
  it= 55  Z0=0.074535  Z1=0.074535  E_var=-7.702952  dE=7.182e-06  docc=0.009488  n_phys=1.000000  |dDelta|=6.696e-10  |dR|=1.670e-04  [qp 0.00s | ED 0.00s]
  it= 56  Z0=0.074490  Z1=0.074490  E_var=-7.702945  dE=6.824e-06  docc=0.009483  n_phys=1.000000  |dDelta|=4.205e-10  |dR|=1.588e-04  [qp 0.00s | ED 0.00s]
  it= 57  Z0=0.074446  Z1=0.074446  E_var=-7.702939  dE=6.485e-06  docc=0.009478  n_phys=1.000000  |dDelta|=1.827e-09  |dR|=1.511e-04  [qp 0.00s | ED 0.00s]
  it= 58  Z0=0.074405  Z1=0.074405  E_var=-7.702933  dE=6.163e-06  docc=0.009473  n_phys=1.000000  |dDelta|=2.560e-09  |dR|=1.438e-04  [qp 0.00s | ED 0.00s]
  it= 59  Z0=0.074366  Z1=0.074366  E_var=-7.702927  dE=5.858e-06  docc=0.009468  n_phys=1.000000  |dDelta|=1.558e-09  |dR|=1.368e-04  [qp 0.00s | ED 0.00s]
  it= 60  Z0=0.074329  Z1=0.074329  E_var=-7.702921  dE=5.568e-06  docc=0.009463  n_phys=1.000000  |dDelta|=1.359e-09  |dR|=1.302e-04  [qp 0.00s | ED 0.00s]
  it= 61  Z0=0.074293  Z1=0.074293  E_var=-7.702916  dE=5.293e-06  docc=0.009459  n_phys=1.000000  |dDelta|=1.855e-09  |dR|=1.238e-04  [qp 0.00s | ED 0.00s]
  it= 62  Z0=0.074259  Z1=0.074259  E_var=-7.702911  dE=5.032e-06  docc=0.009455  n_phys=1.000000  |dDelta|=1.417e-09  |dR|=1.178e-04  [qp 0.00s | ED 0.00s]
  it= 63  Z0=0.074227  Z1=0.074227  E_var=-7.702906  dE=4.784e-06  docc=0.009451  n_phys=1.000000  |dDelta|=5.623e-10  |dR|=1.121e-04  [qp 0.00s | ED 0.00s]
  it= 64  Z0=0.074197  Z1=0.074197  E_var=-7.702902  dE=4.549e-06  docc=0.009448  n_phys=1.000000  |dDelta|=4.418e-10  |dR|=1.067e-04  [qp 0.00s | ED 0.00s]
  it= 65  Z0=0.074168  Z1=0.074168  E_var=-7.702897  dE=4.325e-06  docc=0.009444  n_phys=1.000000  |dDelta|=2.825e-09  |dR|=1.015e-04  [qp 0.00s | ED 0.00s]
  it= 66  Z0=0.074140  Z1=0.074140  E_var=-7.702893  dE=4.113e-06  docc=0.009441  n_phys=1.000000  |dDelta|=1.918e-09  |dR|=9.664e-05  [qp 0.00s | ED 0.00s]
  it= 67  Z0=0.074114  Z1=0.074114  E_var=-7.702889  dE=3.912e-06  docc=0.009438  n_phys=1.000000  |dDelta|=2.256e-09  |dR|=9.197e-05  [qp 0.00s | ED 0.00s]
  it= 68  Z0=0.074089  Z1=0.074089  E_var=-7.702886  dE=3.720e-06  docc=0.009435  n_phys=1.000000  |dDelta|=1.402e-09  |dR|=8.753e-05  [qp 0.00s | ED 0.00s]
  it= 69  Z0=0.074065  Z1=0.074065  E_var=-7.702882  dE=3.538e-06  docc=0.009432  n_phys=1.000000  |dDelta|=7.772e-10  |dR|=8.330e-05  [qp 0.00s | ED 0.00s]
  it= 70  Z0=0.074042  Z1=0.074042  E_var=-7.702879  dE=3.366e-06  docc=0.009429  n_phys=1.000000  |dDelta|=2.641e-09  |dR|=7.928e-05  [qp 0.00s | ED 0.00s]
  it= 71  Z0=0.074021  Z1=0.074021  E_var=-7.702876  dE=3.201e-06  docc=0.009426  n_phys=1.000000  |dDelta|=2.197e-09  |dR|=7.546e-05  [qp 0.00s | ED 0.00s]
  it= 72  Z0=0.074000  Z1=0.074000  E_var=-7.702873  dE=3.045e-06  docc=0.009424  n_phys=1.000000  |dDelta|=3.337e-10  |dR|=7.182e-05  [qp 0.00s | ED 0.00s]
  it= 73  Z0=0.073981  Z1=0.073981  E_var=-7.702870  dE=2.897e-06  docc=0.009422  n_phys=1.000000  |dDelta|=3.695e-10  |dR|=6.836e-05  [qp 0.00s | ED 0.00s]
  it= 74  Z0=0.073962  Z1=0.073962  E_var=-7.702867  dE=2.756e-06  docc=0.009419  n_phys=1.000000  |dDelta|=1.069e-09  |dR|=6.507e-05  [qp 0.00s | ED 0.00s]
  it= 75  Z0=0.073944  Z1=0.073944  E_var=-7.702864  dE=2.622e-06  docc=0.009417  n_phys=1.000000  |dDelta|=1.332e-09  |dR|=6.193e-05  [qp 0.00s | ED 0.00s]
  it= 76  Z0=0.073927  Z1=0.073927  E_var=-7.702862  dE=2.495e-06  docc=0.009415  n_phys=1.000000  |dDelta|=3.072e-09  |dR|=5.895e-05  [qp 0.00s | ED 0.00s]
  it= 77  Z0=0.073911  Z1=0.073911  E_var=-7.702859  dE=2.374e-06  docc=0.009413  n_phys=1.000000  |dDelta|=1.809e-09  |dR|=5.611e-05  [qp 0.00s | ED 0.00s]
  it= 78  Z0=0.073896  Z1=0.073896  E_var=-7.702857  dE=2.258e-06  docc=0.009411  n_phys=1.000000  |dDelta|=2.031e-09  |dR|=5.341e-05  [qp 0.00s | ED 0.00s]
  it= 79  Z0=0.073882  Z1=0.073882  E_var=-7.702855  dE=2.149e-06  docc=0.009410  n_phys=1.000000  |dDelta|=1.883e-09  |dR|=5.085e-05  [qp 0.00s | ED 0.00s]
  it= 80  Z0=0.073868  Z1=0.073868  E_var=-7.702853  dE=2.045e-06  docc=0.009408  n_phys=1.000000  |dDelta|=2.117e-09  |dR|=4.840e-05  [qp 0.00s | ED 0.00s]
  it= 81  Z0=0.073855  Z1=0.073855  E_var=-7.702851  dE=1.946e-06  docc=0.009406  n_phys=1.000000  |dDelta|=2.488e-10  |dR|=4.607e-05  [qp 0.00s | ED 0.00s]
  it= 82  Z0=0.073842  Z1=0.073842  E_var=-7.702849  dE=1.852e-06  docc=0.009405  n_phys=1.000000  |dDelta|=3.935e-09  |dR|=4.386e-05  [qp 0.00s | ED 0.00s]
  it= 83  Z0=0.073830  Z1=0.073830  E_var=-7.702847  dE=1.762e-06  docc=0.009403  n_phys=1.000000  |dDelta|=8.620e-10  |dR|=4.175e-05  [qp 0.00s | ED 0.00s]
  it= 84  Z0=0.073819  Z1=0.073819  E_var=-7.702846  dE=1.677e-06  docc=0.009402  n_phys=1.000000  |dDelta|=1.244e-09  |dR|=3.975e-05  [qp 0.00s | ED 0.00s]
  it= 85  Z0=0.073808  Z1=0.073808  E_var=-7.702844  dE=1.596e-06  docc=0.009401  n_phys=1.000000  |dDelta|=1.961e-09  |dR|=3.784e-05  [qp 0.00s | ED 0.00s]
  it= 86  Z0=0.073798  Z1=0.073798  E_var=-7.702843  dE=1.519e-06  docc=0.009400  n_phys=1.000000  |dDelta|=9.503e-10  |dR|=3.602e-05  [qp 0.00s | ED 0.00s]
  it= 87  Z0=0.073788  Z1=0.073788  E_var=-7.702841  dE=1.446e-06  docc=0.009398  n_phys=1.000000  |dDelta|=3.970e-10  |dR|=3.429e-05  [qp 0.00s | ED 0.00s]
  it= 88  Z0=0.073779  Z1=0.073779  E_var=-7.702840  dE=1.376e-06  docc=0.009397  n_phys=1.000000  |dDelta|=2.274e-09  |dR|=3.264e-05  [qp 0.00s | ED 0.00s]
  it= 89  Z0=0.073770  Z1=0.073770  E_var=-7.702838  dE=1.309e-06  docc=0.009396  n_phys=1.000000  |dDelta|=1.230e-09  |dR|=3.108e-05  [qp 0.00s | ED 0.00s]
  it= 90  Z0=0.073761  Z1=0.073761  E_var=-7.702837  dE=1.246e-06  docc=0.009395  n_phys=1.000000  |dDelta|=1.588e-09  |dR|=2.959e-05  [qp 0.00s | ED 0.00s]
  it= 91  Z0=0.073753  Z1=0.073753  E_var=-7.702836  dE=1.186e-06  docc=0.009394  n_phys=1.000000  |dDelta|=1.694e-09  |dR|=2.817e-05  [qp 0.00s | ED 0.00s]
  it= 92  Z0=0.073746  Z1=0.073746  E_var=-7.702835  dE=1.129e-06  docc=0.009393  n_phys=1.000000  |dDelta|=1.414e-09  |dR|=2.681e-05  [qp 0.00s | ED 0.00s]
  it= 93  Z0=0.073738  Z1=0.073738  E_var=-7.702834  dE=1.075e-06  docc=0.009392  n_phys=1.000000  |dDelta|=1.330e-09  |dR|=2.553e-05  [qp 0.00s | ED 0.00s]
  it= 94  Z0=0.073731  Z1=0.073731  E_var=-7.702833  dE=1.023e-06  docc=0.009392  n_phys=1.000000  |dDelta|=3.296e-09  |dR|=2.430e-05  [qp 0.00s | ED 0.00s]
  it= 95  Z0=0.073725  Z1=0.073725  E_var=-7.702832  dE=9.738e-07  docc=0.009391  n_phys=1.000000  |dDelta|=2.258e-09  |dR|=2.314e-05  [qp 0.00s | ED 0.00s]

[check] Delta_qp (quasiparticle 1-RDM) vs Delta_new (impurity-derived 1 - Delta_bb), final iteration:

  fragment 0: Delta_qp =
[[ 0.5055959  -0.05373813 -0.02747293]
 [-0.05373813  0.98013109  0.11451422]
 [-0.02747293  0.11451422  0.01427301]]
  fragment 0: eig(Delta_qp)  = [-4.9651074e-17  5.0000000e-01  1.0000000e+00]

  fragment 0: Delta_new =
[[ 0.4944041   0.05373813  0.02747293]
 [ 0.05373813  0.01986891 -0.11451422]
 [ 0.02747293 -0.11451422  0.98572699]]
  fragment 0: eig(Delta_new) = [1.38777878e-16 5.00000000e-01 1.00000000e+00]

  fragment 0: max|Delta_qp - Delta_new| = 9.715e-01

  fragment 1: Delta_qp =
[[ 0.01986885  0.05373788 -0.11451426]
 [ 0.05373788  0.49440414  0.02747257]
 [-0.11451426  0.02747257  0.98572701]]
  fragment 1: eig(Delta_qp)  = [1.55504643e-17 5.00000000e-01 1.00000000e+00]

  fragment 1: Delta_new =
[[ 0.98013115 -0.05373788  0.11451426]
 [-0.05373788  0.50559586 -0.02747257]
 [ 0.11451426 -0.02747257  0.01427299]]
  fragment 1: eig(Delta_new) = [-3.31332184e-16  5.00000000e-01  1.00000000e+00]

  fragment 1: max|Delta_qp - Delta_new| = 9.715e-01



Ng=2  U/t=7.7000  Z0=0.073719  Z1=0.073719  E_var/t=-7.702832  docc=0.009391  converged=True  iters=95
