[setup] Ng=2  Neff=3  impurity orbitals/spin=4  Fock dim=256  (sparse operators)
[setup] built impurity operators in 0.02s; ground state searched in the N_up=N_dn sector of dim 36
  it=  0  Z0=0.256101  Z1=0.256101  E_var=-7.041967  dE=-1.070e+02  docc=0.033588  n_phys=1.000000  |dDelta|=2.828e+00  |dR|=1.082e-02  [qp 0.00s | ED 0.00s]
  it=  1  Z0=0.250655  Z1=0.250655  E_var=-7.039182  dE=2.785e-03  docc=0.033009  n_phys=1.000000  |dDelta|=4.294e-09  |dR|=8.053e-03  [qp 0.00s | ED 0.00s]
  it=  2  Z0=0.246640  Z1=0.246640  E_var=-7.037170  dE=2.012e-03  docc=0.032579  n_phys=1.000000  |dDelta|=2.605e-08  |dR|=6.036e-03  [qp 0.00s | ED 0.00s]
  it=  3  Z0=0.243652  Z1=0.243652  E_var=-7.035696  dE=1.474e-03  docc=0.032258  n_phys=1.000000  |dDelta|=1.991e-08  |dR|=4.547e-03  [qp 0.00s | ED 0.00s]
  it=  4  Z0=0.241412  Z1=0.241412  E_var=-7.034605  dE=1.091e-03  docc=0.032016  n_phys=1.000000  |dDelta|=4.731e-08  |dR|=3.439e-03  [qp 0.00s | ED 0.00s]
  it=  5  Z0=0.239725  Z1=0.239725  E_var=-7.033791  dE=8.146e-04  docc=0.031833  n_phys=1.000000  |dDelta|=2.173e-08  |dR|=2.609e-03  [qp 0.00s | ED 0.00s]
  it=  6  Z0=0.238449  Z1=0.238449  E_var=-7.033179  dE=6.117e-04  docc=0.031694  n_phys=1.000000  |dDelta|=1.996e-08  |dR|=1.984e-03  [qp 0.00s | ED 0.00s]
  it=  7  Z0=0.237482  Z1=0.237482  E_var=-7.032717  dE=4.615e-04  docc=0.031589  n_phys=1.000000  |dDelta|=2.799e-08  |dR|=1.511e-03  [qp 0.00s | ED 0.00s]
  it=  8  Z0=0.236746  Z1=0.236746  E_var=-7.032368  dE=3.494e-04  docc=0.031509  n_phys=1.000000  |dDelta|=2.805e-08  |dR|=1.152e-03  [qp 0.00s | ED 0.00s]
  it=  9  Z0=0.236186  Z1=0.236186  E_var=-7.032103  dE=2.652e-04  docc=0.031448  n_phys=1.000000  |dDelta|=2.674e-08  |dR|=8.790e-04  [qp 0.00s | ED 0.00s]
  it= 10  Z0=0.235759  Z1=0.235759  E_var=-7.031901  dE=2.017e-04  docc=0.031401  n_phys=1.000000  |dDelta|=9.899e-01  |dR|=4.364e-04  [qp 0.00s | ED 0.00s]
  it= 11  Z0=0.235547  Z1=0.235547  E_var=-7.031801  dE=9.993e-05  docc=0.031378  n_phys=1.000000  |dDelta|=3.925e-09  |dR|=3.695e-04  [qp 0.00s | ED 0.00s]
  it= 12  Z0=0.235368  Z1=0.235368  E_var=-7.031717  dE=8.449e-05  docc=0.031359  n_phys=1.000000  |dDelta|=7.569e-10  |dR|=3.129e-04  [qp 0.00s | ED 0.00s]
  it= 13  Z0=0.235216  Z1=0.235216  E_var=-7.031645  dE=7.147e-05  docc=0.031342  n_phys=1.000000  |dDelta|=5.843e-09  |dR|=2.650e-04  [qp 0.00s | ED 0.00s]
  it= 14  Z0=0.235088  Z1=0.235088  E_var=-7.031585  dE=6.047e-05  docc=0.031328  n_phys=1.000000  |dDelta|=4.415e-09  |dR|=2.245e-04  [qp 0.00s | ED 0.00s]
  it= 15  Z0=0.234979  Z1=0.234979  E_var=-7.031533  dE=5.118e-05  docc=0.031316  n_phys=1.000000  |dDelta|=3.555e-09  |dR|=1.902e-04  [qp 0.00s | ED 0.00s]
  it= 16  Z0=0.234887  Z1=0.234887  E_var=-7.031490  dE=4.333e-05  docc=0.031306  n_phys=1.000000  |dDelta|=3.717e-09  |dR|=1.611e-04  [qp 0.00s | ED 0.00s]
  it= 17  Z0=0.234809  Z1=0.234809  E_var=-7.031453  dE=3.669e-05  docc=0.031297  n_phys=1.000000  |dDelta|=6.488e-10  |dR|=1.365e-04  [qp 0.00s | ED 0.00s]
  it= 18  Z0=0.234742  Z1=0.234742  E_var=-7.031422  dE=3.107e-05  docc=0.031290  n_phys=1.000000  |dDelta|=4.574e-09  |dR|=1.157e-04  [qp 0.00s | ED 0.00s]
  it= 19  Z0=0.234686  Z1=0.234686  E_var=-7.031396  dE=2.632e-05  docc=0.031284  n_phys=1.000000  |dDelta|=4.010e-09  |dR|=9.804e-05  [qp 0.00s | ED 0.00s]
  it= 20  Z0=0.234639  Z1=0.234639  E_var=-7.031374  dE=2.229e-05  docc=0.031279  n_phys=1.000000  |dDelta|=4.082e-09  |dR|=8.308e-05  [qp 0.00s | ED 0.00s]
  it= 21  Z0=0.234599  Z1=0.234599  E_var=-7.031355  dE=1.889e-05  docc=0.031274  n_phys=1.000000  |dDelta|=2.861e-09  |dR|=7.041e-05  [qp 0.00s | ED 0.00s]
  it= 22  Z0=0.234565  Z1=0.234565  E_var=-7.031339  dE=1.600e-05  docc=0.031271  n_phys=1.000000  |dDelta|=6.403e-09  |dR|=5.967e-05  [qp 0.00s | ED 0.00s]
  it= 23  Z0=0.234536  Z1=0.234536  E_var=-7.031325  dE=1.356e-05  docc=0.031268  n_phys=1.000000  |dDelta|=5.378e-09  |dR|=5.057e-05  [qp 0.00s | ED 0.00s]
  it= 24  Z0=0.234511  Z1=0.234511  E_var=-7.031314  dE=1.149e-05  docc=0.031265  n_phys=1.000000  |dDelta|=1.197e-09  |dR|=4.286e-05  [qp 0.00s | ED 0.00s]
  it= 25  Z0=0.234490  Z1=0.234490  E_var=-7.031304  dE=9.736e-06  docc=0.031263  n_phys=1.000000  |dDelta|=3.441e-09  |dR|=3.633e-05  [qp 0.00s | ED 0.00s]
  it= 26  Z0=0.234473  Z1=0.234473  E_var=-7.031296  dE=8.251e-06  docc=0.031261  n_phys=1.000000  |dDelta|=2.171e-09  |dR|=3.079e-05  [qp 0.00s | ED 0.00s]
  it= 27  Z0=0.234458  Z1=0.234458  E_var=-7.031289  dE=6.992e-06  docc=0.031259  n_phys=1.000000  |dDelta|=4.814e-09  |dR|=2.610e-05  [qp 0.00s | ED 0.00s]
  it= 28  Z0=0.234445  Z1=0.234445  E_var=-7.031283  dE=5.926e-06  docc=0.031258  n_phys=1.000000  |dDelta|=5.978e-09  |dR|=2.212e-05  [qp 0.00s | ED 0.00s]
  it= 29  Z0=0.234435  Z1=0.234435  E_var=-7.031278  dE=5.022e-06  docc=0.031257  n_phys=1.000000  |dDelta|=3.928e-09  |dR|=1.875e-05  [qp 0.00s | ED 0.00s]
  it= 30  Z0=0.234425  Z1=0.234425  E_var=-7.031274  dE=4.257e-06  docc=0.031256  n_phys=1.000000  |dDelta|=1.867e-09  |dR|=1.589e-05  [qp 0.00s | ED 0.00s]
  it= 31  Z0=0.234418  Z1=0.234418  E_var=-7.031270  dE=3.608e-06  docc=0.031255  n_phys=1.000000  |dDelta|=5.863e-09  |dR|=1.347e-05  [qp 0.00s | ED 0.00s]
  it= 32  Z0=0.234411  Z1=0.234411  E_var=-7.031267  dE=3.058e-06  docc=0.031254  n_phys=1.000000  |dDelta|=1.037e-09  |dR|=1.142e-05  [qp 0.00s | ED 0.00s]
  it= 33  Z0=0.234406  Z1=0.234406  E_var=-7.031264  dE=2.592e-06  docc=0.031253  n_phys=1.000000  |dDelta|=1.154e-09  |dR|=9.679e-06  [qp 0.00s | ED 0.00s]
  it= 34  Z0=0.234401  Z1=0.234401  E_var=-7.031262  dE=2.197e-06  docc=0.031253  n_phys=1.000000  |dDelta|=4.860e-09  |dR|=8.204e-06  [qp 0.00s | ED 0.00s]
  it= 35  Z0=0.234397  Z1=0.234397  E_var=-7.031260  dE=1.862e-06  docc=0.031252  n_phys=1.000000  |dDelta|=1.772e-09  |dR|=6.954e-06  [qp 0.00s | ED 0.00s]
  it= 36  Z0=0.234394  Z1=0.234394  E_var=-7.031259  dE=1.578e-06  docc=0.031252  n_phys=1.000000  |dDelta|=7.866e-10  |dR|=5.895e-06  [qp 0.00s | ED 0.00s]
  it= 37  Z0=0.234391  Z1=0.234391  E_var=-7.031257  dE=1.338e-06  docc=0.031252  n_phys=1.000000  |dDelta|=3.223e-09  |dR|=4.997e-06  [qp 0.00s | ED 0.00s]
  it= 38  Z0=0.234388  Z1=0.234388  E_var=-7.031256  dE=1.134e-06  docc=0.031251  n_phys=1.000000  |dDelta|=2.106e-09  |dR|=4.235e-06  [qp 0.00s | ED 0.00s]
  it= 39  Z0=0.234386  Z1=0.234386  E_var=-7.031255  dE=9.612e-07  docc=0.031251  n_phys=1.000000  |dDelta|=3.134e-09  |dR|=3.590e-06  [qp 0.00s | ED 0.00s]

[check] Delta_qp (quasiparticle 1-RDM) vs Delta_new (impurity-derived 1 - Delta_bb), final iteration:

  fragment 0: Delta_qp =
[[ 0.5055959  -0.05373811 -0.02747291]
 [-0.05373811  0.9801311   0.11451423]
 [-0.02747291  0.11451423  0.01427301]]
  fragment 0: eig(Delta_qp)  = [-4.31636884e-17  5.00000000e-01  1.00000000e+00]

  fragment 0: Delta_new =
[[ 0.4944041   0.05373811  0.02747291]
 [ 0.05373811  0.0198689  -0.11451423]
 [ 0.02747291 -0.11451423  0.98572699]]
  fragment 0: eig(Delta_new) = [5.13478149e-16 5.00000000e-01 1.00000000e+00]

  fragment 0: max|Delta_qp - Delta_new| = 9.715e-01

  fragment 1: Delta_qp =
[[ 0.01986884  0.05373785 -0.11451423]
 [ 0.05373785  0.49440416  0.02747279]
 [-0.11451423  0.02747279  0.985727  ]]
  fragment 1: eig(Delta_qp)  = [-4.12564786e-18  5.00000000e-01  1.00000000e+00]

  fragment 1: Delta_new =
[[ 0.98013116 -0.05373785  0.11451423]
 [-0.05373785  0.50559584 -0.02747279]
 [ 0.11451423 -0.02747279  0.014273  ]]
  fragment 1: eig(Delta_new) = [-6.8348105e-16  5.0000000e-01  1.0000000e+00]

  fragment 1: max|Delta_qp - Delta_new| = 9.715e-01



Ng=2  U/t=7.0000  Z0=0.234385  Z1=0.234385  E_var/t=-7.031255  docc=0.031251  converged=True  iters=39
