[setup] Ng=2  Neff=3  impurity orbitals/spin=4  Fock dim=256  (sparse operators)
[setup] built impurity operators in 0.01s; ground state searched in the N_up=N_dn sector of dim 36
  it=  0  Z0=0.456095  Z1=0.456095  E_var=-6.141558  dE=-1.061e+02  docc=0.064219  n_phys=1.000000  |dDelta|=2.828e+00  |dR|=1.239e-02  [qp 0.00s | ED 0.00s]
  it=  1  Z0=0.447769  Z1=0.447769  E_var=-6.134074  dE=7.485e-03  docc=0.063455  n_phys=1.000000  |dDelta|=1.450e-08  |dR|=6.819e-03  [qp 0.00s | ED 0.00s]
  it=  2  Z0=0.443218  Z1=0.443218  E_var=-6.130030  dE=4.043e-03  docc=0.063034  n_phys=1.000000  |dDelta|=7.016e-09  |dR|=3.790e-03  [qp 0.00s | ED 0.00s]
  it=  3  Z0=0.440698  Z1=0.440698  E_var=-6.127807  dE=2.224e-03  docc=0.062799  n_phys=1.000000  |dDelta|=6.034e-08  |dR|=2.118e-03  [qp 0.00s | ED 0.00s]
  it=  4  Z0=0.439293  Z1=0.439293  E_var=-6.126572  dE=1.235e-03  docc=0.062668  n_phys=1.000000  |dDelta|=9.845e-09  |dR|=1.187e-03  [qp 0.00s | ED 0.00s]
  it=  5  Z0=0.438507  Z1=0.438507  E_var=-6.125882  dE=6.898e-04  docc=0.062594  n_phys=1.000000  |dDelta|=6.096e-08  |dR|=6.662e-04  [qp 0.00s | ED 0.00s]
  it=  6  Z0=0.438066  Z1=0.438066  E_var=-6.125495  dE=3.865e-04  docc=0.062553  n_phys=1.000000  |dDelta|=1.304e-08  |dR|=3.743e-04  [qp 0.00s | ED 0.00s]
  it=  7  Z0=0.437818  Z1=0.437818  E_var=-6.125278  dE=2.169e-04  docc=0.062530  n_phys=1.000000  |dDelta|=1.735e-08  |dR|=2.104e-04  [qp 0.00s | ED 0.00s]
  it=  8  Z0=0.437679  Z1=0.437679  E_var=-6.125157  dE=1.219e-04  docc=0.062517  n_phys=1.000000  |dDelta|=3.858e-08  |dR|=1.183e-04  [qp 0.00s | ED 0.00s]
  it=  9  Z0=0.437601  Z1=0.437601  E_var=-6.125088  dE=6.850e-05  docc=0.062509  n_phys=1.000000  |dDelta|=5.132e-08  |dR|=6.653e-05  [qp 0.00s | ED 0.00s]
  it= 10  Z0=0.437557  Z1=0.437557  E_var=-6.125050  dE=3.852e-05  docc=0.062505  n_phys=1.000000  |dDelta|=9.899e-01  |dR|=2.432e-05  [qp 0.00s | ED 0.00s]
  it= 11  Z0=0.437540  Z1=0.437540  E_var=-6.125035  dE=1.408e-05  docc=0.062504  n_phys=1.000000  |dDelta|=6.828e-09  |dR|=1.741e-05  [qp 0.00s | ED 0.00s]
  it= 12  Z0=0.437529  Z1=0.437529  E_var=-6.125025  dE=1.007e-05  docc=0.062503  n_phys=1.000000  |dDelta|=1.174e-09  |dR|=1.246e-05  [qp 0.00s | ED 0.00s]
  it= 13  Z0=0.437521  Z1=0.437521  E_var=-6.125018  dE=7.209e-06  docc=0.062502  n_phys=1.000000  |dDelta|=2.768e-09  |dR|=8.913e-06  [qp 0.00s | ED 0.00s]
  it= 14  Z0=0.437515  Z1=0.437515  E_var=-6.125013  dE=5.159e-06  docc=0.062501  n_phys=1.000000  |dDelta|=3.740e-09  |dR|=6.379e-06  [qp 0.00s | ED 0.00s]
  it= 15  Z0=0.437511  Z1=0.437511  E_var=-6.125009  dE=3.692e-06  docc=0.062501  n_phys=1.000000  |dDelta|=3.842e-09  |dR|=4.565e-06  [qp 0.00s | ED 0.00s]
  it= 16  Z0=0.437508  Z1=0.437508  E_var=-6.125007  dE=2.642e-06  docc=0.062501  n_phys=1.000000  |dDelta|=3.096e-09  |dR|=3.267e-06  [qp 0.00s | ED 0.00s]
  it= 17  Z0=0.437505  Z1=0.437505  E_var=-6.125005  dE=1.891e-06  docc=0.062501  n_phys=1.000000  |dDelta|=8.528e-10  |dR|=2.338e-06  [qp 0.00s | ED 0.00s]
  it= 18  Z0=0.437504  Z1=0.437504  E_var=-6.125003  dE=1.353e-06  docc=0.062500  n_phys=1.000000  |dDelta|=1.346e-09  |dR|=1.673e-06  [qp 0.00s | ED 0.00s]
  it= 19  Z0=0.437503  Z1=0.437503  E_var=-6.125002  dE=9.682e-07  docc=0.062500  n_phys=1.000000  |dDelta|=4.644e-10  |dR|=1.197e-06  [qp 0.00s | ED 0.00s]

[check] Delta_qp (quasiparticle 1-RDM) vs Delta_new (impurity-derived 1 - Delta_bb), final iteration:

  fragment 0: Delta_qp =
[[ 0.5055959  -0.05373811 -0.02747287]
 [-0.05373811  0.98013109  0.11451423]
 [-0.02747287  0.11451423  0.01427301]]
  fragment 0: eig(Delta_qp)  = [-1.98855024e-17  5.00000000e-01  1.00000000e+00]

  fragment 0: Delta_new =
[[ 0.4944041   0.05373811  0.02747287]
 [ 0.05373811  0.01986891 -0.11451423]
 [ 0.02747287 -0.11451423  0.98572699]]
  fragment 0: eig(Delta_new) = [2.63677968e-16 5.00000000e-01 1.00000000e+00]

  fragment 0: max|Delta_qp - Delta_new| = 9.715e-01

  fragment 1: Delta_qp =
[[ 0.01986885  0.05373787 -0.11451425]
 [ 0.05373787  0.49440415  0.02747267]
 [-0.11451425  0.02747267  0.985727  ]]
  fragment 1: eig(Delta_qp)  = [-6.48761246e-18  5.00000000e-01  1.00000000e+00]

  fragment 1: Delta_new =
[[ 0.98013115 -0.05373787  0.11451425]
 [-0.05373787  0.50559585 -0.02747267]
 [ 0.11451425 -0.02747267  0.014273  ]]
  fragment 1: eig(Delta_new) = [2.82759927e-16 5.00000000e-01 1.00000000e+00]

  fragment 1: max|Delta_qp - Delta_new| = 9.715e-01



Ng=2  U/t=6.0000  Z0=0.437502  Z1=0.437502  E_var/t=-6.125002  docc=0.062500  converged=True  iters=19
