[setup] Ng=2  Neff=3  impurity orbitals/spin=4  Fock dim=256  (sparse operators)
[setup] built impurity operators in 0.02s; ground state searched in the N_up=N_dn sector of dim 36
  it=  0  Z0=0.999891  Z1=0.999891  E_var=-3.113524  dE=-1.031e+02  docc=0.186555  n_phys=1.000000  |dDelta|=3.998e-04  |dR|=2.396e-02  [qp 0.00s | ED 0.00s]
  it=  1  Z0=0.999901  Z1=0.999901  E_var=-3.124827  dE=-1.130e-02  docc=0.186812  n_phys=1.000000  |dDelta|=4.121e-04  |dR|=1.665e-03  [qp 0.00s | ED 0.00s]
  it=  2  Z0=0.999909  Z1=0.999909  E_var=-3.125596  dE=-7.684e-04  docc=0.186832  n_phys=1.000000  |dDelta|=3.098e-05  |dR|=1.270e-04  [qp 0.00s | ED 0.00s]
  it=  3  Z0=0.999910  Z1=0.999910  E_var=-3.125656  dE=-6.045e-05  docc=0.186833  n_phys=1.000000  |dDelta|=2.458e-06  |dR|=1.009e-05  [qp 0.00s | ED 0.00s]
  it=  4  Z0=0.999910  Z1=0.999910  E_var=-3.125661  dE=-4.824e-06  docc=0.186833  n_phys=1.000000  |dDelta|=1.964e-07  |dR|=8.063e-07  [qp 0.00s | ED 0.00s]

[check] Delta_qp (quasiparticle 1-RDM) vs Delta_new (impurity-derived 1 - Delta_bb), final iteration:

  fragment 0: Delta_qp =
[[ 9.55912162e-01 -6.42331296e-07 -1.45112694e-01]
 [-6.42331296e-07  4.40886030e-02  1.45113978e-01]
 [-1.45112694e-01  1.45113978e-01  4.99999235e-01]]
  fragment 0: eig(Delta_qp)  = [2.86898824e-05 5.00000000e-01 9.99971310e-01]

  fragment 0: Delta_new =
[[ 9.55912160e-01 -6.42331304e-07 -1.45112697e-01]
 [-6.42331304e-07  4.40886050e-02  1.45113981e-01]
 [-1.45112697e-01  1.45113981e-01  4.99999235e-01]]
  fragment 0: eig(Delta_new) = [2.86897002e-05 5.00000000e-01 9.99971310e-01]

  fragment 0: max|Delta_qp - Delta_new| = 3.365e-09

  fragment 1: Delta_qp =
[[ 8.73618325e-01 -3.90853174e-07  2.34926285e-01]
 [-3.90853174e-07  1.26382868e-01 -2.34927104e-01]
 [ 2.34926285e-01 -2.34927104e-01  4.99998808e-01]]
  fragment 1: eig(Delta_qp)  = [2.86898824e-05 5.00000000e-01 9.99971310e-01]

  fragment 1: Delta_new =
[[ 8.73618322e-01 -3.90853205e-07  2.34926288e-01]
 [-3.90853205e-07  1.26382871e-01 -2.34927107e-01]
 [ 2.34926288e-01 -2.34927107e-01  4.99998808e-01]]
  fragment 1: eig(Delta_new) = [2.86897002e-05 5.00000000e-01 9.99971310e-01]

  fragment 1: max|Delta_qp - Delta_new| = 3.277e-09



Ng=2  U/t=2.0000  Z0=0.999911  Z1=0.999911  E_var/t=-3.125661  docc=0.186833  converged=True  iters=4
