[setup] Ng=2  Neff=3  impurity orbitals/spin=4  Fock dim=256  (sparse operators)
[setup] built impurity operators in 0.01s; ground state searched in the N_up=N_dn sector of dim 36
  it=  0  Z0=0.298599  Z1=0.298599  E_var=-6.857184  dE=-1.069e+02  docc=0.039707  n_phys=1.000000  |dDelta|=2.828e+00  |dR|=1.135e-02  [qp 0.00s | ED 0.00s]
  it=  1  Z0=0.292429  Z1=0.292429  E_var=-6.853524  dE=3.660e-03  docc=0.039069  n_phys=1.000000  |dDelta|=2.191e-08  |dR|=7.984e-03  [qp 0.00s | ED 0.00s]
  it=  2  Z0=0.288127  Z1=0.288127  E_var=-6.851020  dE=2.505e-03  docc=0.038620  n_phys=1.000000  |dDelta|=1.499e-08  |dR|=5.659e-03  [qp 0.00s | ED 0.00s]
  it=  3  Z0=0.285098  Z1=0.285098  E_var=-6.849279  dE=1.741e-03  docc=0.038303  n_phys=1.000000  |dDelta|=2.079e-08  |dR|=4.034e-03  [qp 0.00s | ED 0.00s]
  it=  4  Z0=0.282948  Z1=0.282948  E_var=-6.848056  dE=1.223e-03  docc=0.038076  n_phys=1.000000  |dDelta|=2.255e-08  |dR|=2.886e-03  [qp 0.00s | ED 0.00s]
  it=  5  Z0=0.281415  Z1=0.281415  E_var=-6.847189  dE=8.663e-04  docc=0.037915  n_phys=1.000000  |dDelta|=4.713e-08  |dR|=2.071e-03  [qp 0.00s | ED 0.00s]
  it=  6  Z0=0.280317  Z1=0.280317  E_var=-6.846572  dE=6.170e-04  docc=0.037799  n_phys=1.000000  |dDelta|=1.325e-08  |dR|=1.489e-03  [qp 0.00s | ED 0.00s]
  it=  7  Z0=0.279530  Z1=0.279530  E_var=-6.846131  dE=4.412e-04  docc=0.037715  n_phys=1.000000  |dDelta|=2.003e-08  |dR|=1.072e-03  [qp 0.00s | ED 0.00s]
  it=  8  Z0=0.278964  Z1=0.278964  E_var=-6.845815  dE=3.164e-04  docc=0.037655  n_phys=1.000000  |dDelta|=2.781e-08  |dR|=7.722e-04  [qp 0.00s | ED 0.00s]
  it=  9  Z0=0.278556  Z1=0.278556  E_var=-6.845587  dE=2.274e-04  docc=0.037612  n_phys=1.000000  |dDelta|=1.515e-08  |dR|=5.568e-04  [qp 0.00s | ED 0.00s]
  it= 10  Z0=0.278262  Z1=0.278262  E_var=-6.845424  dE=1.636e-04  docc=0.037581  n_phys=1.000000  |dDelta|=9.899e-01  |dR|=2.612e-04  [qp 0.00s | ED 0.01s]
  it= 11  Z0=0.278124  Z1=0.278124  E_var=-6.845347  dE=7.665e-05  docc=0.037566  n_phys=1.000000  |dDelta|=7.119e-09  |dR|=2.139e-04  [qp 0.00s | ED 0.00s]
  it= 12  Z0=0.278012  Z1=0.278012  E_var=-6.845284  dE=6.274e-05  docc=0.037554  n_phys=1.000000  |dDelta|=1.734e-09  |dR|=1.752e-04  [qp 0.00s | ED 0.00s]
  it= 13  Z0=0.277919  Z1=0.277919  E_var=-6.845233  dE=5.137e-05  docc=0.037545  n_phys=1.000000  |dDelta|=2.659e-09  |dR|=1.436e-04  [qp 0.00s | ED 0.00s]
  it= 14  Z0=0.277843  Z1=0.277843  E_var=-6.845191  dE=4.207e-05  docc=0.037536  n_phys=1.000000  |dDelta|=4.786e-09  |dR|=1.176e-04  [qp 0.00s | ED 0.00s]
  it= 15  Z0=0.277781  Z1=0.277781  E_var=-6.845156  dE=3.446e-05  docc=0.037530  n_phys=1.000000  |dDelta|=7.673e-10  |dR|=9.640e-05  [qp 0.00s | ED 0.00s]
  it= 16  Z0=0.277731  Z1=0.277731  E_var=-6.845128  dE=2.822e-05  docc=0.037525  n_phys=1.000000  |dDelta|=2.901e-09  |dR|=7.899e-05  [qp 0.00s | ED 0.00s]
  it= 17  Z0=0.277689  Z1=0.277689  E_var=-6.845105  dE=2.312e-05  docc=0.037520  n_phys=1.000000  |dDelta|=2.569e-09  |dR|=6.473e-05  [qp 0.00s | ED 0.00s]
  it= 18  Z0=0.277655  Z1=0.277655  E_var=-6.845086  dE=1.894e-05  docc=0.037516  n_phys=1.000000  |dDelta|=5.257e-10  |dR|=5.305e-05  [qp 0.00s | ED 0.00s]
  it= 19  Z0=0.277627  Z1=0.277627  E_var=-6.845070  dE=1.552e-05  docc=0.037513  n_phys=1.000000  |dDelta|=3.414e-09  |dR|=4.347e-05  [qp 0.00s | ED 0.00s]
  it= 20  Z0=0.277604  Z1=0.277604  E_var=-6.845058  dE=1.272e-05  docc=0.037511  n_phys=1.000000  |dDelta|=4.345e-09  |dR|=3.563e-05  [qp 0.00s | ED 0.01s]
  it= 21  Z0=0.277585  Z1=0.277585  E_var=-6.845047  dE=1.042e-05  docc=0.037509  n_phys=1.000000  |dDelta|=1.757e-09  |dR|=2.920e-05  [qp 0.00s | ED 0.00s]
  it= 22  Z0=0.277570  Z1=0.277570  E_var=-6.845039  dE=8.541e-06  docc=0.037507  n_phys=1.000000  |dDelta|=3.225e-09  |dR|=2.393e-05  [qp 0.00s | ED 0.01s]
  it= 23  Z0=0.277557  Z1=0.277557  E_var=-6.845032  dE=6.999e-06  docc=0.037506  n_phys=1.000000  |dDelta|=1.819e-09  |dR|=1.961e-05  [qp 0.00s | ED 0.00s]
  it= 24  Z0=0.277547  Z1=0.277547  E_var=-6.845026  dE=5.736e-06  docc=0.037505  n_phys=1.000000  |dDelta|=5.564e-10  |dR|=1.608e-05  [qp 0.00s | ED 0.00s]
  it= 25  Z0=0.277538  Z1=0.277538  E_var=-6.845021  dE=4.701e-06  docc=0.037504  n_phys=1.000000  |dDelta|=9.891e-10  |dR|=1.318e-05  [qp 0.00s | ED 0.00s]
  it= 26  Z0=0.277532  Z1=0.277532  E_var=-6.845018  dE=3.853e-06  docc=0.037503  n_phys=1.000000  |dDelta|=5.305e-09  |dR|=1.080e-05  [qp 0.00s | ED 0.00s]
  it= 27  Z0=0.277526  Z1=0.277526  E_var=-6.845014  dE=3.158e-06  docc=0.037503  n_phys=1.000000  |dDelta|=9.124e-10  |dR|=8.850e-06  [qp 0.00s | ED 0.00s]
  it= 28  Z0=0.277521  Z1=0.277521  E_var=-6.845012  dE=2.588e-06  docc=0.037502  n_phys=1.000000  |dDelta|=4.203e-09  |dR|=7.254e-06  [qp 0.00s | ED 0.00s]
  it= 29  Z0=0.277517  Z1=0.277517  E_var=-6.845010  dE=2.121e-06  docc=0.037502  n_phys=1.000000  |dDelta|=5.954e-09  |dR|=5.945e-06  [qp 0.00s | ED 0.00s]
  it= 30  Z0=0.277514  Z1=0.277514  E_var=-6.845008  dE=1.738e-06  docc=0.037502  n_phys=1.000000  |dDelta|=3.155e-09  |dR|=4.873e-06  [qp 0.00s | ED 0.00s]
  it= 31  Z0=0.277512  Z1=0.277512  E_var=-6.845006  dE=1.425e-06  docc=0.037501  n_phys=1.000000  |dDelta|=3.460e-09  |dR|=3.994e-06  [qp 0.00s | ED 0.00s]
  it= 32  Z0=0.277510  Z1=0.277510  E_var=-6.845005  dE=1.168e-06  docc=0.037501  n_phys=1.000000  |dDelta|=1.228e-09  |dR|=3.274e-06  [qp 0.00s | ED 0.00s]
  it= 33  Z0=0.277508  Z1=0.277508  E_var=-6.845004  dE=9.571e-07  docc=0.037501  n_phys=1.000000  |dDelta|=2.914e-09  |dR|=2.683e-06  [qp 0.00s | ED 0.00s]

[check] Delta_qp (quasiparticle 1-RDM) vs Delta_new (impurity-derived 1 - Delta_bb), final iteration:

  fragment 0: Delta_qp =
[[ 0.5055959  -0.05373811 -0.02747291]
 [-0.05373811  0.9801311   0.11451423]
 [-0.02747291  0.11451423  0.01427301]]
  fragment 0: eig(Delta_qp)  = [-1.27347047e-17  5.00000000e-01  1.00000000e+00]

  fragment 0: Delta_new =
[[ 0.4944041   0.05373811  0.02747291]
 [ 0.05373811  0.0198689  -0.11451423]
 [ 0.02747291 -0.11451423  0.98572699]]
  fragment 0: eig(Delta_new) = [-2.22044605e-16  5.00000000e-01  1.00000000e+00]

  fragment 0: max|Delta_qp - Delta_new| = 9.715e-01

  fragment 1: Delta_qp =
[[ 0.01986884  0.05373786 -0.11451425]
 [ 0.05373786  0.49440415  0.02747267]
 [-0.11451425  0.02747267  0.985727  ]]
  fragment 1: eig(Delta_qp)  = [-4.0001811e-18  5.0000000e-01  1.0000000e+00]

  fragment 1: Delta_new =
[[ 0.98013116 -0.05373786  0.11451425]
 [-0.05373786  0.50559585 -0.02747267]
 [ 0.11451425 -0.02747267  0.014273  ]]
  fragment 1: eig(Delta_new) = [1.73472348e-17 5.00000000e-01 1.00000000e+00]

  fragment 1: max|Delta_qp - Delta_new| = 9.715e-01



Ng=2  U/t=6.8000  Z0=0.277506  Z1=0.277506  E_var/t=-6.845004  docc=0.037501  converged=True  iters=33
