[setup] Ng=2  Neff=3  impurity orbitals/spin=4  Fock dim=256  (sparse operators)
[setup] built impurity operators in 0.01s; ground state searched in the N_up=N_dn sector of dim 36
  it=  0  Z0=0.073719  Z1=0.073719  E_var=-7.804482  dE=-1.078e+02  docc=0.009164  n_phys=1.000000  |dDelta|=2.828e+00  |dR|=6.491e-03  [qp 0.00s | ED 0.00s]
  it=  1  Z0=0.071967  Z1=0.071967  E_var=-7.804195  dE=2.869e-04  docc=0.008958  n_phys=1.000000  |dDelta|=1.263e-08  |dR|=5.960e-03  [qp 0.00s | ED 0.00s]
  it=  2  Z0=0.070377  Z1=0.070377  E_var=-7.803942  dE=2.532e-04  docc=0.008770  n_phys=1.000000  |dDelta|=1.375e-08  |dR|=5.485e-03  [qp 0.00s | ED 0.00s]
  it=  3  Z0=0.068929  Z1=0.068929  E_var=-7.803717  dE=2.246e-04  docc=0.008599  n_phys=1.000000  |dDelta|=4.714e-09  |dR|=5.060e-03  [qp 0.00s | ED 0.00s]
  it=  4  Z0=0.067607  Z1=0.067607  E_var=-7.803517  dE=2.001e-04  docc=0.008442  n_phys=1.000000  |dDelta|=1.931e-08  |dR|=4.677e-03  [qp 0.00s | ED 0.00s]
  it=  5  Z0=0.066397  Z1=0.066397  E_var=-7.803338  dE=1.791e-04  docc=0.008298  n_phys=1.000000  |dDelta|=1.165e-08  |dR|=4.331e-03  [qp 0.00s | ED 0.00s]
  it=  6  Z0=0.065285  Z1=0.065285  E_var=-7.803177  dE=1.609e-04  docc=0.008166  n_phys=1.000000  |dDelta|=1.727e-08  |dR|=4.017e-03  [qp 0.00s | ED 0.00s]
  it=  7  Z0=0.064263  Z1=0.064263  E_var=-7.803032  dE=1.450e-04  docc=0.008044  n_phys=1.000000  |dDelta|=8.084e-09  |dR|=3.732e-03  [qp 0.00s | ED 0.00s]
  it=  8  Z0=0.063320  Z1=0.063320  E_var=-7.802901  dE=1.312e-04  docc=0.007932  n_phys=1.000000  |dDelta|=4.689e-09  |dR|=3.473e-03  [qp 0.00s | ED 0.00s]
  it=  9  Z0=0.062449  Z1=0.062449  E_var=-7.802782  dE=1.190e-04  docc=0.007828  n_phys=1.000000  |dDelta|=2.596e-08  |dR|=3.236e-03  [qp 0.00s | ED 0.00s]
  it= 10  Z0=0.061643  Z1=0.061643  E_var=-7.802674  dE=1.083e-04  docc=0.007732  n_phys=1.000000  |dDelta|=9.899e-01  |dR|=1.962e-03  [qp 0.00s | ED 0.00s]
  it= 11  Z0=0.061157  Z1=0.061157  E_var=-7.802610  dE=6.443e-05  docc=0.007673  n_phys=1.000000  |dDelta|=1.095e-09  |dR|=1.877e-03  [qp 0.00s | ED 0.00s]
  it= 12  Z0=0.060694  Z1=0.060694  E_var=-7.802549  dE=6.081e-05  docc=0.007618  n_phys=1.000000  |dDelta|=2.735e-09  |dR|=1.797e-03  [qp 0.00s | ED 0.00s]
  it= 13  Z0=0.060252  Z1=0.060252  E_var=-7.802491  dE=5.744e-05  docc=0.007565  n_phys=1.000000  |dDelta|=1.267e-09  |dR|=1.721e-03  [qp 0.00s | ED 0.00s]
  it= 14  Z0=0.059830  Z1=0.059830  E_var=-7.802437  dE=5.431e-05  docc=0.007514  n_phys=1.000000  |dDelta|=1.923e-09  |dR|=1.649e-03  [qp 0.00s | ED 0.00s]
  it= 15  Z0=0.059427  Z1=0.059427  E_var=-7.802386  dE=5.140e-05  docc=0.007466  n_phys=1.000000  |dDelta|=2.814e-09  |dR|=1.581e-03  [qp 0.00s | ED 0.00s]
  it= 16  Z0=0.059043  Z1=0.059043  E_var=-7.802337  dE=4.868e-05  docc=0.007420  n_phys=1.000000  |dDelta|=3.740e-09  |dR|=1.516e-03  [qp 0.00s | ED 0.00s]
  it= 17  Z0=0.058675  Z1=0.058675  E_var=-7.802291  dE=4.615e-05  docc=0.007376  n_phys=1.000000  |dDelta|=1.046e-09  |dR|=1.454e-03  [qp 0.00s | ED 0.00s]
  it= 18  Z0=0.058323  Z1=0.058323  E_var=-7.802247  dE=4.378e-05  docc=0.007333  n_phys=1.000000  |dDelta|=1.469e-09  |dR|=1.395e-03  [qp 0.00s | ED 0.00s]
  it= 19  Z0=0.057987  Z1=0.057987  E_var=-7.802205  dE=4.156e-05  docc=0.007293  n_phys=1.000000  |dDelta|=2.829e-09  |dR|=1.339e-03  [qp 0.00s | ED 0.00s]
  it= 20  Z0=0.057665  Z1=0.057665  E_var=-7.802166  dE=3.948e-05  docc=0.007254  n_phys=1.000000  |dDelta|=2.249e-10  |dR|=1.286e-03  [qp 0.00s | ED 0.00s]
  it= 21  Z0=0.057356  Z1=0.057356  E_var=-7.802128  dE=3.753e-05  docc=0.007217  n_phys=1.000000  |dDelta|=3.400e-10  |dR|=1.235e-03  [qp 0.00s | ED 0.00s]
  it= 22  Z0=0.057061  Z1=0.057061  E_var=-7.802093  dE=3.571e-05  docc=0.007181  n_phys=1.000000  |dDelta|=1.287e-09  |dR|=1.187e-03  [qp 0.00s | ED 0.00s]
  it= 23  Z0=0.056778  Z1=0.056778  E_var=-7.802059  dE=3.399e-05  docc=0.007147  n_phys=1.000000  |dDelta|=4.004e-10  |dR|=1.140e-03  [qp 0.00s | ED 0.00s]
  it= 24  Z0=0.056506  Z1=0.056506  E_var=-7.802026  dE=3.237e-05  docc=0.007115  n_phys=1.000000  |dDelta|=1.696e-09  |dR|=1.096e-03  [qp 0.00s | ED 0.00s]
  it= 25  Z0=0.056246  Z1=0.056246  E_var=-7.801995  dE=3.085e-05  docc=0.007083  n_phys=1.000000  |dDelta|=3.139e-09  |dR|=1.054e-03  [qp 0.00s | ED 0.00s]
  it= 26  Z0=0.055996  Z1=0.055996  E_var=-7.801966  dE=2.941e-05  docc=0.007053  n_phys=1.000000  |dDelta|=1.397e-09  |dR|=1.013e-03  [qp 0.00s | ED 0.00s]
  it= 27  Z0=0.055757  Z1=0.055757  E_var=-7.801938  dE=2.806e-05  docc=0.007024  n_phys=1.000000  |dDelta|=2.746e-09  |dR|=9.749e-04  [qp 0.00s | ED 0.00s]
  it= 28  Z0=0.055527  Z1=0.055527  E_var=-7.801911  dE=2.679e-05  docc=0.006996  n_phys=1.000000  |dDelta|=7.157e-10  |dR|=9.379e-04  [qp 0.00s | ED 0.00s]
  it= 29  Z0=0.055306  Z1=0.055306  E_var=-7.801886  dE=2.558e-05  docc=0.006970  n_phys=1.000000  |dDelta|=3.781e-10  |dR|=9.026e-04  [qp 0.00s | ED 0.00s]
  it= 30  Z0=0.055094  Z1=0.055094  E_var=-7.801861  dE=2.444e-05  docc=0.006944  n_phys=1.000000  |dDelta|=2.241e-09  |dR|=8.688e-04  [qp 0.00s | ED 0.00s]
  it= 31  Z0=0.054890  Z1=0.054890  E_var=-7.801838  dE=2.336e-05  docc=0.006919  n_phys=1.000000  |dDelta|=1.215e-09  |dR|=8.364e-04  [qp 0.00s | ED 0.00s]
  it= 32  Z0=0.054695  Z1=0.054695  E_var=-7.801815  dE=2.234e-05  docc=0.006896  n_phys=1.000000  |dDelta|=1.720e-09  |dR|=8.054e-04  [qp 0.00s | ED 0.00s]
  it= 33  Z0=0.054506  Z1=0.054506  E_var=-7.801794  dE=2.137e-05  docc=0.006873  n_phys=1.000000  |dDelta|=2.100e-10  |dR|=7.757e-04  [qp 0.00s | ED 0.00s]
  it= 34  Z0=0.054325  Z1=0.054325  E_var=-7.801774  dE=2.045e-05  docc=0.006851  n_phys=1.000000  |dDelta|=2.393e-10  |dR|=7.472e-04  [qp 0.00s | ED 0.00s]
  it= 35  Z0=0.054151  Z1=0.054151  E_var=-7.801754  dE=1.958e-05  docc=0.006830  n_phys=1.000000  |dDelta|=9.832e-10  |dR|=7.199e-04  [qp 0.00s | ED 0.00s]
  it= 36  Z0=0.053984  Z1=0.053984  E_var=-7.801735  dE=1.876e-05  docc=0.006810  n_phys=1.000000  |dDelta|=1.248e-09  |dR|=6.937e-04  [qp 0.00s | ED 0.00s]
  it= 37  Z0=0.053823  Z1=0.053823  E_var=-7.801717  dE=1.797e-05  docc=0.006790  n_phys=1.000000  |dDelta|=2.637e-09  |dR|=6.685e-04  [qp 0.00s | ED 0.00s]
  it= 38  Z0=0.053668  Z1=0.053668  E_var=-7.801700  dE=1.723e-05  docc=0.006772  n_phys=1.000000  |dDelta|=5.153e-10  |dR|=6.444e-04  [qp 0.00s | ED 0.00s]
  it= 39  Z0=0.053519  Z1=0.053519  E_var=-7.801684  dE=1.652e-05  docc=0.006753  n_phys=1.000000  |dDelta|=1.831e-09  |dR|=6.212e-04  [qp 0.00s | ED 0.00s]
  it= 40  Z0=0.053375  Z1=0.053375  E_var=-7.801668  dE=1.584e-05  docc=0.006736  n_phys=1.000000  |dDelta|=1.823e-09  |dR|=5.989e-04  [qp 0.00s | ED 0.00s]
  it= 41  Z0=0.053237  Z1=0.053237  E_var=-7.801653  dE=1.520e-05  docc=0.006719  n_phys=1.000000  |dDelta|=2.875e-10  |dR|=5.775e-04  [qp 0.00s | ED 0.00s]
  it= 42  Z0=0.053104  Z1=0.053104  E_var=-7.801638  dE=1.458e-05  docc=0.006703  n_phys=1.000000  |dDelta|=1.838e-09  |dR|=5.570e-04  [qp 0.00s | ED 0.00s]
  it= 43  Z0=0.052975  Z1=0.052975  E_var=-7.801624  dE=1.400e-05  docc=0.006688  n_phys=1.000000  |dDelta|=4.650e-10  |dR|=5.372e-04  [qp 0.00s | ED 0.00s]
  it= 44  Z0=0.052852  Z1=0.052852  E_var=-7.801611  dE=1.344e-05  docc=0.006673  n_phys=1.000000  |dDelta|=9.163e-10  |dR|=5.182e-04  [qp 0.00s | ED 0.00s]
  it= 45  Z0=0.052733  Z1=0.052733  E_var=-7.801598  dE=1.291e-05  docc=0.006658  n_phys=1.000000  |dDelta|=2.146e-09  |dR|=4.999e-04  [qp 0.00s | ED 0.00s]
  it= 46  Z0=0.052618  Z1=0.052618  E_var=-7.801585  dE=1.241e-05  docc=0.006644  n_phys=1.000000  |dDelta|=7.148e-10  |dR|=4.824e-04  [qp 0.00s | ED 0.00s]
  it= 47  Z0=0.052507  Z1=0.052507  E_var=-7.801573  dE=1.192e-05  docc=0.006631  n_phys=1.000000  |dDelta|=2.080e-09  |dR|=4.655e-04  [qp 0.00s | ED 0.00s]
  it= 48  Z0=0.052401  Z1=0.052401  E_var=-7.801562  dE=1.146e-05  docc=0.006618  n_phys=1.000000  |dDelta|=1.022e-09  |dR|=4.492e-04  [qp 0.00s | ED 0.00s]
  it= 49  Z0=0.052298  Z1=0.052298  E_var=-7.801551  dE=1.102e-05  docc=0.006605  n_phys=1.000000  |dDelta|=3.042e-09  |dR|=4.336e-04  [qp 0.00s | ED 0.00s]
  it= 50  Z0=0.052199  Z1=0.052199  E_var=-7.801540  dE=1.060e-05  docc=0.006593  n_phys=1.000000  |dDelta|=7.171e-10  |dR|=4.185e-04  [qp 0.00s | ED 0.00s]
  it= 51  Z0=0.052103  Z1=0.052103  E_var=-7.801530  dE=1.019e-05  docc=0.006582  n_phys=1.000000  |dDelta|=7.915e-10  |dR|=4.040e-04  [qp 0.00s | ED 0.00s]
  it= 52  Z0=0.052011  Z1=0.052011  E_var=-7.801520  dE=9.805e-06  docc=0.006571  n_phys=1.000000  |dDelta|=3.228e-09  |dR|=3.900e-04  [qp 0.00s | ED 0.00s]
  it= 53  Z0=0.051922  Z1=0.051922  E_var=-7.801511  dE=9.435e-06  docc=0.006560  n_phys=1.000000  |dDelta|=4.944e-10  |dR|=3.766e-04  [qp 0.00s | ED 0.00s]
  it= 54  Z0=0.051837  Z1=0.051837  E_var=-7.801502  dE=9.081e-06  docc=0.006549  n_phys=1.000000  |dDelta|=1.604e-09  |dR|=3.636e-04  [qp 0.00s | ED 0.00s]
  it= 55  Z0=0.051754  Z1=0.051754  E_var=-7.801493  dE=8.741e-06  docc=0.006539  n_phys=1.000000  |dDelta|=2.445e-09  |dR|=3.511e-04  [qp 0.00s | ED 0.00s]
  it= 56  Z0=0.051674  Z1=0.051674  E_var=-7.801485  dE=8.416e-06  docc=0.006530  n_phys=1.000000  |dDelta|=1.664e-09  |dR|=3.391e-04  [qp 0.00s | ED 0.00s]
  it= 57  Z0=0.051597  Z1=0.051597  E_var=-7.801476  dE=8.105e-06  docc=0.006520  n_phys=1.000000  |dDelta|=2.058e-09  |dR|=3.275e-04  [qp 0.00s | ED 0.00s]
  it= 58  Z0=0.051523  Z1=0.051523  E_var=-7.801469  dE=7.806e-06  docc=0.006511  n_phys=1.000000  |dDelta|=1.341e-09  |dR|=3.163e-04  [qp 0.00s | ED 0.00s]
  it= 59  Z0=0.051451  Z1=0.051451  E_var=-7.801461  dE=7.519e-06  docc=0.006503  n_phys=1.000000  |dDelta|=1.037e-09  |dR|=3.056e-04  [qp 0.00s | ED 0.00s]
  it= 60  Z0=0.051381  Z1=0.051381  E_var=-7.801454  dE=7.244e-06  docc=0.006494  n_phys=1.000000  |dDelta|=7.420e-10  |dR|=2.952e-04  [qp 0.00s | ED 0.00s]
  it= 61  Z0=0.051315  Z1=0.051315  E_var=-7.801447  dE=6.981e-06  docc=0.006486  n_phys=1.000000  |dDelta|=6.505e-10  |dR|=2.852e-04  [qp 0.00s | ED 0.00s]
  it= 62  Z0=0.051250  Z1=0.051250  E_var=-7.801440  dE=6.728e-06  docc=0.006478  n_phys=1.000000  |dDelta|=6.403e-10  |dR|=2.755e-04  [qp 0.00s | ED 0.00s]
  it= 63  Z0=0.051188  Z1=0.051188  E_var=-7.801434  dE=6.485e-06  docc=0.006471  n_phys=1.000000  |dDelta|=1.219e-09  |dR|=2.662e-04  [qp 0.00s | ED 0.00s]
  it= 64  Z0=0.051127  Z1=0.051127  E_var=-7.801427  dE=6.251e-06  docc=0.006463  n_phys=1.000000  |dDelta|=1.435e-09  |dR|=2.572e-04  [qp 0.00s | ED 0.00s]
  it= 65  Z0=0.051069  Z1=0.051069  E_var=-7.801421  dE=6.027e-06  docc=0.006456  n_phys=1.000000  |dDelta|=6.158e-10  |dR|=2.486e-04  [qp 0.00s | ED 0.00s]
  it= 66  Z0=0.051013  Z1=0.051013  E_var=-7.801416  dE=5.812e-06  docc=0.006449  n_phys=1.000000  |dDelta|=9.792e-10  |dR|=2.402e-04  [qp 0.00s | ED 0.00s]
  it= 67  Z0=0.050959  Z1=0.050959  E_var=-7.801410  dE=5.605e-06  docc=0.006443  n_phys=1.000000  |dDelta|=4.320e-10  |dR|=2.321e-04  [qp 0.00s | ED 0.00s]
  it= 68  Z0=0.050906  Z1=0.050906  E_var=-7.801405  dE=5.406e-06  docc=0.006436  n_phys=1.000000  |dDelta|=1.062e-09  |dR|=2.243e-04  [qp 0.00s | ED 0.00s]
  it= 69  Z0=0.050856  Z1=0.050856  E_var=-7.801399  dE=5.214e-06  docc=0.006430  n_phys=1.000000  |dDelta|=1.350e-09  |dR|=2.168e-04  [qp 0.00s | ED 0.00s]
  it= 70  Z0=0.050807  Z1=0.050807  E_var=-7.801394  dE=5.030e-06  docc=0.006424  n_phys=1.000000  |dDelta|=1.370e-09  |dR|=2.096e-04  [qp 0.00s | ED 0.00s]
  it= 71  Z0=0.050760  Z1=0.050760  E_var=-7.801389  dE=4.853e-06  docc=0.006419  n_phys=1.000000  |dDelta|=2.337e-09  |dR|=2.026e-04  [qp 0.00s | ED 0.00s]
  it= 72  Z0=0.050714  Z1=0.050714  E_var=-7.801385  dE=4.683e-06  docc=0.006413  n_phys=1.000000  |dDelta|=1.160e-09  |dR|=1.958e-04  [qp 0.00s | ED 0.00s]
  it= 73  Z0=0.050670  Z1=0.050670  E_var=-7.801380  dE=4.519e-06  docc=0.006408  n_phys=1.000000  |dDelta|=8.771e-10  |dR|=1.893e-04  [qp 0.00s | ED 0.00s]
  it= 74  Z0=0.050627  Z1=0.050627  E_var=-7.801376  dE=4.362e-06  docc=0.006402  n_phys=1.000000  |dDelta|=8.308e-10  |dR|=1.830e-04  [qp 0.00s | ED 0.00s]
  it= 75  Z0=0.050586  Z1=0.050586  E_var=-7.801372  dE=4.210e-06  docc=0.006397  n_phys=1.000000  |dDelta|=4.847e-10  |dR|=1.769e-04  [qp 0.00s | ED 0.00s]
  it= 76  Z0=0.050546  Z1=0.050546  E_var=-7.801368  dE=4.064e-06  docc=0.006393  n_phys=1.000000  |dDelta|=1.209e-09  |dR|=1.710e-04  [qp 0.00s | ED 0.00s]
  it= 77  Z0=0.050508  Z1=0.050508  E_var=-7.801364  dE=3.923e-06  docc=0.006388  n_phys=1.000000  |dDelta|=4.959e-10  |dR|=1.654e-04  [qp 0.00s | ED 0.00s]
  it= 78  Z0=0.050471  Z1=0.050471  E_var=-7.801360  dE=3.787e-06  docc=0.006383  n_phys=1.000000  |dDelta|=1.607e-09  |dR|=1.599e-04  [qp 0.00s | ED 0.00s]
  it= 79  Z0=0.050435  Z1=0.050435  E_var=-7.801356  dE=3.657e-06  docc=0.006379  n_phys=1.000000  |dDelta|=5.394e-10  |dR|=1.546e-04  [qp 0.00s | ED 0.00s]
  it= 80  Z0=0.050400  Z1=0.050400  E_var=-7.801353  dE=3.531e-06  docc=0.006375  n_phys=1.000000  |dDelta|=4.992e-10  |dR|=1.495e-04  [qp 0.00s | ED 0.00s]
  it= 81  Z0=0.050367  Z1=0.050367  E_var=-7.801349  dE=3.410e-06  docc=0.006371  n_phys=1.000000  |dDelta|=6.217e-10  |dR|=1.446e-04  [qp 0.00s | ED 0.00s]
  it= 82  Z0=0.050334  Z1=0.050334  E_var=-7.801346  dE=3.293e-06  docc=0.006367  n_phys=1.000000  |dDelta|=2.126e-09  |dR|=1.398e-04  [qp 0.00s | ED 0.00s]
  it= 83  Z0=0.050303  Z1=0.050303  E_var=-7.801343  dE=3.181e-06  docc=0.006363  n_phys=1.000000  |dDelta|=2.804e-10  |dR|=1.352e-04  [qp 0.00s | ED 0.00s]
  it= 84  Z0=0.050273  Z1=0.050273  E_var=-7.801340  dE=3.072e-06  docc=0.006359  n_phys=1.000000  |dDelta|=9.900e-10  |dR|=1.307e-04  [qp 0.00s | ED 0.00s]
  it= 85  Z0=0.050243  Z1=0.050243  E_var=-7.801337  dE=2.968e-06  docc=0.006356  n_phys=1.000000  |dDelta|=4.527e-10  |dR|=1.264e-04  [qp 0.00s | ED 0.00s]
  it= 86  Z0=0.050215  Z1=0.050215  E_var=-7.801334  dE=2.867e-06  docc=0.006352  n_phys=1.000000  |dDelta|=3.238e-09  |dR|=1.223e-04  [qp 0.00s | ED 0.00s]
  it= 87  Z0=0.050188  Z1=0.050188  E_var=-7.801331  dE=2.770e-06  docc=0.006349  n_phys=1.000000  |dDelta|=8.553e-10  |dR|=1.183e-04  [qp 0.00s | ED 0.00s]
  it= 88  Z0=0.050161  Z1=0.050161  E_var=-7.801329  dE=2.676e-06  docc=0.006346  n_phys=1.000000  |dDelta|=9.223e-10  |dR|=1.144e-04  [qp 0.00s | ED 0.00s]
  it= 89  Z0=0.050135  Z1=0.050135  E_var=-7.801326  dE=2.586e-06  docc=0.006343  n_phys=1.000000  |dDelta|=4.283e-10  |dR|=1.106e-04  [qp 0.00s | ED 0.00s]
  it= 90  Z0=0.050111  Z1=0.050111  E_var=-7.801323  dE=2.498e-06  docc=0.006340  n_phys=1.000000  |dDelta|=1.003e-09  |dR|=1.070e-04  [qp 0.00s | ED 0.00s]
  it= 91  Z0=0.050087  Z1=0.050087  E_var=-7.801321  dE=2.414e-06  docc=0.006337  n_phys=1.000000  |dDelta|=1.062e-09  |dR|=1.035e-04  [qp 0.00s | ED 0.00s]
  it= 92  Z0=0.050064  Z1=0.050064  E_var=-7.801319  dE=2.333e-06  docc=0.006334  n_phys=1.000000  |dDelta|=1.513e-09  |dR|=1.001e-04  [qp 0.00s | ED 0.00s]
  it= 93  Z0=0.050041  Z1=0.050041  E_var=-7.801316  dE=2.255e-06  docc=0.006331  n_phys=1.000000  |dDelta|=3.610e-10  |dR|=9.682e-05  [qp 0.00s | ED 0.00s]
  it= 94  Z0=0.050020  Z1=0.050020  E_var=-7.801314  dE=2.179e-06  docc=0.006329  n_phys=1.000000  |dDelta|=9.331e-10  |dR|=9.365e-05  [qp 0.00s | ED 0.00s]
  it= 95  Z0=0.049999  Z1=0.049999  E_var=-7.801312  dE=2.106e-06  docc=0.006326  n_phys=1.000000  |dDelta|=7.134e-10  |dR|=9.059e-05  [qp 0.00s | ED 0.00s]
  it= 96  Z0=0.049978  Z1=0.049978  E_var=-7.801310  dE=2.036e-06  docc=0.006323  n_phys=1.000000  |dDelta|=1.158e-09  |dR|=8.763e-05  [qp 0.00s | ED 0.00s]
  it= 97  Z0=0.049959  Z1=0.049959  E_var=-7.801308  dE=1.968e-06  docc=0.006321  n_phys=1.000000  |dDelta|=2.194e-10  |dR|=8.477e-05  [qp 0.00s | ED 0.00s]
  it= 98  Z0=0.049940  Z1=0.049940  E_var=-7.801306  dE=1.902e-06  docc=0.006319  n_phys=1.000000  |dDelta|=2.276e-09  |dR|=8.201e-05  [qp 0.00s | ED 0.00s]
  it= 99  Z0=0.049921  Z1=0.049921  E_var=-7.801304  dE=1.839e-06  docc=0.006317  n_phys=1.000000  |dDelta|=1.039e-09  |dR|=7.933e-05  [qp 0.00s | ED 0.00s]
  it=100  Z0=0.049904  Z1=0.049904  E_var=-7.801303  dE=1.777e-06  docc=0.006314  n_phys=1.000000  |dDelta|=2.075e-09  |dR|=7.675e-05  [qp 0.00s | ED 0.00s]
  it=101  Z0=0.049887  Z1=0.049887  E_var=-7.801301  dE=1.718e-06  docc=0.006312  n_phys=1.000000  |dDelta|=1.441e-09  |dR|=7.425e-05  [qp 0.00s | ED 0.00s]
  it=102  Z0=0.049870  Z1=0.049870  E_var=-7.801299  dE=1.661e-06  docc=0.006310  n_phys=1.000000  |dDelta|=1.347e-09  |dR|=7.183e-05  [qp 0.00s | ED 0.00s]
  it=103  Z0=0.049854  Z1=0.049854  E_var=-7.801298  dE=1.606e-06  docc=0.006308  n_phys=1.000000  |dDelta|=1.707e-09  |dR|=6.949e-05  [qp 0.00s | ED 0.00s]
  it=104  Z0=0.049838  Z1=0.049838  E_var=-7.801296  dE=1.553e-06  docc=0.006306  n_phys=1.000000  |dDelta|=1.946e-09  |dR|=6.723e-05  [qp 0.00s | ED 0.00s]
  it=105  Z0=0.049823  Z1=0.049823  E_var=-7.801295  dE=1.502e-06  docc=0.006305  n_phys=1.000000  |dDelta|=1.045e-09  |dR|=6.505e-05  [qp 0.00s | ED 0.00s]
  it=106  Z0=0.049809  Z1=0.049809  E_var=-7.801293  dE=1.452e-06  docc=0.006303  n_phys=1.000000  |dDelta|=4.469e-10  |dR|=6.293e-05  [qp 0.00s | ED 0.00s]
  it=107  Z0=0.049795  Z1=0.049795  E_var=-7.801292  dE=1.404e-06  docc=0.006301  n_phys=1.000000  |dDelta|=8.178e-10  |dR|=6.089e-05  [qp 0.00s | ED 0.00s]
  it=108  Z0=0.049781  Z1=0.049781  E_var=-7.801290  dE=1.358e-06  docc=0.006300  n_phys=1.000000  |dDelta|=4.289e-10  |dR|=5.891e-05  [qp 0.00s | ED 0.00s]
  it=109  Z0=0.049768  Z1=0.049768  E_var=-7.801289  dE=1.313e-06  docc=0.006298  n_phys=1.000000  |dDelta|=4.640e-09  |dR|=5.700e-05  [qp 0.00s | ED 0.00s]
  it=110  Z0=0.049755  Z1=0.049755  E_var=-7.801288  dE=1.270e-06  docc=0.006296  n_phys=1.000000  |dDelta|=1.105e-09  |dR|=5.515e-05  [qp 0.00s | ED 0.00s]
  it=111  Z0=0.049743  Z1=0.049743  E_var=-7.801287  dE=1.228e-06  docc=0.006295  n_phys=1.000000  |dDelta|=1.062e-09  |dR|=5.336e-05  [qp 0.00s | ED 0.00s]
  it=112  Z0=0.049731  Z1=0.049731  E_var=-7.801285  dE=1.187e-06  docc=0.006293  n_phys=1.000000  |dDelta|=8.348e-10  |dR|=5.163e-05  [qp 0.00s | ED 0.00s]
  it=113  Z0=0.049720  Z1=0.049720  E_var=-7.801284  dE=1.148e-06  docc=0.006292  n_phys=1.000000  |dDelta|=3.177e-09  |dR|=4.995e-05  [qp 0.00s | ED 0.00s]
  it=114  Z0=0.049709  Z1=0.049709  E_var=-7.801283  dE=1.111e-06  docc=0.006291  n_phys=1.000000  |dDelta|=2.459e-09  |dR|=4.834e-05  [qp 0.00s | ED 0.00s]
  it=115  Z0=0.049698  Z1=0.049698  E_var=-7.801282  dE=1.074e-06  docc=0.006289  n_phys=1.000000  |dDelta|=9.748e-10  |dR|=4.677e-05  [qp 0.00s | ED 0.00s]
  it=116  Z0=0.049687  Z1=0.049687  E_var=-7.801281  dE=1.039e-06  docc=0.006288  n_phys=1.000000  |dDelta|=6.002e-10  |dR|=4.525e-05  [qp 0.00s | ED 0.00s]
  it=117  Z0=0.049677  Z1=0.049677  E_var=-7.801280  dE=1.005e-06  docc=0.006287  n_phys=1.000000  |dDelta|=1.554e-09  |dR|=4.379e-05  [qp 0.00s | ED 0.00s]
  it=118  Z0=0.049668  Z1=0.049668  E_var=-7.801279  dE=9.720e-07  docc=0.006286  n_phys=1.000000  |dDelta|=2.178e-09  |dR|=4.237e-05  [qp 0.00s | ED 0.00s]

[check] Delta_qp (quasiparticle 1-RDM) vs Delta_new (impurity-derived 1 - Delta_bb), final iteration:

  fragment 0: Delta_qp =
[[ 0.5055959  -0.05373813 -0.02747293]
 [-0.05373813  0.98013109  0.11451423]
 [-0.02747293  0.11451423  0.01427301]]
  fragment 0: eig(Delta_qp)  = [-1.42976658e-17  5.00000000e-01  1.00000000e+00]

  fragment 0: Delta_new =
[[ 0.4944041   0.05373813  0.02747293]
 [ 0.05373813  0.01986891 -0.11451423]
 [ 0.02747293 -0.11451423  0.98572699]]
  fragment 0: eig(Delta_new) = [6.9388939e-17 5.0000000e-01 1.0000000e+00]

  fragment 0: max|Delta_qp - Delta_new| = 9.715e-01

  fragment 1: Delta_qp =
[[ 0.01986885  0.05373787 -0.11451426]
 [ 0.05373787  0.49440414  0.0274726 ]
 [-0.11451426  0.0274726   0.98572701]]
  fragment 1: eig(Delta_qp)  = [-1.39079387e-17  5.00000000e-01  1.00000000e+00]

  fragment 1: Delta_new =
[[ 0.98013115 -0.05373787  0.11451426]
 [-0.05373787  0.50559586 -0.0274726 ]
 [ 0.11451426 -0.0274726   0.01427299]]
  fragment 1: eig(Delta_new) = [2.51534904e-16 5.00000000e-01 1.00000000e+00]

  fragment 1: max|Delta_qp - Delta_new| = 9.715e-01



Ng=2  U/t=7.8000  Z0=0.049658  Z1=0.049658  E_var/t=-7.801279  docc=0.006286  converged=True  iters=118
