[setup] Ng=2  Neff=3  impurity orbitals/spin=4  Fock dim=256  (sparse operators)
[setup] built impurity operators in 0.02s; ground state searched in the N_up=N_dn sector of dim 36
  it=  0  Z0=0.999985  Z1=0.999985  E_var=-2.475339  dE=-1.025e+02  docc=0.221815  n_phys=1.000000  |dDelta|=1.286e-11  |dR|=6.111e-09  [qp 0.00s | ED 0.00s]

[check] Delta_qp (quasiparticle 1-RDM) vs Delta_new (impurity-derived 1 - Delta_bb), final iteration:

  fragment 0: Delta_qp =
[[ 9.85882589e-01 -8.47677026e-04  8.33368309e-02]
 [-8.47677026e-04  1.39737428e-02 -8.30747289e-02]
 [ 8.33368309e-02 -8.30747289e-02  5.00143669e-01]]
  fragment 0: eig(Delta_qp)  = [1.12682002e-06 5.00000000e-01 9.99998873e-01]

  fragment 0: Delta_new =
[[ 9.85882589e-01 -8.47677027e-04  8.33368309e-02]
 [-8.47677027e-04  1.39737428e-02 -8.30747289e-02]
 [ 8.33368309e-02 -8.30747289e-02  5.00143669e-01]]
  fragment 0: eig(Delta_new) = [1.12682011e-06 5.00000000e-01 9.99998873e-01]

  fragment 0: max|Delta_qp - Delta_new| = 4.577e-12

  fragment 1: Delta_qp =
[[ 9.86116975e-01 -2.60643141e-04  8.27232136e-02]
 [-2.60643141e-04  1.42092438e-02 -8.36925089e-02]
 [ 8.27232136e-02 -8.36925089e-02  4.99673781e-01]]
  fragment 1: eig(Delta_qp)  = [1.12682057e-06 5.00000000e-01 9.99998873e-01]

  fragment 1: Delta_new =
[[ 9.86116975e-01 -2.60643140e-04  8.27232136e-02]
 [-2.60643140e-04  1.42092438e-02 -8.36925089e-02]
 [ 8.27232136e-02 -8.36925089e-02  4.99673781e-01]]
  fragment 1: eig(Delta_new) = [1.12682037e-06 5.00000000e-01 9.99998873e-01]

  fragment 1: max|Delta_qp - Delta_new| = 4.670e-12



Ng=2  U/t=0.9000  Z0=0.999985  Z1=0.999985  E_var/t=-2.47533923  docc=0.221815  converged=True  iters=1  seed from: backward
