[setup] Ng=2  Neff=3  impurity orbitals/spin=4  Fock dim=256  (sparse operators)
[setup] built impurity operators in 0.01s; ground state searched in the N_up=N_dn sector of dim 36
  it=  0  Z0=0.000088  Z1=0.000088  E_var=-8.500010  dE=-1.085e+02  docc=0.000010  n_phys=1.000000  |dDelta|=2.828e+00  |dR|=1.107e-03  [qp 0.00s | ED 0.00s]
  it=  1  Z0=0.000078  Z1=0.000078  E_var=-8.500009  dE=1.190e-06  docc=0.000009  n_phys=1.000000  |dDelta|=2.139e-11  |dR|=1.041e-03  [qp 0.00s | ED 0.00s]
  it=  2  Z0=0.000069  Z1=0.000069  E_var=-8.500008  dE=1.054e-06  docc=0.000008  n_phys=1.000000  |dDelta|=6.304e-11  |dR|=9.800e-04  [qp 0.00s | ED 0.00s]
  it=  3  Z0=0.000061  Z1=0.000061  E_var=-8.500007  dE=9.330e-07  docc=0.000007  n_phys=1.000000  |dDelta|=3.208e-11  |dR|=9.223e-04  [qp 0.00s | ED 0.00s]

[check] Delta_qp (quasiparticle 1-RDM) vs Delta_new (impurity-derived 1 - Delta_bb), final iteration:

  fragment 0: Delta_qp =
[[ 0.5055959  -0.05373813 -0.02747293]
 [-0.05373813  0.98013109  0.11451423]
 [-0.02747293  0.11451423  0.01427301]]
  fragment 0: eig(Delta_qp)  = [-9.74105204e-18  5.00000000e-01  1.00000000e+00]

  fragment 0: Delta_new =
[[ 0.4944041   0.05373813  0.02747293]
 [ 0.05373813  0.01986891 -0.11451423]
 [ 0.02747293 -0.11451423  0.98572699]]
  fragment 0: eig(Delta_new) = [9.71445147e-17 5.00000000e-01 1.00000000e+00]

  fragment 0: max|Delta_qp - Delta_new| = 9.715e-01

  fragment 1: Delta_qp =
[[ 0.01986885  0.05373787 -0.11451426]
 [ 0.05373787  0.49440414  0.02747259]
 [-0.11451426  0.02747259  0.98572701]]
  fragment 1: eig(Delta_qp)  = [-1.09893411e-17  5.00000000e-01  1.00000000e+00]

  fragment 1: Delta_new =
[[ 0.98013115 -0.05373787  0.11451426]
 [-0.05373787  0.50559586 -0.02747259]
 [ 0.11451426 -0.02747259  0.01427299]]
  fragment 1: eig(Delta_new) = [1.76941795e-16 5.00000000e-01 1.00000000e+00]

  fragment 1: max|Delta_qp - Delta_new| = 9.715e-01



Ng=2  U/t=8.5000  Z0=0.000054  Z1=0.000054  E_var/t=-8.500007  docc=0.000007  converged=True  iters=3
