[setup] Ng=2  Neff=3  impurity orbitals/spin=4  Fock dim=256  (sparse operators)
[setup] built impurity operators in 0.02s; ground state searched in the N_up=N_dn sector of dim 36
  it=  0  Z0=0.997016  Z1=0.997016  E_var=-4.901001  dE=-1.049e+02  docc=0.100910  n_phys=1.000000  |dDelta|=3.379e-11  |dR|=8.754e-10  [qp 0.00s | ED 0.00s]

[check] Delta_qp (quasiparticle 1-RDM) vs Delta_new (impurity-derived 1 - Delta_bb), final iteration:

  fragment 0: Delta_qp =
[[ 0.50606139 -0.05656687 -0.0290696 ]
 [-0.05656687  0.98154738  0.10080448]
 [-0.0290696   0.10080448  0.01239122]]
  fragment 0: eig(Delta_qp)  = [9.51039261e-04 5.00000000e-01 9.99048961e-01]

  fragment 0: Delta_new =
[[ 0.50606139 -0.05656687 -0.0290696 ]
 [-0.05656687  0.98154738  0.10080448]
 [-0.0290696   0.10080448  0.01239122]]
  fragment 0: eig(Delta_new) = [9.51039261e-04 5.00000000e-01 9.99048961e-01]

  fragment 0: max|Delta_qp - Delta_new| = 1.704e-11

  fragment 1: Delta_qp =
[[ 0.01882008  0.02807567 -0.12384199]
 [ 0.02807567  0.50053161  0.04057326]
 [-0.12384199  0.04057326  0.98064831]]
  fragment 1: eig(Delta_qp)  = [9.51039258e-04 5.00000000e-01 9.99048961e-01]

  fragment 1: Delta_new =
[[ 0.01882008  0.02807567 -0.12384199]
 [ 0.02807567  0.50053161  0.04057326]
 [-0.12384199  0.04057326  0.98064831]]
  fragment 1: eig(Delta_new) = [9.51039260e-04 5.00000000e-01 9.99048961e-01]

  fragment 1: max|Delta_qp - Delta_new| = 1.499e-11



Ng=2  U/t=4.5000  Z0=0.997016  Z1=0.997016  E_var/t=-4.90100054  docc=0.100910  converged=True  iters=1  seed from: forward
