[setup] Ng=2  Neff=3  impurity orbitals/spin=4  Fock dim=256  (sparse operators)
[setup] built impurity operators in 0.01s; ground state searched in the N_up=N_dn sector of dim 36
  it=  0  Z0=0.190016  Z1=0.190016  E_var=-7.323531  dE=-1.073e+02  docc=0.024418  n_phys=1.000000  |dDelta|=2.828e+00  |dR|=9.718e-03  [qp 0.00s | ED 0.00s]
  it=  1  Z0=0.185804  Z1=0.185804  E_var=-7.321910  dE=1.621e-03  docc=0.023952  n_phys=1.000000  |dDelta|=3.717e-08  |dR|=7.849e-03  [qp 0.00s | ED 0.00s]
  it=  2  Z0=0.182436  Z1=0.182436  E_var=-7.320645  dE=1.265e-03  docc=0.023577  n_phys=1.000000  |dDelta|=8.266e-09  |dR|=6.374e-03  [qp 0.00s | ED 0.00s]
  it=  3  Z0=0.179723  Z1=0.179723  E_var=-7.319645  dE=9.993e-04  docc=0.023274  n_phys=1.000000  |dDelta|=5.060e-08  |dR|=5.200e-03  [qp 0.00s | ED 0.00s]
  it=  4  Z0=0.177526  Z1=0.177526  E_var=-7.318849  dE=7.966e-04  docc=0.023028  n_phys=1.000000  |dDelta|=4.495e-08  |dR|=4.258e-03  [qp 0.00s | ED 0.00s]
  it=  5  Z0=0.175736  Z1=0.175736  E_var=-7.318209  dE=6.399e-04  docc=0.022826  n_phys=1.000000  |dDelta|=2.018e-08  |dR|=3.496e-03  [qp 0.00s | ED 0.00s]
  it=  6  Z0=0.174274  Z1=0.174274  E_var=-7.317692  dE=5.172e-04  docc=0.022661  n_phys=1.000000  |dDelta|=2.087e-08  |dR|=2.878e-03  [qp 0.00s | ED 0.00s]
  it=  7  Z0=0.173074  Z1=0.173074  E_var=-7.317271  dE=4.202e-04  docc=0.022526  n_phys=1.000000  |dDelta|=6.319e-08  |dR|=2.374e-03  [qp 0.00s | ED 0.00s]
  it=  8  Z0=0.172088  Z1=0.172088  E_var=-7.316928  dE=3.429e-04  docc=0.022414  n_phys=1.000000  |dDelta|=2.110e-08  |dR|=1.961e-03  [qp 0.00s | ED 0.00s]
  it=  9  Z0=0.171276  Z1=0.171276  E_var=-7.316648  dE=2.807e-04  docc=0.022322  n_phys=1.000000  |dDelta|=3.792e-08  |dR|=1.622e-03  [qp 0.00s | ED 0.00s]
  it= 10  Z0=0.170605  Z1=0.170605  E_var=-7.316417  dE=2.305e-04  docc=0.022246  n_phys=1.000000  |dDelta|=9.899e-01  |dR|=8.734e-04  [qp 0.00s | ED 0.00s]
  it= 11  Z0=0.170244  Z1=0.170244  E_var=-7.316294  dE=1.234e-04  docc=0.022205  n_phys=1.000000  |dDelta|=9.635e-09  |dR|=7.762e-04  [qp 0.00s | ED 0.00s]
  it= 12  Z0=0.169924  Z1=0.169924  E_var=-7.316184  dE=1.093e-04  docc=0.022169  n_phys=1.000000  |dDelta|=4.958e-09  |dR|=6.901e-04  [qp 0.00s | ED 0.00s]
  it= 13  Z0=0.169640  Z1=0.169640  E_var=-7.316088  dE=9.689e-05  docc=0.022136  n_phys=1.000000  |dDelta|=7.065e-09  |dR|=6.136e-04  [qp 0.00s | ED 0.00s]
  it= 14  Z0=0.169387  Z1=0.169387  E_var=-7.316002  dE=8.592e-05  docc=0.022108  n_phys=1.000000  |dDelta|=1.790e-09  |dR|=5.458e-04  [qp 0.00s | ED 0.00s]
  it= 15  Z0=0.169163  Z1=0.169163  E_var=-7.315925  dE=7.624e-05  docc=0.022082  n_phys=1.000000  |dDelta|=1.693e-09  |dR|=4.856e-04  [qp 0.00s | ED 0.00s]
  it= 16  Z0=0.168963  Z1=0.168963  E_var=-7.315858  dE=6.768e-05  docc=0.022059  n_phys=1.000000  |dDelta|=4.308e-09  |dR|=4.321e-04  [qp 0.00s | ED 0.00s]
  it= 17  Z0=0.168785  Z1=0.168785  E_var=-7.315798  dE=6.011e-05  docc=0.022039  n_phys=1.000000  |dDelta|=3.570e-09  |dR|=3.846e-04  [qp 0.00s | ED 0.00s]
  it= 18  Z0=0.168627  Z1=0.168627  E_var=-7.315744  dE=5.340e-05  docc=0.022021  n_phys=1.000000  |dDelta|=2.453e-09  |dR|=3.423e-04  [qp 0.00s | ED 0.00s]
  it= 19  Z0=0.168487  Z1=0.168487  E_var=-7.315697  dE=4.746e-05  docc=0.022005  n_phys=1.000000  |dDelta|=2.970e-09  |dR|=3.047e-04  [qp 0.00s | ED 0.00s]
  it= 20  Z0=0.168362  Z1=0.168362  E_var=-7.315655  dE=4.219e-05  docc=0.021991  n_phys=1.000000  |dDelta|=1.114e-09  |dR|=2.713e-04  [qp 0.00s | ED 0.00s]
  it= 21  Z0=0.168250  Z1=0.168250  E_var=-7.315617  dE=3.752e-05  docc=0.021978  n_phys=1.000000  |dDelta|=3.794e-09  |dR|=2.416e-04  [qp 0.00s | ED 0.00s]
  it= 22  Z0=0.168151  Z1=0.168151  E_var=-7.315584  dE=3.337e-05  docc=0.021967  n_phys=1.000000  |dDelta|=2.481e-09  |dR|=2.151e-04  [qp 0.00s | ED 0.00s]
  it= 23  Z0=0.168063  Z1=0.168063  E_var=-7.315554  dE=2.969e-05  docc=0.021957  n_phys=1.000000  |dDelta|=6.073e-09  |dR|=1.916e-04  [qp 0.00s | ED 0.00s]
  it= 24  Z0=0.167985  Z1=0.167985  E_var=-7.315528  dE=2.642e-05  docc=0.021948  n_phys=1.000000  |dDelta|=1.263e-09  |dR|=1.707e-04  [qp 0.00s | ED 0.00s]
  it= 25  Z0=0.167915  Z1=0.167915  E_var=-7.315504  dE=2.351e-05  docc=0.021940  n_phys=1.000000  |dDelta|=5.149e-09  |dR|=1.520e-04  [qp 0.00s | ED 0.00s]
  it= 26  Z0=0.167852  Z1=0.167852  E_var=-7.315483  dE=2.093e-05  docc=0.021933  n_phys=1.000000  |dDelta|=1.800e-09  |dR|=1.354e-04  [qp 0.00s | ED 0.00s]
  it= 27  Z0=0.167797  Z1=0.167797  E_var=-7.315464  dE=1.863e-05  docc=0.021927  n_phys=1.000000  |dDelta|=3.200e-09  |dR|=1.206e-04  [qp 0.00s | ED 0.00s]
  it= 28  Z0=0.167748  Z1=0.167748  E_var=-7.315448  dE=1.659e-05  docc=0.021921  n_phys=1.000000  |dDelta|=2.940e-09  |dR|=1.075e-04  [qp 0.00s | ED 0.00s]
  it= 29  Z0=0.167704  Z1=0.167704  E_var=-7.315433  dE=1.477e-05  docc=0.021916  n_phys=1.000000  |dDelta|=2.200e-09  |dR|=9.575e-05  [qp 0.00s | ED 0.00s]
  it= 30  Z0=0.167664  Z1=0.167664  E_var=-7.315420  dE=1.316e-05  docc=0.021912  n_phys=1.000000  |dDelta|=1.025e-09  |dR|=8.530e-05  [qp 0.00s | ED 0.00s]
  it= 31  Z0=0.167629  Z1=0.167629  E_var=-7.315408  dE=1.172e-05  docc=0.021908  n_phys=1.000000  |dDelta|=3.466e-09  |dR|=7.600e-05  [qp 0.00s | ED 0.00s]
  it= 32  Z0=0.167598  Z1=0.167598  E_var=-7.315398  dE=1.044e-05  docc=0.021904  n_phys=1.000000  |dDelta|=3.236e-09  |dR|=6.772e-05  [qp 0.00s | ED 0.00s]
  it= 33  Z0=0.167571  Z1=0.167571  E_var=-7.315388  dE=9.295e-06  docc=0.021901  n_phys=1.000000  |dDelta|=9.542e-10  |dR|=6.034e-05  [qp 0.00s | ED 0.00s]
  it= 34  Z0=0.167546  Z1=0.167546  E_var=-7.315380  dE=8.280e-06  docc=0.021898  n_phys=1.000000  |dDelta|=2.475e-09  |dR|=5.377e-05  [qp 0.00s | ED 0.00s]
  it= 35  Z0=0.167524  Z1=0.167524  E_var=-7.315373  dE=7.376e-06  docc=0.021896  n_phys=1.000000  |dDelta|=4.286e-09  |dR|=4.791e-05  [qp 0.00s | ED 0.00s]
  it= 36  Z0=0.167504  Z1=0.167504  E_var=-7.315366  dE=6.571e-06  docc=0.021893  n_phys=1.000000  |dDelta|=7.178e-09  |dR|=4.269e-05  [qp 0.00s | ED 0.00s]
  it= 37  Z0=0.167487  Z1=0.167487  E_var=-7.315360  dE=5.854e-06  docc=0.021891  n_phys=1.000000  |dDelta|=1.838e-09  |dR|=3.804e-05  [qp 0.00s | ED 0.00s]
  it= 38  Z0=0.167471  Z1=0.167471  E_var=-7.315355  dE=5.216e-06  docc=0.021890  n_phys=1.000000  |dDelta|=2.515e-09  |dR|=3.390e-05  [qp 0.00s | ED 0.00s]
  it= 39  Z0=0.167457  Z1=0.167457  E_var=-7.315351  dE=4.647e-06  docc=0.021888  n_phys=1.000000  |dDelta|=3.062e-09  |dR|=3.021e-05  [qp 0.00s | ED 0.00s]
  it= 40  Z0=0.167445  Z1=0.167445  E_var=-7.315346  dE=4.141e-06  docc=0.021887  n_phys=1.000000  |dDelta|=8.961e-10  |dR|=2.692e-05  [qp 0.00s | ED 0.00s]
  it= 41  Z0=0.167434  Z1=0.167434  E_var=-7.315343  dE=3.690e-06  docc=0.021885  n_phys=1.000000  |dDelta|=2.649e-09  |dR|=2.399e-05  [qp 0.00s | ED 0.00s]
  it= 42  Z0=0.167424  Z1=0.167424  E_var=-7.315339  dE=3.288e-06  docc=0.021884  n_phys=1.000000  |dDelta|=2.853e-09  |dR|=2.138e-05  [qp 0.00s | ED 0.00s]
  it= 43  Z0=0.167415  Z1=0.167415  E_var=-7.315336  dE=2.929e-06  docc=0.021883  n_phys=1.000000  |dDelta|=3.064e-09  |dR|=1.905e-05  [qp 0.00s | ED 0.00s]
  it= 44  Z0=0.167408  Z1=0.167408  E_var=-7.315334  dE=2.610e-06  docc=0.021882  n_phys=1.000000  |dDelta|=1.025e-09  |dR|=1.698e-05  [qp 0.00s | ED 0.00s]
  it= 45  Z0=0.167401  Z1=0.167401  E_var=-7.315332  dE=2.326e-06  docc=0.021881  n_phys=1.000000  |dDelta|=1.760e-09  |dR|=1.513e-05  [qp 0.00s | ED 0.00s]
  it= 46  Z0=0.167394  Z1=0.167394  E_var=-7.315329  dE=2.073e-06  docc=0.021881  n_phys=1.000000  |dDelta|=4.465e-09  |dR|=1.349e-05  [qp 0.00s | ED 0.00s]
  it= 47  Z0=0.167389  Z1=0.167389  E_var=-7.315328  dE=1.847e-06  docc=0.021880  n_phys=1.000000  |dDelta|=6.723e-09  |dR|=1.202e-05  [qp 0.00s | ED 0.00s]
  it= 48  Z0=0.167384  Z1=0.167384  E_var=-7.315326  dE=1.646e-06  docc=0.021880  n_phys=1.000000  |dDelta|=5.171e-10  |dR|=1.071e-05  [qp 0.00s | ED 0.00s]
  it= 49  Z0=0.167380  Z1=0.167380  E_var=-7.315325  dE=1.467e-06  docc=0.021879  n_phys=1.000000  |dDelta|=4.297e-09  |dR|=9.545e-06  [qp 0.00s | ED 0.00s]
  it= 50  Z0=0.167376  Z1=0.167376  E_var=-7.315323  dE=1.307e-06  docc=0.021879  n_phys=1.000000  |dDelta|=1.689e-09  |dR|=8.506e-06  [qp 0.00s | ED 0.00s]
  it= 51  Z0=0.167372  Z1=0.167372  E_var=-7.315322  dE=1.165e-06  docc=0.021878  n_phys=1.000000  |dDelta|=3.668e-09  |dR|=7.581e-06  [qp 0.00s | ED 0.00s]
  it= 52  Z0=0.167369  Z1=0.167369  E_var=-7.315321  dE=1.038e-06  docc=0.021878  n_phys=1.000000  |dDelta|=2.557e-09  |dR|=6.756e-06  [qp 0.00s | ED 0.00s]
  it= 53  Z0=0.167366  Z1=0.167366  E_var=-7.315320  dE=9.252e-07  docc=0.021878  n_phys=1.000000  |dDelta|=1.855e-09  |dR|=6.021e-06  [qp 0.00s | ED 0.00s]

[check] Delta_qp (quasiparticle 1-RDM) vs Delta_new (impurity-derived 1 - Delta_bb), final iteration:

  fragment 0: Delta_qp =
[[ 0.50559589 -0.0537381  -0.02747292]
 [-0.0537381   0.9801311   0.11451422]
 [-0.02747292  0.11451422  0.01427301]]
  fragment 0: eig(Delta_qp)  = [2.40931364e-17 5.00000000e-01 1.00000000e+00]

  fragment 0: Delta_new =
[[ 0.49440411  0.0537381   0.02747292]
 [ 0.0537381   0.0198689  -0.11451422]
 [ 0.02747292 -0.11451422  0.98572699]]
  fragment 0: eig(Delta_new) = [8.32667268e-17 5.00000000e-01 1.00000000e+00]

  fragment 0: max|Delta_qp - Delta_new| = 9.715e-01

  fragment 1: Delta_qp =
[[ 0.01986884  0.05373785 -0.11451423]
 [ 0.05373785  0.49440416  0.02747278]
 [-0.11451423  0.02747278  0.985727  ]]
  fragment 1: eig(Delta_qp)  = [-7.30188906e-18  5.00000000e-01  1.00000000e+00]

  fragment 1: Delta_new =
[[ 0.98013116 -0.05373785  0.11451423]
 [-0.05373785  0.50559584 -0.02747278]
 [ 0.11451423 -0.02747278  0.014273  ]]
  fragment 1: eig(Delta_new) = [-4.52762827e-16  5.00000000e-01  1.00000000e+00]

  fragment 1: max|Delta_qp - Delta_new| = 9.715e-01



Ng=2  U/t=7.3000  Z0=0.167364  Z1=0.167364  E_var/t=-7.315320  docc=0.021878  converged=True  iters=53
