[setup] Ng=2  Neff=3  impurity orbitals/spin=4  Fock dim=256  (sparse operators)
[setup] built impurity operators in 0.02s; ground state searched in the N_up=N_dn sector of dim 36
  it=  0  Z0=0.989270  Z1=0.989270  E_var=-8.815584  dE=-1.088e+02  docc=0.006885  n_phys=1.000000  |dDelta|=9.993e-01  |dR|=1.240e-04  [qp 0.00s | ED 0.00s]
  it=  1  Z0=0.989393  Z1=0.989393  E_var=-8.816942  dE=-1.358e-03  docc=0.006965  n_phys=1.000000  |dDelta|=1.285e-04  |dR|=3.589e-04  [qp 0.00s | ED 0.00s]
  it=  2  Z0=0.989036  Z1=0.989036  E_var=-8.816971  dE=-2.874e-05  docc=0.006972  n_phys=1.000000  |dDelta|=1.113e-05  |dR|=3.904e-05  [qp 0.00s | ED 0.00s]
  it=  3  Z0=0.988997  Z1=0.988997  E_var=-8.816973  dE=-1.904e-06  docc=0.006973  n_phys=1.000000  |dDelta|=1.093e-06  |dR|=3.917e-06  [qp 0.00s | ED 0.00s]
  it=  4  Z0=0.988994  Z1=0.988994  E_var=-8.816973  dE=-1.807e-07  docc=0.006973  n_phys=1.000000  |dDelta|=1.087e-07  |dR|=3.903e-07  [qp 0.00s | ED 0.00s]

[check] Delta_qp (quasiparticle 1-RDM) vs Delta_new (impurity-derived 1 - Delta_bb), final iteration:

  fragment 0: Delta_qp =
[[ 9.96366570e-01  5.72678526e-03  2.29530184e-04]
 [ 5.72678526e-03  1.50870008e-02 -1.06015128e-01]
 [ 2.29530184e-04 -1.06015128e-01  9.88519836e-01]]
  fragment 0: eig(Delta_qp)  = [0.0036419  0.9963581  0.99997341]

  fragment 0: Delta_new =
[[ 9.90639784e-01  1.34149766e-09  5.31223166e-02]
 [ 1.34149766e-09  9.36021894e-03 -5.31223287e-02]
 [ 5.31223166e-02 -5.31223287e-02  4.99999997e-01]]
  fragment 0: eig(Delta_new) = [0.00364191 0.5        0.99635809]

  fragment 0: max|Delta_qp - Delta_new| = 4.885e-01

  fragment 1: Delta_qp =
[[ 9.84912999e-01 -5.72678532e-03  1.06015129e-01]
 [-5.72678532e-03  3.63343031e-03 -2.29530391e-04]
 [ 1.06015129e-01 -2.29530391e-04  1.14801640e-02]]
  fragment 1: eig(Delta_qp)  = [2.65933537e-05 3.64190160e-03 9.96358098e-01]

  fragment 1: Delta_new =
[[ 9.90639781e-01 -4.27633454e-09  5.31223286e-02]
 [-4.27633454e-09  9.36021044e-03 -5.31222900e-02]
 [ 5.31223286e-02 -5.31222900e-02  5.00000009e-01]]
  fragment 1: eig(Delta_new) = [0.00364191 0.5        0.99635809]

  fragment 1: max|Delta_qp - Delta_new| = 4.885e-01



Ng=2  U/t=8.7000  Z0=0.988993  Z1=0.988993  E_var/t=-8.816973  docc=0.006973  converged=True  iters=4
