[setup] Ng=2  Neff=3  impurity orbitals/spin=4  Fock dim=256  (sparse operators)
[setup] built impurity operators in 0.02s; ground state searched in the N_up=N_dn sector of dim 36
  it=  0  Z0=0.418596  Z1=0.418596  E_var=-6.316930  dE=-1.063e+02  docc=0.058086  n_phys=1.000000  |dDelta|=2.828e+00  |dR|=1.226e-02  [qp 0.00s | ED 0.00s]
  it=  1  Z0=0.410702  Z1=0.410702  E_var=-6.310412  dE=6.518e-03  docc=0.057338  n_phys=1.000000  |dDelta|=1.347e-08  |dR|=7.198e-03  [qp 0.00s | ED 0.00s]
  it=  2  Z0=0.406102  Z1=0.406102  E_var=-6.306664  dE=3.748e-03  docc=0.056898  n_phys=1.000000  |dDelta|=3.738e-08  |dR|=4.265e-03  [qp 0.00s | ED 0.00s]
  it=  3  Z0=0.403388  Z1=0.403388  E_var=-6.304470  dE=2.194e-03  docc=0.056638  n_phys=1.000000  |dDelta|=2.966e-08  |dR|=2.541e-03  [qp 0.00s | ED 0.00s]
  it=  4  Z0=0.401776  Z1=0.401776  E_var=-6.303173  dE=1.297e-03  docc=0.056482  n_phys=1.000000  |dDelta|=4.957e-08  |dR|=1.519e-03  [qp 0.00s | ED 0.00s]
  it=  5  Z0=0.400814  Z1=0.400814  E_var=-6.302401  dE=7.720e-04  docc=0.056389  n_phys=1.000000  |dDelta|=2.803e-08  |dR|=9.098e-04  [qp 0.00s | ED 0.00s]
  it=  6  Z0=0.400238  Z1=0.400238  E_var=-6.301940  dE=4.611e-04  docc=0.056334  n_phys=1.000000  |dDelta|=4.612e-08  |dR|=5.455e-04  [qp 0.00s | ED 0.00s]
  it=  7  Z0=0.399893  Z1=0.399893  E_var=-6.301664  dE=2.760e-04  docc=0.056300  n_phys=1.000000  |dDelta|=2.498e-08  |dR|=3.273e-04  [qp 0.00s | ED 0.00s]
  it=  8  Z0=0.399686  Z1=0.399686  E_var=-6.301498  dE=1.655e-04  docc=0.056280  n_phys=1.000000  |dDelta|=1.467e-08  |dR|=1.965e-04  [qp 0.00s | ED 0.00s]
  it=  9  Z0=0.399562  Z1=0.399562  E_var=-6.301399  dE=9.926e-05  docc=0.056268  n_phys=1.000000  |dDelta|=5.841e-09  |dR|=1.180e-04  [qp 0.00s | ED 0.00s]
  it= 10  Z0=0.399487  Z1=0.399487  E_var=-6.301340  dE=5.957e-05  docc=0.056261  n_phys=1.000000  |dDelta|=9.899e-01  |dR|=4.604e-05  [qp 0.00s | ED 0.00s]
  it= 11  Z0=0.399458  Z1=0.399458  E_var=-6.301316  dE=2.325e-05  docc=0.056258  n_phys=1.000000  |dDelta|=2.923e-09  |dR|=3.409e-05  [qp 0.00s | ED 0.00s]
  it= 12  Z0=0.399436  Z1=0.399436  E_var=-6.301299  dE=1.721e-05  docc=0.056256  n_phys=1.000000  |dDelta|=2.414e-09  |dR|=2.524e-05  [qp 0.00s | ED 0.00s]
  it= 13  Z0=0.399420  Z1=0.399420  E_var=-6.301286  dE=1.274e-05  docc=0.056254  n_phys=1.000000  |dDelta|=2.359e-09  |dR|=1.868e-05  [qp 0.00s | ED 0.00s]
  it= 14  Z0=0.399409  Z1=0.399409  E_var=-6.301277  dE=9.433e-06  docc=0.056253  n_phys=1.000000  |dDelta|=3.626e-10  |dR|=1.383e-05  [qp 0.00s | ED 0.00s]
  it= 15  Z0=0.399400  Z1=0.399400  E_var=-6.301270  dE=6.983e-06  docc=0.056252  n_phys=1.000000  |dDelta|=1.077e-09  |dR|=1.024e-05  [qp 0.00s | ED 0.00s]
  it= 16  Z0=0.399393  Z1=0.399393  E_var=-6.301265  dE=5.170e-06  docc=0.056252  n_phys=1.000000  |dDelta|=8.796e-10  |dR|=7.583e-06  [qp 0.00s | ED 0.00s]
  it= 17  Z0=0.399389  Z1=0.399389  E_var=-6.301261  dE=3.828e-06  docc=0.056251  n_phys=1.000000  |dDelta|=3.976e-09  |dR|=5.615e-06  [qp 0.00s | ED 0.00s]
  it= 18  Z0=0.399385  Z1=0.399385  E_var=-6.301258  dE=2.834e-06  docc=0.056251  n_phys=1.000000  |dDelta|=7.384e-10  |dR|=4.157e-06  [qp 0.00s | ED 0.00s]
  it= 19  Z0=0.399382  Z1=0.399382  E_var=-6.301256  dE=2.098e-06  docc=0.056251  n_phys=1.000000  |dDelta|=6.803e-10  |dR|=3.078e-06  [qp 0.00s | ED 0.00s]
  it= 20  Z0=0.399381  Z1=0.399381  E_var=-6.301254  dE=1.554e-06  docc=0.056251  n_phys=1.000000  |dDelta|=4.734e-10  |dR|=2.279e-06  [qp 0.00s | ED 0.00s]
  it= 21  Z0=0.399379  Z1=0.399379  E_var=-6.301253  dE=1.150e-06  docc=0.056250  n_phys=1.000000  |dDelta|=1.310e-09  |dR|=1.687e-06  [qp 0.00s | ED 0.00s]
  it= 22  Z0=0.399378  Z1=0.399378  E_var=-6.301252  dE=8.517e-07  docc=0.056250  n_phys=1.000000  |dDelta|=8.448e-10  |dR|=1.249e-06  [qp 0.00s | ED 0.00s]

[check] Delta_qp (quasiparticle 1-RDM) vs Delta_new (impurity-derived 1 - Delta_bb), final iteration:

  fragment 0: Delta_qp =
[[ 0.5055959  -0.0537381  -0.02747287]
 [-0.0537381   0.9801311   0.11451423]
 [-0.02747287  0.11451423  0.01427301]]
  fragment 0: eig(Delta_qp)  = [2.22667647e-18 5.00000000e-01 1.00000000e+00]

  fragment 0: Delta_new =
[[ 0.4944041   0.0537381   0.02747287]
 [ 0.0537381   0.0198689  -0.11451423]
 [ 0.02747287 -0.11451423  0.98572699]]
  fragment 0: eig(Delta_new) = [9.71445147e-17 5.00000000e-01 1.00000000e+00]

  fragment 0: max|Delta_qp - Delta_new| = 9.715e-01

  fragment 1: Delta_qp =
[[ 0.01986885  0.05373787 -0.11451426]
 [ 0.05373787  0.49440415  0.02747262]
 [-0.11451426  0.02747262  0.98572701]]
  fragment 1: eig(Delta_qp)  = [1.02372781e-17 5.00000000e-01 1.00000000e+00]

  fragment 1: Delta_new =
[[ 0.98013115 -0.05373787  0.11451426]
 [-0.05373787  0.50559585 -0.02747262]
 [ 0.11451426 -0.02747262  0.01427299]]
  fragment 1: eig(Delta_new) = [-1.1969592e-16  5.0000000e-01  1.0000000e+00]

  fragment 1: max|Delta_qp - Delta_new| = 9.715e-01



Ng=2  U/t=6.2000  Z0=0.399377  Z1=0.399377  E_var/t=-6.301252  docc=0.056250  converged=True  iters=22
