[setup] Ng=2  Neff=3  impurity orbitals/spin=4  Fock dim=256  (sparse operators)
[setup] built impurity operators in 0.01s; ground state searched in the N_up=N_dn sector of dim 36
  it=  0  Z0=0.797500  Z1=0.797500  E_var=-4.295787  dE=-1.043e+02  docc=0.135029  n_phys=1.000000  |dDelta|=2.828e+00  |dR|=1.010e-02  [qp 0.00s | ED 0.00s]
  it=  1  Z0=0.788506  Z1=0.788506  E_var=-4.281607  dE=1.418e-02  docc=0.134514  n_phys=1.000000  |dDelta|=4.203e-09  |dR|=2.138e-03  [qp 0.00s | ED 0.00s]
  it=  2  Z0=0.786609  Z1=0.786609  E_var=-4.278622  dE=2.985e-03  docc=0.134405  n_phys=1.000000  |dDelta|=4.403e-09  |dR|=4.564e-04  [qp 0.00s | ED 0.00s]
  it=  3  Z0=0.786204  Z1=0.786204  E_var=-4.277986  dE=6.364e-04  docc=0.134381  n_phys=1.000000  |dDelta|=4.506e-09  |dR|=9.758e-05  [qp 0.00s | ED 0.00s]
  it=  4  Z0=0.786117  Z1=0.786117  E_var=-4.277850  dE=1.360e-04  docc=0.134376  n_phys=1.000000  |dDelta|=2.567e-09  |dR|=2.087e-05  [qp 0.00s | ED 0.00s]
  it=  5  Z0=0.786099  Z1=0.786099  E_var=-4.277820  dE=2.909e-05  docc=0.134375  n_phys=1.000000  |dDelta|=9.296e-09  |dR|=4.464e-06  [qp 0.00s | ED 0.00s]
  it=  6  Z0=0.786095  Z1=0.786095  E_var=-4.277814  dE=6.223e-06  docc=0.134375  n_phys=1.000000  |dDelta|=2.381e-08  |dR|=9.552e-07  [qp 0.00s | ED 0.00s]

[check] Delta_qp (quasiparticle 1-RDM) vs Delta_new (impurity-derived 1 - Delta_bb), final iteration:

  fragment 0: Delta_qp =
[[ 0.5055959  -0.05373811 -0.02747286]
 [-0.05373811  0.9801311   0.11451423]
 [-0.02747286  0.11451423  0.01427301]]
  fragment 0: eig(Delta_qp)  = [-1.31241149e-17  5.00000000e-01  1.00000000e+00]

  fragment 0: Delta_new =
[[ 0.4944041   0.05373811  0.02747286]
 [ 0.05373811  0.0198689  -0.11451423]
 [ 0.02747286 -0.11451423  0.98572699]]
  fragment 0: eig(Delta_new) = [-4.99600361e-16  5.00000000e-01  1.00000000e+00]

  fragment 0: max|Delta_qp - Delta_new| = 9.715e-01

  fragment 1: Delta_qp =
[[ 0.01986885  0.05373787 -0.11451425]
 [ 0.05373787  0.49440415  0.02747269]
 [-0.11451425  0.02747269  0.985727  ]]
  fragment 1: eig(Delta_qp)  = [1.37376649e-18 5.00000000e-01 1.00000000e+00]

  fragment 1: Delta_new =
[[ 0.98013115 -0.05373787  0.11451425]
 [-0.05373787  0.50559585 -0.02747269]
 [ 0.11451425 -0.02747269  0.014273  ]]
  fragment 1: eig(Delta_new) = [-2.23779328e-16  5.00000000e-01  1.00000000e+00]

  fragment 1: max|Delta_qp - Delta_new| = 9.715e-01



Ng=2  U/t=3.7000  Z0=0.786094  Z1=0.786094  E_var/t=-4.277814  docc=0.134375  converged=True  iters=6
