[setup] Ng=2  Neff=3  impurity orbitals/spin=4  Fock dim=256  (sparse operators)
[setup] built impurity operators in 0.02s; ground state searched in the N_up=N_dn sector of dim 36
  it=  0  Z0=0.999641  Z1=0.999641  E_var=-3.647581  dE=-1.036e+02  docc=0.160626  n_phys=1.000000  |dDelta|=1.219e-10  |dR|=8.602e-10  [qp 0.00s | ED 0.00s]

[check] Delta_qp (quasiparticle 1-RDM) vs Delta_new (impurity-derived 1 - Delta_bb), final iteration:

  fragment 0: Delta_qp =
[[ 0.50650925 -0.05916722 -0.03204736]
 [-0.05916722  0.98166864  0.10086275]
 [-0.03204736  0.10086275  0.01182211]]
  fragment 0: eig(Delta_qp)  = [1.16577525e-04 5.00000000e-01 9.99883422e-01]

  fragment 0: Delta_new =
[[ 0.50650925 -0.05916722 -0.03204736]
 [-0.05916722  0.98166864  0.10086275]
 [-0.03204736  0.10086275  0.01182211]]
  fragment 0: eig(Delta_new) = [1.16577525e-04 5.00000000e-01 9.99883422e-01]

  fragment 0: max|Delta_qp - Delta_new| = 6.046e-11

  fragment 1: Delta_qp =
[[ 0.01763631  0.02553229 -0.12406445]
 [ 0.02553229  0.50054552  0.03778449]
 [-0.12406445  0.03778449  0.98181816]]
  fragment 1: eig(Delta_qp)  = [1.16577525e-04 5.00000000e-01 9.99883422e-01]

  fragment 1: Delta_new =
[[ 0.01763631  0.02553229 -0.12406445]
 [ 0.02553229  0.50054552  0.03778449]
 [-0.12406445  0.03778449  0.98181816]]
  fragment 1: eig(Delta_new) = [1.16577525e-04 5.00000000e-01 9.99883422e-01]

  fragment 1: max|Delta_qp - Delta_new| = 5.909e-11



Ng=2  U/t=2.8000  Z0=0.999641  Z1=0.999641  E_var/t=-3.64758131  docc=0.160626  converged=True  iters=1  seed from: forward
