[setup] Ng=2  Neff=3  impurity orbitals/spin=4  Fock dim=256  (sparse operators)
[setup] built impurity operators in 0.02s; ground state searched in the N_up=N_dn sector of dim 36
  it=  0  Z0=0.277506  Z1=0.277506  E_var=-6.949282  dE=-1.069e+02  docc=0.036647  n_phys=1.000000  |dDelta|=2.828e+00  |dR|=1.110e-02  [qp 0.00s | ED 0.01s]
  it=  1  Z0=0.271689  Z1=0.271689  E_var=-6.946068  dE=3.214e-03  docc=0.036037  n_phys=1.000000  |dDelta|=4.632e-08  |dR|=8.035e-03  [qp 0.00s | ED 0.00s]
  it=  2  Z0=0.267517  Z1=0.267517  E_var=-6.943808  dE=2.260e-03  docc=0.035596  n_phys=1.000000  |dDelta|=1.430e-08  |dR|=5.858e-03  [qp 0.00s | ED 0.00s]
  it=  3  Z0=0.264496  Z1=0.264496  E_var=-6.942194  dE=1.614e-03  docc=0.035275  n_phys=1.000000  |dDelta|=3.694e-08  |dR|=4.294e-03  [qp 0.00s | ED 0.00s]
  it=  4  Z0=0.262292  Z1=0.262292  E_var=-6.941030  dE=1.164e-03  docc=0.035040  n_phys=1.000000  |dDelta|=1.771e-08  |dR|=3.160e-03  [qp 0.00s | ED 0.00s]
  it=  5  Z0=0.260676  Z1=0.260676  E_var=-6.940183  dE=8.468e-04  docc=0.034867  n_phys=1.000000  |dDelta|=3.551e-08  |dR|=2.332e-03  [qp 0.00s | ED 0.00s]
  it=  6  Z0=0.259487  Z1=0.259487  E_var=-6.939563  dE=6.196e-04  docc=0.034740  n_phys=1.000000  |dDelta|=1.261e-08  |dR|=1.724e-03  [qp 0.00s | ED 0.00s]
  it=  7  Z0=0.258610  Z1=0.258610  E_var=-6.939108  dE=4.552e-04  docc=0.034646  n_phys=1.000000  |dDelta|=6.851e-08  |dR|=1.277e-03  [qp 0.00s | ED 0.00s]
  it=  8  Z0=0.257961  Z1=0.257961  E_var=-6.938773  dE=3.356e-04  docc=0.034576  n_phys=1.000000  |dDelta|=2.106e-08  |dR|=9.468e-04  [qp 0.00s | ED 0.00s]
  it=  9  Z0=0.257480  Z1=0.257480  E_var=-6.938525  dE=2.479e-04  docc=0.034524  n_phys=1.000000  |dDelta|=3.572e-08  |dR|=7.026e-04  [qp 0.00s | ED 0.00s]
  it= 10  Z0=0.257123  Z1=0.257123  E_var=-6.938341  dE=1.835e-04  docc=0.034486  n_phys=1.000000  |dDelta|=9.899e-01  |dR|=3.391e-04  [qp 0.00s | ED 0.00s]
  it= 11  Z0=0.256952  Z1=0.256952  E_var=-6.938253  dE=8.843e-05  docc=0.034467  n_phys=1.000000  |dDelta|=8.519e-10  |dR|=2.824e-04  [qp 0.00s | ED 0.00s]
  it= 12  Z0=0.256808  Z1=0.256808  E_var=-6.938179  dE=7.357e-05  docc=0.034452  n_phys=1.000000  |dDelta|=8.907e-10  |dR|=2.353e-04  [qp 0.00s | ED 0.00s]
  it= 13  Z0=0.256689  Z1=0.256689  E_var=-6.938118  dE=6.123e-05  docc=0.034439  n_phys=1.000000  |dDelta|=2.250e-09  |dR|=1.960e-04  [qp 0.00s | ED 0.00s]
  it= 14  Z0=0.256590  Z1=0.256590  E_var=-6.938067  dE=5.098e-05  docc=0.034428  n_phys=1.000000  |dDelta|=4.186e-10  |dR|=1.633e-04  [qp 0.00s | ED 0.00s]
  it= 15  Z0=0.256507  Z1=0.256507  E_var=-6.938024  dE=4.245e-05  docc=0.034420  n_phys=1.000000  |dDelta|=4.713e-09  |dR|=1.361e-04  [qp 0.00s | ED 0.00s]
  it= 16  Z0=0.256438  Z1=0.256438  E_var=-6.937989  dE=3.535e-05  docc=0.034412  n_phys=1.000000  |dDelta|=4.180e-10  |dR|=1.134e-04  [qp 0.00s | ED 0.00s]
  it= 17  Z0=0.256381  Z1=0.256381  E_var=-6.937960  dE=2.944e-05  docc=0.034406  n_phys=1.000000  |dDelta|=1.082e-09  |dR|=9.447e-05  [qp 0.00s | ED 0.00s]
  it= 18  Z0=0.256333  Z1=0.256333  E_var=-6.937935  dE=2.453e-05  docc=0.034401  n_phys=1.000000  |dDelta|=3.685e-09  |dR|=7.873e-05  [qp 0.00s | ED 0.00s]
  it= 19  Z0=0.256293  Z1=0.256293  E_var=-6.937915  dE=2.043e-05  docc=0.034396  n_phys=1.000000  |dDelta|=1.472e-09  |dR|=6.561e-05  [qp 0.00s | ED 0.00s]
  it= 20  Z0=0.256260  Z1=0.256260  E_var=-6.937898  dE=1.703e-05  docc=0.034393  n_phys=1.000000  |dDelta|=2.023e-09  |dR|=5.468e-05  [qp 0.00s | ED 0.00s]
  it= 21  Z0=0.256232  Z1=0.256232  E_var=-6.937883  dE=1.419e-05  docc=0.034390  n_phys=1.000000  |dDelta|=5.022e-09  |dR|=4.557e-05  [qp 0.00s | ED 0.00s]
  it= 22  Z0=0.256209  Z1=0.256209  E_var=-6.937872  dE=1.182e-05  docc=0.034387  n_phys=1.000000  |dDelta|=8.869e-10  |dR|=3.798e-05  [qp 0.00s | ED 0.00s]
  it= 23  Z0=0.256190  Z1=0.256190  E_var=-6.937862  dE=9.852e-06  docc=0.034385  n_phys=1.000000  |dDelta|=4.132e-09  |dR|=3.166e-05  [qp 0.00s | ED 0.00s]
  it= 24  Z0=0.256174  Z1=0.256174  E_var=-6.937854  dE=8.210e-06  docc=0.034384  n_phys=1.000000  |dDelta|=1.673e-09  |dR|=2.639e-05  [qp 0.00s | ED 0.01s]
  it= 25  Z0=0.256161  Z1=0.256161  E_var=-6.937847  dE=6.842e-06  docc=0.034382  n_phys=1.000000  |dDelta|=8.876e-10  |dR|=2.199e-05  [qp 0.00s | ED 0.01s]
  it= 26  Z0=0.256149  Z1=0.256149  E_var=-6.937841  dE=5.702e-06  docc=0.034381  n_phys=1.000000  |dDelta|=4.848e-09  |dR|=1.833e-05  [qp 0.00s | ED 0.00s]
  it= 27  Z0=0.256140  Z1=0.256140  E_var=-6.937836  dE=4.753e-06  docc=0.034380  n_phys=1.000000  |dDelta|=3.343e-09  |dR|=1.528e-05  [qp 0.00s | ED 0.00s]
  it= 28  Z0=0.256132  Z1=0.256132  E_var=-6.937832  dE=3.961e-06  docc=0.034379  n_phys=1.000000  |dDelta|=1.403e-09  |dR|=1.273e-05  [qp 0.00s | ED 0.00s]
  it= 29  Z0=0.256126  Z1=0.256126  E_var=-6.937829  dE=3.301e-06  docc=0.034378  n_phys=1.000000  |dDelta|=1.651e-09  |dR|=1.061e-05  [qp 0.00s | ED 0.00s]
  it= 30  Z0=0.256121  Z1=0.256121  E_var=-6.937826  dE=2.752e-06  docc=0.034378  n_phys=1.000000  |dDelta|=1.279e-09  |dR|=8.847e-06  [qp 0.00s | ED 0.00s]
  it= 31  Z0=0.256116  Z1=0.256116  E_var=-6.937824  dE=2.294e-06  docc=0.034377  n_phys=1.000000  |dDelta|=2.032e-09  |dR|=7.374e-06  [qp 0.00s | ED 0.00s]
  it= 32  Z0=0.256112  Z1=0.256112  E_var=-6.937822  dE=1.912e-06  docc=0.034377  n_phys=1.000000  |dDelta|=3.127e-09  |dR|=6.147e-06  [qp 0.00s | ED 0.00s]
  it= 33  Z0=0.256109  Z1=0.256109  E_var=-6.937820  dE=1.593e-06  docc=0.034377  n_phys=1.000000  |dDelta|=6.498e-10  |dR|=5.124e-06  [qp 0.00s | ED 0.00s]
  it= 34  Z0=0.256107  Z1=0.256107  E_var=-6.937819  dE=1.328e-06  docc=0.034376  n_phys=1.000000  |dDelta|=1.130e-08  |dR|=4.271e-06  [qp 0.00s | ED 0.00s]
  it= 35  Z0=0.256105  Z1=0.256105  E_var=-6.937818  dE=1.107e-06  docc=0.034376  n_phys=1.000000  |dDelta|=1.182e-09  |dR|=3.560e-06  [qp 0.00s | ED 0.00s]
  it= 36  Z0=0.256103  Z1=0.256103  E_var=-6.937817  dE=9.227e-07  docc=0.034376  n_phys=1.000000  |dDelta|=1.650e-09  |dR|=2.967e-06  [qp 0.00s | ED 0.00s]

[check] Delta_qp (quasiparticle 1-RDM) vs Delta_new (impurity-derived 1 - Delta_bb), final iteration:

  fragment 0: Delta_qp =
[[ 0.5055959  -0.05373812 -0.02747291]
 [-0.05373812  0.98013109  0.11451423]
 [-0.02747291  0.11451423  0.01427301]]
  fragment 0: eig(Delta_qp)  = [-1.60449359e-17  5.00000000e-01  1.00000000e+00]

  fragment 0: Delta_new =
[[ 0.4944041   0.05373812  0.02747291]
 [ 0.05373812  0.01986891 -0.11451423]
 [ 0.02747291 -0.11451423  0.98572699]]
  fragment 0: eig(Delta_new) = [9.71445147e-17 5.00000000e-01 1.00000000e+00]

  fragment 0: max|Delta_qp - Delta_new| = 9.715e-01

  fragment 1: Delta_qp =
[[ 0.01986884  0.05373785 -0.11451424]
 [ 0.05373785  0.49440416  0.02747274]
 [-0.11451424  0.02747274  0.985727  ]]
  fragment 1: eig(Delta_qp)  = [9.19703894e-19 5.00000000e-01 1.00000000e+00]

  fragment 1: Delta_new =
[[ 0.98013116 -0.05373785  0.11451424]
 [-0.05373785  0.50559584 -0.02747274]
 [ 0.11451424 -0.02747274  0.014273  ]]
  fragment 1: eig(Delta_new) = [-3.17454396e-16  5.00000000e-01  1.00000000e+00]

  fragment 1: max|Delta_qp - Delta_new| = 9.715e-01



Ng=2  U/t=6.9000  Z0=0.256101  Z1=0.256101  E_var/t=-6.937817  docc=0.034376  converged=True  iters=36
