[setup] Ng=2  Neff=3  impurity orbitals/spin=4  Fock dim=256  (sparse operators)
[setup] built impurity operators in 0.02s; ground state searched in the N_up=N_dn sector of dim 36
  it=  0  Z0=0.997840  Z1=0.997840  E_var=-4.664887  dE=-1.047e+02  docc=0.111996  n_phys=1.000000  |dDelta|=5.159e-10  |dR|=1.978e-09  [qp 0.00s | ED 0.00s]

[check] Delta_qp (quasiparticle 1-RDM) vs Delta_new (impurity-derived 1 - Delta_bb), final iteration:

  fragment 0: Delta_qp =
[[ 0.50618806 -0.05731232 -0.0299347 ]
 [-0.05731232  0.98160844  0.10081972]
 [-0.0299347   0.10081972  0.0122035 ]]
  fragment 0: eig(Delta_qp)  = [6.89864919e-04 5.00000000e-01 9.99310135e-01]

  fragment 0: Delta_new =
[[ 0.50618806 -0.05731232 -0.0299347 ]
 [-0.05731232  0.98160844  0.10081972]
 [-0.0299347   0.10081972  0.0122035 ]]
  fragment 0: eig(Delta_new) = [6.89864927e-04 5.00000000e-01 9.99310135e-01]

  fragment 0: max|Delta_qp - Delta_new| = 2.307e-10

  fragment 1: Delta_qp =
[[ 0.01845966  0.02736287 -0.12391844]
 [ 0.02736287  0.50053366  0.03977058]
 [-0.12391844  0.03977058  0.98100668]]
  fragment 1: eig(Delta_qp)  = [6.89864917e-04 5.00000000e-01 9.99310135e-01]

  fragment 1: Delta_new =
[[ 0.01845966  0.02736287 -0.12391844]
 [ 0.02736287  0.50053366  0.03977058]
 [-0.12391844  0.03977058  0.98100668]]
  fragment 1: eig(Delta_new) = [6.89864921e-04 5.00000000e-01 9.99310135e-01]

  fragment 1: max|Delta_qp - Delta_new| = 2.291e-10



Ng=2  U/t=4.2000  Z0=0.997840  Z1=0.997840  E_var/t=-4.66488693  docc=0.111996  converged=True  iters=1  seed from: forward
