[setup] Ng=2  Neff=3  impurity orbitals/spin=4  Fock dim=256  (sparse operators)
[setup] built impurity operators in 0.01s; ground state searched in the N_up=N_dn sector of dim 36
  it=  0  Z0=0.000000  Z1=0.000000  E_var=-9.700000  dE=-1.097e+02  docc=0.000000  n_phys=1.000000  |dDelta|=2.828e+00  |dR|=1.432e-04  [qp 0.00s | ED 0.00s]
  it=  1  Z0=0.000000  Z1=0.000000  E_var=-9.700000  dE=1.870e-08  docc=0.000000  n_phys=1.000000  |dDelta|=6.426e-15  |dR|=1.181e-04  [qp 0.00s | ED 0.00s]

[check] Delta_qp (quasiparticle 1-RDM) vs Delta_new (impurity-derived 1 - Delta_bb), final iteration:

  fragment 0: Delta_qp =
[[ 0.50559589 -0.05373813 -0.02747293]
 [-0.05373813  0.98013109  0.11451423]
 [-0.02747293  0.11451423  0.01427301]]
  fragment 0: eig(Delta_qp)  = [-3.23999642e-17  4.99999995e-01  1.00000000e+00]

  fragment 0: Delta_new =
[[ 0.4944041   0.05373813  0.02747293]
 [ 0.05373813  0.01986891 -0.11451423]
 [ 0.02747293 -0.11451423  0.98572699]]
  fragment 0: eig(Delta_new) = [0.  0.5 1. ]

  fragment 0: max|Delta_qp - Delta_new| = 9.715e-01

  fragment 1: Delta_qp =
[[ 0.01986885  0.05373787 -0.11451426]
 [ 0.05373787  0.49440415  0.02747259]
 [-0.11451426  0.02747259  0.98572701]]
  fragment 1: eig(Delta_qp)  = [-8.58857181e-18  5.00000005e-01  1.00000000e+00]

  fragment 1: Delta_new =
[[ 0.98013115 -0.05373787  0.11451426]
 [-0.05373787  0.50559586 -0.02747259]
 [ 0.11451426 -0.02747259  0.01427299]]
  fragment 1: eig(Delta_new) = [1.45716772e-16 5.00000000e-01 1.00000000e+00]

  fragment 1: max|Delta_qp - Delta_new| = 9.715e-01



Ng=2  U/t=9.7000  Z0=0.000000  Z1=0.000000  E_var/t=-9.700000  docc=0.000000  converged=True  iters=1
