[setup] Ng=2  Neff=3  impurity orbitals/spin=4  Fock dim=256  (sparse operators)
[setup] built impurity operators in 0.02s; ground state searched in the N_up=N_dn sector of dim 36
  it=  0  Z0=0.998463  Z1=0.998463  E_var=-4.435341  dE=-1.044e+02  docc=0.122808  n_phys=1.000000  |dDelta|=8.237e-10  |dR|=1.124e-08  [qp 0.00s | ED 0.00s]

[check] Delta_qp (quasiparticle 1-RDM) vs Delta_new (impurity-derived 1 - Delta_bb), final iteration:

  fragment 0: Delta_qp =
[[ 9.86084396e-01 -8.61268399e-04  8.12513635e-02]
 [-8.61268399e-04  1.37622484e-02 -8.09481730e-02]
 [ 8.12513635e-02 -8.09481730e-02  5.00153355e-01]]
  fragment 0: eig(Delta_qp)  = [4.92502808e-04 5.00000000e-01 9.99507497e-01]

  fragment 0: Delta_new =
[[ 9.86084396e-01 -8.61268398e-04  8.12513635e-02]
 [-8.61268398e-04  1.37622484e-02 -8.09481730e-02]
 [ 8.12513635e-02 -8.09481730e-02  5.00153356e-01]]
  fragment 0: eig(Delta_new) = [4.92502805e-04 5.00000000e-01 9.99507497e-01]

  fragment 0: max|Delta_qp - Delta_new| = 4.102e-10

  fragment 1: Delta_qp =
[[ 9.86312499e-01 -2.68280231e-04  8.06369376e-02]
 [-2.68280231e-04  1.39916882e-02 -8.15680269e-02]
 [ 8.06369376e-02 -8.15680269e-02  4.99695813e-01]]
  fragment 1: eig(Delta_qp)  = [4.92502784e-04 5.00000000e-01 9.99507497e-01]

  fragment 1: Delta_new =
[[ 9.86312499e-01 -2.68280231e-04  8.06369377e-02]
 [-2.68280231e-04  1.39916882e-02 -8.15680269e-02]
 [ 8.06369377e-02 -8.15680269e-02  4.99695813e-01]]
  fragment 1: eig(Delta_new) = [4.92502793e-04 5.00000000e-01 9.99507497e-01]

  fragment 1: max|Delta_qp - Delta_new| = 4.066e-10



Ng=2  U/t=3.9000  Z0=0.998463  Z1=0.998463  E_var/t=-4.43534098  docc=0.122808  converged=True  iters=1  seed from: backward
