[setup] Ng=2  Neff=3  impurity orbitals/spin=4  Fock dim=256  (sparse operators)
[setup] built impurity operators in 0.02s; ground state searched in the N_up=N_dn sector of dim 36
  it=  0  Z0=0.999891  Z1=0.999891  E_var=-3.188618  dE=-1.032e+02  docc=0.183601  n_phys=1.000000  |dDelta|=2.664e-08  |dR|=2.270e-08  [qp 0.00s | ED 0.00s]

[check] Delta_qp (quasiparticle 1-RDM) vs Delta_new (impurity-derived 1 - Delta_bb), final iteration:

  fragment 0: Delta_qp =
[[ 0.50657402 -0.05952711 -0.03243716]
 [-0.05952711  0.98164706  0.1008752 ]
 [-0.03243716  0.1008752   0.0117789 ]]
  fragment 0: eig(Delta_qp)  = [3.50774141e-05 4.99999982e-01 9.99964923e-01]

  fragment 0: Delta_new =
[[ 0.50657404 -0.05952711 -0.03243716]
 [-0.05952711  0.98164706  0.1008752 ]
 [-0.03243716  0.1008752   0.0117789 ]]
  fragment 0: eig(Delta_new) = [3.50774183e-05 4.99999995e-01 9.99964923e-01]

  fragment 0: max|Delta_qp - Delta_new| = 1.324e-08

  fragment 1: Delta_qp =
[[ 0.01750119  0.02514783 -0.12407427]
 [ 0.02514783  0.50055138  0.03739938]
 [-0.12407427  0.03739938  0.98194745]]
  fragment 1: eig(Delta_qp)  = [3.50774390e-05 5.00000018e-01 9.99964923e-01]

  fragment 1: Delta_new =
[[ 0.01750119  0.02514783 -0.12407427]
 [ 0.02514783  0.50055137  0.03739938]
 [-0.12407427  0.03739938  0.98194745]]
  fragment 1: eig(Delta_new) = [3.50774289e-05 5.00000005e-01 9.99964923e-01]

  fragment 1: max|Delta_qp - Delta_new| = 1.299e-08



Ng=2  U/t=2.1000  Z0=0.999891  Z1=0.999891  E_var/t=-3.18861779  docc=0.183601  converged=True  iters=1  seed from: forward
