[setup] Ng=2  Neff=3  impurity orbitals/spin=4  Fock dim=256  (sparse operators)
[setup] built impurity operators in 0.02s; ground state searched in the N_up=N_dn sector of dim 36
  it=  0  Z0=0.750000  Z1=0.750000  E_var=-4.594039  dE=-1.046e+02  docc=0.122678  n_phys=1.000000  |dDelta|=2.828e+00  |dR|=1.086e-02  [qp 0.00s | ED 0.00s]
  it=  1  Z0=0.740626  Z1=0.740626  E_var=-4.580158  dE=1.388e-02  docc=0.122085  n_phys=1.000000  |dDelta|=2.459e-08  |dR|=2.818e-03  [qp 0.00s | ED 0.00s]
  it=  2  Z0=0.738203  Z1=0.738203  E_var=-4.576580  dE=3.578e-03  docc=0.121930  n_phys=1.000000  |dDelta|=4.583e-09  |dR|=7.379e-04  [qp 0.00s | ED 0.00s]
  it=  3  Z0=0.737569  Z1=0.737569  E_var=-4.575645  dE=9.350e-04  docc=0.121889  n_phys=1.000000  |dDelta|=1.614e-08  |dR|=1.937e-04  [qp 0.00s | ED 0.00s]
  it=  4  Z0=0.737403  Z1=0.737403  E_var=-4.575400  dE=2.453e-04  docc=0.121879  n_phys=1.000000  |dDelta|=1.050e-08  |dR|=5.086e-05  [qp 0.00s | ED 0.00s]
  it=  5  Z0=0.737359  Z1=0.737359  E_var=-4.575335  dE=6.440e-05  docc=0.121876  n_phys=1.000000  |dDelta|=7.637e-09  |dR|=1.336e-05  [qp 0.00s | ED 0.00s]
  it=  6  Z0=0.737348  Z1=0.737348  E_var=-4.575319  dE=1.691e-05  docc=0.121875  n_phys=1.000000  |dDelta|=2.034e-09  |dR|=3.508e-06  [qp 0.00s | ED 0.00s]
  it=  7  Z0=0.737345  Z1=0.737345  E_var=-4.575314  dE=4.442e-06  docc=0.121875  n_phys=1.000000  |dDelta|=1.111e-08  |dR|=9.217e-07  [qp 0.00s | ED 0.00s]

[check] Delta_qp (quasiparticle 1-RDM) vs Delta_new (impurity-derived 1 - Delta_bb), final iteration:

  fragment 0: Delta_qp =
[[ 0.5055959  -0.05373811 -0.02747287]
 [-0.05373811  0.9801311   0.11451423]
 [-0.02747287  0.11451423  0.01427301]]
  fragment 0: eig(Delta_qp)  = [-3.87913406e-18  5.00000000e-01  1.00000000e+00]

  fragment 0: Delta_new =
[[ 0.4944041   0.05373811  0.02747287]
 [ 0.05373811  0.0198689  -0.11451423]
 [ 0.02747287 -0.11451423  0.98572699]]
  fragment 0: eig(Delta_new) = [-2.77555756e-17  5.00000000e-01  1.00000000e+00]

  fragment 0: max|Delta_qp - Delta_new| = 9.715e-01

  fragment 1: Delta_qp =
[[ 0.01986885  0.05373787 -0.11451425]
 [ 0.05373787  0.49440415  0.0274727 ]
 [-0.11451425  0.0274727   0.985727  ]]
  fragment 1: eig(Delta_qp)  = [3.20161495e-17 5.00000000e-01 1.00000000e+00]

  fragment 1: Delta_new =
[[ 0.98013115 -0.05373787  0.11451425]
 [-0.05373787  0.50559585 -0.0274727 ]
 [ 0.11451425 -0.0274727   0.014273  ]]
  fragment 1: eig(Delta_new) = [-2.3939184e-16  5.0000000e-01  1.0000000e+00]

  fragment 1: max|Delta_qp - Delta_new| = 9.715e-01



Ng=2  U/t=4.1000  Z0=0.737344  Z1=0.737344  E_var/t=-4.575314  docc=0.121875  converged=True  iters=7
