[setup] Ng=2  Neff=3  impurity orbitals/spin=4  Fock dim=256  (sparse operators)
[setup] built impurity operators in 0.02s; ground state searched in the N_up=N_dn sector of dim 36
  it=  0  Z0=0.000577  Z1=0.000577  E_var=-8.300042  dE=-1.083e+02  docc=0.000067  n_phys=1.000000  |dDelta|=2.828e+00  |dR|=1.748e-03  [qp 0.00s | ED 0.00s]
  it=  1  Z0=0.000535  Z1=0.000535  E_var=-8.300039  dE=3.041e-06  docc=0.000062  n_phys=1.000000  |dDelta|=9.272e-10  |dR|=1.684e-03  [qp 0.00s | ED 0.00s]
  it=  2  Z0=0.000497  Z1=0.000497  E_var=-8.300036  dE=2.819e-06  docc=0.000058  n_phys=1.000000  |dDelta|=1.163e-09  |dR|=1.622e-03  [qp 0.00s | ED 0.00s]
  it=  3  Z0=0.000462  Z1=0.000462  E_var=-8.300034  dE=2.612e-06  docc=0.000054  n_phys=1.000000  |dDelta|=2.744e-10  |dR|=1.562e-03  [qp 0.00s | ED 0.00s]
  it=  4  Z0=0.000429  Z1=0.000429  E_var=-8.300031  dE=2.422e-06  docc=0.000050  n_phys=1.000000  |dDelta|=5.262e-10  |dR|=1.505e-03  [qp 0.00s | ED 0.00s]
  it=  5  Z0=0.000398  Z1=0.000398  E_var=-8.300029  dE=2.245e-06  docc=0.000046  n_phys=1.000000  |dDelta|=8.022e-10  |dR|=1.450e-03  [qp 0.00s | ED 0.00s]
  it=  6  Z0=0.000370  Z1=0.000370  E_var=-8.300027  dE=2.082e-06  docc=0.000043  n_phys=1.000000  |dDelta|=3.282e-10  |dR|=1.396e-03  [qp 0.00s | ED 0.00s]
  it=  7  Z0=0.000343  Z1=0.000343  E_var=-8.300025  dE=1.931e-06  docc=0.000040  n_phys=1.000000  |dDelta|=8.822e-10  |dR|=1.345e-03  [qp 0.00s | ED 0.00s]
  it=  8  Z0=0.000319  Z1=0.000319  E_var=-8.300023  dE=1.791e-06  docc=0.000037  n_phys=1.000000  |dDelta|=5.056e-10  |dR|=1.296e-03  [qp 0.00s | ED 0.00s]
  it=  9  Z0=0.000296  Z1=0.000296  E_var=-8.300022  dE=1.662e-06  docc=0.000034  n_phys=1.000000  |dDelta|=6.498e-10  |dR|=1.249e-03  [qp 0.00s | ED 0.00s]
  it= 10  Z0=0.000275  Z1=0.000275  E_var=-8.300020  dE=1.541e-06  docc=0.000032  n_phys=1.000000  |dDelta|=9.899e-01  |dR|=7.820e-04  [qp 0.00s | ED 0.00s]
  it= 11  Z0=0.000262  Z1=0.000262  E_var=-8.300019  dE=9.358e-07  docc=0.000030  n_phys=1.000000  |dDelta|=8.185e-11  |dR|=7.634e-04  [qp 0.00s | ED 0.00s]

[check] Delta_qp (quasiparticle 1-RDM) vs Delta_new (impurity-derived 1 - Delta_bb), final iteration:

  fragment 0: Delta_qp =
[[ 0.5055959  -0.05373813 -0.02747293]
 [-0.05373813  0.98013109  0.11451423]
 [-0.02747293  0.11451423  0.01427301]]
  fragment 0: eig(Delta_qp)  = [2.77955174e-17 5.00000000e-01 1.00000000e+00]

  fragment 0: Delta_new =
[[ 0.4944041   0.05373813  0.02747293]
 [ 0.05373813  0.01986891 -0.11451423]
 [ 0.02747293 -0.11451423  0.98572699]]
  fragment 0: eig(Delta_new) = [3.1918912e-16 5.0000000e-01 1.0000000e+00]

  fragment 0: max|Delta_qp - Delta_new| = 9.715e-01

  fragment 1: Delta_qp =
[[ 0.01986885  0.05373787 -0.11451426]
 [ 0.05373787  0.49440414  0.02747259]
 [-0.11451426  0.02747259  0.98572701]]
  fragment 1: eig(Delta_qp)  = [9.16100745e-20 5.00000000e-01 1.00000000e+00]

  fragment 1: Delta_new =
[[ 0.98013115 -0.05373787  0.11451426]
 [-0.05373787  0.50559586 -0.02747259]
 [ 0.11451426 -0.02747259  0.01427299]]
  fragment 1: eig(Delta_new) = [2.60208521e-16 5.00000000e-01 1.00000000e+00]

  fragment 1: max|Delta_qp - Delta_new| = 9.715e-01



Ng=2  U/t=8.3000  Z0=0.000250  Z1=0.000250  E_var/t=-8.300019  docc=0.000030  converged=True  iters=11
