[setup] Ng=2  Neff=3  impurity orbitals/spin=4  Fock dim=256  (sparse operators)
[setup] built impurity operators in 0.01s; ground state searched in the N_up=N_dn sector of dim 36
  it=  0  Z0=0.711094  Z1=0.711094  E_var=-4.824046  dE=-1.048e+02  docc=0.113425  n_phys=1.000000  |dDelta|=2.828e+00  |dR|=1.135e-02  [qp 0.00s | ED 0.00s]
  it=  1  Z0=0.701557  Z1=0.701557  E_var=-4.810667  dE=1.338e-02  docc=0.112778  n_phys=1.000000  |dDelta|=1.373e-08  |dR|=3.388e-03  [qp 0.00s | ED 0.00s]
  it=  2  Z0=0.698722  Z1=0.698722  E_var=-4.806706  dE=3.961e-03  docc=0.112584  n_phys=1.000000  |dDelta|=6.754e-10  |dR|=1.021e-03  [qp 0.00s | ED 0.00s]
  it=  3  Z0=0.697869  Z1=0.697869  E_var=-4.805515  dE=1.191e-03  docc=0.112525  n_phys=1.000000  |dDelta|=8.763e-09  |dR|=3.084e-04  [qp 0.00s | ED 0.00s]
  it=  4  Z0=0.697612  Z1=0.697612  E_var=-4.805156  dE=3.594e-04  docc=0.112508  n_phys=1.000000  |dDelta|=1.125e-08  |dR|=9.326e-05  [qp 0.00s | ED 0.00s]
  it=  5  Z0=0.697534  Z1=0.697534  E_var=-4.805047  dE=1.087e-04  docc=0.112502  n_phys=1.000000  |dDelta|=6.115e-09  |dR|=2.821e-05  [qp 0.00s | ED 0.00s]
  it=  6  Z0=0.697510  Z1=0.697510  E_var=-4.805014  dE=3.287e-05  docc=0.112501  n_phys=1.000000  |dDelta|=2.729e-08  |dR|=8.533e-06  [qp 0.00s | ED 0.00s]
  it=  7  Z0=0.697503  Z1=0.697503  E_var=-4.805004  dE=9.941e-06  docc=0.112500  n_phys=1.000000  |dDelta|=2.122e-08  |dR|=2.581e-06  [qp 0.00s | ED 0.00s]
  it=  8  Z0=0.697501  Z1=0.697501  E_var=-4.805001  dE=3.007e-06  docc=0.112500  n_phys=1.000000  |dDelta|=6.920e-09  |dR|=7.809e-07  [qp 0.00s | ED 0.00s]

[check] Delta_qp (quasiparticle 1-RDM) vs Delta_new (impurity-derived 1 - Delta_bb), final iteration:

  fragment 0: Delta_qp =
[[ 0.5055959  -0.05373811 -0.02747286]
 [-0.05373811  0.9801311   0.11451423]
 [-0.02747286  0.11451423  0.01427301]]
  fragment 0: eig(Delta_qp)  = [1.90081197e-17 5.00000000e-01 1.00000000e+00]

  fragment 0: Delta_new =
[[ 0.4944041   0.05373811  0.02747286]
 [ 0.05373811  0.0198689  -0.11451423]
 [ 0.02747286 -0.11451423  0.98572699]]
  fragment 0: eig(Delta_new) = [1.38777878e-17 5.00000000e-01 1.00000000e+00]

  fragment 0: max|Delta_qp - Delta_new| = 9.715e-01

  fragment 1: Delta_qp =
[[ 0.01986885  0.05373787 -0.11451424]
 [ 0.05373787  0.49440415  0.02747274]
 [-0.11451424  0.02747274  0.985727  ]]
  fragment 1: eig(Delta_qp)  = [5.06013329e-18 5.00000000e-01 1.00000000e+00]

  fragment 1: Delta_new =
[[ 0.98013115 -0.05373787  0.11451424]
 [-0.05373787  0.50559585 -0.02747274]
 [ 0.11451424 -0.02747274  0.014273  ]]
  fragment 1: eig(Delta_new) = [5.55111512e-16 5.00000000e-01 1.00000000e+00]

  fragment 1: max|Delta_qp - Delta_new| = 9.715e-01



Ng=2  U/t=4.4000  Z0=0.697500  Z1=0.697500  E_var/t=-4.805001  docc=0.112500  converged=True  iters=8
