[setup] Ng=2  Neff=3  impurity orbitals/spin=4  Fock dim=256  (sparse operators)
[setup] built impurity operators in 0.02s; ground state searched in the N_up=N_dn sector of dim 36
  it=  0  Z0=0.999812  Z1=0.999812  E_var=-3.381381  dE=-1.034e+02  docc=0.173835  n_phys=1.000000  |dDelta|=8.612e-10  |dR|=1.864e-09  [qp 0.00s | ED 0.00s]

[check] Delta_qp (quasiparticle 1-RDM) vs Delta_new (impurity-derived 1 - Delta_bb), final iteration:

  fragment 0: Delta_qp =
[[ 9.85956567e-01 -8.52889428e-04  8.29406939e-02]
 [-8.52889428e-04  1.38960589e-02 -8.26660298e-02]
 [ 8.29406939e-02 -8.26660298e-02  5.00147375e-01]]
  fragment 0: eig(Delta_qp)  = [6.10209564e-05 5.00000001e-01 9.99938979e-01]

  fragment 0: Delta_new =
[[ 9.85956567e-01 -8.52889434e-04  8.29406940e-02]
 [-8.52889434e-04  1.38960589e-02 -8.26660298e-02]
 [ 8.29406940e-02 -8.26660298e-02  5.00147374e-01]]
  fragment 0: eig(Delta_new) = [6.10209553e-05 5.00000000e-01 9.99938979e-01]

  fragment 0: max|Delta_qp - Delta_new| = 4.201e-10

  fragment 1: Delta_qp =
[[ 9.86189822e-01 -2.64653436e-04  8.23266920e-02]
 [-2.64653436e-04  1.41303228e-02 -8.32840581e-02]
 [ 8.23266920e-02 -8.32840581e-02  4.99679855e-01]]
  fragment 1: eig(Delta_qp)  = [6.10209527e-05 4.99999999e-01 9.99938979e-01]

  fragment 1: Delta_new =
[[ 9.86189822e-01 -2.64653429e-04  8.23266920e-02]
 [-2.64653429e-04  1.41303228e-02 -8.32840581e-02]
 [ 8.23266920e-02 -8.32840581e-02  4.99679855e-01]]
  fragment 1: eig(Delta_new) = [6.10209536e-05 5.00000000e-01 9.99938979e-01]

  fragment 1: max|Delta_qp - Delta_new| = 4.205e-10



Ng=2  U/t=2.4000  Z0=0.999812  Z1=0.999812  E_var/t=-3.38138139  docc=0.173835  converged=True  iters=1  seed from: backward
