[setup] Ng=2  Neff=3  impurity orbitals/spin=4  Fock dim=256  (sparse operators)
[setup] built impurity operators in 0.01s; ground state searched in the N_up=N_dn sector of dim 36
  it=  0  Z0=0.121136  Z1=0.121136  E_var=-7.610351  dE=-1.076e+02  docc=0.015258  n_phys=1.000000  |dDelta|=2.828e+00  |dR|=8.084e-03  [qp 0.00s | ED 0.00s]
  it=  1  Z0=0.118339  Z1=0.118339  E_var=-7.609642  dE=7.093e-04  docc=0.014937  n_phys=1.000000  |dDelta|=2.332e-08  |dR|=7.059e-03  [qp 0.00s | ED 0.00s]
  it=  2  Z0=0.115924  Z1=0.115924  E_var=-7.609045  dE=5.964e-04  docc=0.014658  n_phys=1.000000  |dDelta|=3.769e-08  |dR|=6.187e-03  [qp 0.00s | ED 0.00s]
  it=  3  Z0=0.113826  Z1=0.113826  E_var=-7.608540  dE=5.055e-04  docc=0.014415  n_phys=1.000000  |dDelta|=8.371e-09  |dR|=5.442e-03  [qp 0.00s | ED 0.00s]
  it=  4  Z0=0.111998  Z1=0.111998  E_var=-7.608108  dE=4.314e-04  docc=0.014203  n_phys=1.000000  |dDelta|=1.805e-08  |dR|=4.800e-03  [qp 0.00s | ED 0.00s]
  it=  5  Z0=0.110397  Z1=0.110397  E_var=-7.607738  dE=3.705e-04  docc=0.014017  n_phys=1.000000  |dDelta|=1.216e-08  |dR|=4.244e-03  [qp 0.00s | ED 0.00s]
  it=  6  Z0=0.108992  Z1=0.108992  E_var=-7.607418  dE=3.198e-04  docc=0.013853  n_phys=1.000000  |dDelta|=2.368e-08  |dR|=3.761e-03  [qp 0.00s | ED 0.00s]
  it=  7  Z0=0.107753  Z1=0.107753  E_var=-7.607141  dE=2.774e-04  docc=0.013708  n_phys=1.000000  |dDelta|=1.391e-08  |dR|=3.340e-03  [qp 0.00s | ED 0.00s]
  it=  8  Z0=0.106660  Z1=0.106660  E_var=-7.606899  dE=2.417e-04  docc=0.013580  n_phys=1.000000  |dDelta|=1.115e-08  |dR|=2.971e-03  [qp 0.00s | ED 0.00s]
  it=  9  Z0=0.105692  Z1=0.105692  E_var=-7.606688  dE=2.113e-04  docc=0.013467  n_phys=1.000000  |dDelta|=2.050e-08  |dR|=2.647e-03  [qp 0.00s | ED 0.00s]
  it= 10  Z0=0.104833  Z1=0.104833  E_var=-7.606502  dE=1.853e-04  docc=0.013366  n_phys=1.000000  |dDelta|=9.899e-01  |dR|=1.535e-03  [qp 0.00s | ED 0.00s]
  it= 11  Z0=0.104337  Z1=0.104337  E_var=-7.606396  dE=1.062e-04  docc=0.013308  n_phys=1.000000  |dDelta|=8.141e-10  |dR|=1.428e-03  [qp 0.00s | ED 0.00s]
  it= 12  Z0=0.103876  Z1=0.103876  E_var=-7.606298  dE=9.802e-05  docc=0.013254  n_phys=1.000000  |dDelta|=1.270e-09  |dR|=1.329e-03  [qp 0.00s | ED 0.00s]
  it= 13  Z0=0.103448  Z1=0.103448  E_var=-7.606207  dE=9.055e-05  docc=0.013203  n_phys=1.000000  |dDelta|=2.711e-09  |dR|=1.238e-03  [qp 0.00s | ED 0.00s]
  it= 14  Z0=0.103050  Z1=0.103050  E_var=-7.606124  dE=8.371e-05  docc=0.013156  n_phys=1.000000  |dDelta|=3.467e-09  |dR|=1.153e-03  [qp 0.00s | ED 0.00s]
  it= 15  Z0=0.102680  Z1=0.102680  E_var=-7.606046  dE=7.746e-05  docc=0.013113  n_phys=1.000000  |dDelta|=1.262e-09  |dR|=1.075e-03  [qp 0.00s | ED 0.00s]
  it= 16  Z0=0.102336  Z1=0.102336  E_var=-7.605975  dE=7.174e-05  docc=0.013072  n_phys=1.000000  |dDelta|=2.795e-09  |dR|=1.002e-03  [qp 0.00s | ED 0.00s]
  it= 17  Z0=0.102016  Z1=0.102016  E_var=-7.605908  dE=6.648e-05  docc=0.013034  n_phys=1.000000  |dDelta|=3.184e-09  |dR|=9.344e-04  [qp 0.00s | ED 0.00s]
  it= 18  Z0=0.101718  Z1=0.101718  E_var=-7.605846  dE=6.166e-05  docc=0.012999  n_phys=1.000000  |dDelta|=6.317e-10  |dR|=8.716e-04  [qp 0.00s | ED 0.00s]
  it= 19  Z0=0.101440  Z1=0.101440  E_var=-7.605789  dE=5.722e-05  docc=0.012966  n_phys=1.000000  |dDelta|=2.413e-09  |dR|=8.132e-04  [qp 0.00s | ED 0.00s]
  it= 20  Z0=0.101181  Z1=0.101181  E_var=-7.605736  dE=5.313e-05  docc=0.012936  n_phys=1.000000  |dDelta|=7.812e-10  |dR|=7.590e-04  [qp 0.00s | ED 0.00s]
  it= 21  Z0=0.100940  Z1=0.100940  E_var=-7.605687  dE=4.936e-05  docc=0.012907  n_phys=1.000000  |dDelta|=4.268e-09  |dR|=7.085e-04  [qp 0.00s | ED 0.00s]
  it= 22  Z0=0.100715  Z1=0.100715  E_var=-7.605641  dE=4.589e-05  docc=0.012881  n_phys=1.000000  |dDelta|=3.660e-09  |dR|=6.615e-04  [qp 0.00s | ED 0.00s]
  it= 23  Z0=0.100505  Z1=0.100505  E_var=-7.605598  dE=4.268e-05  docc=0.012856  n_phys=1.000000  |dDelta|=9.676e-10  |dR|=6.178e-04  [qp 0.00s | ED 0.00s]
  it= 24  Z0=0.100309  Z1=0.100309  E_var=-7.605558  dE=3.971e-05  docc=0.012833  n_phys=1.000000  |dDelta|=7.809e-10  |dR|=5.771e-04  [qp 0.00s | ED 0.00s]
  it= 25  Z0=0.100126  Z1=0.100126  E_var=-7.605521  dE=3.696e-05  docc=0.012811  n_phys=1.000000  |dDelta|=1.597e-09  |dR|=5.391e-04  [qp 0.00s | ED 0.00s]
  it= 26  Z0=0.099956  Z1=0.099956  E_var=-7.605487  dE=3.442e-05  docc=0.012791  n_phys=1.000000  |dDelta|=2.944e-09  |dR|=5.038e-04  [qp 0.00s | ED 0.00s]
  it= 27  Z0=0.099797  Z1=0.099797  E_var=-7.605455  dE=3.207e-05  docc=0.012772  n_phys=1.000000  |dDelta|=3.321e-09  |dR|=4.708e-04  [qp 0.00s | ED 0.00s]
  it= 28  Z0=0.099648  Z1=0.099648  E_var=-7.605425  dE=2.988e-05  docc=0.012755  n_phys=1.000000  |dDelta|=2.795e-09  |dR|=4.400e-04  [qp 0.00s | ED 0.00s]
  it= 29  Z0=0.099509  Z1=0.099509  E_var=-7.605397  dE=2.786e-05  docc=0.012738  n_phys=1.000000  |dDelta|=5.057e-09  |dR|=4.113e-04  [qp 0.00s | ED 0.00s]
  it= 30  Z0=0.099379  Z1=0.099379  E_var=-7.605371  dE=2.598e-05  docc=0.012723  n_phys=1.000000  |dDelta|=1.469e-09  |dR|=3.846e-04  [qp 0.00s | ED 0.00s]
  it= 31  Z0=0.099258  Z1=0.099258  E_var=-7.605347  dE=2.423e-05  docc=0.012709  n_phys=1.000000  |dDelta|=1.047e-09  |dR|=3.596e-04  [qp 0.00s | ED 0.00s]
  it= 32  Z0=0.099145  Z1=0.099145  E_var=-7.605324  dE=2.261e-05  docc=0.012695  n_phys=1.000000  |dDelta|=3.544e-09  |dR|=3.363e-04  [qp 0.00s | ED 0.00s]
  it= 33  Z0=0.099039  Z1=0.099039  E_var=-7.605303  dE=2.110e-05  docc=0.012683  n_phys=1.000000  |dDelta|=1.562e-09  |dR|=3.145e-04  [qp 0.00s | ED 0.00s]
  it= 34  Z0=0.098940  Z1=0.098940  E_var=-7.605284  dE=1.969e-05  docc=0.012671  n_phys=1.000000  |dDelta|=5.063e-09  |dR|=2.941e-04  [qp 0.00s | ED 0.00s]
  it= 35  Z0=0.098848  Z1=0.098848  E_var=-7.605265  dE=1.839e-05  docc=0.012660  n_phys=1.000000  |dDelta|=2.627e-09  |dR|=2.751e-04  [qp 0.00s | ED 0.00s]
  it= 36  Z0=0.098761  Z1=0.098761  E_var=-7.605248  dE=1.717e-05  docc=0.012650  n_phys=1.000000  |dDelta|=1.362e-09  |dR|=2.574e-04  [qp 0.00s | ED 0.00s]
  it= 37  Z0=0.098680  Z1=0.098680  E_var=-7.605232  dE=1.604e-05  docc=0.012640  n_phys=1.000000  |dDelta|=1.260e-09  |dR|=2.408e-04  [qp 0.00s | ED 0.00s]
  it= 38  Z0=0.098605  Z1=0.098605  E_var=-7.605217  dE=1.498e-05  docc=0.012631  n_phys=1.000000  |dDelta|=2.854e-09  |dR|=2.253e-04  [qp 0.00s | ED 0.00s]
  it= 39  Z0=0.098534  Z1=0.098534  E_var=-7.605203  dE=1.400e-05  docc=0.012623  n_phys=1.000000  |dDelta|=3.008e-09  |dR|=2.108e-04  [qp 0.00s | ED 0.00s]
  it= 40  Z0=0.098468  Z1=0.098468  E_var=-7.605190  dE=1.308e-05  docc=0.012615  n_phys=1.000000  |dDelta|=2.072e-09  |dR|=1.973e-04  [qp 0.00s | ED 0.00s]
  it= 41  Z0=0.098406  Z1=0.098406  E_var=-7.605178  dE=1.223e-05  docc=0.012608  n_phys=1.000000  |dDelta|=8.225e-10  |dR|=1.846e-04  [qp 0.00s | ED 0.00s]
  it= 42  Z0=0.098348  Z1=0.098348  E_var=-7.605166  dE=1.143e-05  docc=0.012601  n_phys=1.000000  |dDelta|=4.236e-09  |dR|=1.728e-04  [qp 0.00s | ED 0.00s]
  it= 43  Z0=0.098294  Z1=0.098294  E_var=-7.605156  dE=1.068e-05  docc=0.012594  n_phys=1.000000  |dDelta|=1.642e-09  |dR|=1.617e-04  [qp 0.00s | ED 0.00s]
  it= 44  Z0=0.098243  Z1=0.098243  E_var=-7.605146  dE=9.989e-06  docc=0.012588  n_phys=1.000000  |dDelta|=1.014e-09  |dR|=1.513e-04  [qp 0.00s | ED 0.00s]
  it= 45  Z0=0.098196  Z1=0.098196  E_var=-7.605136  dE=9.340e-06  docc=0.012583  n_phys=1.000000  |dDelta|=9.612e-10  |dR|=1.416e-04  [qp 0.00s | ED 0.00s]
  it= 46  Z0=0.098151  Z1=0.098151  E_var=-7.605128  dE=8.735e-06  docc=0.012577  n_phys=1.000000  |dDelta|=1.116e-09  |dR|=1.326e-04  [qp 0.00s | ED 0.00s]
  it= 47  Z0=0.098110  Z1=0.098110  E_var=-7.605119  dE=8.169e-06  docc=0.012572  n_phys=1.000000  |dDelta|=8.031e-10  |dR|=1.241e-04  [qp 0.00s | ED 0.00s]
  it= 48  Z0=0.098071  Z1=0.098071  E_var=-7.605112  dE=7.641e-06  docc=0.012568  n_phys=1.000000  |dDelta|=2.504e-09  |dR|=1.162e-04  [qp 0.00s | ED 0.00s]
  it= 49  Z0=0.098035  Z1=0.098035  E_var=-7.605105  dE=7.148e-06  docc=0.012563  n_phys=1.000000  |dDelta|=1.493e-09  |dR|=1.088e-04  [qp 0.00s | ED 0.00s]
  it= 50  Z0=0.098001  Z1=0.098001  E_var=-7.605098  dE=6.687e-06  docc=0.012559  n_phys=1.000000  |dDelta|=8.107e-10  |dR|=1.018e-04  [qp 0.00s | ED 0.00s]
  it= 51  Z0=0.097969  Z1=0.097969  E_var=-7.605092  dE=6.256e-06  docc=0.012556  n_phys=1.000000  |dDelta|=8.741e-09  |dR|=9.532e-05  [qp 0.00s | ED 0.00s]
  it= 52  Z0=0.097939  Z1=0.097939  E_var=-7.605086  dE=5.854e-06  docc=0.012552  n_phys=1.000000  |dDelta|=6.712e-09  |dR|=8.924e-05  [qp 0.00s | ED 0.00s]
  it= 53  Z0=0.097911  Z1=0.097911  E_var=-7.605080  dE=5.478e-06  docc=0.012549  n_phys=1.000000  |dDelta|=7.217e-10  |dR|=8.355e-05  [qp 0.00s | ED 0.00s]
  it= 54  Z0=0.097885  Z1=0.097885  E_var=-7.605075  dE=5.126e-06  docc=0.012546  n_phys=1.000000  |dDelta|=1.779e-09  |dR|=7.823e-05  [qp 0.00s | ED 0.00s]
  it= 55  Z0=0.097860  Z1=0.097860  E_var=-7.605070  dE=4.797e-06  docc=0.012543  n_phys=1.000000  |dDelta|=1.482e-09  |dR|=7.324e-05  [qp 0.00s | ED 0.00s]
  it= 56  Z0=0.097837  Z1=0.097837  E_var=-7.605066  dE=4.489e-06  docc=0.012540  n_phys=1.000000  |dDelta|=3.413e-09  |dR|=6.858e-05  [qp 0.00s | ED 0.00s]
  it= 57  Z0=0.097816  Z1=0.097816  E_var=-7.605062  dE=4.202e-06  docc=0.012538  n_phys=1.000000  |dDelta|=3.278e-09  |dR|=6.421e-05  [qp 0.00s | ED 0.00s]
  it= 58  Z0=0.097796  Z1=0.097796  E_var=-7.605058  dE=3.933e-06  docc=0.012535  n_phys=1.000000  |dDelta|=1.320e-09  |dR|=6.013e-05  [qp 0.00s | ED 0.00s]
  it= 59  Z0=0.097777  Z1=0.097777  E_var=-7.605054  dE=3.681e-06  docc=0.012533  n_phys=1.000000  |dDelta|=4.723e-09  |dR|=5.630e-05  [qp 0.00s | ED 0.00s]
  it= 60  Z0=0.097759  Z1=0.097759  E_var=-7.605051  dE=3.446e-06  docc=0.012531  n_phys=1.000000  |dDelta|=5.932e-09  |dR|=5.272e-05  [qp 0.00s | ED 0.00s]
  it= 61  Z0=0.097743  Z1=0.097743  E_var=-7.605047  dE=3.225e-06  docc=0.012529  n_phys=1.000000  |dDelta|=1.535e-09  |dR|=4.937e-05  [qp 0.00s | ED 0.00s]
  it= 62  Z0=0.097728  Z1=0.097728  E_var=-7.605044  dE=3.019e-06  docc=0.012527  n_phys=1.000000  |dDelta|=2.796e-09  |dR|=4.623e-05  [qp 0.00s | ED 0.00s]
  it= 63  Z0=0.097713  Z1=0.097713  E_var=-7.605042  dE=2.827e-06  docc=0.012525  n_phys=1.000000  |dDelta|=9.657e-10  |dR|=4.329e-05  [qp 0.00s | ED 0.00s]
  it= 64  Z0=0.097700  Z1=0.097700  E_var=-7.605039  dE=2.646e-06  docc=0.012524  n_phys=1.000000  |dDelta|=3.849e-09  |dR|=4.054e-05  [qp 0.00s | ED 0.00s]
  it= 65  Z0=0.097687  Z1=0.097687  E_var=-7.605036  dE=2.477e-06  docc=0.012522  n_phys=1.000000  |dDelta|=1.717e-09  |dR|=3.796e-05  [qp 0.00s | ED 0.00s]
  it= 66  Z0=0.097675  Z1=0.097675  E_var=-7.605034  dE=2.319e-06  docc=0.012521  n_phys=1.000000  |dDelta|=1.790e-09  |dR|=3.555e-05  [qp 0.00s | ED 0.00s]
  it= 67  Z0=0.097664  Z1=0.097664  E_var=-7.605032  dE=2.172e-06  docc=0.012519  n_phys=1.000000  |dDelta|=1.726e-09  |dR|=3.329e-05  [qp 0.00s | ED 0.00s]
  it= 68  Z0=0.097653  Z1=0.097653  E_var=-7.605030  dE=2.033e-06  docc=0.012518  n_phys=1.000000  |dDelta|=1.222e-09  |dR|=3.118e-05  [qp 0.00s | ED 0.00s]
  it= 69  Z0=0.097644  Z1=0.097644  E_var=-7.605028  dE=1.904e-06  docc=0.012517  n_phys=1.000000  |dDelta|=3.204e-09  |dR|=2.920e-05  [qp 0.00s | ED 0.00s]
  it= 70  Z0=0.097635  Z1=0.097635  E_var=-7.605026  dE=1.782e-06  docc=0.012516  n_phys=1.000000  |dDelta|=1.207e-09  |dR|=2.734e-05  [qp 0.00s | ED 0.00s]
  it= 71  Z0=0.097626  Z1=0.097626  E_var=-7.605025  dE=1.669e-06  docc=0.012515  n_phys=1.000000  |dDelta|=3.085e-09  |dR|=2.561e-05  [qp 0.00s | ED 0.00s]
  it= 72  Z0=0.097618  Z1=0.097618  E_var=-7.605023  dE=1.563e-06  docc=0.012514  n_phys=1.000000  |dDelta|=6.174e-10  |dR|=2.398e-05  [qp 0.00s | ED 0.00s]
  it= 73  Z0=0.097611  Z1=0.097611  E_var=-7.605022  dE=1.463e-06  docc=0.012513  n_phys=1.000000  |dDelta|=3.840e-09  |dR|=2.246e-05  [qp 0.00s | ED 0.00s]
  it= 74  Z0=0.097604  Z1=0.097604  E_var=-7.605020  dE=1.370e-06  docc=0.012512  n_phys=1.000000  |dDelta|=2.019e-09  |dR|=2.103e-05  [qp 0.00s | ED 0.00s]
  it= 75  Z0=0.097597  Z1=0.097597  E_var=-7.605019  dE=1.283e-06  docc=0.012512  n_phys=1.000000  |dDelta|=1.635e-09  |dR|=1.970e-05  [qp 0.00s | ED 0.00s]
  it= 76  Z0=0.097591  Z1=0.097591  E_var=-7.605018  dE=1.202e-06  docc=0.012511  n_phys=1.000000  |dDelta|=3.276e-10  |dR|=1.845e-05  [qp 0.00s | ED 0.00s]
  it= 77  Z0=0.097585  Z1=0.097585  E_var=-7.605017  dE=1.125e-06  docc=0.012510  n_phys=1.000000  |dDelta|=2.303e-09  |dR|=1.728e-05  [qp 0.00s | ED 0.00s]
  it= 78  Z0=0.097580  Z1=0.097580  E_var=-7.605016  dE=1.054e-06  docc=0.012509  n_phys=1.000000  |dDelta|=1.580e-09  |dR|=1.618e-05  [qp 0.00s | ED 0.00s]
  it= 79  Z0=0.097575  Z1=0.097575  E_var=-7.605015  dE=9.867e-07  docc=0.012509  n_phys=1.000000  |dDelta|=1.508e-09  |dR|=1.516e-05  [qp 0.00s | ED 0.00s]

[check] Delta_qp (quasiparticle 1-RDM) vs Delta_new (impurity-derived 1 - Delta_bb), final iteration:

  fragment 0: Delta_qp =
[[ 0.5055959  -0.05373813 -0.02747293]
 [-0.05373813  0.98013109  0.11451423]
 [-0.02747293  0.11451423  0.01427301]]
  fragment 0: eig(Delta_qp)  = [-4.30554799e-17  5.00000000e-01  1.00000000e+00]

  fragment 0: Delta_new =
[[ 0.4944041   0.05373813  0.02747293]
 [ 0.05373813  0.01986891 -0.11451423]
 [ 0.02747293 -0.11451423  0.98572699]]
  fragment 0: eig(Delta_new) = [-7.35522754e-16  5.00000000e-01  1.00000000e+00]

  fragment 0: max|Delta_qp - Delta_new| = 9.715e-01

  fragment 1: Delta_qp =
[[ 0.01986884  0.05373786 -0.11451425]
 [ 0.05373786  0.49440415  0.02747267]
 [-0.11451425  0.02747267  0.985727  ]]
  fragment 1: eig(Delta_qp)  = [-3.065783e-17  5.000000e-01  1.000000e+00]

  fragment 1: Delta_new =
[[ 0.98013116 -0.05373786  0.11451425]
 [-0.05373786  0.50559585 -0.02747267]
 [ 0.11451425 -0.02747267  0.014273  ]]
  fragment 1: eig(Delta_new) = [-1.80411242e-16  5.00000000e-01  1.00000000e+00]

  fragment 1: max|Delta_qp - Delta_new| = 9.715e-01



Ng=2  U/t=7.6000  Z0=0.097570  Z1=0.097570  E_var/t=-7.605015  docc=0.012509  converged=True  iters=79
