[setup] Ng=2  Neff=3  impurity orbitals/spin=4  Fock dim=256  (sparse operators)
[setup] built impurity operators in 0.01s; ground state searched in the N_up=N_dn sector of dim 36
  it=  0  Z0=0.999844  Z1=0.999844  E_var=-2.050312  dE=-1.021e+02  docc=0.246875  n_phys=1.000000  |dDelta|=2.828e+00  |dR|=2.123e-11  [qp 0.00s | ED 0.00s]
  it=  1  Z0=0.999844  Z1=0.999844  E_var=-2.050312  dE=-2.289e-11  docc=0.246875  n_phys=1.000000  |dDelta|=1.212e-11  |dR|=1.016e-11  [qp 0.00s | ED 0.00s]

[check] Delta_qp (quasiparticle 1-RDM) vs Delta_new (impurity-derived 1 - Delta_bb), final iteration:

  fragment 0: Delta_qp =
[[ 0.5055959  -0.05373811 -0.02747285]
 [-0.05373811  0.9801311   0.11451423]
 [-0.02747285  0.11451423  0.01427301]]
  fragment 0: eig(Delta_qp)  = [1.72045616e-17 5.00000000e-01 1.00000000e+00]

  fragment 0: Delta_new =
[[ 0.4944041   0.05373811  0.02747285]
 [ 0.05373811  0.0198689  -0.11451423]
 [ 0.02747285 -0.11451423  0.98572699]]
  fragment 0: eig(Delta_new) = [-1.38777878e-16  5.00000000e-01  1.00000000e+00]

  fragment 0: max|Delta_qp - Delta_new| = 9.715e-01

  fragment 1: Delta_qp =
[[ 0.01986885  0.05373787 -0.11451424]
 [ 0.05373787  0.49440415  0.02747271]
 [-0.11451424  0.02747271  0.985727  ]]
  fragment 1: eig(Delta_qp)  = [-1.68104692e-17  5.00000000e-01  1.00000000e+00]

  fragment 1: Delta_new =
[[ 0.98013115 -0.05373787  0.11451424]
 [-0.05373787  0.50559585 -0.02747271]
 [ 0.11451424 -0.02747271  0.014273  ]]
  fragment 1: eig(Delta_new) = [4.51028104e-16 5.00000000e-01 1.00000000e+00]

  fragment 1: max|Delta_qp - Delta_new| = 9.715e-01



Ng=2  U/t=0.1000  Z0=0.999844  Z1=0.999844  E_var/t=-2.050312  docc=0.246875  converged=True  iters=1
