[setup] Ng=2  Neff=3  impurity orbitals/spin=4  Fock dim=256  (sparse operators)
[setup] built impurity operators in 0.02s; ground state searched in the N_up=N_dn sector of dim 36
  it=  0  Z0=0.999777  Z1=0.999777  E_var=-3.367258  dE=-1.034e+02  docc=0.173428  n_phys=1.000000  |dDelta|=5.699e-04  |dR|=2.348e-02  [qp 0.00s | ED 0.00s]
  it=  1  Z0=0.999794  Z1=0.999794  E_var=-3.379976  dE=-1.272e-02  docc=0.173791  n_phys=1.000000  |dDelta|=6.115e-04  |dR|=2.358e-03  [qp 0.00s | ED 0.00s]
  it=  2  Z0=0.999807  Z1=0.999807  E_var=-3.381221  dE=-1.245e-03  docc=0.173830  n_phys=1.000000  |dDelta|=6.664e-05  |dR|=2.603e-04  [qp 0.00s | ED 0.00s]
  it=  3  Z0=0.999811  Z1=0.999811  E_var=-3.381363  dE=-1.417e-04  docc=0.173835  n_phys=1.000000  |dDelta|=7.656e-06  |dR|=2.994e-05  [qp 0.00s | ED 0.00s]
  it=  4  Z0=0.999812  Z1=0.999812  E_var=-3.381379  dE=-1.637e-05  docc=0.173835  n_phys=1.000000  |dDelta|=8.854e-07  |dR|=3.463e-06  [qp 0.00s | ED 0.00s]
  it=  5  Z0=0.999812  Z1=0.999812  E_var=-3.381381  dE=-1.895e-06  docc=0.173835  n_phys=1.000000  |dDelta|=1.025e-07  |dR|=4.008e-07  [qp 0.00s | ED 0.00s]

[check] Delta_qp (quasiparticle 1-RDM) vs Delta_new (impurity-derived 1 - Delta_bb), final iteration:

  fragment 0: Delta_qp =
[[ 9.56456216e-01 -6.40234661e-07 -1.44198963e-01]
 [-6.40234661e-07  4.35445441e-02  1.44200248e-01]
 [-1.44198963e-01  1.44200248e-01  4.99999240e-01]]
  fragment 0: eig(Delta_qp)  = [6.10213141e-05 5.00000000e-01 9.99938979e-01]

  fragment 0: Delta_new =
[[ 9.56456214e-01 -6.40234665e-07 -1.44198966e-01]
 [-6.40234665e-07  4.35445455e-02  1.44200250e-01]
 [-1.44198966e-01  1.44200250e-01  4.99999240e-01]]
  fragment 0: eig(Delta_new) = [6.10211552e-05 5.00000000e-01 9.99938979e-01]

  fragment 0: max|Delta_qp - Delta_new| = 2.470e-09

  fragment 1: Delta_qp =
[[ 8.74524107e-01 -3.88434752e-07  2.34169528e-01]
 [-3.88434752e-07  1.25477081e-01 -2.34170350e-01]
 [ 2.34169528e-01 -2.34170350e-01  4.99998811e-01]]
  fragment 1: eig(Delta_qp)  = [6.10213141e-05 5.00000000e-01 9.99938979e-01]

  fragment 1: Delta_new =
[[ 8.74524105e-01 -3.88434763e-07  2.34169530e-01]
 [-3.88434763e-07  1.25477084e-01 -2.34170352e-01]
 [ 2.34169530e-01 -2.34170352e-01  4.99998811e-01]]
  fragment 1: eig(Delta_new) = [6.10211552e-05 5.00000000e-01 9.99938979e-01]

  fragment 1: max|Delta_qp - Delta_new| = 2.368e-09



Ng=2  U/t=2.4000  Z0=0.999812  Z1=0.999812  E_var/t=-3.381381  docc=0.173835  converged=True  iters=5
