[setup] Ng=2  Neff=3  impurity orbitals/spin=4  Fock dim=256  (sparse operators)
[setup] built impurity operators in 0.02s; ground state searched in the N_up=N_dn sector of dim 36
  it=  0  Z0=0.997316  Z1=0.997316  E_var=-4.821556  dE=-1.048e+02  docc=0.104638  n_phys=1.000000  |dDelta|=1.409e-09  |dR|=6.652e-09  [qp 0.00s | ED 0.00s]

[check] Delta_qp (quasiparticle 1-RDM) vs Delta_new (impurity-derived 1 - Delta_bb), final iteration:

  fragment 0: Delta_qp =
[[ 9.86107984e-01 -8.64274898e-04  8.00574999e-02]
 [-8.64274898e-04  1.37366630e-02 -7.97396312e-02]
 [ 8.00574999e-02 -7.97396312e-02  5.00155352e-01]]
  fragment 0: eig(Delta_qp)  = [8.55858941e-04 4.99999999e-01 9.99144141e-01]

  fragment 0: Delta_new =
[[ 9.86107984e-01 -8.64274889e-04  8.00574998e-02]
 [-8.64274889e-04  1.37366631e-02 -7.97396313e-02]
 [ 8.00574998e-02 -7.97396313e-02  5.00155353e-01]]
  fragment 0: eig(Delta_new) = [8.55858953e-04 5.00000000e-01 9.99144141e-01]

  fragment 0: max|Delta_qp - Delta_new| = 6.892e-10

  fragment 1: Delta_qp =
[[ 9.86332435e-01 -2.67994333e-04  7.94429311e-02]
 [-2.67994333e-04  1.39627422e-02 -8.03607617e-02]
 [ 7.94429311e-02 -8.03607617e-02  4.99704823e-01]]
  fragment 1: eig(Delta_qp)  = [8.55858959e-04 5.00000001e-01 9.99144141e-01]

  fragment 1: Delta_new =
[[ 9.86332435e-01 -2.67994341e-04  7.94429311e-02]
 [-2.67994341e-04  1.39627422e-02 -8.03607617e-02]
 [ 7.94429311e-02 -8.03607617e-02  4.99704823e-01]]
  fragment 1: eig(Delta_new) = [8.55858963e-04 5.00000000e-01 9.99144141e-01]

  fragment 1: max|Delta_qp - Delta_new| = 7.033e-10



Ng=2  U/t=4.4000  Z0=0.997316  Z1=0.997316  E_var/t=-4.82155591  docc=0.104638  converged=True  iters=1  seed from: backward
