[setup] Ng=2  Neff=3  impurity orbitals/spin=4  Fock dim=256  (sparse operators)
[setup] built impurity operators in 0.02s; ground state searched in the N_up=N_dn sector of dim 36
  it=  0  Z0=0.339847  Z1=0.339847  E_var=-6.674747  dE=-1.067e+02  docc=0.045829  n_phys=1.000000  |dDelta|=2.828e+00  |dR|=1.175e-02  [qp 0.00s | ED 0.00s]
  it=  1  Z0=0.333029  Z1=0.333029  E_var=-6.670160  dE=4.587e-03  docc=0.045144  n_phys=1.000000  |dDelta|=4.537e-08  |dR|=7.800e-03  [qp 0.00s | ED 0.00s]
  it=  2  Z0=0.328543  Z1=0.328543  E_var=-6.667191  dE=2.968e-03  docc=0.044689  n_phys=1.000000  |dDelta|=5.656e-09  |dR|=5.219e-03  [qp 0.00s | ED 0.00s]
  it=  3  Z0=0.325558  Z1=0.325558  E_var=-6.665239  dE=1.953e-03  docc=0.044385  n_phys=1.000000  |dDelta|=4.808e-08  |dR|=3.512e-03  [qp 0.00s | ED 0.00s]
  it=  4  Z0=0.323558  Z1=0.323558  E_var=-6.663940  dE=1.299e-03  docc=0.044180  n_phys=1.000000  |dDelta|=1.468e-08  |dR|=2.372e-03  [qp 0.00s | ED 0.00s]
  it=  5  Z0=0.322210  Z1=0.322210  E_var=-6.663069  dE=8.705e-04  docc=0.044042  n_phys=1.000000  |dDelta|=7.803e-09  |dR|=1.606e-03  [qp 0.00s | ED 0.00s]
  it=  6  Z0=0.321299  Z1=0.321299  E_var=-6.662483  dE=5.862e-04  docc=0.043948  n_phys=1.000000  |dDelta|=5.006e-08  |dR|=1.089e-03  [qp 0.00s | ED 0.00s]
  it=  7  Z0=0.320682  Z1=0.320682  E_var=-6.662087  dE=3.962e-04  docc=0.043885  n_phys=1.000000  |dDelta|=2.283e-08  |dR|=7.395e-04  [qp 0.00s | ED 0.00s]
  it=  8  Z0=0.320263  Z1=0.320263  E_var=-6.661818  dE=2.683e-04  docc=0.043842  n_phys=1.000000  |dDelta|=1.883e-08  |dR|=5.025e-04  [qp 0.00s | ED 0.00s]
  it=  9  Z0=0.319979  Z1=0.319979  E_var=-6.661636  dE=1.820e-04  docc=0.043812  n_phys=1.000000  |dDelta|=3.705e-08  |dR|=3.416e-04  [qp 0.00s | ED 0.00s]
  it= 10  Z0=0.319786  Z1=0.319786  E_var=-6.661513  dE=1.236e-04  docc=0.043792  n_phys=1.000000  |dDelta|=9.899e-01  |dR|=1.510e-04  [qp 0.00s | ED 0.00s]
  it= 11  Z0=0.319701  Z1=0.319701  E_var=-6.661458  dE=5.461e-05  docc=0.043784  n_phys=1.000000  |dDelta|=6.152e-09  |dR|=1.196e-04  [qp 0.00s | ED 0.00s]
  it= 12  Z0=0.319633  Z1=0.319633  E_var=-6.661415  dE=4.324e-05  docc=0.043777  n_phys=1.000000  |dDelta|=1.260e-09  |dR|=9.477e-05  [qp 0.00s | ED 0.00s]
  it= 13  Z0=0.319579  Z1=0.319579  E_var=-6.661381  dE=3.425e-05  docc=0.043771  n_phys=1.000000  |dDelta|=5.837e-09  |dR|=7.508e-05  [qp 0.00s | ED 0.00s]
  it= 14  Z0=0.319537  Z1=0.319537  E_var=-6.661353  dE=2.713e-05  docc=0.043767  n_phys=1.000000  |dDelta|=1.784e-09  |dR|=5.949e-05  [qp 0.00s | ED 0.00s]
  it= 15  Z0=0.319503  Z1=0.319503  E_var=-6.661332  dE=2.149e-05  docc=0.043763  n_phys=1.000000  |dDelta|=4.690e-09  |dR|=4.713e-05  [qp 0.00s | ED 0.00s]
  it= 16  Z0=0.319477  Z1=0.319477  E_var=-6.661315  dE=1.702e-05  docc=0.043760  n_phys=1.000000  |dDelta|=4.332e-09  |dR|=3.734e-05  [qp 0.00s | ED 0.00s]
  it= 17  Z0=0.319456  Z1=0.319456  E_var=-6.661301  dE=1.349e-05  docc=0.043758  n_phys=1.000000  |dDelta|=1.887e-09  |dR|=2.959e-05  [qp 0.00s | ED 0.00s]
  it= 18  Z0=0.319439  Z1=0.319439  E_var=-6.661291  dE=1.068e-05  docc=0.043757  n_phys=1.000000  |dDelta|=2.742e-09  |dR|=2.345e-05  [qp 0.00s | ED 0.00s]
  it= 19  Z0=0.319426  Z1=0.319426  E_var=-6.661282  dE=8.466e-06  docc=0.043755  n_phys=1.000000  |dDelta|=6.247e-10  |dR|=1.858e-05  [qp 0.00s | ED 0.00s]
  it= 20  Z0=0.319415  Z1=0.319415  E_var=-6.661276  dE=6.708e-06  docc=0.043754  n_phys=1.000000  |dDelta|=4.791e-09  |dR|=1.472e-05  [qp 0.00s | ED 0.00s]
  it= 21  Z0=0.319407  Z1=0.319407  E_var=-6.661270  dE=5.315e-06  docc=0.043753  n_phys=1.000000  |dDelta|=3.423e-09  |dR|=1.166e-05  [qp 0.00s | ED 0.00s]
  it= 22  Z0=0.319400  Z1=0.319400  E_var=-6.661266  dE=4.211e-06  docc=0.043753  n_phys=1.000000  |dDelta|=2.987e-09  |dR|=9.243e-06  [qp 0.00s | ED 0.00s]
  it= 23  Z0=0.319395  Z1=0.319395  E_var=-6.661263  dE=3.337e-06  docc=0.043752  n_phys=1.000000  |dDelta|=4.520e-09  |dR|=7.324e-06  [qp 0.00s | ED 0.00s]
  it= 24  Z0=0.319391  Z1=0.319391  E_var=-6.661260  dE=2.644e-06  docc=0.043752  n_phys=1.000000  |dDelta|=1.167e-09  |dR|=5.803e-06  [qp 0.00s | ED 0.00s]
  it= 25  Z0=0.319388  Z1=0.319388  E_var=-6.661258  dE=2.095e-06  docc=0.043751  n_phys=1.000000  |dDelta|=7.089e-09  |dR|=4.599e-06  [qp 0.00s | ED 0.00s]
  it= 26  Z0=0.319385  Z1=0.319385  E_var=-6.661256  dE=1.660e-06  docc=0.043751  n_phys=1.000000  |dDelta|=3.508e-09  |dR|=3.644e-06  [qp 0.00s | ED 0.00s]
  it= 27  Z0=0.319383  Z1=0.319383  E_var=-6.661255  dE=1.315e-06  docc=0.043751  n_phys=1.000000  |dDelta|=7.321e-10  |dR|=2.887e-06  [qp 0.00s | ED 0.00s]
  it= 28  Z0=0.319381  Z1=0.319381  E_var=-6.661254  dE=1.042e-06  docc=0.043751  n_phys=1.000000  |dDelta|=1.640e-09  |dR|=2.288e-06  [qp 0.00s | ED 0.00s]
  it= 29  Z0=0.319380  Z1=0.319380  E_var=-6.661253  dE=8.259e-07  docc=0.043751  n_phys=1.000000  |dDelta|=1.373e-09  |dR|=1.813e-06  [qp 0.00s | ED 0.00s]

[check] Delta_qp (quasiparticle 1-RDM) vs Delta_new (impurity-derived 1 - Delta_bb), final iteration:

  fragment 0: Delta_qp =
[[ 0.50559589 -0.0537381  -0.02747289]
 [-0.0537381   0.9801311   0.11451423]
 [-0.02747289  0.11451423  0.01427301]]
  fragment 0: eig(Delta_qp)  = [-4.48795223e-18  5.00000000e-01  1.00000000e+00]

  fragment 0: Delta_new =
[[ 0.49440411  0.0537381   0.02747289]
 [ 0.0537381   0.0198689  -0.11451423]
 [ 0.02747289 -0.11451423  0.98572699]]
  fragment 0: eig(Delta_new) = [-3.88578059e-16  5.00000000e-01  1.00000000e+00]

  fragment 0: max|Delta_qp - Delta_new| = 9.715e-01

  fragment 1: Delta_qp =
[[ 0.01986884  0.05373785 -0.11451423]
 [ 0.05373785  0.49440416  0.02747281]
 [-0.11451423  0.02747281  0.985727  ]]
  fragment 1: eig(Delta_qp)  = [-2.99638088e-18  5.00000000e-01  1.00000000e+00]

  fragment 1: Delta_new =
[[ 0.98013116 -0.05373785  0.11451423]
 [-0.05373785  0.50559584 -0.02747281]
 [ 0.11451423 -0.02747281  0.014273  ]]
  fragment 1: eig(Delta_new) = [1.26634814e-16 5.00000000e-01 1.00000000e+00]

  fragment 1: max|Delta_qp - Delta_new| = 9.715e-01



Ng=2  U/t=6.6000  Z0=0.319379  Z1=0.319379  E_var/t=-6.661253  docc=0.043751  converged=True  iters=29
