[setup] Ng=2  Neff=3  impurity orbitals/spin=4  Fock dim=256  (sparse operators)
[setup] built impurity operators in 0.01s; ground state searched in the N_up=N_dn sector of dim 36
  it=  0  Z0=0.212356  Z1=0.212356  E_var=-7.229091  dE=-1.072e+02  docc=0.027474  n_phys=1.000000  |dDelta|=2.828e+00  |dR|=1.013e-02  [qp 0.00s | ED 0.00s]
  it=  1  Z0=0.207712  Z1=0.207712  E_var=-7.227106  dE=1.985e-03  docc=0.026967  n_phys=1.000000  |dDelta|=7.778e-09  |dR|=7.967e-03  [qp 0.00s | ED 0.00s]
  it=  2  Z0=0.204097  Z1=0.204097  E_var=-7.225596  dE=1.511e-03  docc=0.026569  n_phys=1.000000  |dDelta|=2.530e-08  |dR|=6.302e-03  [qp 0.00s | ED 0.00s]
  it=  3  Z0=0.201260  Z1=0.201260  E_var=-7.224431  dE=1.164e-03  docc=0.026256  n_phys=1.000000  |dDelta|=2.121e-08  |dR|=5.009e-03  [qp 0.00s | ED 0.00s]
  it=  4  Z0=0.199019  Z1=0.199019  E_var=-7.223525  dE=9.061e-04  docc=0.026008  n_phys=1.000000  |dDelta|=2.082e-08  |dR|=3.996e-03  [qp 0.00s | ED 0.00s]
  it=  5  Z0=0.197240  Z1=0.197240  E_var=-7.222815  dE=7.108e-04  docc=0.025810  n_phys=1.000000  |dDelta|=1.086e-08  |dR|=3.198e-03  [qp 0.00s | ED 0.00s]
  it=  6  Z0=0.195822  Z1=0.195822  E_var=-7.222253  dE=5.611e-04  docc=0.025652  n_phys=1.000000  |dDelta|=2.102e-08  |dR|=2.565e-03  [qp 0.00s | ED 0.00s]
  it=  7  Z0=0.194689  Z1=0.194689  E_var=-7.221808  dE=4.451e-04  docc=0.025526  n_phys=1.000000  |dDelta|=3.743e-09  |dR|=2.062e-03  [qp 0.00s | ED 0.00s]
  it=  8  Z0=0.193780  Z1=0.193780  E_var=-7.221454  dE=3.546e-04  docc=0.025424  n_phys=1.000000  |dDelta|=4.616e-08  |dR|=1.659e-03  [qp 0.00s | ED 0.00s]
  it=  9  Z0=0.193050  Z1=0.193050  E_var=-7.221170  dE=2.833e-04  docc=0.025342  n_phys=1.000000  |dDelta|=5.130e-08  |dR|=1.337e-03  [qp 0.00s | ED 0.00s]
  it= 10  Z0=0.192463  Z1=0.192463  E_var=-7.220943  dE=2.270e-04  docc=0.025277  n_phys=1.000000  |dDelta|=9.899e-01  |dR|=7.011e-04  [qp 0.00s | ED 0.00s]
  it= 11  Z0=0.192156  Z1=0.192156  E_var=-7.220825  dE=1.186e-04  docc=0.025242  n_phys=1.000000  |dDelta|=1.142e-09  |dR|=6.133e-04  [qp 0.00s | ED 0.00s]
  it= 12  Z0=0.191887  Z1=0.191887  E_var=-7.220721  dE=1.034e-04  docc=0.025212  n_phys=1.000000  |dDelta|=4.580e-09  |dR|=5.366e-04  [qp 0.00s | ED 0.00s]
  it= 13  Z0=0.191652  Z1=0.191652  E_var=-7.220631  dE=9.030e-05  docc=0.025186  n_phys=1.000000  |dDelta|=1.039e-09  |dR|=4.695e-04  [qp 0.00s | ED 0.00s]
  it= 14  Z0=0.191447  Z1=0.191447  E_var=-7.220552  dE=7.886e-05  docc=0.025163  n_phys=1.000000  |dDelta|=3.127e-09  |dR|=4.110e-04  [qp 0.00s | ED 0.00s]
  it= 15  Z0=0.191267  Z1=0.191267  E_var=-7.220483  dE=6.891e-05  docc=0.025142  n_phys=1.000000  |dDelta|=2.780e-09  |dR|=3.598e-04  [qp 0.00s | ED 0.00s]
  it= 16  Z0=0.191110  Z1=0.191110  E_var=-7.220423  dE=6.023e-05  docc=0.025125  n_phys=1.000000  |dDelta|=2.661e-09  |dR|=3.150e-04  [qp 0.00s | ED 0.00s]
  it= 17  Z0=0.190972  Z1=0.190972  E_var=-7.220370  dE=5.267e-05  docc=0.025109  n_phys=1.000000  |dDelta|=6.036e-09  |dR|=2.759e-04  [qp 0.00s | ED 0.00s]
  it= 18  Z0=0.190851  Z1=0.190851  E_var=-7.220324  dE=4.607e-05  docc=0.025096  n_phys=1.000000  |dDelta|=2.527e-09  |dR|=2.416e-04  [qp 0.00s | ED 0.00s]
  it= 19  Z0=0.190746  Z1=0.190746  E_var=-7.220284  dE=4.030e-05  docc=0.025084  n_phys=1.000000  |dDelta|=2.556e-09  |dR|=2.116e-04  [qp 0.00s | ED 0.00s]
  it= 20  Z0=0.190653  Z1=0.190653  E_var=-7.220249  dE=3.527e-05  docc=0.025073  n_phys=1.000000  |dDelta|=1.394e-09  |dR|=1.853e-04  [qp 0.00s | ED 0.00s]
  it= 21  Z0=0.190572  Z1=0.190572  E_var=-7.220218  dE=3.087e-05  docc=0.025064  n_phys=1.000000  |dDelta|=1.810e-09  |dR|=1.624e-04  [qp 0.00s | ED 0.00s]
  it= 22  Z0=0.190502  Z1=0.190502  E_var=-7.220191  dE=2.702e-05  docc=0.025056  n_phys=1.000000  |dDelta|=1.210e-09  |dR|=1.422e-04  [qp 0.00s | ED 0.00s]
  it= 23  Z0=0.190439  Z1=0.190439  E_var=-7.220167  dE=2.366e-05  docc=0.025049  n_phys=1.000000  |dDelta|=3.279e-09  |dR|=1.246e-04  [qp 0.00s | ED 0.00s]
  it= 24  Z0=0.190385  Z1=0.190385  E_var=-7.220147  dE=2.072e-05  docc=0.025043  n_phys=1.000000  |dDelta|=5.422e-10  |dR|=1.092e-04  [qp 0.00s | ED 0.00s]
  it= 25  Z0=0.190337  Z1=0.190337  E_var=-7.220128  dE=1.815e-05  docc=0.025038  n_phys=1.000000  |dDelta|=1.568e-09  |dR|=9.568e-05  [qp 0.00s | ED 0.00s]
  it= 26  Z0=0.190296  Z1=0.190296  E_var=-7.220112  dE=1.589e-05  docc=0.025033  n_phys=1.000000  |dDelta|=1.799e-09  |dR|=8.384e-05  [qp 0.00s | ED 0.00s]
  it= 27  Z0=0.190259  Z1=0.190259  E_var=-7.220099  dE=1.392e-05  docc=0.025029  n_phys=1.000000  |dDelta|=2.816e-09  |dR|=7.347e-05  [qp 0.00s | ED 0.00s]
  it= 28  Z0=0.190227  Z1=0.190227  E_var=-7.220086  dE=1.220e-05  docc=0.025026  n_phys=1.000000  |dDelta|=2.865e-09  |dR|=6.438e-05  [qp 0.00s | ED 0.00s]
  it= 29  Z0=0.190199  Z1=0.190199  E_var=-7.220076  dE=1.068e-05  docc=0.025022  n_phys=1.000000  |dDelta|=2.844e-09  |dR|=5.642e-05  [qp 0.00s | ED 0.00s]
  it= 30  Z0=0.190174  Z1=0.190174  E_var=-7.220066  dE=9.361e-06  docc=0.025020  n_phys=1.000000  |dDelta|=1.730e-09  |dR|=4.944e-05  [qp 0.00s | ED 0.00s]
  it= 31  Z0=0.190153  Z1=0.190153  E_var=-7.220058  dE=8.201e-06  docc=0.025017  n_phys=1.000000  |dDelta|=8.070e-10  |dR|=4.333e-05  [qp 0.00s | ED 0.00s]
  it= 32  Z0=0.190134  Z1=0.190134  E_var=-7.220051  dE=7.186e-06  docc=0.025015  n_phys=1.000000  |dDelta|=6.056e-09  |dR|=3.797e-05  [qp 0.00s | ED 0.00s]
  it= 33  Z0=0.190117  Z1=0.190117  E_var=-7.220045  dE=6.297e-06  docc=0.025013  n_phys=1.000000  |dDelta|=4.315e-09  |dR|=3.328e-05  [qp 0.00s | ED 0.00s]
  it= 34  Z0=0.190103  Z1=0.190103  E_var=-7.220039  dE=5.518e-06  docc=0.025012  n_phys=1.000000  |dDelta|=3.828e-09  |dR|=2.917e-05  [qp 0.00s | ED 0.00s]
  it= 35  Z0=0.190090  Z1=0.190090  E_var=-7.220034  dE=4.835e-06  docc=0.025010  n_phys=1.000000  |dDelta|=1.887e-09  |dR|=2.556e-05  [qp 0.00s | ED 0.00s]
  it= 36  Z0=0.190079  Z1=0.190079  E_var=-7.220030  dE=4.237e-06  docc=0.025009  n_phys=1.000000  |dDelta|=2.338e-09  |dR|=2.240e-05  [qp 0.00s | ED 0.00s]
  it= 37  Z0=0.190069  Z1=0.190069  E_var=-7.220026  dE=3.713e-06  docc=0.025008  n_phys=1.000000  |dDelta|=1.870e-09  |dR|=1.964e-05  [qp 0.00s | ED 0.00s]
  it= 38  Z0=0.190061  Z1=0.190061  E_var=-7.220023  dE=3.254e-06  docc=0.025007  n_phys=1.000000  |dDelta|=8.387e-10  |dR|=1.721e-05  [qp 0.00s | ED 0.00s]
  it= 39  Z0=0.190053  Z1=0.190053  E_var=-7.220020  dE=2.852e-06  docc=0.025006  n_phys=1.000000  |dDelta|=8.907e-10  |dR|=1.508e-05  [qp 0.00s | ED 0.00s]
  it= 40  Z0=0.190047  Z1=0.190047  E_var=-7.220018  dE=2.500e-06  docc=0.025005  n_phys=1.000000  |dDelta|=1.812e-09  |dR|=1.322e-05  [qp 0.00s | ED 0.00s]
  it= 41  Z0=0.190041  Z1=0.190041  E_var=-7.220016  dE=2.191e-06  docc=0.025005  n_phys=1.000000  |dDelta|=6.458e-09  |dR|=1.159e-05  [qp 0.00s | ED 0.00s]
  it= 42  Z0=0.190036  Z1=0.190036  E_var=-7.220014  dE=1.920e-06  docc=0.025004  n_phys=1.000000  |dDelta|=4.241e-09  |dR|=1.016e-05  [qp 0.00s | ED 0.00s]
  it= 43  Z0=0.190031  Z1=0.190031  E_var=-7.220012  dE=1.683e-06  docc=0.025004  n_phys=1.000000  |dDelta|=5.438e-09  |dR|=8.901e-06  [qp 0.00s | ED 0.00s]
  it= 44  Z0=0.190028  Z1=0.190028  E_var=-7.220010  dE=1.475e-06  docc=0.025003  n_phys=1.000000  |dDelta|=2.449e-09  |dR|=7.802e-06  [qp 0.00s | ED 0.00s]
  it= 45  Z0=0.190024  Z1=0.190024  E_var=-7.220009  dE=1.293e-06  docc=0.025003  n_phys=1.000000  |dDelta|=1.294e-09  |dR|=6.838e-06  [qp 0.00s | ED 0.00s]
  it= 46  Z0=0.190021  Z1=0.190021  E_var=-7.220008  dE=1.133e-06  docc=0.025002  n_phys=1.000000  |dDelta|=3.882e-09  |dR|=5.993e-06  [qp 0.00s | ED 0.00s]
  it= 47  Z0=0.190019  Z1=0.190019  E_var=-7.220007  dE=9.929e-07  docc=0.025002  n_phys=1.000000  |dDelta|=3.627e-09  |dR|=5.253e-06  [qp 0.00s | ED 0.00s]

[check] Delta_qp (quasiparticle 1-RDM) vs Delta_new (impurity-derived 1 - Delta_bb), final iteration:

  fragment 0: Delta_qp =
[[ 0.50559589 -0.05373809 -0.02747292]
 [-0.05373809  0.9801311   0.11451422]
 [-0.02747292  0.11451422  0.01427301]]
  fragment 0: eig(Delta_qp)  = [2.09185893e-17 5.00000000e-01 1.00000000e+00]

  fragment 0: Delta_new =
[[ 0.49440411  0.05373809  0.02747292]
 [ 0.05373809  0.0198689  -0.11451422]
 [ 0.02747292 -0.11451422  0.98572699]]
  fragment 0: eig(Delta_new) = [-4.16333634e-17  5.00000000e-01  1.00000000e+00]

  fragment 0: max|Delta_qp - Delta_new| = 9.715e-01

  fragment 1: Delta_qp =
[[ 0.01986884  0.05373784 -0.11451423]
 [ 0.05373784  0.49440417  0.02747283]
 [-0.11451423  0.02747283  0.985727  ]]
  fragment 1: eig(Delta_qp)  = [1.3448777e-17 5.0000000e-01 1.0000000e+00]

  fragment 1: Delta_new =
[[ 0.98013116 -0.05373784  0.11451423]
 [-0.05373784  0.50559583 -0.02747283]
 [ 0.11451423 -0.02747283  0.014273  ]]
  fragment 1: eig(Delta_new) = [8.67361738e-18 5.00000000e-01 1.00000000e+00]

  fragment 1: max|Delta_qp - Delta_new| = 9.715e-01



Ng=2  U/t=7.2000  Z0=0.190016  Z1=0.190016  E_var/t=-7.220007  docc=0.025002  converged=True  iters=47
