[setup] Ng=2  Neff=3  impurity orbitals/spin=4  Fock dim=256  (sparse operators)
[setup] built impurity operators in 0.01s; ground state searched in the N_up=N_dn sector of dim 36
  it=  0  Z0=0.877500  Z1=0.877500  E_var=-3.728300  dE=-1.037e+02  docc=0.159776  n_phys=1.000000  |dDelta|=2.828e+00  |dR|=8.288e-03  [qp 0.00s | ED 0.00s]
  it=  1  Z0=0.869754  Z1=0.869754  E_var=-3.714828  dE=1.347e-02  docc=0.159428  n_phys=1.000000  |dDelta|=3.130e-09  |dR|=1.081e-03  [qp 0.00s | ED 0.00s]
  it=  2  Z0=0.868746  Z1=0.868746  E_var=-3.713077  dE=1.751e-03  docc=0.159382  n_phys=1.000000  |dDelta|=3.349e-09  |dR|=1.419e-04  [qp 0.00s | ED 0.00s]
  it=  3  Z0=0.868614  Z1=0.868614  E_var=-3.712847  dE=2.298e-04  docc=0.159376  n_phys=1.000000  |dDelta|=4.951e-09  |dR|=1.864e-05  [qp 0.00s | ED 0.00s]
  it=  4  Z0=0.868596  Z1=0.868596  E_var=-3.712817  dE=3.018e-05  docc=0.159375  n_phys=1.000000  |dDelta|=2.266e-09  |dR|=2.450e-06  [qp 0.00s | ED 0.00s]
  it=  5  Z0=0.868594  Z1=0.868594  E_var=-3.712813  dE=3.966e-06  docc=0.159375  n_phys=1.000000  |dDelta|=1.317e-09  |dR|=3.219e-07  [qp 0.00s | ED 0.00s]

[check] Delta_qp (quasiparticle 1-RDM) vs Delta_new (impurity-derived 1 - Delta_bb), final iteration:

  fragment 0: Delta_qp =
[[ 0.5055959  -0.05373811 -0.02747285]
 [-0.05373811  0.9801311   0.11451423]
 [-0.02747285  0.11451423  0.01427301]]
  fragment 0: eig(Delta_qp)  = [-5.89842653e-17  5.00000000e-01  1.00000000e+00]

  fragment 0: Delta_new =
[[ 0.4944041   0.05373811  0.02747285]
 [ 0.05373811  0.0198689  -0.11451423]
 [ 0.02747285 -0.11451423  0.98572699]]
  fragment 0: eig(Delta_new) = [2.08166817e-16 5.00000000e-01 1.00000000e+00]

  fragment 0: max|Delta_qp - Delta_new| = 9.715e-01

  fragment 1: Delta_qp =
[[ 0.01986885  0.05373787 -0.11451424]
 [ 0.05373787  0.49440415  0.02747271]
 [-0.11451424  0.02747271  0.985727  ]]
  fragment 1: eig(Delta_qp)  = [3.77020473e-19 5.00000000e-01 1.00000000e+00]

  fragment 1: Delta_new =
[[ 0.98013115 -0.05373787  0.11451424]
 [-0.05373787  0.50559585 -0.02747271]
 [ 0.11451424 -0.02747271  0.014273  ]]
  fragment 1: eig(Delta_new) = [1.02348685e-16 5.00000000e-01 1.00000000e+00]

  fragment 1: max|Delta_qp - Delta_new| = 9.715e-01



Ng=2  U/t=2.9000  Z0=0.868594  Z1=0.868594  E_var/t=-3.712813  docc=0.159375  converged=True  iters=5
