[setup] Ng=2  Neff=3  impurity orbitals/spin=4  Fock dim=256  (sparse operators)
[setup] built impurity operators in 0.02s; ground state searched in the N_up=N_dn sector of dim 36
  it=  0  Z0=0.999952  Z1=0.999952  E_var=-2.870297  dE=-1.029e+02  docc=0.199485  n_phys=1.000000  |dDelta|=2.600e-04  |dR|=2.434e-02  [qp 0.00s | ED 0.00s]
  it=  1  Z0=0.999957  Z1=0.999957  E_var=-2.879833  dE=-9.536e-03  docc=0.199653  n_phys=1.000000  |dDelta|=2.577e-04  |dR|=1.083e-03  [qp 0.00s | ED 0.00s]
  it=  2  Z0=0.999961  Z1=0.999961  E_var=-2.880247  dE=-4.147e-04  docc=0.199661  n_phys=1.000000  |dDelta|=1.233e-05  |dR|=5.274e-05  [qp 0.00s | ED 0.00s]
  it=  3  Z0=0.999962  Z1=0.999962  E_var=-2.880268  dE=-2.080e-05  docc=0.199662  n_phys=1.000000  |dDelta|=6.237e-07  |dR|=2.670e-06  [qp 0.00s | ED 0.00s]
  it=  4  Z0=0.999962  Z1=0.999962  E_var=-2.880269  dE=-1.057e-06  docc=0.199662  n_phys=1.000000  |dDelta|=3.174e-08  |dR|=1.359e-07  [qp 0.00s | ED 0.00s]

[check] Delta_qp (quasiparticle 1-RDM) vs Delta_new (impurity-derived 1 - Delta_bb), final iteration:

  fragment 0: Delta_qp =
[[ 9.55554544e-01 -6.43681309e-07 -1.45702640e-01]
 [-6.43681309e-07  4.44462238e-02  1.45703923e-01]
 [-1.45702640e-01  1.45703923e-01  4.99999232e-01]]
  fragment 0: eig(Delta_qp)  = [1.15148132e-05 5.00000000e-01 9.99988485e-01]

  fragment 0: Delta_new =
[[ 9.55554544e-01 -6.43681313e-07 -1.45702641e-01]
 [-6.43681313e-07  4.44462240e-02  1.45703924e-01]
 [-1.45702641e-01  1.45703924e-01  4.99999232e-01]]
  fragment 0: eig(Delta_new) = [1.15147977e-05 5.00000000e-01 9.99988485e-01]

  fragment 0: max|Delta_qp - Delta_new| = 3.548e-10

  fragment 1: Delta_qp =
[[ 8.73027450e-01 -3.92414540e-07  2.35413538e-01]
 [-3.92414540e-07  1.26973745e-01 -2.35414355e-01]
 [ 2.35413538e-01 -2.35414355e-01  4.99998805e-01]]
  fragment 1: eig(Delta_qp)  = [1.15148132e-05 5.00000000e-01 9.99988485e-01]

  fragment 1: Delta_new =
[[ 8.73027450e-01 -3.92414540e-07  2.35413538e-01]
 [-3.92414540e-07  1.26973745e-01 -2.35414356e-01]
 [ 2.35413538e-01 -2.35414356e-01  4.99998805e-01]]
  fragment 1: eig(Delta_new) = [1.15147978e-05 5.00000000e-01 9.99988485e-01]

  fragment 1: max|Delta_qp - Delta_new| = 3.505e-10



Ng=2  U/t=1.6000  Z0=0.999962  Z1=0.999962  E_var/t=-2.880269  docc=0.199662  converged=True  iters=4
