[setup] Ng=2  Neff=3  impurity orbitals/spin=4  Fock dim=256  (sparse operators)
[setup] built impurity operators in 0.02s; ground state searched in the N_up=N_dn sector of dim 36
  it=  0  Z0=0.993962  Z1=0.993962  E_var=-5.478510  dE=-1.055e+02  docc=0.073741  n_phys=1.000000  |dDelta|=5.222e-10  |dR|=1.891e-10  [qp 0.00s | ED 0.00s]

[check] Delta_qp (quasiparticle 1-RDM) vs Delta_new (impurity-derived 1 - Delta_bb), final iteration:

  fragment 0: Delta_qp =
[[ 0.50561389 -0.05390125 -0.02594299]
 [-0.05390125  0.98126647  0.10075734]
 [-0.02594299  0.10075734  0.01311965]]
  fragment 0: eig(Delta_qp)  = [0.00192257 0.5        0.99807743]

  fragment 0: Delta_new =
[[ 0.50561389 -0.05390125 -0.02594299]
 [-0.05390125  0.98126647  0.10075734]
 [-0.02594299  0.10075734  0.01311965]]
  fragment 0: eig(Delta_new) = [0.00192257 0.5        0.99807743]

  fragment 0: max|Delta_qp - Delta_new| = 2.598e-10

  fragment 1: Delta_qp =
[[ 0.02015567  0.03057684 -0.12353464]
 [ 0.03057684  0.50052823  0.04345102]
 [-0.12353464  0.04345102  0.97931609]]
  fragment 1: eig(Delta_qp)  = [0.00192257 0.5        0.99807743]

  fragment 1: Delta_new =
[[ 0.02015567  0.03057684 -0.12353464]
 [ 0.03057684  0.50052823  0.04345102]
 [-0.12353464  0.04345102  0.97931609]]
  fragment 1: eig(Delta_new) = [0.00192257 0.5        0.99807743]

  fragment 1: max|Delta_qp - Delta_new| = 2.459e-10



Ng=2  U/t=5.2000  Z0=0.993962  Z1=0.993962  E_var/t=-5.47850980  docc=0.073741  converged=True  iters=1  seed from: forward
