[setup] Ng=2  Neff=3  impurity orbitals/spin=4  Fock dim=256  (sparse operators)
[setup] built impurity operators in 0.01s; ground state searched in the N_up=N_dn sector of dim 36
  it=  0  Z0=0.640000  Z1=0.640000  E_var=-5.219381  dE=-1.052e+02  docc=0.098022  n_phys=1.000000  |dDelta|=2.828e+00  |dR|=1.199e-02  [qp 0.00s | ED 0.00s]
  it=  1  Z0=0.630445  Z1=0.630445  E_var=-5.207330  dE=1.205e-02  docc=0.097302  n_phys=1.000000  |dDelta|=1.573e-08  |dR|=4.429e-03  [qp 0.00s | ED 0.00s]
  it=  2  Z0=0.626933  Z1=0.626933  E_var=-5.202926  dE=4.403e-03  docc=0.097035  n_phys=1.000000  |dDelta|=4.004e-09  |dR|=1.652e-03  [qp 0.00s | ED 0.00s]
  it=  3  Z0=0.625626  Z1=0.625626  E_var=-5.201290  dE=1.636e-03  docc=0.096935  n_phys=1.000000  |dDelta|=4.546e-09  |dR|=6.184e-04  [qp 0.00s | ED 0.00s]
  it=  4  Z0=0.625137  Z1=0.625137  E_var=-5.200679  dE=6.114e-04  docc=0.096897  n_phys=1.000000  |dDelta|=1.953e-08  |dR|=2.318e-04  [qp 0.00s | ED 0.00s]
  it=  5  Z0=0.624954  Z1=0.624954  E_var=-5.200450  dE=2.291e-04  docc=0.096883  n_phys=1.000000  |dDelta|=2.342e-08  |dR|=8.694e-05  [qp 0.00s | ED 0.00s]
  it=  6  Z0=0.624885  Z1=0.624885  E_var=-5.200364  dE=8.589e-05  docc=0.096878  n_phys=1.000000  |dDelta|=1.801e-08  |dR|=3.261e-05  [qp 0.00s | ED 0.00s]
  it=  7  Z0=0.624859  Z1=0.624859  E_var=-5.200332  dE=3.222e-05  docc=0.096876  n_phys=1.000000  |dDelta|=8.641e-09  |dR|=1.223e-05  [qp 0.00s | ED 0.00s]
  it=  8  Z0=0.624850  Z1=0.624850  E_var=-5.200320  dE=1.209e-05  docc=0.096875  n_phys=1.000000  |dDelta|=1.806e-08  |dR|=4.590e-06  [qp 0.00s | ED 0.00s]
  it=  9  Z0=0.624846  Z1=0.624846  E_var=-5.200315  dE=4.534e-06  docc=0.096875  n_phys=1.000000  |dDelta|=8.534e-09  |dR|=1.722e-06  [qp 0.00s | ED 0.00s]
  it= 10  Z0=0.624845  Z1=0.624845  E_var=-5.200314  dE=1.701e-06  docc=0.096875  n_phys=1.000000  |dDelta|=9.899e-01  |dR|=4.199e-07  [qp 0.00s | ED 0.00s]
  it= 11  Z0=0.624844  Z1=0.624844  E_var=-5.200313  dE=4.148e-07  docc=0.096875  n_phys=1.000000  |dDelta|=1.608e-09  |dR|=2.495e-07  [qp 0.00s | ED 0.00s]

[check] Delta_qp (quasiparticle 1-RDM) vs Delta_new (impurity-derived 1 - Delta_bb), final iteration:

  fragment 0: Delta_qp =
[[ 0.5055959  -0.05373811 -0.02747287]
 [-0.05373811  0.9801311   0.11451423]
 [-0.02747287  0.11451423  0.01427301]]
  fragment 0: eig(Delta_qp)  = [-2.30125098e-17  5.00000000e-01  1.00000000e+00]

  fragment 0: Delta_new =
[[ 0.4944041   0.05373811  0.02747287]
 [ 0.05373811  0.0198689  -0.11451423]
 [ 0.02747287 -0.11451423  0.98572699]]
  fragment 0: eig(Delta_new) = [1.66533454e-16 5.00000000e-01 1.00000000e+00]

  fragment 0: max|Delta_qp - Delta_new| = 9.715e-01

  fragment 1: Delta_qp =
[[ 0.01986884  0.05373786 -0.11451424]
 [ 0.05373786  0.49440416  0.02747275]
 [-0.11451424  0.02747275  0.985727  ]]
  fragment 1: eig(Delta_qp)  = [1.20842302e-18 5.00000000e-01 1.00000000e+00]

  fragment 1: Delta_new =
[[ 0.98013116 -0.05373786  0.11451424]
 [-0.05373786  0.50559584 -0.02747275]
 [ 0.11451424 -0.02747275  0.014273  ]]
  fragment 1: eig(Delta_new) = [-5.2388649e-16  5.0000000e-01  1.0000000e+00]

  fragment 1: max|Delta_qp - Delta_new| = 9.715e-01



Ng=2  U/t=4.9000  Z0=0.624844  Z1=0.624844  E_var/t=-5.200313  docc=0.096875  converged=True  iters=11
