[setup] Ng=2  Neff=3  impurity orbitals/spin=4  Fock dim=256  (sparse operators)
[setup] built impurity operators in 0.01s; ground state searched in the N_up=N_dn sector of dim 36
  it=  0  Z0=0.319379  Z1=0.319379  E_var=-6.765672  dE=-1.068e+02  docc=0.042768  n_phys=1.000000  |dDelta|=2.828e+00  |dR|=1.157e-02  [qp 0.00s | ED 0.00s]
  it=  1  Z0=0.312876  Z1=0.312876  E_var=-6.761554  dE=4.118e-03  docc=0.042104  n_phys=1.000000  |dDelta|=1.037e-08  |dR|=7.904e-03  [qp 0.00s | ED 0.00s]
  it=  2  Z0=0.308470  Z1=0.308470  E_var=-6.758812  dE=2.741e-03  docc=0.041651  n_phys=1.000000  |dDelta|=8.415e-08  |dR|=5.445e-03  [qp 0.00s | ED 0.00s]
  it=  3  Z0=0.305453  Z1=0.305453  E_var=-6.756958  dE=1.854e-03  docc=0.041339  n_phys=1.000000  |dDelta|=2.682e-08  |dR|=3.772e-03  [qp 0.00s | ED 0.00s]
  it=  4  Z0=0.303372  Z1=0.303372  E_var=-6.755690  dE=1.268e-03  docc=0.041123  n_phys=1.000000  |dDelta|=5.127e-08  |dR|=2.623e-03  [qp 0.00s | ED 0.00s]
  it=  5  Z0=0.301930  Z1=0.301930  E_var=-6.754816  dE=8.739e-04  docc=0.040973  n_phys=1.000000  |dDelta|=9.073e-09  |dR|=1.828e-03  [qp 0.00s | ED 0.00s]
  it=  6  Z0=0.300926  Z1=0.300926  E_var=-6.754211  dE=6.054e-04  docc=0.040869  n_phys=1.000000  |dDelta|=7.002e-08  |dR|=1.277e-03  [qp 0.00s | ED 0.00s]
  it=  7  Z0=0.300226  Z1=0.300226  E_var=-6.753790  dE=4.210e-04  docc=0.040796  n_phys=1.000000  |dDelta|=9.755e-09  |dR|=8.930e-04  [qp 0.00s | ED 0.00s]
  it=  8  Z0=0.299736  Z1=0.299736  E_var=-6.753496  dE=2.935e-04  docc=0.040745  n_phys=1.000000  |dDelta|=7.896e-08  |dR|=6.251e-04  [qp 0.00s | ED 0.00s]
  it=  9  Z0=0.299394  Z1=0.299394  E_var=-6.753291  dE=2.050e-04  docc=0.040709  n_phys=1.000000  |dDelta|=1.541e-08  |dR|=4.378e-04  [qp 0.00s | ED 0.00s]
  it= 10  Z0=0.299155  Z1=0.299155  E_var=-6.753148  dE=1.434e-04  docc=0.040684  n_phys=1.000000  |dDelta|=9.899e-01  |dR|=1.994e-04  [qp 0.00s | ED 0.00s]
  it= 11  Z0=0.299046  Z1=0.299046  E_var=-6.753083  dE=6.524e-05  docc=0.040672  n_phys=1.000000  |dDelta|=5.887e-09  |dR|=1.606e-04  [qp 0.00s | ED 0.01s]
  it= 12  Z0=0.298958  Z1=0.298958  E_var=-6.753030  dE=5.253e-05  docc=0.040663  n_phys=1.000000  |dDelta|=3.068e-09  |dR|=1.294e-04  [qp 0.00s | ED 0.00s]
  it= 13  Z0=0.298887  Z1=0.298887  E_var=-6.752988  dE=4.230e-05  docc=0.040656  n_phys=1.000000  |dDelta|=4.310e-09  |dR|=1.043e-04  [qp 0.00s | ED 0.00s]
  it= 14  Z0=0.298830  Z1=0.298830  E_var=-6.752954  dE=3.407e-05  docc=0.040650  n_phys=1.000000  |dDelta|=2.930e-09  |dR|=8.401e-05  [qp 0.00s | ED 0.00s]
  it= 15  Z0=0.298784  Z1=0.298784  E_var=-6.752926  dE=2.744e-05  docc=0.040645  n_phys=1.000000  |dDelta|=5.445e-09  |dR|=6.769e-05  [qp 0.00s | ED 0.01s]
  it= 16  Z0=0.298747  Z1=0.298747  E_var=-6.752904  dE=2.211e-05  docc=0.040641  n_phys=1.000000  |dDelta|=2.204e-09  |dR|=5.454e-05  [qp 0.00s | ED 0.00s]
  it= 17  Z0=0.298717  Z1=0.298717  E_var=-6.752886  dE=1.781e-05  docc=0.040638  n_phys=1.000000  |dDelta|=1.363e-09  |dR|=4.395e-05  [qp 0.00s | ED 0.00s]
  it= 18  Z0=0.298693  Z1=0.298693  E_var=-6.752872  dE=1.435e-05  docc=0.040635  n_phys=1.000000  |dDelta|=1.730e-09  |dR|=3.542e-05  [qp 0.00s | ED 0.00s]
  it= 19  Z0=0.298674  Z1=0.298674  E_var=-6.752860  dE=1.156e-05  docc=0.040633  n_phys=1.000000  |dDelta|=4.325e-09  |dR|=2.854e-05  [qp 0.00s | ED 0.01s]
  it= 20  Z0=0.298658  Z1=0.298658  E_var=-6.752851  dE=9.318e-06  docc=0.040632  n_phys=1.000000  |dDelta|=7.069e-10  |dR|=2.300e-05  [qp 0.00s | ED 0.00s]
  it= 21  Z0=0.298646  Z1=0.298646  E_var=-6.752844  dE=7.508e-06  docc=0.040630  n_phys=1.000000  |dDelta|=1.065e-09  |dR|=1.854e-05  [qp 0.00s | ED 0.00s]
  it= 22  Z0=0.298636  Z1=0.298636  E_var=-6.752838  dE=6.050e-06  docc=0.040629  n_phys=1.000000  |dDelta|=3.885e-09  |dR|=1.494e-05  [qp 0.00s | ED 0.00s]
  it= 23  Z0=0.298628  Z1=0.298628  E_var=-6.752833  dE=4.876e-06  docc=0.040629  n_phys=1.000000  |dDelta|=3.909e-09  |dR|=1.204e-05  [qp 0.00s | ED 0.00s]
  it= 24  Z0=0.298621  Z1=0.298621  E_var=-6.752829  dE=3.929e-06  docc=0.040628  n_phys=1.000000  |dDelta|=2.185e-09  |dR|=9.702e-06  [qp 0.00s | ED 0.00s]
  it= 25  Z0=0.298616  Z1=0.298616  E_var=-6.752826  dE=3.166e-06  docc=0.040627  n_phys=1.000000  |dDelta|=1.315e-09  |dR|=7.819e-06  [qp 0.00s | ED 0.00s]
  it= 26  Z0=0.298611  Z1=0.298611  E_var=-6.752823  dE=2.552e-06  docc=0.040627  n_phys=1.000000  |dDelta|=4.623e-09  |dR|=6.301e-06  [qp 0.00s | ED 0.00s]
  it= 27  Z0=0.298608  Z1=0.298608  E_var=-6.752821  dE=2.056e-06  docc=0.040626  n_phys=1.000000  |dDelta|=5.731e-10  |dR|=5.078e-06  [qp 0.00s | ED 0.00s]
  it= 28  Z0=0.298605  Z1=0.298605  E_var=-6.752819  dE=1.657e-06  docc=0.040626  n_phys=1.000000  |dDelta|=7.092e-09  |dR|=4.092e-06  [qp 0.00s | ED 0.00s]
  it= 29  Z0=0.298603  Z1=0.298603  E_var=-6.752818  dE=1.336e-06  docc=0.040626  n_phys=1.000000  |dDelta|=1.357e-09  |dR|=3.298e-06  [qp 0.00s | ED 0.00s]
  it= 30  Z0=0.298601  Z1=0.298601  E_var=-6.752817  dE=1.076e-06  docc=0.040626  n_phys=1.000000  |dDelta|=1.879e-09  |dR|=2.658e-06  [qp 0.00s | ED 0.00s]
  it= 31  Z0=0.298600  Z1=0.298600  E_var=-6.752816  dE=8.674e-07  docc=0.040626  n_phys=1.000000  |dDelta|=7.225e-09  |dR|=2.142e-06  [qp 0.00s | ED 0.00s]

[check] Delta_qp (quasiparticle 1-RDM) vs Delta_new (impurity-derived 1 - Delta_bb), final iteration:

  fragment 0: Delta_qp =
[[ 0.5055959  -0.05373811 -0.0274729 ]
 [-0.05373811  0.9801311   0.11451423]
 [-0.0274729   0.11451423  0.01427301]]
  fragment 0: eig(Delta_qp)  = [-2.01611058e-17  5.00000000e-01  1.00000000e+00]

  fragment 0: Delta_new =
[[ 0.4944041   0.05373811  0.0274729 ]
 [ 0.05373811  0.0198689  -0.11451423]
 [ 0.0274729  -0.11451423  0.98572699]]
  fragment 0: eig(Delta_new) = [-9.71445147e-17  5.00000000e-01  1.00000000e+00]

  fragment 0: max|Delta_qp - Delta_new| = 9.715e-01

  fragment 1: Delta_qp =
[[ 0.01986885  0.05373787 -0.11451425]
 [ 0.05373787  0.49440415  0.02747262]
 [-0.11451425  0.02747262  0.98572701]]
  fragment 1: eig(Delta_qp)  = [-7.20757723e-18  5.00000000e-01  1.00000000e+00]

  fragment 1: Delta_new =
[[ 0.98013115 -0.05373787  0.11451425]
 [-0.05373787  0.50559585 -0.02747262]
 [ 0.11451425 -0.02747262  0.01427299]]
  fragment 1: eig(Delta_new) = [-4.8919202e-16  5.0000000e-01  1.0000000e+00]

  fragment 1: max|Delta_qp - Delta_new| = 9.715e-01



Ng=2  U/t=6.7000  Z0=0.298599  Z1=0.298599  E_var/t=-6.752816  docc=0.040626  converged=True  iters=31
