[setup] Ng=2  Neff=3  impurity orbitals/spin=4  Fock dim=256  (sparse operators)
[setup] built impurity operators in 0.01s; ground state searched in the N_up=N_dn sector of dim 36
  it=  0  Z0=0.902344  Z1=0.902344  E_var=-3.525514  dE=-1.035e+02  docc=0.169072  n_phys=1.000000  |dDelta|=2.828e+00  |dR|=7.525e-03  [qp 0.00s | ED 0.00s]
  it=  1  Z0=0.895210  Z1=0.895210  E_var=-3.512744  dE=1.277e-02  docc=0.168784  n_phys=1.000000  |dDelta|=1.639e-09  |dR|=7.896e-04  [qp 0.00s | ED 0.00s]
  it=  2  Z0=0.894463  Z1=0.894463  E_var=-3.511408  dE=1.336e-03  docc=0.168754  n_phys=1.000000  |dDelta|=4.639e-09  |dR|=8.334e-05  [qp 0.00s | ED 0.00s]
  it=  3  Z0=0.894384  Z1=0.894384  E_var=-3.511267  dE=1.410e-04  docc=0.168750  n_phys=1.000000  |dDelta|=1.120e-09  |dR|=8.802e-06  [qp 0.00s | ED 0.00s]
  it=  4  Z0=0.894376  Z1=0.894376  E_var=-3.511252  dE=1.489e-05  docc=0.168750  n_phys=1.000000  |dDelta|=2.342e-09  |dR|=9.298e-07  [qp 0.00s | ED 0.00s]

[check] Delta_qp (quasiparticle 1-RDM) vs Delta_new (impurity-derived 1 - Delta_bb), final iteration:

  fragment 0: Delta_qp =
[[ 0.5055959  -0.05373811 -0.02747285]
 [-0.05373811  0.9801311   0.11451423]
 [-0.02747285  0.11451423  0.01427301]]
  fragment 0: eig(Delta_qp)  = [-2.68244856e-18  5.00000000e-01  1.00000000e+00]

  fragment 0: Delta_new =
[[ 0.4944041   0.05373811  0.02747285]
 [ 0.05373811  0.0198689  -0.11451423]
 [ 0.02747285 -0.11451423  0.98572699]]
  fragment 0: eig(Delta_new) = [-5.82867088e-16  5.00000000e-01  1.00000000e+00]

  fragment 0: max|Delta_qp - Delta_new| = 9.715e-01

  fragment 1: Delta_qp =
[[ 0.01986885  0.05373787 -0.11451424]
 [ 0.05373787  0.49440415  0.02747271]
 [-0.11451424  0.02747271  0.985727  ]]
  fragment 1: eig(Delta_qp)  = [8.08770698e-18 5.00000000e-01 1.00000000e+00]

  fragment 1: Delta_new =
[[ 0.98013115 -0.05373787  0.11451424]
 [-0.05373787  0.50559585 -0.02747271]
 [ 0.11451424 -0.02747271  0.014273  ]]
  fragment 1: eig(Delta_new) = [1.63064007e-16 5.00000000e-01 1.00000000e+00]

  fragment 1: max|Delta_qp - Delta_new| = 9.715e-01



Ng=2  U/t=2.6000  Z0=0.894375  Z1=0.894375  E_var/t=-3.511252  docc=0.168750  converged=True  iters=4
