[setup] Ng=2  Neff=3  impurity orbitals/spin=4  Fock dim=256  (sparse operators)
[setup] built impurity operators in 0.01s; ground state searched in the N_up=N_dn sector of dim 36
  it=  0  Z0=0.999375  Z1=0.999375  E_var=-2.154373  dE=-1.022e+02  docc=0.240629  n_phys=1.000000  |dDelta|=2.828e+00  |dR|=7.805e-04  [qp 0.00s | ED 0.00s]
  it=  1  Z0=0.998595  Z1=0.998595  E_var=-2.152815  dE=1.558e-03  docc=0.240625  n_phys=1.000000  |dDelta|=1.109e-10  |dR|=1.097e-06  [qp 0.00s | ED 0.00s]
  it=  2  Z0=0.998594  Z1=0.998594  E_var=-2.152812  dE=2.189e-06  docc=0.240625  n_phys=1.000000  |dDelta|=4.962e-11  |dR|=1.543e-09  [qp 0.00s | ED 0.00s]

[check] Delta_qp (quasiparticle 1-RDM) vs Delta_new (impurity-derived 1 - Delta_bb), final iteration:

  fragment 0: Delta_qp =
[[ 0.5055959  -0.05373811 -0.02747285]
 [-0.05373811  0.9801311   0.11451423]
 [-0.02747285  0.11451423  0.01427301]]
  fragment 0: eig(Delta_qp)  = [1.43212879e-17 5.00000000e-01 1.00000000e+00]

  fragment 0: Delta_new =
[[ 0.4944041   0.05373811  0.02747285]
 [ 0.05373811  0.0198689  -0.11451423]
 [ 0.02747285 -0.11451423  0.98572699]]
  fragment 0: eig(Delta_new) = [-5.27355937e-16  5.00000000e-01  1.00000000e+00]

  fragment 0: max|Delta_qp - Delta_new| = 9.715e-01

  fragment 1: Delta_qp =
[[ 0.01986885  0.05373787 -0.11451424]
 [ 0.05373787  0.49440415  0.02747271]
 [-0.11451424  0.02747271  0.985727  ]]
  fragment 1: eig(Delta_qp)  = [-5.61069514e-18  5.00000000e-01  1.00000000e+00]

  fragment 1: Delta_new =
[[ 0.98013115 -0.05373787  0.11451424]
 [-0.05373787  0.50559585 -0.02747271]
 [ 0.11451424 -0.02747271  0.014273  ]]
  fragment 1: eig(Delta_new) = [-2.4459601e-16  5.0000000e-01  1.0000000e+00]

  fragment 1: max|Delta_qp - Delta_new| = 9.715e-01



Ng=2  U/t=0.3000  Z0=0.998594  Z1=0.998594  E_var/t=-2.152812  docc=0.240625  converged=True  iters=2
