[setup] Ng=2  Neff=3  impurity orbitals/spin=4  Fock dim=256  (sparse operators)
[setup] built impurity operators in 0.02s; ground state searched in the N_up=N_dn sector of dim 36
  it=  0  Z0=0.991961  Z1=0.991961  E_var=-5.737941  dE=-1.057e+02  docc=0.061411  n_phys=1.000000  |dDelta|=1.861e-09  |dR|=1.372e-09  [qp 0.00s | ED 0.00s]

[check] Delta_qp (quasiparticle 1-RDM) vs Delta_new (impurity-derived 1 - Delta_bb), final iteration:

  fragment 0: Delta_qp =
[[ 0.50531904 -0.05212666 -0.02384175]
 [-0.05212666  0.9810627   0.10073376]
 [-0.02384175  0.10073376  0.01361826]]
  fragment 0: eig(Delta_qp)  = [0.00256527 0.5        0.99743473]

  fragment 0: Delta_new =
[[ 0.50531904 -0.05212666 -0.02384175]
 [-0.05212666  0.9810627   0.10073376]
 [-0.02384175  0.10073376  0.01361826]]
  fragment 0: eig(Delta_new) = [0.00256527 0.5        0.99743473]

  fragment 0: max|Delta_qp - Delta_new| = 9.262e-10

  fragment 1: Delta_qp =
[[ 0.02105379  0.03222396 -0.12331438]
 [ 0.03222396  0.50052761  0.045381  ]
 [-0.12331438  0.045381    0.9784186 ]]
  fragment 1: eig(Delta_qp)  = [0.00256527 0.5        0.99743473]

  fragment 1: Delta_new =
[[ 0.02105379  0.03222396 -0.12331438]
 [ 0.03222396  0.50052761  0.045381  ]
 [-0.12331438  0.045381    0.9784186 ]]
  fragment 1: eig(Delta_new) = [0.00256527 0.5        0.99743473]

  fragment 1: max|Delta_qp - Delta_new| = 8.739e-10



Ng=2  U/t=5.5000  Z0=0.991961  Z1=0.991961  E_var/t=-5.73794051  docc=0.061411  converged=True  iters=1  seed from: forward
