[setup] Ng=2  Neff=3  impurity orbitals/spin=4  Fock dim=256  (sparse operators)
[setup] built impurity operators in 0.02s; ground state searched in the N_up=N_dn sector of dim 36
  it=  0  Z0=0.988405  Z1=0.988405  E_var=-8.519819  dE=-1.085e+02  docc=0.007414  n_phys=1.000000  |dDelta|=1.000e+00  |dR|=1.389e-04  [qp 0.00s | ED 0.00s]
  it=  1  Z0=0.988543  Z1=0.988543  E_var=-8.521279  dE=-1.461e-03  docc=0.007503  n_phys=1.000000  |dDelta|=1.448e-04  |dR|=4.007e-04  [qp 0.00s | ED 0.00s]
  it=  2  Z0=0.988145  Z1=0.988145  E_var=-8.521313  dE=-3.330e-05  docc=0.007511  n_phys=1.000000  |dDelta|=1.356e-05  |dR|=4.708e-05  [qp 0.00s | ED 0.00s]
  it=  3  Z0=0.988098  Z1=0.988098  E_var=-8.521315  dE=-2.374e-06  docc=0.007512  n_phys=1.000000  |dDelta|=1.438e-06  |dR|=5.103e-06  [qp 0.00s | ED 0.00s]
  it=  4  Z0=0.988093  Z1=0.988093  E_var=-8.521315  dE=-2.430e-07  docc=0.007512  n_phys=1.000000  |dDelta|=1.544e-07  |dR|=5.490e-07  [qp 0.00s | ED 0.00s]

[check] Delta_qp (quasiparticle 1-RDM) vs Delta_new (impurity-derived 1 - Delta_bb), final iteration:

  fragment 0: Delta_qp =
[[ 9.96061334e-01  5.71380909e-03  3.17735102e-04]
 [ 5.71380909e-03  1.53662845e-02 -1.05863637e-01]
 [ 3.17735102e-04 -1.05863637e-01  9.87412912e-01]]
  fragment 0: eig(Delta_qp)  = [0.00393757 0.99606243 0.99884053]

  fragment 0: Delta_new =
[[ 9.90347522e-01  1.34100819e-09  5.30906729e-02]
 [ 1.34100819e-09  9.65248065e-03 -5.30906850e-02]
 [ 5.30906729e-02 -5.30906850e-02  4.99999997e-01]]
  fragment 0: eig(Delta_new) = [0.00393757 0.5        0.99606243]

  fragment 0: max|Delta_qp - Delta_new| = 4.874e-01

  fragment 1: Delta_qp =
[[ 9.84633715e-01 -5.71380916e-03  1.05863637e-01]
 [-5.71380916e-03  3.93866637e-03 -3.17735264e-04]
 [ 1.05863637e-01 -3.17735264e-04  1.25870880e-02]]
  fragment 1: eig(Delta_qp)  = [0.00115947 0.00393757 0.99606243]

  fragment 1: Delta_new =
[[ 9.90347519e-01 -4.27391913e-09  5.30906849e-02]
 [-4.27391913e-09  9.65247215e-03 -5.30906464e-02]
 [ 5.30906849e-02 -5.30906464e-02  5.00000009e-01]]
  fragment 1: eig(Delta_new) = [0.00393757 0.5        0.99606243]

  fragment 1: max|Delta_qp - Delta_new| = 4.874e-01



Ng=2  U/t=8.4000  Z0=0.988092  Z1=0.988092  E_var/t=-8.521315  docc=0.007512  converged=True  iters=4
