[setup] Ng=2  Neff=3  impurity orbitals/spin=4  Fock dim=256  (sparse operators)
[setup] built impurity operators in 0.01s; ground state searched in the N_up=N_dn sector of dim 36
  it=  0  Z0=0.868594  Z1=0.868594  E_var=-3.797113  dE=-1.038e+02  docc=0.156679  n_phys=1.000000  |dDelta|=2.828e+00  |dR|=8.533e-03  [qp 0.00s | ED 0.00s]
  it=  1  Z0=0.860660  Z1=0.860660  E_var=-3.783458  dE=1.365e-02  docc=0.156310  n_phys=1.000000  |dDelta|=6.706e-09  |dR|=1.191e-03  [qp 0.00s | ED 0.00s]
  it=  2  Z0=0.859555  Z1=0.859555  E_var=-3.781560  dE=1.898e-03  docc=0.156258  n_phys=1.000000  |dDelta|=4.140e-09  |dR|=1.672e-04  [qp 0.00s | ED 0.00s]
  it=  3  Z0=0.859400  Z1=0.859400  E_var=-3.781294  dE=2.665e-04  docc=0.156251  n_phys=1.000000  |dDelta|=2.783e-09  |dR|=2.351e-05  [qp 0.00s | ED 0.00s]
  it=  4  Z0=0.859379  Z1=0.859379  E_var=-3.781256  dE=3.747e-05  docc=0.156250  n_phys=1.000000  |dDelta|=3.652e-09  |dR|=3.307e-06  [qp 0.00s | ED 0.00s]
  it=  5  Z0=0.859375  Z1=0.859375  E_var=-3.781251  dE=5.269e-06  docc=0.156250  n_phys=1.000000  |dDelta|=8.997e-09  |dR|=4.650e-07  [qp 0.00s | ED 0.00s]

[check] Delta_qp (quasiparticle 1-RDM) vs Delta_new (impurity-derived 1 - Delta_bb), final iteration:

  fragment 0: Delta_qp =
[[ 0.5055959  -0.05373811 -0.02747285]
 [-0.05373811  0.9801311   0.11451423]
 [-0.02747285  0.11451423  0.01427301]]
  fragment 0: eig(Delta_qp)  = [4.08951368e-18 5.00000000e-01 1.00000000e+00]

  fragment 0: Delta_new =
[[ 0.4944041   0.05373811  0.02747285]
 [ 0.05373811  0.0198689  -0.11451423]
 [ 0.02747285 -0.11451423  0.98572699]]
  fragment 0: eig(Delta_new) = [5.82867088e-16 5.00000000e-01 1.00000000e+00]

  fragment 0: max|Delta_qp - Delta_new| = 9.715e-01

  fragment 1: Delta_qp =
[[ 0.01986885  0.05373787 -0.11451424]
 [ 0.05373787  0.49440415  0.0274727 ]
 [-0.11451424  0.0274727   0.985727  ]]
  fragment 1: eig(Delta_qp)  = [-6.44348734e-18  5.00000000e-01  1.00000000e+00]

  fragment 1: Delta_new =
[[ 0.98013115 -0.05373787  0.11451424]
 [-0.05373787  0.50559585 -0.0274727 ]
 [ 0.11451424 -0.0274727   0.014273  ]]
  fragment 1: eig(Delta_new) = [-1.09287579e-16  5.00000000e-01  1.00000000e+00]

  fragment 1: max|Delta_qp - Delta_new| = 9.715e-01



Ng=2  U/t=3.0000  Z0=0.859375  Z1=0.859375  E_var/t=-3.781251  docc=0.156250  converged=True  iters=5
