[setup] Ng=2  Neff=3  impurity orbitals/spin=4  Fock dim=256  (sparse operators)
[setup] built impurity operators in 0.02s; ground state searched in the N_up=N_dn sector of dim 36
  it=  0  Z0=0.992686  Z1=0.992686  E_var=-5.650640  dE=-1.057e+02  docc=0.065574  n_phys=1.000000  |dDelta|=5.034e-11  |dR|=2.753e-09  [qp 0.00s | ED 0.00s]

[check] Delta_qp (quasiparticle 1-RDM) vs Delta_new (impurity-derived 1 - Delta_bb), final iteration:

  fragment 0: Delta_qp =
[[ 9.86023971e-01 -8.68967028e-04  7.56029221e-02]
 [-8.68967028e-04  1.38188075e-02 -7.52432982e-02]
 [ 7.56029221e-02 -7.52432982e-02  5.00157221e-01]]
  fragment 0: eig(Delta_qp)  = [0.00233159 0.5        0.99766841]

  fragment 0: Delta_new =
[[ 9.86023971e-01 -8.68967026e-04  7.56029221e-02]
 [-8.68967026e-04  1.38188075e-02 -7.52432982e-02]
 [ 7.56029221e-02 -7.52432982e-02  5.00157221e-01]]
  fragment 0: eig(Delta_new) = [0.00233159 0.5        0.99766841]

  fragment 0: max|Delta_qp - Delta_new| = 2.119e-11

  fragment 1: Delta_qp =
[[ 9.86234645e-01 -2.60538512e-04  7.49888148e-02]
 [-2.60538512e-04  1.40325336e-02 -7.58694235e-02]
 [ 7.49888148e-02 -7.58694235e-02  4.99732822e-01]]
  fragment 1: eig(Delta_qp)  = [0.00233159 0.5        0.99766841]

  fragment 1: Delta_new =
[[ 9.86234645e-01 -2.60538514e-04  7.49888148e-02]
 [-2.60538514e-04  1.40325336e-02 -7.58694235e-02]
 [ 7.49888148e-02 -7.58694235e-02  4.99732822e-01]]
  fragment 1: eig(Delta_new) = [0.00233159 0.5        0.99766841]

  fragment 1: max|Delta_qp - Delta_new| = 1.546e-11



Ng=2  U/t=5.4000  Z0=0.992686  Z1=0.992686  E_var/t=-5.65063993  docc=0.065574  converged=True  iters=1  seed from: backward
