[setup] Ng=2  Neff=3  impurity orbitals/spin=4  Fock dim=256  (sparse operators)
[setup] built impurity operators in 0.02s; ground state searched in the N_up=N_dn sector of dim 36
  it=  0  Z0=0.999517  Z1=0.999517  E_var=-3.784668  dE=-1.038e+02  docc=0.153928  n_phys=1.000000  |dDelta|=8.340e-10  |dR|=4.914e-09  [qp 0.00s | ED 0.00s]

[check] Delta_qp (quasiparticle 1-RDM) vs Delta_new (impurity-derived 1 - Delta_bb), final iteration:

  fragment 0: Delta_qp =
[[ 0.50648208 -0.05901372 -0.03187699]
 [-0.05901372  0.98167234  0.10085845]
 [-0.03187699  0.10085845  0.01184558]]
  fragment 0: eig(Delta_qp)  = [1.56336512e-04 5.00000001e-01 9.99843663e-01]

  fragment 0: Delta_new =
[[ 0.50648208 -0.05901372 -0.03187699]
 [-0.05901372  0.98167234  0.10085845]
 [-0.03187699  0.10085845  0.01184558]]
  fragment 0: eig(Delta_new) = [1.56336511e-04 5.00000000e-01 9.99843663e-01]

  fragment 0: max|Delta_qp - Delta_new| = 4.141e-10

  fragment 1: Delta_qp =
[[ 0.01769764  0.02568989 -0.12405669]
 [ 0.02568989  0.50054375  0.03794796]
 [-0.12405669  0.03794796  0.9817586 ]]
  fragment 1: eig(Delta_qp)  = [1.56336513e-04 4.99999999e-01 9.99843663e-01]

  fragment 1: Delta_new =
[[ 0.01769764  0.02568989 -0.12405669]
 [ 0.02568989  0.50054375  0.03794796]
 [-0.12405669  0.03794796  0.9817586 ]]
  fragment 1: eig(Delta_new) = [1.56336511e-04 5.00000000e-01 9.99843663e-01]

  fragment 1: max|Delta_qp - Delta_new| = 4.032e-10



Ng=2  U/t=3.0000  Z0=0.999517  Z1=0.999517  E_var/t=-3.78466824  docc=0.153928  converged=True  iters=1  seed from: forward
