[setup] Ng=2  Neff=3  impurity orbitals/spin=4  Fock dim=256  (sparse operators)
[setup] built impurity operators in 0.01s; ground state searched in the N_up=N_dn sector of dim 36
  it=  0  Z0=0.724375  Z1=0.724375  E_var=-4.746777  dE=-1.047e+02  docc=0.116509  n_phys=1.000000  |dDelta|=2.828e+00  |dR|=1.119e-02  [qp 0.00s | ED 0.00s]
  it=  1  Z0=0.714881  Z1=0.714881  E_var=-4.733204  dE=1.357e-02  docc=0.115879  n_phys=1.000000  |dDelta|=3.711e-09  |dR|=3.193e-03  [qp 0.00s | ED 0.00s]
  it=  2  Z0=0.712184  Z1=0.712184  E_var=-4.729363  dE=3.841e-03  docc=0.115698  n_phys=1.000000  |dDelta|=9.379e-09  |dR|=9.190e-04  [qp 0.00s | ED 0.00s]
  it=  3  Z0=0.711408  Z1=0.711408  E_var=-4.728260  dE=1.103e-03  docc=0.115646  n_phys=1.000000  |dDelta|=2.203e-08  |dR|=2.652e-04  [qp 0.00s | ED 0.00s]
  it=  4  Z0=0.711185  Z1=0.711185  E_var=-4.727942  dE=3.182e-04  docc=0.115631  n_phys=1.000000  |dDelta|=1.654e-08  |dR|=7.660e-05  [qp 0.00s | ED 0.00s]
  it=  5  Z0=0.711120  Z1=0.711120  E_var=-4.727850  dE=9.188e-05  docc=0.115627  n_phys=1.000000  |dDelta|=4.658e-09  |dR|=2.213e-05  [qp 0.00s | ED 0.00s]
  it=  6  Z0=0.711101  Z1=0.711101  E_var=-4.727823  dE=2.654e-05  docc=0.115626  n_phys=1.000000  |dDelta|=1.509e-08  |dR|=6.393e-06  [qp 0.00s | ED 0.00s]
  it=  7  Z0=0.711096  Z1=0.711096  E_var=-4.727816  dE=7.667e-06  docc=0.115625  n_phys=1.000000  |dDelta|=1.414e-08  |dR|=1.847e-06  [qp 0.00s | ED 0.00s]
  it=  8  Z0=0.711094  Z1=0.711094  E_var=-4.727813  dE=2.215e-06  docc=0.115625  n_phys=1.000000  |dDelta|=2.836e-08  |dR|=5.339e-07  [qp 0.00s | ED 0.00s]

[check] Delta_qp (quasiparticle 1-RDM) vs Delta_new (impurity-derived 1 - Delta_bb), final iteration:

  fragment 0: Delta_qp =
[[ 0.5055959  -0.05373811 -0.02747287]
 [-0.05373811  0.9801311   0.11451423]
 [-0.02747287  0.11451423  0.01427301]]
  fragment 0: eig(Delta_qp)  = [-2.09380036e-18  5.00000000e-01  1.00000000e+00]

  fragment 0: Delta_new =
[[ 0.4944041   0.05373811  0.02747287]
 [ 0.05373811  0.0198689  -0.11451423]
 [ 0.02747287 -0.11451423  0.98572699]]
  fragment 0: eig(Delta_new) = [-5.55111512e-17  5.00000000e-01  1.00000000e+00]

  fragment 0: max|Delta_qp - Delta_new| = 9.715e-01

  fragment 1: Delta_qp =
[[ 0.01986885  0.05373787 -0.11451424]
 [ 0.05373787  0.49440415  0.02747272]
 [-0.11451424  0.02747272  0.985727  ]]
  fragment 1: eig(Delta_qp)  = [7.59052511e-18 5.00000000e-01 1.00000000e+00]

  fragment 1: Delta_new =
[[ 0.98013115 -0.05373787  0.11451424]
 [-0.05373787  0.50559585 -0.02747272]
 [ 0.11451424 -0.02747272  0.014273  ]]
  fragment 1: eig(Delta_new) = [5.72458747e-17 5.00000000e-01 1.00000000e+00]

  fragment 1: max|Delta_qp - Delta_new| = 9.715e-01



Ng=2  U/t=4.3000  Z0=0.711094  Z1=0.711094  E_var/t=-4.727813  docc=0.115625  converged=True  iters=8
